08:46:48 **** Build of configuration Debug for project hello_mond_bsp_xuartlite_polled_example_1 ****
make all 
'Building file: ../src/xuartlite_polled_example.c'
'Invoking: MicroBlaze gcc compiler'
mb-gcc -Wall -O0 -g3 -c -fmessage-length=0 -MT"src/xuartlite_polled_example.o" -I../../hello_mond_bsp/microblaze_mcs_0_microblaze_I/include -mno-xl-reorder -mlittle-endian -mcpu=v11.0 -mxl-soft-mul -Wl,--no-relax -ffunction-sections -fdata-sections -MMD -MP -MF"src/xuartlite_polled_example.d" -MT"src/xuartlite_polled_example.o" -o "src/xuartlite_polled_example.o" "../src/xuartlite_polled_example.c"
../src/xuartlite_polled_example.c: In function 'main':
../src/xuartlite_polled_example.c:132:18: warning: pointer targets in initialization of 'u8 *' {aka 'unsigned char *'} from 'char *' differ in signedness [-Wpointer-sign]
   u8* str_buff = "Hello squirls!\r\n";
                  ^~~~~~~~~~~~~~~~~~~~
'Finished building: ../src/xuartlite_polled_example.c'
' '
'Building target: hello_mond_bsp_xuartlite_polled_example_1.elf'
'Invoking: MicroBlaze gcc linker'
mb-gcc -Wl,-T -Wl,../src/lscript.ld -L../../hello_mond_bsp/microblaze_mcs_0_microblaze_I/lib -mlittle-endian -mcpu=v11.0 -mxl-soft-mul -Wl,--no-relax -Wl,--gc-sections -o "hello_mond_bsp_xuartlite_polled_example_1.elf"  ./src/xuartlite_polled_example.o   -Wl,--start-group,-lxil,-lgcc,-lc,--end-group
'Finished building target: hello_mond_bsp_xuartlite_polled_example_1.elf'
' '
'Invoking: MicroBlaze Print Size'
mb-size hello_mond_bsp_xuartlite_polled_example_1.elf  |tee "hello_mond_bsp_xuartlite_polled_example_1.elf.size"
   text	   data	    bss	    dec	    hex	filename
   9124	    652	   3232	  13008	   32d0	hello_mond_bsp_xuartlite_polled_example_1.elf
'Finished building: hello_mond_bsp_xuartlite_polled_example_1.elf.size'
' '

08:46:49 Build Finished (took 1s.231ms)

