18:19:24 **** Clean-only build of configuration Debug for project microblaze_stream_test ****
make clean 
rm -rf  ./src/helloworld.o ./src/platform.o  ./src/helloworld.d ./src/platform.d  microblaze_stream_test.elf.size  microblaze_stream_test.elf
' '
18:19:25 **** Clean-only build of project microblaze_stream_test_bsp ****
make -k clean 
make -C microblaze_0/libsrc/bram_v4_3/src -s clean 
make -C microblaze_0/libsrc/cpu_v2_9/src -s clean 
make -C microblaze_0/libsrc/gpio_v4_4/src -s clean 
make -C microblaze_0/libsrc/libmetal_v2_0/src -s clean 
make -C microblaze_0/libsrc/rfdc_v6_0/src -s clean 
rm: cannot lstat `*.o': Invalid argument
make[1]: *** [Makefile:28: clean] Error 1
make: *** [Makefile:33: microblaze_0/libsrc/rfdc_v6_0/src/make.clean] Error 2
make -C microblaze_0/libsrc/standalone_v7_0/src -s clean 
make -C microblaze_0/libsrc/uartlite_v3_2/src -s clean 
make: Target 'clean' not remade because of errors.
18:19:29 **** Build of project microblaze_stream_test_bsp ****
make -k all 
"Running Make include in microblaze_0/libsrc/bram_v4_3/src"
make -C microblaze_0/libsrc/bram_v4_3/src -s include  "SHELL=CMD" "COMPILER=mb-gcc" "ARCHIVER=mb-ar" "COMPILER_FLAGS=  -O2 -c -mcpu=v11.0 -mlittle-endian -mxl-soft-mul" "EXTRA_COMPILER_FLAGS=-ffunction-sections -fdata-sections -Wall -Wextra"
"Running Make include in microblaze_0/libsrc/cpu_v2_9/src"
make -C microblaze_0/libsrc/cpu_v2_9/src -s include  "SHELL=CMD" "COMPILER=mb-gcc" "ARCHIVER=mb-ar" "COMPILER_FLAGS=  -O2 -c -mcpu=v11.0 -mlittle-endian -mxl-soft-mul" "EXTRA_COMPILER_FLAGS=-ffunction-sections -fdata-sections -Wall -Wextra"
"Running Make include in microblaze_0/libsrc/gpio_v4_4/src"
make -C microblaze_0/libsrc/gpio_v4_4/src -s include  "SHELL=CMD" "COMPILER=mb-gcc" "ARCHIVER=mb-ar" "COMPILER_FLAGS=  -O2 -c -mcpu=v11.0 -mlittle-endian -mxl-soft-mul" "EXTRA_COMPILER_FLAGS=-ffunction-sections -fdata-sections -Wall -Wextra"
"Running Make include in microblaze_0/libsrc/libmetal_v2_0/src"
make -C microblaze_0/libsrc/libmetal_v2_0/src -s include  "SHELL=CMD" "COMPILER=mb-gcc" "ARCHIVER=mb-ar" "COMPILER_FLAGS=  -O2 -c -mcpu=v11.0 -mlittle-endian -mxl-soft-mul" "EXTRA_COMPILER_FLAGS=-ffunction-sections -fdata-sections -Wall -Wextra"
"Running Make include in microblaze_0/libsrc/rfdc_v6_0/src"
make -C microblaze_0/libsrc/rfdc_v6_0/src -s include  "SHELL=CMD" "COMPILER=mb-gcc" "ARCHIVER=mb-ar" "COMPILER_FLAGS=  -O2 -c -mcpu=v11.0 -mlittle-endian -mxl-soft-mul" "EXTRA_COMPILER_FLAGS=-ffunction-sections -fdata-sections -Wall -Wextra"
"Running Make include in microblaze_0/libsrc/standalone_v7_0/src"
make -C microblaze_0/libsrc/standalone_v7_0/src -s include  "SHELL=CMD" "COMPILER=mb-gcc" "ARCHIVER=mb-ar" "COMPILER_FLAGS=  -O2 -c -mcpu=v11.0 -mlittle-endian -mxl-soft-mul" "EXTRA_COMPILER_FLAGS=-ffunction-sections -fdata-sections -Wall -Wextra"
"Running Make include in microblaze_0/libsrc/uartlite_v3_2/src"
make -C microblaze_0/libsrc/uartlite_v3_2/src -s include  "SHELL=CMD" "COMPILER=mb-gcc" "ARCHIVER=mb-ar" "COMPILER_FLAGS=  -O2 -c -mcpu=v11.0 -mlittle-endian -mxl-soft-mul" "EXTRA_COMPILER_FLAGS=-ffunction-sections -fdata-sections -Wall -Wextra"
"Running Make libs in microblaze_0/libsrc/bram_v4_3/src"
make -C microblaze_0/libsrc/bram_v4_3/src -s libs  "SHELL=CMD" "COMPILER=mb-gcc" "ARCHIVER=mb-ar" "COMPILER_FLAGS=  -O2 -c -mcpu=v11.0 -mlittle-endian -mxl-soft-mul" "EXTRA_COMPILER_FLAGS=-ffunction-sections -fdata-sections -Wall -Wextra"
"Compiling bram"
mb-ar: creating ../../../lib/libxil.a
"Running Make libs in microblaze_0/libsrc/cpu_v2_9/src"
make -C microblaze_0/libsrc/cpu_v2_9/src -s libs  "SHELL=CMD" "COMPILER=mb-gcc" "ARCHIVER=mb-ar" "COMPILER_FLAGS=  -O2 -c -mcpu=v11.0 -mlittle-endian -mxl-soft-mul" "EXTRA_COMPILER_FLAGS=-ffunction-sections -fdata-sections -Wall -Wextra"
"Compiling cpu"
"Running Make libs in microblaze_0/libsrc/gpio_v4_4/src"
make -C microblaze_0/libsrc/gpio_v4_4/src -s libs  "SHELL=CMD" "COMPILER=mb-gcc" "ARCHIVER=mb-ar" "COMPILER_FLAGS=  -O2 -c -mcpu=v11.0 -mlittle-endian -mxl-soft-mul" "EXTRA_COMPILER_FLAGS=-ffunction-sections -fdata-sections -Wall -Wextra"
"Compiling gpio"
"Running Make libs in microblaze_0/libsrc/libmetal_v2_0/src"
make -C microblaze_0/libsrc/libmetal_v2_0/src -s libs  "SHELL=CMD" "COMPILER=mb-gcc" "ARCHIVER=mb-ar" "COMPILER_FLAGS=  -O2 -c -mcpu=v11.0 -mlittle-endian -mxl-soft-mul" "EXTRA_COMPILER_FLAGS=-ffunction-sections -fdata-sections -Wall -Wextra"
Scanning dependencies of target metal-static
[  5%] Building C object lib/CMakeFiles/metal-static.dir/dma.c.obj
[ 10%] Building C object lib/CMakeFiles/metal-static.dir/device.c.obj
[ 15%] Building C object lib/CMakeFiles/metal-static.dir/init.c.obj
[ 21%] Building C object lib/CMakeFiles/metal-static.dir/io.c.obj
[ 26%] Building C object lib/CMakeFiles/metal-static.dir/irq.c.obj
[ 31%] Building C object lib/CMakeFiles/metal-static.dir/log.c.obj
[ 36%] Building C object lib/CMakeFiles/metal-static.dir/shmem.c.obj
[ 42%] Building C object lib/CMakeFiles/metal-static.dir/shmem-provider.c.obj
[ 47%] Building C object lib/CMakeFiles/metal-static.dir/softirq.c.obj
[ 52%] Building C object lib/CMakeFiles/metal-static.dir/version.c.obj
[ 57%] Building C object lib/CMakeFiles/metal-static.dir/system/generic/condition.c.obj
[ 63%] Building C object lib/CMakeFiles/metal-static.dir/system/generic/device.c.obj
[ 68%] Building C object lib/CMakeFiles/metal-static.dir/system/generic/init.c.obj
[ 73%] Building C object lib/CMakeFiles/metal-static.dir/system/generic/io.c.obj
[ 78%] Building C object lib/CMakeFiles/metal-static.dir/system/generic/irq.c.obj
[ 84%] Building C object lib/CMakeFiles/metal-static.dir/system/generic/time.c.obj
[ 89%] Building C object lib/CMakeFiles/metal-static.dir/system/generic/microblaze_generic/sys.c.obj
[ 94%] Building C object lib/CMakeFiles/metal-static.dir/system/generic/xlnx_common/irq.c.obj
[100%] Linking C static library libmetal.a
C:/Xilinx/SDK/2019.1/gnu/microblaze/nt/bin/mb-ar.exe cq libmetal.a  CMakeFiles/metal-static.dir/dma.c.obj CMakeFiles/metal-static.dir/device.c.obj CMakeFiles/metal-static.dir/init.c.obj CMakeFiles/metal-static.dir/io.c.obj CMakeFiles/metal-static.dir/irq.c.obj CMakeFiles/metal-static.dir/log.c.obj CMakeFiles/metal-static.dir/shmem.c.obj CMakeFiles/metal-static.dir/shmem-provider.c.obj CMakeFiles/metal-static.dir/softirq.c.obj CMakeFiles/metal-static.dir/version.c.obj CMakeFiles/metal-static.dir/system/generic/condition.c.obj CMakeFiles/metal-static.dir/system/generic/device.c.obj CMakeFiles/metal-static.dir/system/generic/init.c.obj CMakeFiles/metal-static.dir/system/generic/io.c.obj CMakeFiles/metal-static.dir/system/generic/irq.c.obj CMakeFiles/metal-static.dir/system/generic/time.c.obj CMakeFiles/metal-static.dir/system/generic/microblaze_generic/sys.c.obj CMakeFiles/metal-static.dir/system/generic/xlnx_common/irq.c.obj
C:/Xilinx/SDK/2019.1/gnu/microblaze/nt/bin/mb-ranlib.exe libmetal.a
[100%] Built target metal-static
Install the project...
-- Install configuration: "Debug"
-- Installing: ../../../include/metal/alloc.h
-- Installing: ../../../include/metal/assert.h
-- Installing: ../../../include/metal/atomic.h
-- Installing: ../../../include/metal/cache.h
-- Installing: ../../../include/metal/compiler.h
-- Installing: ../../../include/metal/condition.h
-- Installing: ../../../include/metal/config.h
-- Installing: ../../../include/metal/cpu.h
-- Installing: ../../../include/metal/device.h
-- Installing: ../../../include/metal/dma.h
-- Installing: ../../../include/metal/io.h
-- Installing: ../../../include/metal/irq.h
-- Installing: ../../../include/metal/irq_controller.h
-- Installing: ../../../include/metal/list.h
-- Installing: ../../../include/metal/log.h
-- Installing: ../../../include/metal/mutex.h
-- Installing: ../../../include/metal/scatterlist.h
-- Installing: ../../../include/metal/shmem.h
-- Installing: ../../../include/metal/shmem-provider.h
-- Installing: ../../../include/metal/sleep.h
-- Installing: ../../../include/metal/softirq.h
-- Installing: ../../../include/metal/spinlock.h
-- Installing: ../../../include/metal/sys.h
-- Installing: ../../../include/metal/time.h
-- Installing: ../../../include/metal/utilities.h
-- Installing: ../../../include/metal/version.h
-- Installing: ../../../include/metal/compiler/gcc/atomic.h
-- Installing: ../../../include/metal/compiler/gcc/compiler.h
-- Installing: ../../../include/metal/compiler/iar/compiler.h
-- Installing: ../../../include/metal/processor/microblaze/atomic.h
-- Installing: ../../../include/metal/processor/microblaze/cpu.h
-- Installing: ../../../include/metal/system/generic/alloc.h
-- Installing: ../../../include/metal/system/generic/assert.h
-- Installing: ../../../include/metal/system/generic/cache.h
-- Installing: ../../../include/metal/system/generic/condition.h
-- Installing: ../../../include/metal/system/generic/io.h
-- Installing: ../../../include/metal/system/generic/irq.h
-- Installing: ../../../include/metal/system/generic/log.h
-- Installing: ../../../include/metal/system/generic/mutex.h
-- Installing: ../../../include/metal/system/generic/sleep.h
-- Installing: ../../../include/metal/system/generic/sys.h
-- Installing: ../../../include/metal/system/generic/microblaze_generic/sys.h
-- Installing: ../../../include/metal/system/generic/xlnx_common/sys.h
-- Installing: ../../../lib/libmetal.a
"Running Make libs in microblaze_0/libsrc/rfdc_v6_0/src"
make -C microblaze_0/libsrc/rfdc_v6_0/src -s libs  "SHELL=CMD" "COMPILER=mb-gcc" "ARCHIVER=mb-ar" "COMPILER_FLAGS=  -O2 -c -mcpu=v11.0 -mlittle-endian -mxl-soft-mul" "EXTRA_COMPILER_FLAGS=-ffunction-sections -fdata-sections -Wall -Wextra"
"Compiling rfdc"
"Running Make libs in microblaze_0/libsrc/standalone_v7_0/src"
make -C microblaze_0/libsrc/standalone_v7_0/src -s libs  "SHELL=CMD" "COMPILER=mb-gcc" "ARCHIVER=mb-ar" "COMPILER_FLAGS=  -O2 -c -mcpu=v11.0 -mlittle-endian -mxl-soft-mul" "EXTRA_COMPILER_FLAGS=-ffunction-sections -fdata-sections -Wall -Wextra"
"Compiling standalone";
microblaze_sleep.c:77:9: note: #pragma message: For the sleep routines, assembly instructions are used
 #pragma message ("For the sleep routines, assembly instructions are used")
         ^~~~~~~
"Running Make libs in microblaze_0/libsrc/uartlite_v3_2/src"
make -C microblaze_0/libsrc/uartlite_v3_2/src -s libs  "SHELL=CMD" "COMPILER=mb-gcc" "ARCHIVER=mb-ar" "COMPILER_FLAGS=  -O2 -c -mcpu=v11.0 -mlittle-endian -mxl-soft-mul" "EXTRA_COMPILER_FLAGS=-ffunction-sections -fdata-sections -Wall -Wextra"
"Compiling uartlite"
'Finished building libraries'
18:19:51 **** Build of configuration Debug for project microblaze_stream_test ****
make all 
'Building file: ../src/helloworld.c'
'Invoking: MicroBlaze gcc compiler'
mb-gcc -Wall -O0 -g3 -c -fmessage-length=0 -MT"src/helloworld.o" -I../../microblaze_stream_test_bsp/microblaze_0/include -mlittle-endian -mcpu=v11.0 -mxl-soft-mul -Wl,--no-relax -ffunction-sections -fdata-sections -MMD -MP -MF"src/helloworld.d" -MT"src/helloworld.o" -o "src/helloworld.o" "../src/helloworld.c"
../src/helloworld.c: In function 'main':
../src/helloworld.c:69:5: warning: implicit declaration of function 'debug_print' [-Wimplicit-function-declaration]
     debug_print("Hello World");
     ^~~~~~~~~~~
../src/helloworld.c: At top level:
../src/helloworld.c:77:6: warning: conflicting types for 'debug_print'
 void debug_print(char* buff)
      ^~~~~~~~~~~
../src/helloworld.c:69:5: note: previous implicit declaration of 'debug_print' was here
     debug_print("Hello World");
     ^~~~~~~~~~~
../src/helloworld.c: In function 'debug_print':
../src/helloworld.c:79:12: warning: pointer targets in initialization of 'u8 *' {aka 'unsigned char *'} from 'char *' differ in signedness [-Wpointer-sign]
  u8* end = "\n\r";
            ^~~~~~
'Finished building: ../src/helloworld.c'
' '
'Building file: ../src/platform.c'
'Invoking: MicroBlaze gcc compiler'
mb-gcc -Wall -O0 -g3 -c -fmessage-length=0 -MT"src/platform.o" -I../../microblaze_stream_test_bsp/microblaze_0/include -mlittle-endian -mcpu=v11.0 -mxl-soft-mul -Wl,--no-relax -ffunction-sections -fdata-sections -MMD -MP -MF"src/platform.d" -MT"src/platform.o" -o "src/platform.o" "../src/platform.c"
'Finished building: ../src/platform.c'
' '
'Building target: microblaze_stream_test.elf'
'Invoking: MicroBlaze gcc linker'
mb-gcc -Wl,-T -Wl,../src/lscript.ld -L../../microblaze_stream_test_bsp/microblaze_0/lib -mlittle-endian -mcpu=v11.0 -mxl-soft-mul -Wl,--no-relax -Wl,--gc-sections -o "microblaze_stream_test.elf"  ./src/helloworld.o ./src/platform.o   -Wl,--start-group,-lxil,-lgcc,-lc,--end-group
'Finished building target: microblaze_stream_test.elf'
' '
'Invoking: MicroBlaze Print Size'
mb-size microblaze_stream_test.elf  |tee "microblaze_stream_test.elf.size"
   text	   data	    bss	    dec	    hex	filename
   4560	    304	   2168	   7032	   1b78	microblaze_stream_test.elf
'Finished building: microblaze_stream_test.elf.size'
' '
18:20:54 **** Auto Build of configuration Debug for project microblaze_stream_test ****
make all 
'Building file: ../src/helloworld.c'
'Invoking: MicroBlaze gcc compiler'
mb-gcc -Wall -O0 -g3 -c -fmessage-length=0 -MT"src/helloworld.o" -I../../microblaze_stream_test_bsp/microblaze_0/include -mlittle-endian -mcpu=v11.0 -mxl-soft-mul -Wl,--no-relax -ffunction-sections -fdata-sections -MMD -MP -MF"src/helloworld.d" -MT"src/helloworld.o" -o "src/helloworld.o" "../src/helloworld.c"
In file included from ../src/helloworld.c:53:
../../microblaze_stream_test_bsp/microblaze_0/include/xrfdc.h:259:9: error: unknown type name '__u32'
 typedef __u32 u32;
         ^~~~~
../../microblaze_stream_test_bsp/microblaze_0/include/xrfdc.h:259:15: error: conflicting types for 'u32'
 typedef __u32 u32;
               ^~~
In file included from ../../microblaze_stream_test_bsp/microblaze_0/include/xil_printf.h:11,
                 from ../src/helloworld.c:50:
../../microblaze_stream_test_bsp/microblaze_0/include/xil_types.h:97:18: note: previous declaration of 'u32' was here
 typedef uint32_t u32;
                  ^~~
In file included from ../src/helloworld.c:53:
../../microblaze_stream_test_bsp/microblaze_0/include/xrfdc.h:260:9: error: unknown type name '__u16'
 typedef __u16 u16;
         ^~~~~
../../microblaze_stream_test_bsp/microblaze_0/include/xrfdc.h:260:15: error: conflicting types for 'u16'
 typedef __u16 u16;
               ^~~
In file included from ../../microblaze_stream_test_bsp/microblaze_0/include/xil_printf.h:11,
                 from ../src/helloworld.c:50:
../../microblaze_stream_test_bsp/microblaze_0/include/xil_types.h:96:18: note: previous declaration of 'u16' was here
 typedef uint16_t u16;
                  ^~~
In file included from ../src/helloworld.c:53:
../../microblaze_stream_test_bsp/microblaze_0/include/xrfdc.h:261:9: error: unknown type name '__u8'
 typedef __u8 u8;
         ^~~~
../../microblaze_stream_test_bsp/microblaze_0/include/xrfdc.h:261:14: error: conflicting types for 'u8'
 typedef __u8 u8;
              ^~
In file included from ../../microblaze_stream_test_bsp/microblaze_0/include/xil_printf.h:11,
                 from ../src/helloworld.c:50:
../../microblaze_stream_test_bsp/microblaze_0/include/xil_types.h:95:17: note: previous declaration of 'u8' was here
 typedef uint8_t u8;
                 ^~
In file included from ../src/helloworld.c:53:
../../microblaze_stream_test_bsp/microblaze_0/include/xrfdc.h:262:9: error: unknown type name '__s32'
 typedef __s32 s32;
         ^~~~~
../../microblaze_stream_test_bsp/microblaze_0/include/xrfdc.h:262:15: error: conflicting types for 's32'
 typedef __s32 s32;
               ^~~
In file included from ../../microblaze_stream_test_bsp/microblaze_0/include/xil_printf.h:11,
                 from ../src/helloworld.c:50:
../../microblaze_stream_test_bsp/microblaze_0/include/xil_types.h:138:17: note: previous declaration of 's32' was here
 typedef int32_t s32;
                 ^~~
In file included from ../src/helloworld.c:53:
../../microblaze_stream_test_bsp/microblaze_0/include/xrfdc.h:263:9: error: unknown type name '__u64'
 typedef __u64 u64;
         ^~~~~
../../microblaze_stream_test_bsp/microblaze_0/include/xrfdc.h:263:15: error: conflicting types for 'u64'
 typedef __u64 u64;
               ^~~
In file included from ../../microblaze_stream_test_bsp/microblaze_0/include/xil_printf.h:11,
                 from ../src/helloworld.c:50:
../../microblaze_stream_test_bsp/microblaze_0/include/xil_types.h:140:18: note: previous declaration of 'u64' was here
 typedef uint64_t u64;
                  ^~~
In file included from ../src/helloworld.c:53:
../../microblaze_stream_test_bsp/microblaze_0/include/xrfdc.h:264:9: error: unknown type name '__s64'
 typedef __s64 s64;
         ^~~~~
../../microblaze_stream_test_bsp/microblaze_0/include/xrfdc.h:264:15: error: conflicting types for 's64'
 typedef __s64 s64;
               ^~~
In file included from ../../microblaze_stream_test_bsp/microblaze_0/include/xil_printf.h:11,
                 from ../src/helloworld.c:50:
../../microblaze_stream_test_bsp/microblaze_0/include/xil_types.h:139:17: note: previous declaration of 's64' was here
 typedef int64_t s64;
                 ^~~
In file included from ../src/helloworld.c:53:
../../microblaze_stream_test_bsp/microblaze_0/include/xrfdc.h:265:9: error: unknown type name '__s8'
 typedef __s8 s8;
         ^~~~
../../microblaze_stream_test_bsp/microblaze_0/include/xrfdc.h:265:14: error: conflicting types for 's8'
 typedef __s8 s8;
              ^~
In file included from ../../microblaze_stream_test_bsp/microblaze_0/include/xil_printf.h:11,
                 from ../src/helloworld.c:50:
../../microblaze_stream_test_bsp/microblaze_0/include/xil_types.h:136:16: note: previous declaration of 's8' was here
 typedef int8_t s8;
                ^~
In file included from ../src/helloworld.c:53:
../../microblaze_stream_test_bsp/microblaze_0/include/xrfdc.h:654: warning: "Xil_AssertNonvoid" redefined
 #define Xil_AssertNonvoid(Expression)             \
 
In file included from ../../microblaze_stream_test_bsp/microblaze_0/include/xuartlite.h:159,
                 from ../src/helloworld.c:51:
../../microblaze_stream_test_bsp/microblaze_0/include/xil_assert.h:126: note: this is the location of the previous definition
 #define Xil_AssertNonvoid(Expression)             \
 
In file included from ../src/helloworld.c:53:
../../microblaze_stream_test_bsp/microblaze_0/include/xrfdc.h:660: warning: "Xil_AssertVoid" redefined
 #define Xil_AssertVoid(Expression)                \
 
In file included from ../../microblaze_stream_test_bsp/microblaze_0/include/xuartlite.h:159,
                 from ../src/helloworld.c:51:
../../microblaze_stream_test_bsp/microblaze_0/include/xil_assert.h:101: note: this is the location of the previous definition
 #define Xil_AssertVoid(Expression)                \
 
In file included from ../src/helloworld.c:53:
../../microblaze_stream_test_bsp/microblaze_0/include/xrfdc.h:666: warning: "Xil_AssertVoidAlways" redefined
 #define Xil_AssertVoidAlways()                   \
 
In file included from ../../microblaze_stream_test_bsp/microblaze_0/include/xuartlite.h:159,
                 from ../src/helloworld.c:51:
../../microblaze_stream_test_bsp/microblaze_0/include/xil_assert.h:146: note: this is the location of the previous definition
 #define Xil_AssertVoidAlways()                   \
 
../src/helloworld.c: In function 'main':
../src/helloworld.c:75:5: warning: implicit declaration of function 'debug_print' [-Wimplicit-function-declaration]
     debug_print("UART init success");
     ^~~~~~~~~~~
../src/helloworld.c:77:39: error: expected ';' before 'cleanup_platform'
     debug_print("Initializing DAC...")
                                       ^
                                       ;
../src/helloworld.c:80:5:
     cleanup_platform();
     ~~~~~~~~~~~~~~~~                   
../src/helloworld.c: At top level:
../src/helloworld.c:84:6: warning: conflicting types for 'debug_print'
 void debug_print(char* buff)
      ^~~~~~~~~~~
../src/helloworld.c:75:5: note: previous implicit declaration of 'debug_print' was here
     debug_print("UART init success");
     ^~~~~~~~~~~
../src/helloworld.c: In function 'debug_print':
../src/helloworld.c:86:12: warning: initialization of 'u8 *' {aka 'int *'} from incompatible pointer type 'char *' [-Wincompatible-pointer-types]
  u8* end = "\n\r";
            ^~~~~~
../src/helloworld.c:87:28: warning: passing argument 2 of 'XUartLite_Send' from incompatible pointer type [-Wincompatible-pointer-types]
  XUartLite_Send(&UartLite, (u8*)buff,strlen(buff));
                            ^~~~~~~~~
In file included from ../src/helloworld.c:51:
../../microblaze_stream_test_bsp/microblaze_0/include/xuartlite.h:252:57: note: expected 'u8 *' {aka 'unsigned char *'} but argument is of type 'u8 *' {aka 'int *'}
 unsigned int XUartLite_Send(XUartLite *InstancePtr, u8 *DataBufferPtr,
                                                     ~~~~^~~~~~~~~~~~~
../src/helloworld.c:88:28: warning: passing argument 2 of 'XUartLite_Send' from incompatible pointer type [-Wincompatible-pointer-types]
  XUartLite_Send(&UartLite, end,2);
                            ^~~
In file included from ../src/helloworld.c:51:
../../microblaze_stream_test_bsp/microblaze_0/include/xuartlite.h:252:57: note: expected 'u8 *' {aka 'unsigned char *'} but argument is of type 'u8 *' {aka 'int *'}
 unsigned int XUartLite_Send(XUartLite *InstancePtr, u8 *DataBufferPtr,
                                                     ~~~~^~~~~~~~~~~~~
../src/helloworld.c: In function 'SelfTestExample':
../src/helloworld.c:151:26: error: 'BUS_NAME' undeclared (first use in this function)
  ret = metal_device_open(BUS_NAME, RFDC_DEV_NAME, &device);
                          ^~~~~~~~
../src/helloworld.c:151:26: note: each undeclared identifier is reported only once for each function it appears in
../src/helloworld.c:151:36: error: 'RFDC_DEV_NAME' undeclared (first use in this function); did you mean 'XRFDC_BUS_NAME'?
  ret = metal_device_open(BUS_NAME, RFDC_DEV_NAME, &device);
                                    ^~~~~~~~~~~~~
                                    XRFDC_BUS_NAME
At top level:
../src/helloworld.c:116:5: warning: 'SelfTestExample' defined but not used [-Wunused-function]
 int SelfTestExample(u16 RFdcDeviceId)
     ^~~~~~~~~~~~~~~
make: *** [src/subdir.mk:26: src/helloworld.o] Error 1
18:21:12 **** Auto Build of configuration Debug for project microblaze_stream_test ****
make all 
'Building file: ../src/helloworld.c'
'Invoking: MicroBlaze gcc compiler'
mb-gcc -Wall -O0 -g3 -c -fmessage-length=0 -MT"src/helloworld.o" -I../../microblaze_stream_test_bsp/microblaze_0/include -mlittle-endian -mcpu=v11.0 -mxl-soft-mul -Wl,--no-relax -ffunction-sections -fdata-sections -MMD -MP -MF"src/helloworld.d" -MT"src/helloworld.o" -o "src/helloworld.o" "../src/helloworld.c"
In file included from ../src/helloworld.c:53:
../../microblaze_stream_test_bsp/microblaze_0/include/xrfdc.h:259:9: error: unknown type name '__u32'
 typedef __u32 u32;
         ^~~~~
../../microblaze_stream_test_bsp/microblaze_0/include/xrfdc.h:259:15: error: conflicting types for 'u32'
 typedef __u32 u32;
               ^~~
In file included from ../../microblaze_stream_test_bsp/microblaze_0/include/xil_printf.h:11,
                 from ../src/helloworld.c:50:
../../microblaze_stream_test_bsp/microblaze_0/include/xil_types.h:97:18: note: previous declaration of 'u32' was here
 typedef uint32_t u32;
                  ^~~
In file included from ../src/helloworld.c:53:
../../microblaze_stream_test_bsp/microblaze_0/include/xrfdc.h:260:9: error: unknown type name '__u16'
 typedef __u16 u16;
         ^~~~~
../../microblaze_stream_test_bsp/microblaze_0/include/xrfdc.h:260:15: error: conflicting types for 'u16'
 typedef __u16 u16;
               ^~~
In file included from ../../microblaze_stream_test_bsp/microblaze_0/include/xil_printf.h:11,
                 from ../src/helloworld.c:50:
../../microblaze_stream_test_bsp/microblaze_0/include/xil_types.h:96:18: note: previous declaration of 'u16' was here
 typedef uint16_t u16;
                  ^~~
In file included from ../src/helloworld.c:53:
../../microblaze_stream_test_bsp/microblaze_0/include/xrfdc.h:261:9: error: unknown type name '__u8'
 typedef __u8 u8;
         ^~~~
../../microblaze_stream_test_bsp/microblaze_0/include/xrfdc.h:261:14: error: conflicting types for 'u8'
 typedef __u8 u8;
              ^~
In file included from ../../microblaze_stream_test_bsp/microblaze_0/include/xil_printf.h:11,
                 from ../src/helloworld.c:50:
../../microblaze_stream_test_bsp/microblaze_0/include/xil_types.h:95:17: note: previous declaration of 'u8' was here
 typedef uint8_t u8;
                 ^~
In file included from ../src/helloworld.c:53:
../../microblaze_stream_test_bsp/microblaze_0/include/xrfdc.h:262:9: error: unknown type name '__s32'
 typedef __s32 s32;
         ^~~~~
../../microblaze_stream_test_bsp/microblaze_0/include/xrfdc.h:262:15: error: conflicting types for 's32'
 typedef __s32 s32;
               ^~~
In file included from ../../microblaze_stream_test_bsp/microblaze_0/include/xil_printf.h:11,
                 from ../src/helloworld.c:50:
../../microblaze_stream_test_bsp/microblaze_0/include/xil_types.h:138:17: note: previous declaration of 's32' was here
 typedef int32_t s32;
                 ^~~
In file included from ../src/helloworld.c:53:
../../microblaze_stream_test_bsp/microblaze_0/include/xrfdc.h:263:9: error: unknown type name '__u64'
 typedef __u64 u64;
         ^~~~~
../../microblaze_stream_test_bsp/microblaze_0/include/xrfdc.h:263:15: error: conflicting types for 'u64'
 typedef __u64 u64;
               ^~~
In file included from ../../microblaze_stream_test_bsp/microblaze_0/include/xil_printf.h:11,
                 from ../src/helloworld.c:50:
../../microblaze_stream_test_bsp/microblaze_0/include/xil_types.h:140:18: note: previous declaration of 'u64' was here
 typedef uint64_t u64;
                  ^~~
In file included from ../src/helloworld.c:53:
../../microblaze_stream_test_bsp/microblaze_0/include/xrfdc.h:264:9: error: unknown type name '__s64'
 typedef __s64 s64;
         ^~~~~
../../microblaze_stream_test_bsp/microblaze_0/include/xrfdc.h:264:15: error: conflicting types for 's64'
 typedef __s64 s64;
               ^~~
In file included from ../../microblaze_stream_test_bsp/microblaze_0/include/xil_printf.h:11,
                 from ../src/helloworld.c:50:
../../microblaze_stream_test_bsp/microblaze_0/include/xil_types.h:139:17: note: previous declaration of 's64' was here
 typedef int64_t s64;
                 ^~~
In file included from ../src/helloworld.c:53:
../../microblaze_stream_test_bsp/microblaze_0/include/xrfdc.h:265:9: error: unknown type name '__s8'
 typedef __s8 s8;
         ^~~~
../../microblaze_stream_test_bsp/microblaze_0/include/xrfdc.h:265:14: error: conflicting types for 's8'
 typedef __s8 s8;
              ^~
In file included from ../../microblaze_stream_test_bsp/microblaze_0/include/xil_printf.h:11,
                 from ../src/helloworld.c:50:
../../microblaze_stream_test_bsp/microblaze_0/include/xil_types.h:136:16: note: previous declaration of 's8' was here
 typedef int8_t s8;
                ^~
In file included from ../src/helloworld.c:53:
../../microblaze_stream_test_bsp/microblaze_0/include/xrfdc.h:654: warning: "Xil_AssertNonvoid" redefined
 #define Xil_AssertNonvoid(Expression)             \
 
In file included from ../../microblaze_stream_test_bsp/microblaze_0/include/xuartlite.h:159,
                 from ../src/helloworld.c:51:
../../microblaze_stream_test_bsp/microblaze_0/include/xil_assert.h:126: note: this is the location of the previous definition
 #define Xil_AssertNonvoid(Expression)             \
 
In file included from ../src/helloworld.c:53:
../../microblaze_stream_test_bsp/microblaze_0/include/xrfdc.h:660: warning: "Xil_AssertVoid" redefined
 #define Xil_AssertVoid(Expression)                \
 
In file included from ../../microblaze_stream_test_bsp/microblaze_0/include/xuartlite.h:159,
                 from ../src/helloworld.c:51:
../../microblaze_stream_test_bsp/microblaze_0/include/xil_assert.h:101: note: this is the location of the previous definition
 #define Xil_AssertVoid(Expression)                \
 
In file included from ../src/helloworld.c:53:
../../microblaze_stream_test_bsp/microblaze_0/include/xrfdc.h:666: warning: "Xil_AssertVoidAlways" redefined
 #define Xil_AssertVoidAlways()                   \
 
In file included from ../../microblaze_stream_test_bsp/microblaze_0/include/xuartlite.h:159,
                 from ../src/helloworld.c:51:
../../microblaze_stream_test_bsp/microblaze_0/include/xil_assert.h:146: note: this is the location of the previous definition
 #define Xil_AssertVoidAlways()                   \
 
../src/helloworld.c: In function 'main':
../src/helloworld.c:81:5: warning: implicit declaration of function 'debug_print' [-Wimplicit-function-declaration]
     debug_print("UART init success");
     ^~~~~~~~~~~
../src/helloworld.c: At top level:
../src/helloworld.c:90:6: warning: conflicting types for 'debug_print'
 void debug_print(char* buff)
      ^~~~~~~~~~~
../src/helloworld.c:81:5: note: previous implicit declaration of 'debug_print' was here
     debug_print("UART init success");
     ^~~~~~~~~~~
../src/helloworld.c: In function 'debug_print':
../src/helloworld.c:92:12: warning: initialization of 'u8 *' {aka 'int *'} from incompatible pointer type 'char *' [-Wincompatible-pointer-types]
  u8* end = "\n\r";
            ^~~~~~
../src/helloworld.c:93:28: warning: passing argument 2 of 'XUartLite_Send' from incompatible pointer type [-Wincompatible-pointer-types]
  XUartLite_Send(&UartLite, (u8*)buff,strlen(buff));
                            ^~~~~~~~~
In file included from ../src/helloworld.c:51:
../../microblaze_stream_test_bsp/microblaze_0/include/xuartlite.h:252:57: note: expected 'u8 *' {aka 'unsigned char *'} but argument is of type 'u8 *' {aka 'int *'}
 unsigned int XUartLite_Send(XUartLite *InstancePtr, u8 *DataBufferPtr,
                                                     ~~~~^~~~~~~~~~~~~
../src/helloworld.c:94:28: warning: passing argument 2 of 'XUartLite_Send' from incompatible pointer type [-Wincompatible-pointer-types]
  XUartLite_Send(&UartLite, end,2);
                            ^~~
In file included from ../src/helloworld.c:51:
../../microblaze_stream_test_bsp/microblaze_0/include/xuartlite.h:252:57: note: expected 'u8 *' {aka 'unsigned char *'} but argument is of type 'u8 *' {aka 'int *'}
 unsigned int XUartLite_Send(XUartLite *InstancePtr, u8 *DataBufferPtr,
                                                     ~~~~^~~~~~~~~~~~~
At top level:
../src/helloworld.c:122:5: warning: 'SelfTestExample' defined but not used [-Wunused-function]
 int SelfTestExample(u16 RFdcDeviceId)
     ^~~~~~~~~~~~~~~
make: *** [src/subdir.mk:26: src/helloworld.o] Error 1
18:21:56 **** Clean-only build of configuration Debug for project microblaze_stream_test ****
make clean 
rm -rf  ./src/helloworld.o ./src/platform.o  ./src/helloworld.d ./src/platform.d  microblaze_stream_test.elf.size  microblaze_stream_test.elf
' '
18:21:56 **** Auto Build of configuration Debug for project microblaze_stream_test ****
make all 
'Building file: ../src/helloworld.c'
'Invoking: MicroBlaze gcc compiler'
mb-gcc -Wall -O0 -g3 -c -fmessage-length=0 -MT"src/helloworld.o" -I../../microblaze_stream_test_bsp/microblaze_0/include -mlittle-endian -mcpu=v11.0 -mxl-soft-mul -Wl,--no-relax -ffunction-sections -fdata-sections -MMD -MP -MF"src/helloworld.d" -MT"src/helloworld.o" -o "src/helloworld.o" "../src/helloworld.c"
In file included from ../src/helloworld.c:53:
../../microblaze_stream_test_bsp/microblaze_0/include/xrfdc.h:259:9: error: unknown type name '__u32'
 typedef __u32 u32;
         ^~~~~
../../microblaze_stream_test_bsp/microblaze_0/include/xrfdc.h:259:15: error: conflicting types for 'u32'
 typedef __u32 u32;
               ^~~
In file included from ../../microblaze_stream_test_bsp/microblaze_0/include/xil_printf.h:11,
                 from ../src/helloworld.c:50:
../../microblaze_stream_test_bsp/microblaze_0/include/xil_types.h:97:18: note: previous declaration of 'u32' was here
 typedef uint32_t u32;
                  ^~~
In file included from ../src/helloworld.c:53:
../../microblaze_stream_test_bsp/microblaze_0/include/xrfdc.h:260:9: error: unknown type name '__u16'
 typedef __u16 u16;
         ^~~~~
../../microblaze_stream_test_bsp/microblaze_0/include/xrfdc.h:260:15: error: conflicting types for 'u16'
 typedef __u16 u16;
               ^~~
In file included from ../../microblaze_stream_test_bsp/microblaze_0/include/xil_printf.h:11,
                 from ../src/helloworld.c:50:
../../microblaze_stream_test_bsp/microblaze_0/include/xil_types.h:96:18: note: previous declaration of 'u16' was here
 typedef uint16_t u16;
                  ^~~
In file included from ../src/helloworld.c:53:
../../microblaze_stream_test_bsp/microblaze_0/include/xrfdc.h:261:9: error: unknown type name '__u8'
 typedef __u8 u8;
         ^~~~
../../microblaze_stream_test_bsp/microblaze_0/include/xrfdc.h:261:14: error: conflicting types for 'u8'
 typedef __u8 u8;
              ^~
In file included from ../../microblaze_stream_test_bsp/microblaze_0/include/xil_printf.h:11,
                 from ../src/helloworld.c:50:
../../microblaze_stream_test_bsp/microblaze_0/include/xil_types.h:95:17: note: previous declaration of 'u8' was here
 typedef uint8_t u8;
                 ^~
In file included from ../src/helloworld.c:53:
../../microblaze_stream_test_bsp/microblaze_0/include/xrfdc.h:262:9: error: unknown type name '__s32'
 typedef __s32 s32;
         ^~~~~
../../microblaze_stream_test_bsp/microblaze_0/include/xrfdc.h:262:15: error: conflicting types for 's32'
 typedef __s32 s32;
               ^~~
In file included from ../../microblaze_stream_test_bsp/microblaze_0/include/xil_printf.h:11,
                 from ../src/helloworld.c:50:
../../microblaze_stream_test_bsp/microblaze_0/include/xil_types.h:138:17: note: previous declaration of 's32' was here
 typedef int32_t s32;
                 ^~~
In file included from ../src/helloworld.c:53:
../../microblaze_stream_test_bsp/microblaze_0/include/xrfdc.h:263:9: error: unknown type name '__u64'
 typedef __u64 u64;
         ^~~~~
../../microblaze_stream_test_bsp/microblaze_0/include/xrfdc.h:263:15: error: conflicting types for 'u64'
 typedef __u64 u64;
               ^~~
In file included from ../../microblaze_stream_test_bsp/microblaze_0/include/xil_printf.h:11,
                 from ../src/helloworld.c:50:
../../microblaze_stream_test_bsp/microblaze_0/include/xil_types.h:140:18: note: previous declaration of 'u64' was here
 typedef uint64_t u64;
                  ^~~
In file included from ../src/helloworld.c:53:
../../microblaze_stream_test_bsp/microblaze_0/include/xrfdc.h:264:9: error: unknown type name '__s64'
 typedef __s64 s64;
         ^~~~~
../../microblaze_stream_test_bsp/microblaze_0/include/xrfdc.h:264:15: error: conflicting types for 's64'
 typedef __s64 s64;
               ^~~
In file included from ../../microblaze_stream_test_bsp/microblaze_0/include/xil_printf.h:11,
                 from ../src/helloworld.c:50:
../../microblaze_stream_test_bsp/microblaze_0/include/xil_types.h:139:17: note: previous declaration of 's64' was here
 typedef int64_t s64;
                 ^~~
In file included from ../src/helloworld.c:53:
../../microblaze_stream_test_bsp/microblaze_0/include/xrfdc.h:265:9: error: unknown type name '__s8'
 typedef __s8 s8;
         ^~~~
../../microblaze_stream_test_bsp/microblaze_0/include/xrfdc.h:265:14: error: conflicting types for 's8'
 typedef __s8 s8;
              ^~
In file included from ../../microblaze_stream_test_bsp/microblaze_0/include/xil_printf.h:11,
                 from ../src/helloworld.c:50:
../../microblaze_stream_test_bsp/microblaze_0/include/xil_types.h:136:16: note: previous declaration of 's8' was here
 typedef int8_t s8;
                ^~
In file included from ../src/helloworld.c:53:
../../microblaze_stream_test_bsp/microblaze_0/include/xrfdc.h:654: warning: "Xil_AssertNonvoid" redefined
 #define Xil_AssertNonvoid(Expression)             \
 
In file included from ../../microblaze_stream_test_bsp/microblaze_0/include/xuartlite.h:159,
                 from ../src/helloworld.c:51:
../../microblaze_stream_test_bsp/microblaze_0/include/xil_assert.h:126: note: this is the location of the previous definition
 #define Xil_AssertNonvoid(Expression)             \
 
In file included from ../src/helloworld.c:53:
../../microblaze_stream_test_bsp/microblaze_0/include/xrfdc.h:660: warning: "Xil_AssertVoid" redefined
 #define Xil_AssertVoid(Expression)                \
 
In file included from ../../microblaze_stream_test_bsp/microblaze_0/include/xuartlite.h:159,
                 from ../src/helloworld.c:51:
../../microblaze_stream_test_bsp/microblaze_0/include/xil_assert.h:101: note: this is the location of the previous definition
 #define Xil_AssertVoid(Expression)                \
 
In file included from ../src/helloworld.c:53:
../../microblaze_stream_test_bsp/microblaze_0/include/xrfdc.h:666: warning: "Xil_AssertVoidAlways" redefined
 #define Xil_AssertVoidAlways()                   \
 
In file included from ../../microblaze_stream_test_bsp/microblaze_0/include/xuartlite.h:159,
                 from ../src/helloworld.c:51:
../../microblaze_stream_test_bsp/microblaze_0/include/xil_assert.h:146: note: this is the location of the previous definition
 #define Xil_AssertVoidAlways()                   \
 
../src/helloworld.c: In function 'main':
../src/helloworld.c:81:5: warning: implicit declaration of function 'debug_print' [-Wimplicit-function-declaration]
     debug_print("UART init success");
     ^~~~~~~~~~~
../src/helloworld.c: At top level:
../src/helloworld.c:90:6: warning: conflicting types for 'debug_print'
 void debug_print(char* buff)
      ^~~~~~~~~~~
../src/helloworld.c:81:5: note: previous implicit declaration of 'debug_print' was here
     debug_print("UART init success");
     ^~~~~~~~~~~
../src/helloworld.c: In function 'debug_print':
../src/helloworld.c:92:12: warning: initialization of 'u8 *' {aka 'int *'} from incompatible pointer type 'char *' [-Wincompatible-pointer-types]
  u8* end = "\n\r";
            ^~~~~~
../src/helloworld.c:93:28: warning: passing argument 2 of 'XUartLite_Send' from incompatible pointer type [-Wincompatible-pointer-types]
  XUartLite_Send(&UartLite, (u8*)buff,strlen(buff));
                            ^~~~~~~~~
In file included from ../src/helloworld.c:51:
../../microblaze_stream_test_bsp/microblaze_0/include/xuartlite.h:252:57: note: expected 'u8 *' {aka 'unsigned char *'} but argument is of type 'u8 *' {aka 'int *'}
 unsigned int XUartLite_Send(XUartLite *InstancePtr, u8 *DataBufferPtr,
                                                     ~~~~^~~~~~~~~~~~~
../src/helloworld.c:94:28: warning: passing argument 2 of 'XUartLite_Send' from incompatible pointer type [-Wincompatible-pointer-types]
  XUartLite_Send(&UartLite, end,2);
                            ^~~
In file included from ../src/helloworld.c:51:
../../microblaze_stream_test_bsp/microblaze_0/include/xuartlite.h:252:57: note: expected 'u8 *' {aka 'unsigned char *'} but argument is of type 'u8 *' {aka 'int *'}
 unsigned int XUartLite_Send(XUartLite *InstancePtr, u8 *DataBufferPtr,
                                                     ~~~~^~~~~~~~~~~~~
At top level:
../src/helloworld.c:122:5: warning: 'SelfTestExample' defined but not used [-Wunused-function]
 int SelfTestExample(u16 RFdcDeviceId)
     ^~~~~~~~~~~~~~~
make: *** [src/subdir.mk:26: src/helloworld.o] Error 1
18:23:04 **** Auto Build of project microblaze_stream_test_bsp ****
make -k all 
"Running Make include in microblaze_0/libsrc/bram_v4_3/src"
make -C microblaze_0/libsrc/bram_v4_3/src -s include  "SHELL=CMD" "COMPILER=mb-gcc" "ARCHIVER=mb-ar" "COMPILER_FLAGS=  -O2 -c -mcpu=v11.0 -mlittle-endian -mxl-soft-mul" "EXTRA_COMPILER_FLAGS=-ffunction-sections -fdata-sections -Wall -Wextra"
"Running Make include in microblaze_0/libsrc/cpu_v2_9/src"
make -C microblaze_0/libsrc/cpu_v2_9/src -s include  "SHELL=CMD" "COMPILER=mb-gcc" "ARCHIVER=mb-ar" "COMPILER_FLAGS=  -O2 -c -mcpu=v11.0 -mlittle-endian -mxl-soft-mul" "EXTRA_COMPILER_FLAGS=-ffunction-sections -fdata-sections -Wall -Wextra"
"Running Make include in microblaze_0/libsrc/gpio_v4_4/src"
make -C microblaze_0/libsrc/gpio_v4_4/src -s include  "SHELL=CMD" "COMPILER=mb-gcc" "ARCHIVER=mb-ar" "COMPILER_FLAGS=  -O2 -c -mcpu=v11.0 -mlittle-endian -mxl-soft-mul" "EXTRA_COMPILER_FLAGS=-ffunction-sections -fdata-sections -Wall -Wextra"
"Running Make include in microblaze_0/libsrc/libmetal_v2_0/src"
make -C microblaze_0/libsrc/libmetal_v2_0/src -s include  "SHELL=CMD" "COMPILER=mb-gcc" "ARCHIVER=mb-ar" "COMPILER_FLAGS=  -O2 -c -mcpu=v11.0 -mlittle-endian -mxl-soft-mul" "EXTRA_COMPILER_FLAGS=-ffunction-sections -fdata-sections -Wall -Wextra"
"Running Make include in microblaze_0/libsrc/rfdc_v6_0/src"
make -C microblaze_0/libsrc/rfdc_v6_0/src -s include  "SHELL=CMD" "COMPILER=mb-gcc" "ARCHIVER=mb-ar" "COMPILER_FLAGS=  -O2 -c -mcpu=v11.0 -mlittle-endian -mxl-soft-mul" "EXTRA_COMPILER_FLAGS=-ffunction-sections -fdata-sections -Wall -Wextra"
"Running Make include in microblaze_0/libsrc/standalone_v7_0/src"
make -C microblaze_0/libsrc/standalone_v7_0/src -s include  "SHELL=CMD" "COMPILER=mb-gcc" "ARCHIVER=mb-ar" "COMPILER_FLAGS=  -O2 -c -mcpu=v11.0 -mlittle-endian -mxl-soft-mul" "EXTRA_COMPILER_FLAGS=-ffunction-sections -fdata-sections -Wall -Wextra"
"Running Make include in microblaze_0/libsrc/uartlite_v3_2/src"
make -C microblaze_0/libsrc/uartlite_v3_2/src -s include  "SHELL=CMD" "COMPILER=mb-gcc" "ARCHIVER=mb-ar" "COMPILER_FLAGS=  -O2 -c -mcpu=v11.0 -mlittle-endian -mxl-soft-mul" "EXTRA_COMPILER_FLAGS=-ffunction-sections -fdata-sections -Wall -Wextra"
"Running Make libs in microblaze_0/libsrc/bram_v4_3/src"
make -C microblaze_0/libsrc/bram_v4_3/src -s libs  "SHELL=CMD" "COMPILER=mb-gcc" "ARCHIVER=mb-ar" "COMPILER_FLAGS=  -O2 -c -mcpu=v11.0 -mlittle-endian -mxl-soft-mul" "EXTRA_COMPILER_FLAGS=-ffunction-sections -fdata-sections -Wall -Wextra"
"Compiling bram"
mb-ar: creating ../../../lib/libxil.a
"Running Make libs in microblaze_0/libsrc/cpu_v2_9/src"
make -C microblaze_0/libsrc/cpu_v2_9/src -s libs  "SHELL=CMD" "COMPILER=mb-gcc" "ARCHIVER=mb-ar" "COMPILER_FLAGS=  -O2 -c -mcpu=v11.0 -mlittle-endian -mxl-soft-mul" "EXTRA_COMPILER_FLAGS=-ffunction-sections -fdata-sections -Wall -Wextra"
"Compiling cpu"
"Running Make libs in microblaze_0/libsrc/gpio_v4_4/src"
make -C microblaze_0/libsrc/gpio_v4_4/src -s libs  "SHELL=CMD" "COMPILER=mb-gcc" "ARCHIVER=mb-ar" "COMPILER_FLAGS=  -O2 -c -mcpu=v11.0 -mlittle-endian -mxl-soft-mul" "EXTRA_COMPILER_FLAGS=-ffunction-sections -fdata-sections -Wall -Wextra"
"Compiling gpio"
"Running Make libs in microblaze_0/libsrc/libmetal_v2_0/src"
make -C microblaze_0/libsrc/libmetal_v2_0/src -s libs  "SHELL=CMD" "COMPILER=mb-gcc" "ARCHIVER=mb-ar" "COMPILER_FLAGS=  -O2 -c -mcpu=v11.0 -mlittle-endian -mxl-soft-mul" "EXTRA_COMPILER_FLAGS=-ffunction-sections -fdata-sections -Wall -Wextra"
Scanning dependencies of target metal-static
[  5%] Building C object lib/CMakeFiles/metal-static.dir/dma.c.obj
[ 10%] Building C object lib/CMakeFiles/metal-static.dir/device.c.obj
[ 15%] Building C object lib/CMakeFiles/metal-static.dir/init.c.obj
[ 21%] Building C object lib/CMakeFiles/metal-static.dir/io.c.obj
[ 26%] Building C object lib/CMakeFiles/metal-static.dir/irq.c.obj
[ 31%] Building C object lib/CMakeFiles/metal-static.dir/log.c.obj
[ 36%] Building C object lib/CMakeFiles/metal-static.dir/shmem.c.obj
[ 42%] Building C object lib/CMakeFiles/metal-static.dir/shmem-provider.c.obj
[ 47%] Building C object lib/CMakeFiles/metal-static.dir/softirq.c.obj
[ 52%] Building C object lib/CMakeFiles/metal-static.dir/version.c.obj
[ 57%] Building C object lib/CMakeFiles/metal-static.dir/system/generic/condition.c.obj
[ 63%] Building C object lib/CMakeFiles/metal-static.dir/system/generic/device.c.obj
[ 68%] Building C object lib/CMakeFiles/metal-static.dir/system/generic/init.c.obj
[ 73%] Building C object lib/CMakeFiles/metal-static.dir/system/generic/io.c.obj
[ 78%] Building C object lib/CMakeFiles/metal-static.dir/system/generic/irq.c.obj
[ 84%] Building C object lib/CMakeFiles/metal-static.dir/system/generic/time.c.obj
[ 89%] Building C object lib/CMakeFiles/metal-static.dir/system/generic/microblaze_generic/sys.c.obj
[ 94%] Building C object lib/CMakeFiles/metal-static.dir/system/generic/xlnx_common/irq.c.obj
[100%] Linking C static library libmetal.a
C:/Xilinx/SDK/2019.1/gnu/microblaze/nt/bin/mb-ar.exe cq libmetal.a  CMakeFiles/metal-static.dir/dma.c.obj CMakeFiles/metal-static.dir/device.c.obj CMakeFiles/metal-static.dir/init.c.obj CMakeFiles/metal-static.dir/io.c.obj CMakeFiles/metal-static.dir/irq.c.obj CMakeFiles/metal-static.dir/log.c.obj CMakeFiles/metal-static.dir/shmem.c.obj CMakeFiles/metal-static.dir/shmem-provider.c.obj CMakeFiles/metal-static.dir/softirq.c.obj CMakeFiles/metal-static.dir/version.c.obj CMakeFiles/metal-static.dir/system/generic/condition.c.obj CMakeFiles/metal-static.dir/system/generic/device.c.obj CMakeFiles/metal-static.dir/system/generic/init.c.obj CMakeFiles/metal-static.dir/system/generic/io.c.obj CMakeFiles/metal-static.dir/system/generic/irq.c.obj CMakeFiles/metal-static.dir/system/generic/time.c.obj CMakeFiles/metal-static.dir/system/generic/microblaze_generic/sys.c.obj CMakeFiles/metal-static.dir/system/generic/xlnx_common/irq.c.obj
C:/Xilinx/SDK/2019.1/gnu/microblaze/nt/bin/mb-ranlib.exe libmetal.a
[100%] Built target metal-static
Install the project...
-- Install configuration: "Debug"
-- Installing: ../../../include/metal/alloc.h
-- Installing: ../../../include/metal/assert.h
-- Installing: ../../../include/metal/atomic.h
-- Installing: ../../../include/metal/cache.h
-- Installing: ../../../include/metal/compiler.h
-- Installing: ../../../include/metal/condition.h
-- Installing: ../../../include/metal/config.h
-- Installing: ../../../include/metal/cpu.h
-- Installing: ../../../include/metal/device.h
-- Installing: ../../../include/metal/dma.h
-- Installing: ../../../include/metal/io.h
-- Installing: ../../../include/metal/irq.h
-- Installing: ../../../include/metal/irq_controller.h
-- Installing: ../../../include/metal/list.h
-- Installing: ../../../include/metal/log.h
-- Installing: ../../../include/metal/mutex.h
-- Installing: ../../../include/metal/scatterlist.h
-- Installing: ../../../include/metal/shmem.h
-- Installing: ../../../include/metal/shmem-provider.h
-- Installing: ../../../include/metal/sleep.h
-- Installing: ../../../include/metal/softirq.h
-- Installing: ../../../include/metal/spinlock.h
-- Installing: ../../../include/metal/sys.h
-- Installing: ../../../include/metal/time.h
-- Installing: ../../../include/metal/utilities.h
-- Installing: ../../../include/metal/version.h
-- Installing: ../../../include/metal/compiler/gcc/atomic.h
-- Installing: ../../../include/metal/compiler/gcc/compiler.h
-- Installing: ../../../include/metal/compiler/iar/compiler.h
-- Installing: ../../../include/metal/processor/microblaze/atomic.h
-- Installing: ../../../include/metal/processor/microblaze/cpu.h
-- Installing: ../../../include/metal/system/generic/alloc.h
-- Installing: ../../../include/metal/system/generic/assert.h
-- Installing: ../../../include/metal/system/generic/cache.h
-- Installing: ../../../include/metal/system/generic/condition.h
-- Installing: ../../../include/metal/system/generic/io.h
-- Installing: ../../../include/metal/system/generic/irq.h
-- Installing: ../../../include/metal/system/generic/log.h
-- Installing: ../../../include/metal/system/generic/mutex.h
-- Installing: ../../../include/metal/system/generic/sleep.h
-- Installing: ../../../include/metal/system/generic/sys.h
-- Installing: ../../../include/metal/system/generic/microblaze_generic/sys.h
-- Installing: ../../../include/metal/system/generic/xlnx_common/sys.h
-- Installing: ../../../lib/libmetal.a
"Running Make libs in microblaze_0/libsrc/rfdc_v6_0/src"
make -C microblaze_0/libsrc/rfdc_v6_0/src -s libs  "SHELL=CMD" "COMPILER=mb-gcc" "ARCHIVER=mb-ar" "COMPILER_FLAGS=  -O2 -c -mcpu=v11.0 -mlittle-endian -mxl-soft-mul" "EXTRA_COMPILER_FLAGS=-ffunction-sections -fdata-sections -Wall -Wextra"
"Compiling rfdc"
"Running Make libs in microblaze_0/libsrc/standalone_v7_0/src"
make -C microblaze_0/libsrc/standalone_v7_0/src -s libs  "SHELL=CMD" "COMPILER=mb-gcc" "ARCHIVER=mb-ar" "COMPILER_FLAGS=  -O2 -c -mcpu=v11.0 -mlittle-endian -mxl-soft-mul" "EXTRA_COMPILER_FLAGS=-ffunction-sections -fdata-sections -Wall -Wextra"
"Compiling standalone";
microblaze_sleep.c:77:9: note: #pragma message: For the sleep routines, assembly instructions are used
 #pragma message ("For the sleep routines, assembly instructions are used")
         ^~~~~~~
"Running Make libs in microblaze_0/libsrc/uartlite_v3_2/src"
make -C microblaze_0/libsrc/uartlite_v3_2/src -s libs  "SHELL=CMD" "COMPILER=mb-gcc" "ARCHIVER=mb-ar" "COMPILER_FLAGS=  -O2 -c -mcpu=v11.0 -mlittle-endian -mxl-soft-mul" "EXTRA_COMPILER_FLAGS=-ffunction-sections -fdata-sections -Wall -Wextra"
"Compiling uartlite"
'Finished building libraries'
18:23:26 **** Auto Build of configuration Debug for project microblaze_stream_test ****
make all 
'Building file: ../src/helloworld.c'
'Invoking: MicroBlaze gcc compiler'
mb-gcc -Wall -O0 -g3 -c -fmessage-length=0 -MT"src/helloworld.o" -I../../microblaze_stream_test_bsp/microblaze_0/include -mlittle-endian -mcpu=v11.0 -mxl-soft-mul -Wl,--no-relax -ffunction-sections -fdata-sections -MMD -MP -MF"src/helloworld.d" -MT"src/helloworld.o" -o "src/helloworld.o" "../src/helloworld.c"
In file included from ../src/helloworld.c:53:
../../microblaze_stream_test_bsp/microblaze_0/include/xrfdc.h:259:9: error: unknown type name '__u32'
 typedef __u32 u32;
         ^~~~~
../../microblaze_stream_test_bsp/microblaze_0/include/xrfdc.h:259:15: error: conflicting types for 'u32'
 typedef __u32 u32;
               ^~~
In file included from ../../microblaze_stream_test_bsp/microblaze_0/include/xil_printf.h:11,
                 from ../src/helloworld.c:50:
../../microblaze_stream_test_bsp/microblaze_0/include/xil_types.h:97:18: note: previous declaration of 'u32' was here
 typedef uint32_t u32;
                  ^~~
In file included from ../src/helloworld.c:53:
../../microblaze_stream_test_bsp/microblaze_0/include/xrfdc.h:260:9: error: unknown type name '__u16'
 typedef __u16 u16;
         ^~~~~
../../microblaze_stream_test_bsp/microblaze_0/include/xrfdc.h:260:15: error: conflicting types for 'u16'
 typedef __u16 u16;
               ^~~
In file included from ../../microblaze_stream_test_bsp/microblaze_0/include/xil_printf.h:11,
                 from ../src/helloworld.c:50:
../../microblaze_stream_test_bsp/microblaze_0/include/xil_types.h:96:18: note: previous declaration of 'u16' was here
 typedef uint16_t u16;
                  ^~~
In file included from ../src/helloworld.c:53:
../../microblaze_stream_test_bsp/microblaze_0/include/xrfdc.h:261:9: error: unknown type name '__u8'
 typedef __u8 u8;
         ^~~~
../../microblaze_stream_test_bsp/microblaze_0/include/xrfdc.h:261:14: error: conflicting types for 'u8'
 typedef __u8 u8;
              ^~
In file included from ../../microblaze_stream_test_bsp/microblaze_0/include/xil_printf.h:11,
                 from ../src/helloworld.c:50:
../../microblaze_stream_test_bsp/microblaze_0/include/xil_types.h:95:17: note: previous declaration of 'u8' was here
 typedef uint8_t u8;
                 ^~
In file included from ../src/helloworld.c:53:
../../microblaze_stream_test_bsp/microblaze_0/include/xrfdc.h:262:9: error: unknown type name '__s32'
 typedef __s32 s32;
         ^~~~~
../../microblaze_stream_test_bsp/microblaze_0/include/xrfdc.h:262:15: error: conflicting types for 's32'
 typedef __s32 s32;
               ^~~
In file included from ../../microblaze_stream_test_bsp/microblaze_0/include/xil_printf.h:11,
                 from ../src/helloworld.c:50:
../../microblaze_stream_test_bsp/microblaze_0/include/xil_types.h:138:17: note: previous declaration of 's32' was here
 typedef int32_t s32;
                 ^~~
In file included from ../src/helloworld.c:53:
../../microblaze_stream_test_bsp/microblaze_0/include/xrfdc.h:263:9: error: unknown type name '__u64'
 typedef __u64 u64;
         ^~~~~
../../microblaze_stream_test_bsp/microblaze_0/include/xrfdc.h:263:15: error: conflicting types for 'u64'
 typedef __u64 u64;
               ^~~
In file included from ../../microblaze_stream_test_bsp/microblaze_0/include/xil_printf.h:11,
                 from ../src/helloworld.c:50:
../../microblaze_stream_test_bsp/microblaze_0/include/xil_types.h:140:18: note: previous declaration of 'u64' was here
 typedef uint64_t u64;
                  ^~~
In file included from ../src/helloworld.c:53:
../../microblaze_stream_test_bsp/microblaze_0/include/xrfdc.h:264:9: error: unknown type name '__s64'
 typedef __s64 s64;
         ^~~~~
../../microblaze_stream_test_bsp/microblaze_0/include/xrfdc.h:264:15: error: conflicting types for 's64'
 typedef __s64 s64;
               ^~~
In file included from ../../microblaze_stream_test_bsp/microblaze_0/include/xil_printf.h:11,
                 from ../src/helloworld.c:50:
../../microblaze_stream_test_bsp/microblaze_0/include/xil_types.h:139:17: note: previous declaration of 's64' was here
 typedef int64_t s64;
                 ^~~
In file included from ../src/helloworld.c:53:
../../microblaze_stream_test_bsp/microblaze_0/include/xrfdc.h:265:9: error: unknown type name '__s8'
 typedef __s8 s8;
         ^~~~
../../microblaze_stream_test_bsp/microblaze_0/include/xrfdc.h:265:14: error: conflicting types for 's8'
 typedef __s8 s8;
              ^~
In file included from ../../microblaze_stream_test_bsp/microblaze_0/include/xil_printf.h:11,
                 from ../src/helloworld.c:50:
../../microblaze_stream_test_bsp/microblaze_0/include/xil_types.h:136:16: note: previous declaration of 's8' was here
 typedef int8_t s8;
                ^~
In file included from ../src/helloworld.c:53:
../../microblaze_stream_test_bsp/microblaze_0/include/xrfdc.h:654: warning: "Xil_AssertNonvoid" redefined
 #define Xil_AssertNonvoid(Expression)             \
 
In file included from ../../microblaze_stream_test_bsp/microblaze_0/include/xuartlite.h:159,
                 from ../src/helloworld.c:51:
../../microblaze_stream_test_bsp/microblaze_0/include/xil_assert.h:126: note: this is the location of the previous definition
 #define Xil_AssertNonvoid(Expression)             \
 
In file included from ../src/helloworld.c:53:
../../microblaze_stream_test_bsp/microblaze_0/include/xrfdc.h:660: warning: "Xil_AssertVoid" redefined
 #define Xil_AssertVoid(Expression)                \
 
In file included from ../../microblaze_stream_test_bsp/microblaze_0/include/xuartlite.h:159,
                 from ../src/helloworld.c:51:
../../microblaze_stream_test_bsp/microblaze_0/include/xil_assert.h:101: note: this is the location of the previous definition
 #define Xil_AssertVoid(Expression)                \
 
In file included from ../src/helloworld.c:53:
../../microblaze_stream_test_bsp/microblaze_0/include/xrfdc.h:666: warning: "Xil_AssertVoidAlways" redefined
 #define Xil_AssertVoidAlways()                   \
 
In file included from ../../microblaze_stream_test_bsp/microblaze_0/include/xuartlite.h:159,
                 from ../src/helloworld.c:51:
../../microblaze_stream_test_bsp/microblaze_0/include/xil_assert.h:146: note: this is the location of the previous definition
 #define Xil_AssertVoidAlways()                   \
 
../src/helloworld.c: In function 'main':
../src/helloworld.c:81:5: warning: implicit declaration of function 'debug_print' [-Wimplicit-function-declaration]
     debug_print("UART init success");
     ^~~~~~~~~~~
../src/helloworld.c: At top level:
../src/helloworld.c:90:6: warning: conflicting types for 'debug_print'
 void debug_print(char* buff)
      ^~~~~~~~~~~
../src/helloworld.c:81:5: note: previous implicit declaration of 'debug_print' was here
     debug_print("UART init success");
     ^~~~~~~~~~~
../src/helloworld.c: In function 'debug_print':
../src/helloworld.c:92:12: warning: initialization of 'u8 *' {aka 'int *'} from incompatible pointer type 'char *' [-Wincompatible-pointer-types]
  u8* end = "\n\r";
            ^~~~~~
../src/helloworld.c:93:28: warning: passing argument 2 of 'XUartLite_Send' from incompatible pointer type [-Wincompatible-pointer-types]
  XUartLite_Send(&UartLite, (u8*)buff,strlen(buff));
                            ^~~~~~~~~
In file included from ../src/helloworld.c:51:
../../microblaze_stream_test_bsp/microblaze_0/include/xuartlite.h:252:57: note: expected 'u8 *' {aka 'unsigned char *'} but argument is of type 'u8 *' {aka 'int *'}
 unsigned int XUartLite_Send(XUartLite *InstancePtr, u8 *DataBufferPtr,
                                                     ~~~~^~~~~~~~~~~~~
../src/helloworld.c:94:28: warning: passing argument 2 of 'XUartLite_Send' from incompatible pointer type [-Wincompatible-pointer-types]
  XUartLite_Send(&UartLite, end,2);
                            ^~~
In file included from ../src/helloworld.c:51:
../../microblaze_stream_test_bsp/microblaze_0/include/xuartlite.h:252:57: note: expected 'u8 *' {aka 'unsigned char *'} but argument is of type 'u8 *' {aka 'int *'}
 unsigned int XUartLite_Send(XUartLite *InstancePtr, u8 *DataBufferPtr,
                                                     ~~~~^~~~~~~~~~~~~
At top level:
../src/helloworld.c:122:5: warning: 'SelfTestExample' defined but not used [-Wunused-function]
 int SelfTestExample(u16 RFdcDeviceId)
     ^~~~~~~~~~~~~~~
make: *** [src/subdir.mk:26: src/helloworld.o] Error 1
18:23:51 **** Auto Build of project microblaze_stream_test_bsp ****
make -k all 
"Running Make include in microblaze_0/libsrc/bram_v4_3/src"
make -C microblaze_0/libsrc/bram_v4_3/src -s include  "SHELL=CMD" "COMPILER=mb-gcc" "ARCHIVER=mb-ar" "COMPILER_FLAGS=  -O2 -c -mcpu=v11.0 -mlittle-endian -mxl-soft-mul" "EXTRA_COMPILER_FLAGS=-ffunction-sections -fdata-sections -Wall -Wextra"
"Running Make include in microblaze_0/libsrc/cpu_v2_9/src"
make -C microblaze_0/libsrc/cpu_v2_9/src -s include  "SHELL=CMD" "COMPILER=mb-gcc" "ARCHIVER=mb-ar" "COMPILER_FLAGS=  -O2 -c -mcpu=v11.0 -mlittle-endian -mxl-soft-mul" "EXTRA_COMPILER_FLAGS=-ffunction-sections -fdata-sections -Wall -Wextra"
"Running Make include in microblaze_0/libsrc/gpio_v4_4/src"
make -C microblaze_0/libsrc/gpio_v4_4/src -s include  "SHELL=CMD" "COMPILER=mb-gcc" "ARCHIVER=mb-ar" "COMPILER_FLAGS=  -O2 -c -mcpu=v11.0 -mlittle-endian -mxl-soft-mul" "EXTRA_COMPILER_FLAGS=-ffunction-sections -fdata-sections -Wall -Wextra"
"Running Make include in microblaze_0/libsrc/libmetal_v2_0/src"
make -C microblaze_0/libsrc/libmetal_v2_0/src -s include  "SHELL=CMD" "COMPILER=mb-gcc" "ARCHIVER=mb-ar" "COMPILER_FLAGS=  -O2 -c -mcpu=v11.0 -mlittle-endian -mxl-soft-mul" "EXTRA_COMPILER_FLAGS=-ffunction-sections -fdata-sections -Wall -Wextra"
"Running Make include in microblaze_0/libsrc/rfdc_v6_0/src"
make -C microblaze_0/libsrc/rfdc_v6_0/src -s include  "SHELL=CMD" "COMPILER=mb-gcc" "ARCHIVER=mb-ar" "COMPILER_FLAGS=  -O2 -c -mcpu=v11.0 -mlittle-endian -mxl-soft-mul" "EXTRA_COMPILER_FLAGS=-ffunction-sections -fdata-sections -Wall -Wextra"
"Running Make include in microblaze_0/libsrc/standalone_v7_0/src"
make -C microblaze_0/libsrc/standalone_v7_0/src -s include  "SHELL=CMD" "COMPILER=mb-gcc" "ARCHIVER=mb-ar" "COMPILER_FLAGS=  -O2 -c -mcpu=v11.0 -mlittle-endian -mxl-soft-mul" "EXTRA_COMPILER_FLAGS=-ffunction-sections -fdata-sections -Wall -Wextra"
"Running Make include in microblaze_0/libsrc/uartlite_v3_2/src"
make -C microblaze_0/libsrc/uartlite_v3_2/src -s include  "SHELL=CMD" "COMPILER=mb-gcc" "ARCHIVER=mb-ar" "COMPILER_FLAGS=  -O2 -c -mcpu=v11.0 -mlittle-endian -mxl-soft-mul" "EXTRA_COMPILER_FLAGS=-ffunction-sections -fdata-sections -Wall -Wextra"
"Running Make libs in microblaze_0/libsrc/bram_v4_3/src"
make -C microblaze_0/libsrc/bram_v4_3/src -s libs  "SHELL=CMD" "COMPILER=mb-gcc" "ARCHIVER=mb-ar" "COMPILER_FLAGS=  -O2 -c -mcpu=v11.0 -mlittle-endian -mxl-soft-mul" "EXTRA_COMPILER_FLAGS=-ffunction-sections -fdata-sections -Wall -Wextra"
"Compiling bram"
mb-ar: creating ../../../lib/libxil.a
"Running Make libs in microblaze_0/libsrc/cpu_v2_9/src"
make -C microblaze_0/libsrc/cpu_v2_9/src -s libs  "SHELL=CMD" "COMPILER=mb-gcc" "ARCHIVER=mb-ar" "COMPILER_FLAGS=  -O2 -c -mcpu=v11.0 -mlittle-endian -mxl-soft-mul" "EXTRA_COMPILER_FLAGS=-ffunction-sections -fdata-sections -Wall -Wextra"
"Compiling cpu"
"Running Make libs in microblaze_0/libsrc/gpio_v4_4/src"
make -C microblaze_0/libsrc/gpio_v4_4/src -s libs  "SHELL=CMD" "COMPILER=mb-gcc" "ARCHIVER=mb-ar" "COMPILER_FLAGS=  -O2 -c -mcpu=v11.0 -mlittle-endian -mxl-soft-mul" "EXTRA_COMPILER_FLAGS=-ffunction-sections -fdata-sections -Wall -Wextra"
"Compiling gpio"
"Running Make libs in microblaze_0/libsrc/libmetal_v2_0/src"
make -C microblaze_0/libsrc/libmetal_v2_0/src -s libs  "SHELL=CMD" "COMPILER=mb-gcc" "ARCHIVER=mb-ar" "COMPILER_FLAGS=  -O2 -c -mcpu=v11.0 -mlittle-endian -mxl-soft-mul" "EXTRA_COMPILER_FLAGS=-ffunction-sections -fdata-sections -Wall -Wextra"
Scanning dependencies of target metal-static
[  5%] Building C object lib/CMakeFiles/metal-static.dir/dma.c.obj
[ 10%] Building C object lib/CMakeFiles/metal-static.dir/device.c.obj
[ 15%] Building C object lib/CMakeFiles/metal-static.dir/init.c.obj
[ 21%] Building C object lib/CMakeFiles/metal-static.dir/io.c.obj
[ 26%] Building C object lib/CMakeFiles/metal-static.dir/irq.c.obj
[ 31%] Building C object lib/CMakeFiles/metal-static.dir/log.c.obj
[ 36%] Building C object lib/CMakeFiles/metal-static.dir/shmem.c.obj
[ 42%] Building C object lib/CMakeFiles/metal-static.dir/shmem-provider.c.obj
[ 47%] Building C object lib/CMakeFiles/metal-static.dir/softirq.c.obj
[ 52%] Building C object lib/CMakeFiles/metal-static.dir/version.c.obj
[ 57%] Building C object lib/CMakeFiles/metal-static.dir/system/generic/condition.c.obj
[ 63%] Building C object lib/CMakeFiles/metal-static.dir/system/generic/device.c.obj
[ 68%] Building C object lib/CMakeFiles/metal-static.dir/system/generic/init.c.obj
[ 73%] Building C object lib/CMakeFiles/metal-static.dir/system/generic/io.c.obj
[ 78%] Building C object lib/CMakeFiles/metal-static.dir/system/generic/irq.c.obj
[ 84%] Building C object lib/CMakeFiles/metal-static.dir/system/generic/time.c.obj
[ 89%] Building C object lib/CMakeFiles/metal-static.dir/system/generic/microblaze_generic/sys.c.obj
[ 94%] Building C object lib/CMakeFiles/metal-static.dir/system/generic/xlnx_common/irq.c.obj
[100%] Linking C static library libmetal.a
C:/Xilinx/SDK/2019.1/gnu/microblaze/nt/bin/mb-ar.exe cq libmetal.a  CMakeFiles/metal-static.dir/dma.c.obj CMakeFiles/metal-static.dir/device.c.obj CMakeFiles/metal-static.dir/init.c.obj CMakeFiles/metal-static.dir/io.c.obj CMakeFiles/metal-static.dir/irq.c.obj CMakeFiles/metal-static.dir/log.c.obj CMakeFiles/metal-static.dir/shmem.c.obj CMakeFiles/metal-static.dir/shmem-provider.c.obj CMakeFiles/metal-static.dir/softirq.c.obj CMakeFiles/metal-static.dir/version.c.obj CMakeFiles/metal-static.dir/system/generic/condition.c.obj CMakeFiles/metal-static.dir/system/generic/device.c.obj CMakeFiles/metal-static.dir/system/generic/init.c.obj CMakeFiles/metal-static.dir/system/generic/io.c.obj CMakeFiles/metal-static.dir/system/generic/irq.c.obj CMakeFiles/metal-static.dir/system/generic/time.c.obj CMakeFiles/metal-static.dir/system/generic/microblaze_generic/sys.c.obj CMakeFiles/metal-static.dir/system/generic/xlnx_common/irq.c.obj
C:/Xilinx/SDK/2019.1/gnu/microblaze/nt/bin/mb-ranlib.exe libmetal.a
[100%] Built target metal-static
Install the project...
-- Install configuration: "Debug"
-- Installing: ../../../include/metal/alloc.h
-- Installing: ../../../include/metal/assert.h
-- Installing: ../../../include/metal/atomic.h
-- Installing: ../../../include/metal/cache.h
-- Installing: ../../../include/metal/compiler.h
-- Installing: ../../../include/metal/condition.h
-- Installing: ../../../include/metal/config.h
-- Installing: ../../../include/metal/cpu.h
-- Installing: ../../../include/metal/device.h
-- Installing: ../../../include/metal/dma.h
-- Installing: ../../../include/metal/io.h
-- Installing: ../../../include/metal/irq.h
-- Installing: ../../../include/metal/irq_controller.h
-- Installing: ../../../include/metal/list.h
-- Installing: ../../../include/metal/log.h
-- Installing: ../../../include/metal/mutex.h
-- Installing: ../../../include/metal/scatterlist.h
-- Installing: ../../../include/metal/shmem.h
-- Installing: ../../../include/metal/shmem-provider.h
-- Installing: ../../../include/metal/sleep.h
-- Installing: ../../../include/metal/softirq.h
-- Installing: ../../../include/metal/spinlock.h
-- Installing: ../../../include/metal/sys.h
-- Installing: ../../../include/metal/time.h
-- Installing: ../../../include/metal/utilities.h
-- Installing: ../../../include/metal/version.h
-- Installing: ../../../include/metal/compiler/gcc/atomic.h
-- Installing: ../../../include/metal/compiler/gcc/compiler.h
-- Installing: ../../../include/metal/compiler/iar/compiler.h
-- Installing: ../../../include/metal/processor/microblaze/atomic.h
-- Installing: ../../../include/metal/processor/microblaze/cpu.h
-- Installing: ../../../include/metal/system/generic/alloc.h
-- Installing: ../../../include/metal/system/generic/assert.h
-- Installing: ../../../include/metal/system/generic/cache.h
-- Installing: ../../../include/metal/system/generic/condition.h
-- Installing: ../../../include/metal/system/generic/io.h
-- Installing: ../../../include/metal/system/generic/irq.h
-- Installing: ../../../include/metal/system/generic/log.h
-- Installing: ../../../include/metal/system/generic/mutex.h
-- Installing: ../../../include/metal/system/generic/sleep.h
-- Installing: ../../../include/metal/system/generic/sys.h
-- Installing: ../../../include/metal/system/generic/microblaze_generic/sys.h
-- Installing: ../../../include/metal/system/generic/xlnx_common/sys.h
-- Installing: ../../../lib/libmetal.a
"Running Make libs in microblaze_0/libsrc/rfdc_v6_0/src"
make -C microblaze_0/libsrc/rfdc_v6_0/src -s libs  "SHELL=CMD" "COMPILER=mb-gcc" "ARCHIVER=mb-ar" "COMPILER_FLAGS=  -O2 -c -mcpu=v11.0 -mlittle-endian -mxl-soft-mul" "EXTRA_COMPILER_FLAGS=-ffunction-sections -fdata-sections -Wall -Wextra"
"Compiling rfdc"
"Running Make libs in microblaze_0/libsrc/standalone_v7_0/src"
make -C microblaze_0/libsrc/standalone_v7_0/src -s libs  "SHELL=CMD" "COMPILER=mb-gcc" "ARCHIVER=mb-ar" "COMPILER_FLAGS=  -O2 -c -mcpu=v11.0 -mlittle-endian -mxl-soft-mul" "EXTRA_COMPILER_FLAGS=-ffunction-sections -fdata-sections -Wall -Wextra"
"Compiling standalone";
microblaze_sleep.c:77:9: note: #pragma message: For the sleep routines, assembly instructions are used
 #pragma message ("For the sleep routines, assembly instructions are used")
         ^~~~~~~
"Running Make libs in microblaze_0/libsrc/uartlite_v3_2/src"
make -C microblaze_0/libsrc/uartlite_v3_2/src -s libs  "SHELL=CMD" "COMPILER=mb-gcc" "ARCHIVER=mb-ar" "COMPILER_FLAGS=  -O2 -c -mcpu=v11.0 -mlittle-endian -mxl-soft-mul" "EXTRA_COMPILER_FLAGS=-ffunction-sections -fdata-sections -Wall -Wextra"
"Compiling uartlite"
'Finished building libraries'
18:24:27 **** Build of configuration Debug for project microblaze_stream_test ****
make all 
'Building file: ../src/helloworld.c'
'Invoking: MicroBlaze gcc compiler'
mb-gcc -Wall -O0 -g3 -c -fmessage-length=0 -MT"src/helloworld.o" -D __BAREMETAL__ -I../../microblaze_stream_test_bsp/microblaze_0/include -mlittle-endian -mcpu=v11.0 -mxl-soft-mul -Wl,--no-relax -ffunction-sections -fdata-sections -MMD -MP -MF"src/helloworld.d" -MT"src/helloworld.o" -o "src/helloworld.o" "../src/helloworld.c"
'Finished building: ../src/helloworld.c'
' '
'Building file: ../src/platform.c'
'Invoking: MicroBlaze gcc compiler'
mb-gcc -Wall -O0 -g3 -c -fmessage-length=0 -MT"src/platform.o" -D __BAREMETAL__ -I../../microblaze_stream_test_bsp/microblaze_0/include -mlittle-endian -mcpu=v11.0 -mxl-soft-mul -Wl,--no-relax -ffunction-sections -fdata-sections -MMD -MP -MF"src/platform.d" -MT"src/platform.o" -o "src/platform.o" "../src/platform.c"
'Finished building: ../src/platform.c'
' '
'Building target: microblaze_stream_test.elf'
'Invoking: MicroBlaze gcc linker'
mb-gcc -Wl,-T -Wl,../src/lscript.ld -L../../microblaze_stream_test_bsp/microblaze_0/lib -mlittle-endian -mcpu=v11.0 -mxl-soft-mul -Wl,--no-relax -Wl,--gc-sections -o "microblaze_stream_test.elf"  ./src/helloworld.o ./src/platform.o   -Wl,--start-group,-lxil,-lgcc,-lc,--end-group -Wl,--start-group,-lxil,-lmetal,-lgcc,-lc,--end-group
'Finished building target: microblaze_stream_test.elf'
' '
'Invoking: MicroBlaze Print Size'
mb-size microblaze_stream_test.elf  |tee "microblaze_stream_test.elf.size"
   text	   data	    bss	    dec	    hex	filename
   2696	    268	   3108	   6072	   17b8	microblaze_stream_test.elf
'Finished building: microblaze_stream_test.elf.size'
' '
18:24:29 **** Auto Build of configuration Debug for project microblaze_stream_test ****
make all 
make: Nothing to be done for 'all'.
18:24:45 **** Auto Build of configuration Debug for project microblaze_stream_test ****
make all 
'Building file: ../src/helloworld.c'
'Invoking: MicroBlaze gcc compiler'
mb-gcc -Wall -O0 -g3 -c -fmessage-length=0 -MT"src/helloworld.o" -D __BAREMETAL__ -I../../microblaze_stream_test_bsp/microblaze_0/include -mlittle-endian -mcpu=v11.0 -mxl-soft-mul -Wl,--no-relax -ffunction-sections -fdata-sections -MMD -MP -MF"src/helloworld.d" -MT"src/helloworld.o" -o "src/helloworld.o" "../src/helloworld.c"
../src/helloworld.c: In function 'main':
../src/helloworld.c:147:2: warning: implicit declaration of function 'debug_print'; did you mean 'xdbg_printf'? [-Wimplicit-function-declaration]
  debug_print("Running RF self test...");
  ^~~~~~~~~~~
  xdbg_printf
../src/helloworld.c: At top level:
../src/helloworld.c:191:6: warning: conflicting types for 'debug_print'
 void debug_print(char* buff)
      ^~~~~~~~~~~
../src/helloworld.c:147:2: note: previous implicit declaration of 'debug_print' was here
  debug_print("Running RF self test...");
  ^~~~~~~~~~~
'Finished building: ../src/helloworld.c'
' '
'Building target: microblaze_stream_test.elf'
'Invoking: MicroBlaze gcc linker'
mb-gcc -Wl,-T -Wl,../src/lscript.ld -L../../microblaze_stream_test_bsp/microblaze_0/lib -mlittle-endian -mcpu=v11.0 -mxl-soft-mul -Wl,--no-relax -Wl,--gc-sections -o "microblaze_stream_test.elf"  ./src/helloworld.o ./src/platform.o   -Wl,--start-group,-lxil,-lgcc,-lc,--end-group -Wl,--start-group,-lxil,-lmetal,-lgcc,-lc,--end-group
'Finished building target: microblaze_stream_test.elf'
' '
'Invoking: MicroBlaze Print Size'
mb-size microblaze_stream_test.elf  |tee "microblaze_stream_test.elf.size"
   text	   data	    bss	    dec	    hex	filename
  73258	   3360	   9942	  86560	  15220	microblaze_stream_test.elf
'Finished building: microblaze_stream_test.elf.size'
' '
18:25:11 **** Auto Build of configuration Debug for project microblaze_stream_test ****
make all 
'Building file: ../src/helloworld.c'
'Invoking: MicroBlaze gcc compiler'
mb-gcc -Wall -O0 -g3 -c -fmessage-length=0 -MT"src/helloworld.o" -D __BAREMETAL__ -I../../microblaze_stream_test_bsp/microblaze_0/include -mlittle-endian -mcpu=v11.0 -mxl-soft-mul -Wl,--no-relax -ffunction-sections -fdata-sections -MMD -MP -MF"src/helloworld.d" -MT"src/helloworld.o" -o "src/helloworld.o" "../src/helloworld.c"
../src/helloworld.c: In function 'main':
../src/helloworld.c:145:2: warning: implicit declaration of function 'debug_print'; did you mean 'xdbg_printf'? [-Wimplicit-function-declaration]
  debug_print("Running RF self test...");
  ^~~~~~~~~~~
  xdbg_printf
../src/helloworld.c: At top level:
../src/helloworld.c:188:6: warning: conflicting types for 'debug_print'
 void debug_print(char* buff)
      ^~~~~~~~~~~
../src/helloworld.c:145:2: note: previous implicit declaration of 'debug_print' was here
  debug_print("Running RF self test...");
  ^~~~~~~~~~~
'Finished building: ../src/helloworld.c'
' '
'Building target: microblaze_stream_test.elf'
'Invoking: MicroBlaze gcc linker'
mb-gcc -Wl,-T -Wl,../src/lscript.ld -L../../microblaze_stream_test_bsp/microblaze_0/lib -mlittle-endian -mcpu=v11.0 -mxl-soft-mul -Wl,--no-relax -Wl,--gc-sections -o "microblaze_stream_test.elf"  ./src/helloworld.o ./src/platform.o   -Wl,--start-group,-lxil,-lgcc,-lc,--end-group -Wl,--start-group,-lxil,-lmetal,-lgcc,-lc,--end-group
'Finished building target: microblaze_stream_test.elf'
' '
'Invoking: MicroBlaze Print Size'
mb-size microblaze_stream_test.elf  |tee "microblaze_stream_test.elf.size"
   text	   data	    bss	    dec	    hex	filename
  73222	   3360	   9938	  86520	  151f8	microblaze_stream_test.elf
'Finished building: microblaze_stream_test.elf.size'
' '
18:25:17 **** Incremental Build of configuration Debug for project microblaze_stream_test ****
make all 
make: Nothing to be done for 'all'.
18:26:11 **** Incremental Build of configuration Debug for project microblaze_stream_test ****
make all 
make: Nothing to be done for 'all'.
18:33:15 **** Auto Build of configuration Debug for project microblaze_stream_test ****
make all 
'Building file: ../src/helloworld.c'
'Invoking: MicroBlaze gcc compiler'
mb-gcc -Wall -O0 -g3 -c -fmessage-length=0 -MT"src/helloworld.o" -D __BAREMETAL__ -I../../microblaze_stream_test_bsp/microblaze_0/include -mlittle-endian -mcpu=v11.0 -mxl-soft-mul -Wl,--no-relax -ffunction-sections -fdata-sections -MMD -MP -MF"src/helloworld.d" -MT"src/helloworld.o" -o "src/helloworld.o" "../src/helloworld.c"
../src/helloworld.c: In function 'main':
../src/helloworld.c:145:2: warning: implicit declaration of function 'debug_print'; did you mean 'xdbg_printf'? [-Wimplicit-function-declaration]
  debug_print("Running RF self test...");
  ^~~~~~~~~~~
  xdbg_printf
../src/helloworld.c:175:38: warning: initialization of 'volatile unsigned int *' from 'int' makes pointer from integer without a cast [-Wint-conversion]
  volatile unsigned int *sine_wave = {0x10000, 0x161F8, 0x1B505, 0x1EC83, 0x20000, 0x1EC83, 0x1B505, 0x161F8, 0x10000, 0x9E08, 0x4AFB, 0x137D, 0x0, 0x137D, 0x4AFB, 0x9E08};
                                      ^~~~~~~
../src/helloworld.c:175:38: note: (near initialization for 'sine_wave')
../src/helloworld.c:175:47: warning: excess elements in scalar initializer
  volatile unsigned int *sine_wave = {0x10000, 0x161F8, 0x1B505, 0x1EC83, 0x20000, 0x1EC83, 0x1B505, 0x161F8, 0x10000, 0x9E08, 0x4AFB, 0x137D, 0x0, 0x137D, 0x4AFB, 0x9E08};
                                               ^~~~~~~
../src/helloworld.c:175:47: note: (near initialization for 'sine_wave')
../src/helloworld.c:175:56: warning: excess elements in scalar initializer
  volatile unsigned int *sine_wave = {0x10000, 0x161F8, 0x1B505, 0x1EC83, 0x20000, 0x1EC83, 0x1B505, 0x161F8, 0x10000, 0x9E08, 0x4AFB, 0x137D, 0x0, 0x137D, 0x4AFB, 0x9E08};
                                                        ^~~~~~~
../src/helloworld.c:175:56: note: (near initialization for 'sine_wave')
../src/helloworld.c:175:65: warning: excess elements in scalar initializer
  volatile unsigned int *sine_wave = {0x10000, 0x161F8, 0x1B505, 0x1EC83, 0x20000, 0x1EC83, 0x1B505, 0x161F8, 0x10000, 0x9E08, 0x4AFB, 0x137D, 0x0, 0x137D, 0x4AFB, 0x9E08};
                                                                 ^~~~~~~
../src/helloworld.c:175:65: note: (near initialization for 'sine_wave')
../src/helloworld.c:175:74: warning: excess elements in scalar initializer
  volatile unsigned int *sine_wave = {0x10000, 0x161F8, 0x1B505, 0x1EC83, 0x20000, 0x1EC83, 0x1B505, 0x161F8, 0x10000, 0x9E08, 0x4AFB, 0x137D, 0x0, 0x137D, 0x4AFB, 0x9E08};
                                                                          ^~~~~~~
../src/helloworld.c:175:74: note: (near initialization for 'sine_wave')
../src/helloworld.c:175:83: warning: excess elements in scalar initializer
  volatile unsigned int *sine_wave = {0x10000, 0x161F8, 0x1B505, 0x1EC83, 0x20000, 0x1EC83, 0x1B505, 0x161F8, 0x10000, 0x9E08, 0x4AFB, 0x137D, 0x0, 0x137D, 0x4AFB, 0x9E08};
                                                                                   ^~~~~~~
../src/helloworld.c:175:83: note: (near initialization for 'sine_wave')
../src/helloworld.c:175:92: warning: excess elements in scalar initializer
  volatile unsigned int *sine_wave = {0x10000, 0x161F8, 0x1B505, 0x1EC83, 0x20000, 0x1EC83, 0x1B505, 0x161F8, 0x10000, 0x9E08, 0x4AFB, 0x137D, 0x0, 0x137D, 0x4AFB, 0x9E08};
                                                                                            ^~~~~~~
../src/helloworld.c:175:92: note: (near initialization for 'sine_wave')
../src/helloworld.c:175:101: warning: excess elements in scalar initializer
  volatile unsigned int *sine_wave = {0x10000, 0x161F8, 0x1B505, 0x1EC83, 0x20000, 0x1EC83, 0x1B505, 0x161F8, 0x10000, 0x9E08, 0x4AFB, 0x137D, 0x0, 0x137D, 0x4AFB, 0x9E08};
                                                                                                     ^~~~~~~
../src/helloworld.c:175:101: note: (near initialization for 'sine_wave')
../src/helloworld.c:175:110: warning: excess elements in scalar initializer
  volatile unsigned int *sine_wave = {0x10000, 0x161F8, 0x1B505, 0x1EC83, 0x20000, 0x1EC83, 0x1B505, 0x161F8, 0x10000, 0x9E08, 0x4AFB, 0x137D, 0x0, 0x137D, 0x4AFB, 0x9E08};
                                                                                                              ^~~~~~~
../src/helloworld.c:175:110: note: (near initialization for 'sine_wave')
../src/helloworld.c:175:119: warning: excess elements in scalar initializer
  volatile unsigned int *sine_wave = {0x10000, 0x161F8, 0x1B505, 0x1EC83, 0x20000, 0x1EC83, 0x1B505, 0x161F8, 0x10000, 0x9E08, 0x4AFB, 0x137D, 0x0, 0x137D, 0x4AFB, 0x9E08};
                                                                                                                       ^~~~~~
../src/helloworld.c:175:119: note: (near initialization for 'sine_wave')
../src/helloworld.c:175:127: warning: excess elements in scalar initializer
  volatile unsigned int *sine_wave = {0x10000, 0x161F8, 0x1B505, 0x1EC83, 0x20000, 0x1EC83, 0x1B505, 0x161F8, 0x10000, 0x9E08, 0x4AFB, 0x137D, 0x0, 0x137D, 0x4AFB, 0x9E08};
                                                                                                                               ^~~~~~
../src/helloworld.c:175:127: note: (near initialization for 'sine_wave')
../src/helloworld.c:175:135: warning: excess elements in scalar initializer
  volatile unsigned int *sine_wave = {0x10000, 0x161F8, 0x1B505, 0x1EC83, 0x20000, 0x1EC83, 0x1B505, 0x161F8, 0x10000, 0x9E08, 0x4AFB, 0x137D, 0x0, 0x137D, 0x4AFB, 0x9E08};
                                                                                                                                       ^~~~~~
../src/helloworld.c:175:135: note: (near initialization for 'sine_wave')
../src/helloworld.c:175:143: warning: excess elements in scalar initializer
  volatile unsigned int *sine_wave = {0x10000, 0x161F8, 0x1B505, 0x1EC83, 0x20000, 0x1EC83, 0x1B505, 0x161F8, 0x10000, 0x9E08, 0x4AFB, 0x137D, 0x0, 0x137D, 0x4AFB, 0x9E08};
                                                                                                                                               ^~~
../src/helloworld.c:175:143: note: (near initialization for 'sine_wave')
../src/helloworld.c:175:148: warning: excess elements in scalar initializer
  volatile unsigned int *sine_wave = {0x10000, 0x161F8, 0x1B505, 0x1EC83, 0x20000, 0x1EC83, 0x1B505, 0x161F8, 0x10000, 0x9E08, 0x4AFB, 0x137D, 0x0, 0x137D, 0x4AFB, 0x9E08};
[...]
  u16 *sine_wave = {0x8000, 0xB0FC, 0xDA82, 0xF642, 0x10000, 0xF642, 0xDA82, 0xB0FC, 0x8000, 0x4F04, 0x257E, 0x9BE, 0x0, 0x9BE, 0x257E, 0x4F04};
                    ^~~~~~
../src/helloworld.c:175:20: note: (near initialization for 'sine_wave')
../src/helloworld.c:175:28: warning: excess elements in scalar initializer
  u16 *sine_wave = {0x8000, 0xB0FC, 0xDA82, 0xF642, 0x10000, 0xF642, 0xDA82, 0xB0FC, 0x8000, 0x4F04, 0x257E, 0x9BE, 0x0, 0x9BE, 0x257E, 0x4F04};
                            ^~~~~~
../src/helloworld.c:175:28: note: (near initialization for 'sine_wave')
../src/helloworld.c:175:36: warning: excess elements in scalar initializer
  u16 *sine_wave = {0x8000, 0xB0FC, 0xDA82, 0xF642, 0x10000, 0xF642, 0xDA82, 0xB0FC, 0x8000, 0x4F04, 0x257E, 0x9BE, 0x0, 0x9BE, 0x257E, 0x4F04};
                                    ^~~~~~
../src/helloworld.c:175:36: note: (near initialization for 'sine_wave')
../src/helloworld.c:175:44: warning: excess elements in scalar initializer
  u16 *sine_wave = {0x8000, 0xB0FC, 0xDA82, 0xF642, 0x10000, 0xF642, 0xDA82, 0xB0FC, 0x8000, 0x4F04, 0x257E, 0x9BE, 0x0, 0x9BE, 0x257E, 0x4F04};
                                            ^~~~~~
../src/helloworld.c:175:44: note: (near initialization for 'sine_wave')
../src/helloworld.c:175:52: warning: excess elements in scalar initializer
  u16 *sine_wave = {0x8000, 0xB0FC, 0xDA82, 0xF642, 0x10000, 0xF642, 0xDA82, 0xB0FC, 0x8000, 0x4F04, 0x257E, 0x9BE, 0x0, 0x9BE, 0x257E, 0x4F04};
                                                    ^~~~~~~
../src/helloworld.c:175:52: note: (near initialization for 'sine_wave')
../src/helloworld.c:175:61: warning: excess elements in scalar initializer
  u16 *sine_wave = {0x8000, 0xB0FC, 0xDA82, 0xF642, 0x10000, 0xF642, 0xDA82, 0xB0FC, 0x8000, 0x4F04, 0x257E, 0x9BE, 0x0, 0x9BE, 0x257E, 0x4F04};
                                                             ^~~~~~
../src/helloworld.c:175:61: note: (near initialization for 'sine_wave')
../src/helloworld.c:175:69: warning: excess elements in scalar initializer
  u16 *sine_wave = {0x8000, 0xB0FC, 0xDA82, 0xF642, 0x10000, 0xF642, 0xDA82, 0xB0FC, 0x8000, 0x4F04, 0x257E, 0x9BE, 0x0, 0x9BE, 0x257E, 0x4F04};
                                                                     ^~~~~~
../src/helloworld.c:175:69: note: (near initialization for 'sine_wave')
../src/helloworld.c:175:77: warning: excess elements in scalar initializer
  u16 *sine_wave = {0x8000, 0xB0FC, 0xDA82, 0xF642, 0x10000, 0xF642, 0xDA82, 0xB0FC, 0x8000, 0x4F04, 0x257E, 0x9BE, 0x0, 0x9BE, 0x257E, 0x4F04};
                                                                             ^~~~~~
../src/helloworld.c:175:77: note: (near initialization for 'sine_wave')
../src/helloworld.c:175:85: warning: excess elements in scalar initializer
  u16 *sine_wave = {0x8000, 0xB0FC, 0xDA82, 0xF642, 0x10000, 0xF642, 0xDA82, 0xB0FC, 0x8000, 0x4F04, 0x257E, 0x9BE, 0x0, 0x9BE, 0x257E, 0x4F04};
                                                                                     ^~~~~~
../src/helloworld.c:175:85: note: (near initialization for 'sine_wave')
../src/helloworld.c:175:93: warning: excess elements in scalar initializer
  u16 *sine_wave = {0x8000, 0xB0FC, 0xDA82, 0xF642, 0x10000, 0xF642, 0xDA82, 0xB0FC, 0x8000, 0x4F04, 0x257E, 0x9BE, 0x0, 0x9BE, 0x257E, 0x4F04};
                                                                                             ^~~~~~
../src/helloworld.c:175:93: note: (near initialization for 'sine_wave')
../src/helloworld.c:175:101: warning: excess elements in scalar initializer
  u16 *sine_wave = {0x8000, 0xB0FC, 0xDA82, 0xF642, 0x10000, 0xF642, 0xDA82, 0xB0FC, 0x8000, 0x4F04, 0x257E, 0x9BE, 0x0, 0x9BE, 0x257E, 0x4F04};
                                                                                                     ^~~~~~
../src/helloworld.c:175:101: note: (near initialization for 'sine_wave')
../src/helloworld.c:175:109: warning: excess elements in scalar initializer
  u16 *sine_wave = {0x8000, 0xB0FC, 0xDA82, 0xF642, 0x10000, 0xF642, 0xDA82, 0xB0FC, 0x8000, 0x4F04, 0x257E, 0x9BE, 0x0, 0x9BE, 0x257E, 0x4F04};
                                                                                                             ^~~~~
../src/helloworld.c:175:109: note: (near initialization for 'sine_wave')
../src/helloworld.c:175:116: warning: excess elements in scalar initializer
  u16 *sine_wave = {0x8000, 0xB0FC, 0xDA82, 0xF642, 0x10000, 0xF642, 0xDA82, 0xB0FC, 0x8000, 0x4F04, 0x257E, 0x9BE, 0x0, 0x9BE, 0x257E, 0x4F04};
                                                                                                                    ^~~
../src/helloworld.c:175:116: note: (near initialization for 'sine_wave')
../src/helloworld.c:175:121: warning: excess elements in scalar initializer
  u16 *sine_wave = {0x8000, 0xB0FC, 0xDA82, 0xF642, 0x10000, 0xF642, 0xDA82, 0xB0FC, 0x8000, 0x4F04, 0x257E, 0x9BE, 0x0, 0x9BE, 0x257E, 0x4F04};
                                                                                                                         ^~~~~
../src/helloworld.c:175:121: note: (near initialization for 'sine_wave')
../src/helloworld.c:175:128: warning: excess elements in scalar initializer
  u16 *sine_wave = {0x8000, 0xB0FC, 0xDA82, 0xF642, 0x10000, 0xF642, 0xDA82, 0xB0FC, 0x8000, 0x4F04, 0x257E, 0x9BE, 0x0, 0x9BE, 0x257E, 0x4F04};
                                                                                                                                ^~~~~~
../src/helloworld.c:175:128: note: (near initialization for 'sine_wave')
../src/helloworld.c:175:136: warning: excess elements in scalar initializer
  u16 *sine_wave = {0x8000, 0xB0FC, 0xDA82, 0xF642, 0x10000, 0xF642, 0xDA82, 0xB0FC, 0x8000, 0x4F04, 0x257E, 0x9BE, 0x0, 0x9BE, 0x257E, 0x4F04};
                                                                                                                                        ^~~~~~
../src/helloworld.c:175:136: note: (near initialization for 'sine_wave')
../src/helloworld.c:176:40: warning: excess elements in scalar initializer
  volatile unsigned int *t_wave = {0x0, 0x2000, 0x4000, 0x6000, 0x8000, 0xA000, 0xC000, 0xE000, 0xC000, 0xA000, 0x8000, 0x6000, 0x4000, 0x2000, 0x0, 0x2000};
                                        ^~~~~~
../src/helloworld.c:176:40: note: (near initialization for 't_wave')
../src/helloworld.c:176:48: warning: excess elements in scalar initializer
  volatile unsigned int *t_wave = {0x0, 0x2000, 0x4000, 0x6000, 0x8000, 0xA000, 0xC000, 0xE000, 0xC000, 0xA000, 0x8000, 0x6000, 0x4000, 0x2000, 0x0, 0x2000};
                                                ^~~~~~
../src/helloworld.c:176:48: note: (near initialization for 't_wave')
../src/helloworld.c:176:56: warning: excess elements in scalar initializer
  volatile unsigned int *t_wave = {0x0, 0x2000, 0x4000, 0x6000, 0x8000, 0xA000, 0xC000, 0xE000, 0xC000, 0xA000, 0x8000, 0x6000, 0x4000, 0x2000, 0x0, 0x2000};
                                                        ^~~~~~
../src/helloworld.c:176:56: note: (near initialization for 't_wave')
../src/helloworld.c:176:64: warning: excess elements in scalar initializer
  volatile unsigned int *t_wave = {0x0, 0x2000, 0x4000, 0x6000, 0x8000, 0xA000, 0xC000, 0xE000, 0xC000, 0xA000, 0x8000, 0x6000, 0x4000, 0x2000, 0x0, 0x2000};
                                                                ^~~~~~
../src/helloworld.c:176:64: note: (near initialization for 't_wave')
../src/helloworld.c:176:72: warning: excess elements in scalar initializer
  volatile unsigned int *t_wave = {0x0, 0x2000, 0x4000, 0x6000, 0x8000, 0xA000, 0xC000, 0xE000, 0xC000, 0xA000, 0x8000, 0x6000, 0x4000, 0x2000, 0x0, 0x2000};
                                                                        ^~~~~~
../src/helloworld.c:176:72: note: (near initialization for 't_wave')
../src/helloworld.c:176:80: warning: excess elements in scalar initializer
  volatile unsigned int *t_wave = {0x0, 0x2000, 0x4000, 0x6000, 0x8000, 0xA000, 0xC000, 0xE000, 0xC000, 0xA000, 0x8000, 0x6000, 0x4000, 0x2000, 0x0, 0x2000};
                                                                                ^~~~~~
../src/helloworld.c:176:80: note: (near initialization for 't_wave')
../src/helloworld.c:176:88: warning: excess elements in scalar initializer
  volatile unsigned int *t_wave = {0x0, 0x2000, 0x4000, 0x6000, 0x8000, 0xA000, 0xC000, 0xE000, 0xC000, 0xA000, 0x8000, 0x6000, 0x4000, 0x2000, 0x0, 0x2000};
                                                                                        ^~~~~~
../src/helloworld.c:176:88: note: (near initialization for 't_wave')
../src/helloworld.c:176:96: warning: excess elements in scalar initializer
  volatile unsigned int *t_wave = {0x0, 0x2000, 0x4000, 0x6000, 0x8000, 0xA000, 0xC000, 0xE000, 0xC000, 0xA000, 0x8000, 0x6000, 0x4000, 0x2000, 0x0, 0x2000};
                                                                                                ^~~~~~
../src/helloworld.c:176:96: note: (near initialization for 't_wave')
../src/helloworld.c:176:104: warning: excess elements in scalar initializer
  volatile unsigned int *t_wave = {0x0, 0x2000, 0x4000, 0x6000, 0x8000, 0xA000, 0xC000, 0xE000, 0xC000, 0xA000, 0x8000, 0x6000, 0x4000, 0x2000, 0x0, 0x2000};
                                                                                                        ^~~~~~
../src/helloworld.c:176:104: note: (near initialization for 't_wave')
../src/helloworld.c:176:112: warning: excess elements in scalar initializer
  volatile unsigned int *t_wave = {0x0, 0x2000, 0x4000, 0x6000, 0x8000, 0xA000, 0xC000, 0xE000, 0xC000, 0xA000, 0x8000, 0x6000, 0x4000, 0x2000, 0x0, 0x2000};
                                                                                                                ^~~~~~
../src/helloworld.c:176:112: note: (near initialization for 't_wave')
../src/helloworld.c:176:120: warning: excess elements in scalar initializer
  volatile unsigned int *t_wave = {0x0, 0x2000, 0x4000, 0x6000, 0x8000, 0xA000, 0xC000, 0xE000, 0xC000, 0xA000, 0x8000, 0x6000, 0x4000, 0x2000, 0x0, 0x2000};
                                                                                                                        ^~~~~~
../src/helloworld.c:176:120: note: (near initialization for 't_wave')
../src/helloworld.c:176:128: warning: excess elements in scalar initializer
  volatile unsigned int *t_wave = {0x0, 0x2000, 0x4000, 0x6000, 0x8000, 0xA000, 0xC000, 0xE000, 0xC000, 0xA000, 0x8000, 0x6000, 0x4000, 0x2000, 0x0, 0x2000};
                                                                                                                                ^~~~~~
../src/helloworld.c:176:128: note: (near initialization for 't_wave')
../src/helloworld.c:176:136: warning: excess elements in scalar initializer
  volatile unsigned int *t_wave = {0x0, 0x2000, 0x4000, 0x6000, 0x8000, 0xA000, 0xC000, 0xE000, 0xC000, 0xA000, 0x8000, 0x6000, 0x4000, 0x2000, 0x0, 0x2000};
                                                                                                                                        ^~~~~~
../src/helloworld.c:176:136: note: (near initialization for 't_wave')
../src/helloworld.c:176:144: warning: excess elements in scalar initializer
  volatile unsigned int *t_wave = {0x0, 0x2000, 0x4000, 0x6000, 0x8000, 0xA000, 0xC000, 0xE000, 0xC000, 0xA000, 0x8000, 0x6000, 0x4000, 0x2000, 0x0, 0x2000};
                                                                                                                                                ^~~
../src/helloworld.c:176:144: note: (near initialization for 't_wave')
../src/helloworld.c:176:149: warning: excess elements in scalar initializer
  volatile unsigned int *t_wave = {0x0, 0x2000, 0x4000, 0x6000, 0x8000, 0xA000, 0xC000, 0xE000, 0xC000, 0xA000, 0x8000, 0x6000, 0x4000, 0x2000, 0x0, 0x2000};
                                                                                                                                                     ^~~~~~
../src/helloworld.c:176:149: note: (near initialization for 't_wave')
../src/helloworld.c:177:39: warning: excess elements in scalar initializer
  volatile unsigned int *pulse = {0x0, 0x7FFFFFFF, 0xFFFF7FFF, 0x0, 0x0, 0x0, 0x0, 0x0, 0x0, 0x0, 0x0, 0x0, 0x0, 0x0, 0x0,0x0};
                                       ^~~~~~~~~~
../src/helloworld.c:177:39: note: (near initialization for 'pulse')
../src/helloworld.c:177:51: warning: excess elements in scalar initializer
  volatile unsigned int *pulse = {0x0, 0x7FFFFFFF, 0xFFFF7FFF, 0x0, 0x0, 0x0, 0x0, 0x0, 0x0, 0x0, 0x0, 0x0, 0x0, 0x0, 0x0,0x0};
                                                   ^~~~~~~~~~
../src/helloworld.c:177:51: note: (near initialization for 'pulse')
../src/helloworld.c:177:63: warning: excess elements in scalar initializer
  volatile unsigned int *pulse = {0x0, 0x7FFFFFFF, 0xFFFF7FFF, 0x0, 0x0, 0x0, 0x0, 0x0, 0x0, 0x0, 0x0, 0x0, 0x0, 0x0, 0x0,0x0};
                                                               ^~~
../src/helloworld.c:177:63: note: (near initialization for 'pulse')
../src/helloworld.c:177:68: warning: excess elements in scalar initializer
  volatile unsigned int *pulse = {0x0, 0x7FFFFFFF, 0xFFFF7FFF, 0x0, 0x0, 0x0, 0x0, 0x0, 0x0, 0x0, 0x0, 0x0, 0x0, 0x0, 0x0,0x0};
                                                                    ^~~
../src/helloworld.c:177:68: note: (near initialization for 'pulse')
../src/helloworld.c:177:73: warning: excess elements in scalar initializer
  volatile unsigned int *pulse = {0x0, 0x7FFFFFFF, 0xFFFF7FFF, 0x0, 0x0, 0x0, 0x0, 0x0, 0x0, 0x0, 0x0, 0x0, 0x0, 0x0, 0x0,0x0};
                                                                         ^~~
../src/helloworld.c:177:73: note: (near initialization for 'pulse')
../src/helloworld.c:177:78: warning: excess elements in scalar initializer
  volatile unsigned int *pulse = {0x0, 0x7FFFFFFF, 0xFFFF7FFF, 0x0, 0x0, 0x0, 0x0, 0x0, 0x0, 0x0, 0x0, 0x0, 0x0, 0x0, 0x0,0x0};
                                                                              ^~~
../src/helloworld.c:177:78: note: (near initialization for 'pulse')
../src/helloworld.c:177:83: warning: excess elements in scalar initializer
  volatile unsigned int *pulse = {0x0, 0x7FFFFFFF, 0xFFFF7FFF, 0x0, 0x0, 0x0, 0x0, 0x0, 0x0, 0x0, 0x0, 0x0, 0x0, 0x0, 0x0,0x0};
                                                                                   ^~~
../src/helloworld.c:177:83: note: (near initialization for 'pulse')
../src/helloworld.c:177:88: warning: excess elements in scalar initializer
  volatile unsigned int *pulse = {0x0, 0x7FFFFFFF, 0xFFFF7FFF, 0x0, 0x0, 0x0, 0x0, 0x0, 0x0, 0x0, 0x0, 0x0, 0x0, 0x0, 0x0,0x0};
                                                                                        ^~~
../src/helloworld.c:177:88: note: (near initialization for 'pulse')
../src/helloworld.c:177:93: warning: excess elements in scalar initializer
  volatile unsigned int *pulse = {0x0, 0x7FFFFFFF, 0xFFFF7FFF, 0x0, 0x0, 0x0, 0x0, 0x0, 0x0, 0x0, 0x0, 0x0, 0x0, 0x0, 0x0,0x0};
                                                                                             ^~~
../src/helloworld.c:177:93: note: (near initialization for 'pulse')
../src/helloworld.c:177:98: warning: excess elements in scalar initializer
  volatile unsigned int *pulse = {0x0, 0x7FFFFFFF, 0xFFFF7FFF, 0x0, 0x0, 0x0, 0x0, 0x0, 0x0, 0x0, 0x0, 0x0, 0x0, 0x0, 0x0,0x0};
                                                                                                  ^~~
../src/helloworld.c:177:98: note: (near initialization for 'pulse')
../src/helloworld.c:177:103: warning: excess elements in scalar initializer
  volatile unsigned int *pulse = {0x0, 0x7FFFFFFF, 0xFFFF7FFF, 0x0, 0x0, 0x0, 0x0, 0x0, 0x0, 0x0, 0x0, 0x0, 0x0, 0x0, 0x0,0x0};
                                                                                                       ^~~
../src/helloworld.c:177:103: note: (near initialization for 'pulse')
../src/helloworld.c:177:108: warning: excess elements in scalar initializer
  volatile unsigned int *pulse = {0x0, 0x7FFFFFFF, 0xFFFF7FFF, 0x0, 0x0, 0x0, 0x0, 0x0, 0x0, 0x0, 0x0, 0x0, 0x0, 0x0, 0x0,0x0};
                                                                                                            ^~~
../src/helloworld.c:177:108: note: (near initialization for 'pulse')
../src/helloworld.c:177:113: warning: excess elements in scalar initializer
  volatile unsigned int *pulse = {0x0, 0x7FFFFFFF, 0xFFFF7FFF, 0x0, 0x0, 0x0, 0x0, 0x0, 0x0, 0x0, 0x0, 0x0, 0x0, 0x0, 0x0,0x0};
                                                                                                                 ^~~
../src/helloworld.c:177:113: note: (near initialization for 'pulse')
../src/helloworld.c:177:118: warning: excess elements in scalar initializer
  volatile unsigned int *pulse = {0x0, 0x7FFFFFFF, 0xFFFF7FFF, 0x0, 0x0, 0x0, 0x0, 0x0, 0x0, 0x0, 0x0, 0x0, 0x0, 0x0, 0x0,0x0};
                                                                                                                      ^~~
../src/helloworld.c:177:118: note: (near initialization for 'pulse')
../src/helloworld.c:177:122: warning: excess elements in scalar initializer
  volatile unsigned int *pulse = {0x0, 0x7FFFFFFF, 0xFFFF7FFF, 0x0, 0x0, 0x0, 0x0, 0x0, 0x0, 0x0, 0x0, 0x0, 0x0, 0x0, 0x0,0x0};
                                                                                                                          ^~~
../src/helloworld.c:177:122: note: (near initialization for 'pulse')
../src/helloworld.c:186:3: warning: implicit declaration of function 'write_sample_stream' [-Wimplicit-function-declaration]
   write_sample_stream(sine_wave, 16);
   ^~~~~~~~~~~~~~~~~~~
../src/helloworld.c:177:25: warning: unused variable 'pulse' [-Wunused-variable]
  volatile unsigned int *pulse = {0x0, 0x7FFFFFFF, 0xFFFF7FFF, 0x0, 0x0, 0x0, 0x0, 0x0, 0x0, 0x0, 0x0, 0x0, 0x0, 0x0, 0x0,0x0};
                         ^~~~~
../src/helloworld.c:176:25: warning: unused variable 't_wave' [-Wunused-variable]
  volatile unsigned int *t_wave = {0x0, 0x2000, 0x4000, 0x6000, 0x8000, 0xA000, 0xC000, 0xE000, 0xC000, 0xA000, 0x8000, 0x6000, 0x4000, 0x2000, 0x0, 0x2000};
                         ^~~~~~
../src/helloworld.c:169:25: warning: unused variable 'data' [-Wunused-variable]
  volatile unsigned int *data = malloc(sizeof(volatile unsigned int) * 16);
                         ^~~~
../src/helloworld.c: At top level:
../src/helloworld.c:193:6: warning: conflicting types for 'write_sample_stream'
 void write_sample_stream(u16* samples, u16 length)
      ^~~~~~~~~~~~~~~~~~~
../src/helloworld.c:186:3: note: previous implicit declaration of 'write_sample_stream' was here
   write_sample_stream(sine_wave, 16);
   ^~~~~~~~~~~~~~~~~~~
../src/helloworld.c:203:6: warning: conflicting types for 'debug_print'
 void debug_print(char* buff)
      ^~~~~~~~~~~
../src/helloworld.c:145:2: note: previous implicit declaration of 'debug_print' was here
  debug_print("Running RF self test...");
  ^~~~~~~~~~~
'Finished building: ../src/helloworld.c'
' '
'Building target: microblaze_stream_test.elf'
'Invoking: MicroBlaze gcc linker'
mb-gcc -Wl,-T -Wl,../src/lscript.ld -L../../microblaze_stream_test_bsp/microblaze_0/lib -mlittle-endian -mcpu=v11.0 -mxl-soft-mul -Wl,--no-relax -Wl,--gc-sections -o "microblaze_stream_test.elf"  ./src/helloworld.o ./src/platform.o   -Wl,--start-group,-lxil,-lgcc,-lc,--end-group -Wl,--start-group,-lxil,-lmetal,-lgcc,-lc,--end-group
'Finished building target: microblaze_stream_test.elf'
' '
'Invoking: MicroBlaze Print Size'
mb-size microblaze_stream_test.elf  |tee "microblaze_stream_test.elf.size"
   text	   data	    bss	    dec	    hex	filename
  72914	   3360	   9942	  86216	  150c8	microblaze_stream_test.elf
'Finished building: microblaze_stream_test.elf.size'
' '
19:04:43 **** Incremental Build of configuration Debug for project microblaze_stream_test ****
make all 
make: Nothing to be done for 'all'.
