15:42:06 **** Clean-only build of configuration Debug for project microblaze_stream_test ****
make clean 
rm -rf  ./src/helloworld.o ./src/platform.o  ./src/helloworld.d ./src/platform.d  microblaze_stream_test.elf.size  microblaze_stream_test.elf
' '
15:42:07 **** Clean-only build of project microblaze_stream_test_bsp ****
make -k clean 
make -C microblaze_0/libsrc/bram_v4_3/src -s clean 
make -C microblaze_0/libsrc/cpu_v2_9/src -s clean 
make -C microblaze_0/libsrc/gpio_v4_4/src -s clean 
make -C microblaze_0/libsrc/libmetal_v2_0/src -s clean 
make -C microblaze_0/libsrc/rfdc_v6_0/src -s clean 
rm: cannot lstat `*.o': Invalid argument
make[1]: *** [Makefile:28: clean] Error 1
make: *** [Makefile:33: microblaze_0/libsrc/rfdc_v6_0/src/make.clean] Error 2
make -C microblaze_0/libsrc/standalone_v7_0/src -s clean 
make -C microblaze_0/libsrc/uartlite_v3_2/src -s clean 
make: Target 'clean' not remade because of errors.
15:42:10 **** Build of project microblaze_stream_test_bsp ****
make -k all 
"Running Make include in microblaze_0/libsrc/bram_v4_3/src"
make -C microblaze_0/libsrc/bram_v4_3/src -s include  "SHELL=CMD" "COMPILER=mb-gcc" "ARCHIVER=mb-ar" "COMPILER_FLAGS=  -O2 -c -mcpu=v11.0 -mlittle-endian -mxl-soft-mul" "EXTRA_COMPILER_FLAGS=-ffunction-sections -fdata-sections -Wall -Wextra"
"Running Make include in microblaze_0/libsrc/cpu_v2_9/src"
make -C microblaze_0/libsrc/cpu_v2_9/src -s include  "SHELL=CMD" "COMPILER=mb-gcc" "ARCHIVER=mb-ar" "COMPILER_FLAGS=  -O2 -c -mcpu=v11.0 -mlittle-endian -mxl-soft-mul" "EXTRA_COMPILER_FLAGS=-ffunction-sections -fdata-sections -Wall -Wextra"
"Running Make include in microblaze_0/libsrc/gpio_v4_4/src"
make -C microblaze_0/libsrc/gpio_v4_4/src -s include  "SHELL=CMD" "COMPILER=mb-gcc" "ARCHIVER=mb-ar" "COMPILER_FLAGS=  -O2 -c -mcpu=v11.0 -mlittle-endian -mxl-soft-mul" "EXTRA_COMPILER_FLAGS=-ffunction-sections -fdata-sections -Wall -Wextra"
"Running Make include in microblaze_0/libsrc/libmetal_v2_0/src"
make -C microblaze_0/libsrc/libmetal_v2_0/src -s include  "SHELL=CMD" "COMPILER=mb-gcc" "ARCHIVER=mb-ar" "COMPILER_FLAGS=  -O2 -c -mcpu=v11.0 -mlittle-endian -mxl-soft-mul" "EXTRA_COMPILER_FLAGS=-ffunction-sections -fdata-sections -Wall -Wextra"
"Running Make include in microblaze_0/libsrc/rfdc_v6_0/src"
make -C microblaze_0/libsrc/rfdc_v6_0/src -s include  "SHELL=CMD" "COMPILER=mb-gcc" "ARCHIVER=mb-ar" "COMPILER_FLAGS=  -O2 -c -mcpu=v11.0 -mlittle-endian -mxl-soft-mul" "EXTRA_COMPILER_FLAGS=-ffunction-sections -fdata-sections -Wall -Wextra"
"Running Make include in microblaze_0/libsrc/standalone_v7_0/src"
make -C microblaze_0/libsrc/standalone_v7_0/src -s include  "SHELL=CMD" "COMPILER=mb-gcc" "ARCHIVER=mb-ar" "COMPILER_FLAGS=  -O2 -c -mcpu=v11.0 -mlittle-endian -mxl-soft-mul" "EXTRA_COMPILER_FLAGS=-ffunction-sections -fdata-sections -Wall -Wextra"
"Running Make include in microblaze_0/libsrc/uartlite_v3_2/src"
make -C microblaze_0/libsrc/uartlite_v3_2/src -s include  "SHELL=CMD" "COMPILER=mb-gcc" "ARCHIVER=mb-ar" "COMPILER_FLAGS=  -O2 -c -mcpu=v11.0 -mlittle-endian -mxl-soft-mul" "EXTRA_COMPILER_FLAGS=-ffunction-sections -fdata-sections -Wall -Wextra"
"Running Make libs in microblaze_0/libsrc/bram_v4_3/src"
make -C microblaze_0/libsrc/bram_v4_3/src -s libs  "SHELL=CMD" "COMPILER=mb-gcc" "ARCHIVER=mb-ar" "COMPILER_FLAGS=  -O2 -c -mcpu=v11.0 -mlittle-endian -mxl-soft-mul" "EXTRA_COMPILER_FLAGS=-ffunction-sections -fdata-sections -Wall -Wextra"
"Compiling bram"
mb-ar: creating ../../../lib/libxil.a
"Running Make libs in microblaze_0/libsrc/cpu_v2_9/src"
make -C microblaze_0/libsrc/cpu_v2_9/src -s libs  "SHELL=CMD" "COMPILER=mb-gcc" "ARCHIVER=mb-ar" "COMPILER_FLAGS=  -O2 -c -mcpu=v11.0 -mlittle-endian -mxl-soft-mul" "EXTRA_COMPILER_FLAGS=-ffunction-sections -fdata-sections -Wall -Wextra"
"Compiling cpu"
"Running Make libs in microblaze_0/libsrc/gpio_v4_4/src"
make -C microblaze_0/libsrc/gpio_v4_4/src -s libs  "SHELL=CMD" "COMPILER=mb-gcc" "ARCHIVER=mb-ar" "COMPILER_FLAGS=  -O2 -c -mcpu=v11.0 -mlittle-endian -mxl-soft-mul" "EXTRA_COMPILER_FLAGS=-ffunction-sections -fdata-sections -Wall -Wextra"
"Compiling gpio"
"Running Make libs in microblaze_0/libsrc/libmetal_v2_0/src"
make -C microblaze_0/libsrc/libmetal_v2_0/src -s libs  "SHELL=CMD" "COMPILER=mb-gcc" "ARCHIVER=mb-ar" "COMPILER_FLAGS=  -O2 -c -mcpu=v11.0 -mlittle-endian -mxl-soft-mul" "EXTRA_COMPILER_FLAGS=-ffunction-sections -fdata-sections -Wall -Wextra"
Scanning dependencies of target metal-static
[  5%] Building C object lib/CMakeFiles/metal-static.dir/dma.c.obj
[ 10%] Building C object lib/CMakeFiles/metal-static.dir/device.c.obj
[ 15%] Building C object lib/CMakeFiles/metal-static.dir/init.c.obj
[ 21%] Building C object lib/CMakeFiles/metal-static.dir/io.c.obj
[ 26%] Building C object lib/CMakeFiles/metal-static.dir/irq.c.obj
[ 31%] Building C object lib/CMakeFiles/metal-static.dir/log.c.obj
[ 36%] Building C object lib/CMakeFiles/metal-static.dir/shmem.c.obj
[ 42%] Building C object lib/CMakeFiles/metal-static.dir/shmem-provider.c.obj
[ 47%] Building C object lib/CMakeFiles/metal-static.dir/softirq.c.obj
[ 52%] Building C object lib/CMakeFiles/metal-static.dir/version.c.obj
[ 57%] Building C object lib/CMakeFiles/metal-static.dir/system/generic/condition.c.obj
[ 63%] Building C object lib/CMakeFiles/metal-static.dir/system/generic/device.c.obj
[ 68%] Building C object lib/CMakeFiles/metal-static.dir/system/generic/init.c.obj
[ 73%] Building C object lib/CMakeFiles/metal-static.dir/system/generic/io.c.obj
[ 78%] Building C object lib/CMakeFiles/metal-static.dir/system/generic/irq.c.obj
[ 84%] Building C object lib/CMakeFiles/metal-static.dir/system/generic/time.c.obj
[ 89%] Building C object lib/CMakeFiles/metal-static.dir/system/generic/microblaze_generic/sys.c.obj
[ 94%] Building C object lib/CMakeFiles/metal-static.dir/system/generic/xlnx_common/irq.c.obj
[100%] Linking C static library libmetal.a
C:/Xilinx/SDK/2019.1/gnu/microblaze/nt/bin/mb-ar.exe cq libmetal.a  CMakeFiles/metal-static.dir/dma.c.obj CMakeFiles/metal-static.dir/device.c.obj CMakeFiles/metal-static.dir/init.c.obj CMakeFiles/metal-static.dir/io.c.obj CMakeFiles/metal-static.dir/irq.c.obj CMakeFiles/metal-static.dir/log.c.obj CMakeFiles/metal-static.dir/shmem.c.obj CMakeFiles/metal-static.dir/shmem-provider.c.obj CMakeFiles/metal-static.dir/softirq.c.obj CMakeFiles/metal-static.dir/version.c.obj CMakeFiles/metal-static.dir/system/generic/condition.c.obj CMakeFiles/metal-static.dir/system/generic/device.c.obj CMakeFiles/metal-static.dir/system/generic/init.c.obj CMakeFiles/metal-static.dir/system/generic/io.c.obj CMakeFiles/metal-static.dir/system/generic/irq.c.obj CMakeFiles/metal-static.dir/system/generic/time.c.obj CMakeFiles/metal-static.dir/system/generic/microblaze_generic/sys.c.obj CMakeFiles/metal-static.dir/system/generic/xlnx_common/irq.c.obj
C:/Xilinx/SDK/2019.1/gnu/microblaze/nt/bin/mb-ranlib.exe libmetal.a
[100%] Built target metal-static
Install the project...
-- Install configuration: "Debug"
-- Installing: ../../../include/metal/alloc.h
-- Installing: ../../../include/metal/assert.h
-- Installing: ../../../include/metal/atomic.h
-- Installing: ../../../include/metal/cache.h
-- Installing: ../../../include/metal/compiler.h
-- Installing: ../../../include/metal/condition.h
-- Installing: ../../../include/metal/config.h
-- Installing: ../../../include/metal/cpu.h
-- Installing: ../../../include/metal/device.h
-- Installing: ../../../include/metal/dma.h
-- Installing: ../../../include/metal/io.h
-- Installing: ../../../include/metal/irq.h
-- Installing: ../../../include/metal/irq_controller.h
-- Installing: ../../../include/metal/list.h
-- Installing: ../../../include/metal/log.h
-- Installing: ../../../include/metal/mutex.h
-- Installing: ../../../include/metal/scatterlist.h
-- Installing: ../../../include/metal/shmem.h
-- Installing: ../../../include/metal/shmem-provider.h
-- Installing: ../../../include/metal/sleep.h
-- Installing: ../../../include/metal/softirq.h
-- Installing: ../../../include/metal/spinlock.h
-- Installing: ../../../include/metal/sys.h
-- Installing: ../../../include/metal/time.h
-- Installing: ../../../include/metal/utilities.h
-- Installing: ../../../include/metal/version.h
-- Installing: ../../../include/metal/compiler/gcc/atomic.h
-- Installing: ../../../include/metal/compiler/gcc/compiler.h
-- Installing: ../../../include/metal/compiler/iar/compiler.h
-- Installing: ../../../include/metal/processor/microblaze/atomic.h
-- Installing: ../../../include/metal/processor/microblaze/cpu.h
-- Installing: ../../../include/metal/system/generic/alloc.h
-- Installing: ../../../include/metal/system/generic/assert.h
-- Installing: ../../../include/metal/system/generic/cache.h
-- Installing: ../../../include/metal/system/generic/condition.h
-- Installing: ../../../include/metal/system/generic/io.h
-- Installing: ../../../include/metal/system/generic/irq.h
-- Installing: ../../../include/metal/system/generic/log.h
-- Installing: ../../../include/metal/system/generic/mutex.h
-- Installing: ../../../include/metal/system/generic/sleep.h
-- Installing: ../../../include/metal/system/generic/sys.h
-- Installing: ../../../include/metal/system/generic/microblaze_generic/sys.h
-- Installing: ../../../include/metal/system/generic/xlnx_common/sys.h
-- Installing: ../../../lib/libmetal.a
"Running Make libs in microblaze_0/libsrc/rfdc_v6_0/src"
make -C microblaze_0/libsrc/rfdc_v6_0/src -s libs  "SHELL=CMD" "COMPILER=mb-gcc" "ARCHIVER=mb-ar" "COMPILER_FLAGS=  -O2 -c -mcpu=v11.0 -mlittle-endian -mxl-soft-mul" "EXTRA_COMPILER_FLAGS=-ffunction-sections -fdata-sections -Wall -Wextra"
"Compiling rfdc"
"Running Make libs in microblaze_0/libsrc/standalone_v7_0/src"
make -C microblaze_0/libsrc/standalone_v7_0/src -s libs  "SHELL=CMD" "COMPILER=mb-gcc" "ARCHIVER=mb-ar" "COMPILER_FLAGS=  -O2 -c -mcpu=v11.0 -mlittle-endian -mxl-soft-mul" "EXTRA_COMPILER_FLAGS=-ffunction-sections -fdata-sections -Wall -Wextra"
"Compiling standalone";
microblaze_sleep.c:77:9: note: #pragma message: For the sleep routines, assembly instructions are used
 #pragma message ("For the sleep routines, assembly instructions are used")
         ^~~~~~~
"Running Make libs in microblaze_0/libsrc/uartlite_v3_2/src"
make -C microblaze_0/libsrc/uartlite_v3_2/src -s libs  "SHELL=CMD" "COMPILER=mb-gcc" "ARCHIVER=mb-ar" "COMPILER_FLAGS=  -O2 -c -mcpu=v11.0 -mlittle-endian -mxl-soft-mul" "EXTRA_COMPILER_FLAGS=-ffunction-sections -fdata-sections -Wall -Wextra"
"Compiling uartlite"
'Finished building libraries'
15:42:33 **** Build of configuration Debug for project microblaze_stream_test ****
make all 
'Building file: ../src/helloworld.c'
'Invoking: MicroBlaze gcc compiler'
mb-gcc -Wall -O0 -g3 -c -fmessage-length=0 -MT"src/helloworld.o" -D __BAREMETAL__ -I../../microblaze_stream_test_bsp/microblaze_0/include -mlittle-endian -mcpu=v11.0 -mxl-soft-mul -Wl,--no-relax -ffunction-sections -fdata-sections -MMD -MP -MF"src/helloworld.d" -MT"src/helloworld.o" -o "src/helloworld.o" "../src/helloworld.c"
../src/helloworld.c: In function 'main':
../src/helloworld.c:200:6: warning: variable 'test_train' set but not used [-Wunused-but-set-variable]
  u16 test_train[256];
      ^~~~~~~~~~
'Finished building: ../src/helloworld.c'
' '
'Building file: ../src/platform.c'
'Invoking: MicroBlaze gcc compiler'
mb-gcc -Wall -O0 -g3 -c -fmessage-length=0 -MT"src/platform.o" -D __BAREMETAL__ -I../../microblaze_stream_test_bsp/microblaze_0/include -mlittle-endian -mcpu=v11.0 -mxl-soft-mul -Wl,--no-relax -ffunction-sections -fdata-sections -MMD -MP -MF"src/platform.d" -MT"src/platform.o" -o "src/platform.o" "../src/platform.c"
'Finished building: ../src/platform.c'
' '
'Building target: microblaze_stream_test.elf'
'Invoking: MicroBlaze gcc linker'
mb-gcc -Wl,-T -Wl,../src/lscript.ld -L../../microblaze_stream_test_bsp/microblaze_0/lib -mlittle-endian -mcpu=v11.0 -mxl-soft-mul -Wl,--no-relax -Wl,--gc-sections -o "microblaze_stream_test.elf"  ./src/helloworld.o ./src/platform.o   -Wl,--start-group,-lxil,-lgcc,-lc,--end-group -Wl,--start-group,-lxil,-lmetal,-lgcc,-lc,--end-group
'Finished building target: microblaze_stream_test.elf'
' '
'Invoking: MicroBlaze Print Size'
mb-size microblaze_stream_test.elf  |tee "microblaze_stream_test.elf.size"
   text	   data	    bss	    dec	    hex	filename
  75274	   3376	   9958	  88608	  15a20	microblaze_stream_test.elf
'Finished building: microblaze_stream_test.elf.size'
' '
15:43:06 **** Incremental Build of configuration Debug for project microblaze_stream_test ****
make all 
make: Nothing to be done for 'all'.
15:43:54 **** Auto Build of configuration Debug for project microblaze_stream_test ****
make all 
'Building file: ../src/helloworld.c'
'Invoking: MicroBlaze gcc compiler'
mb-gcc -Wall -O0 -g3 -c -fmessage-length=0 -MT"src/helloworld.o" -D __BAREMETAL__ -I../../microblaze_stream_test_bsp/microblaze_0/include -mlittle-endian -mcpu=v11.0 -mxl-soft-mul -Wl,--no-relax -ffunction-sections -fdata-sections -MMD -MP -MF"src/helloworld.d" -MT"src/helloworld.o" -o "src/helloworld.o" "../src/helloworld.c"
../src/helloworld.c: In function 'main':
../src/helloworld.c:200:6: warning: variable 'test_train' set but not used [-Wunused-but-set-variable]
  u16 test_train[256];
      ^~~~~~~~~~
'Finished building: ../src/helloworld.c'
' '
'Building target: microblaze_stream_test.elf'
'Invoking: MicroBlaze gcc linker'
mb-gcc -Wl,-T -Wl,../src/lscript.ld -L../../microblaze_stream_test_bsp/microblaze_0/lib -mlittle-endian -mcpu=v11.0 -mxl-soft-mul -Wl,--no-relax -Wl,--gc-sections -o "microblaze_stream_test.elf"  ./src/helloworld.o ./src/platform.o   -Wl,--start-group,-lxil,-lgcc,-lc,--end-group -Wl,--start-group,-lxil,-lmetal,-lgcc,-lc,--end-group
'Finished building target: microblaze_stream_test.elf'
' '
'Invoking: MicroBlaze Print Size'
mb-size microblaze_stream_test.elf  |tee "microblaze_stream_test.elf.size"
   text	   data	    bss	    dec	    hex	filename
  75274	   3376	   9958	  88608	  15a20	microblaze_stream_test.elf
'Finished building: microblaze_stream_test.elf.size'
' '
15:43:57 **** Incremental Build of configuration Debug for project microblaze_stream_test ****
make all 
make: Nothing to be done for 'all'.
15:44:38 **** Auto Build of configuration Debug for project microblaze_stream_test ****
make all 
'Building file: ../src/helloworld.c'
'Invoking: MicroBlaze gcc compiler'
mb-gcc -Wall -O0 -g3 -c -fmessage-length=0 -MT"src/helloworld.o" -D __BAREMETAL__ -I../../microblaze_stream_test_bsp/microblaze_0/include -mlittle-endian -mcpu=v11.0 -mxl-soft-mul -Wl,--no-relax -ffunction-sections -fdata-sections -MMD -MP -MF"src/helloworld.d" -MT"src/helloworld.o" -o "src/helloworld.o" "../src/helloworld.c"
../src/helloworld.c: In function 'main':
../src/helloworld.c:200:6: warning: variable 'test_train' set but not used [-Wunused-but-set-variable]
  u16 test_train[256];
      ^~~~~~~~~~
'Finished building: ../src/helloworld.c'
' '
'Building target: microblaze_stream_test.elf'
'Invoking: MicroBlaze gcc linker'
mb-gcc -Wl,-T -Wl,../src/lscript.ld -L../../microblaze_stream_test_bsp/microblaze_0/lib -mlittle-endian -mcpu=v11.0 -mxl-soft-mul -Wl,--no-relax -Wl,--gc-sections -o "microblaze_stream_test.elf"  ./src/helloworld.o ./src/platform.o   -Wl,--start-group,-lxil,-lgcc,-lc,--end-group -Wl,--start-group,-lxil,-lmetal,-lgcc,-lc,--end-group
'Finished building target: microblaze_stream_test.elf'
' '
'Invoking: MicroBlaze Print Size'
mb-size microblaze_stream_test.elf  |tee "microblaze_stream_test.elf.size"
   text	   data	    bss	    dec	    hex	filename
  75386	   3376	   9958	  88720	  15a90	microblaze_stream_test.elf
'Finished building: microblaze_stream_test.elf.size'
' '
15:44:41 **** Incremental Build of configuration Debug for project microblaze_stream_test ****
make all 
make: Nothing to be done for 'all'.
15:45:22 **** Auto Build of configuration Debug for project microblaze_stream_test ****
make all 
'Building file: ../src/helloworld.c'
'Invoking: MicroBlaze gcc compiler'
mb-gcc -Wall -O0 -g3 -c -fmessage-length=0 -MT"src/helloworld.o" -D __BAREMETAL__ -I../../microblaze_stream_test_bsp/microblaze_0/include -mlittle-endian -mcpu=v11.0 -mxl-soft-mul -Wl,--no-relax -ffunction-sections -fdata-sections -MMD -MP -MF"src/helloworld.d" -MT"src/helloworld.o" -o "src/helloworld.o" "../src/helloworld.c"
../src/helloworld.c: In function 'main':
../src/helloworld.c:200:6: warning: variable 'test_train' set but not used [-Wunused-but-set-variable]
  u16 test_train[256];
      ^~~~~~~~~~
'Finished building: ../src/helloworld.c'
' '
'Building target: microblaze_stream_test.elf'
'Invoking: MicroBlaze gcc linker'
mb-gcc -Wl,-T -Wl,../src/lscript.ld -L../../microblaze_stream_test_bsp/microblaze_0/lib -mlittle-endian -mcpu=v11.0 -mxl-soft-mul -Wl,--no-relax -Wl,--gc-sections -o "microblaze_stream_test.elf"  ./src/helloworld.o ./src/platform.o   -Wl,--start-group,-lxil,-lgcc,-lc,--end-group -Wl,--start-group,-lxil,-lmetal,-lgcc,-lc,--end-group
'Finished building target: microblaze_stream_test.elf'
' '
'Invoking: MicroBlaze Print Size'
mb-size microblaze_stream_test.elf  |tee "microblaze_stream_test.elf.size"
   text	   data	    bss	    dec	    hex	filename
  75442	   3376	   9958	  88776	  15ac8	microblaze_stream_test.elf
'Finished building: microblaze_stream_test.elf.size'
' '
15:45:34 **** Incremental Build of configuration Debug for project microblaze_stream_test ****
make all 
make: Nothing to be done for 'all'.
