10:39:46 **** Clean-only build of configuration Debug for project microblaze_stream_test ****
make clean 
rm -rf  ./src/drivers/cmd_handler.o ./src/drivers/gpio.o ./src/drivers/rf.o ./src/drivers/uart.o  ./src/helloworld.o ./src/platform.o  ./src/drivers/cmd_handler.d ./src/drivers/gpio.d ./src/drivers/rf.d ./src/drivers/uart.d  ./src/helloworld.d ./src/platform.d  microblaze_stream_test.elf.size  microblaze_stream_test.elf
' '
10:39:46 **** Clean-only build of project microblaze_stream_test_bsp ****
make -k clean 
make -C microblaze_0/libsrc/bram_v4_3/src -s clean 
make -C microblaze_0/libsrc/cpu_v2_9/src -s clean 
make -C microblaze_0/libsrc/gpio_v4_4/src -s clean 
make -C microblaze_0/libsrc/libmetal_v2_0/src -s clean 
make -C microblaze_0/libsrc/rfdc_v6_0/src -s clean 
rm: cannot lstat `*.o': Invalid argument
make[1]: *** [Makefile:28: clean] Error 1
make: *** [Makefile:33: microblaze_0/libsrc/rfdc_v6_0/src/make.clean] Error 2
make -C microblaze_0/libsrc/standalone_v7_0/src -s clean 
make -C microblaze_0/libsrc/uartlite_v3_2/src -s clean 
make: Target 'clean' not remade because of errors.
10:39:51 **** Build of project microblaze_stream_test_bsp ****
make -k all 
"Running Make include in microblaze_0/libsrc/bram_v4_3/src"
make -C microblaze_0/libsrc/bram_v4_3/src -s include  "SHELL=CMD" "COMPILER=mb-gcc" "ARCHIVER=mb-ar" "COMPILER_FLAGS=  -O2 -c -mcpu=v11.0 -mlittle-endian -mxl-soft-mul" "EXTRA_COMPILER_FLAGS=-ffunction-sections -fdata-sections -Wall -Wextra"
"Running Make include in microblaze_0/libsrc/cpu_v2_9/src"
make -C microblaze_0/libsrc/cpu_v2_9/src -s include  "SHELL=CMD" "COMPILER=mb-gcc" "ARCHIVER=mb-ar" "COMPILER_FLAGS=  -O2 -c -mcpu=v11.0 -mlittle-endian -mxl-soft-mul" "EXTRA_COMPILER_FLAGS=-ffunction-sections -fdata-sections -Wall -Wextra"
"Running Make include in microblaze_0/libsrc/gpio_v4_4/src"
make -C microblaze_0/libsrc/gpio_v4_4/src -s include  "SHELL=CMD" "COMPILER=mb-gcc" "ARCHIVER=mb-ar" "COMPILER_FLAGS=  -O2 -c -mcpu=v11.0 -mlittle-endian -mxl-soft-mul" "EXTRA_COMPILER_FLAGS=-ffunction-sections -fdata-sections -Wall -Wextra"
"Running Make include in microblaze_0/libsrc/libmetal_v2_0/src"
make -C microblaze_0/libsrc/libmetal_v2_0/src -s include  "SHELL=CMD" "COMPILER=mb-gcc" "ARCHIVER=mb-ar" "COMPILER_FLAGS=  -O2 -c -mcpu=v11.0 -mlittle-endian -mxl-soft-mul" "EXTRA_COMPILER_FLAGS=-ffunction-sections -fdata-sections -Wall -Wextra"
"Running Make include in microblaze_0/libsrc/rfdc_v6_0/src"
make -C microblaze_0/libsrc/rfdc_v6_0/src -s include  "SHELL=CMD" "COMPILER=mb-gcc" "ARCHIVER=mb-ar" "COMPILER_FLAGS=  -O2 -c -mcpu=v11.0 -mlittle-endian -mxl-soft-mul" "EXTRA_COMPILER_FLAGS=-ffunction-sections -fdata-sections -Wall -Wextra"
"Running Make include in microblaze_0/libsrc/standalone_v7_0/src"
make -C microblaze_0/libsrc/standalone_v7_0/src -s include  "SHELL=CMD" "COMPILER=mb-gcc" "ARCHIVER=mb-ar" "COMPILER_FLAGS=  -O2 -c -mcpu=v11.0 -mlittle-endian -mxl-soft-mul" "EXTRA_COMPILER_FLAGS=-ffunction-sections -fdata-sections -Wall -Wextra"
"Running Make include in microblaze_0/libsrc/uartlite_v3_2/src"
make -C microblaze_0/libsrc/uartlite_v3_2/src -s include  "SHELL=CMD" "COMPILER=mb-gcc" "ARCHIVER=mb-ar" "COMPILER_FLAGS=  -O2 -c -mcpu=v11.0 -mlittle-endian -mxl-soft-mul" "EXTRA_COMPILER_FLAGS=-ffunction-sections -fdata-sections -Wall -Wextra"
"Running Make libs in microblaze_0/libsrc/bram_v4_3/src"
make -C microblaze_0/libsrc/bram_v4_3/src -s libs  "SHELL=CMD" "COMPILER=mb-gcc" "ARCHIVER=mb-ar" "COMPILER_FLAGS=  -O2 -c -mcpu=v11.0 -mlittle-endian -mxl-soft-mul" "EXTRA_COMPILER_FLAGS=-ffunction-sections -fdata-sections -Wall -Wextra"
"Compiling bram"
"Running Make libs in microblaze_0/libsrc/cpu_v2_9/src"
make -C microblaze_0/libsrc/cpu_v2_9/src -s libs  "SHELL=CMD" "COMPILER=mb-gcc" "ARCHIVER=mb-ar" "COMPILER_FLAGS=  -O2 -c -mcpu=v11.0 -mlittle-endian -mxl-soft-mul" "EXTRA_COMPILER_FLAGS=-ffunction-sections -fdata-sections -Wall -Wextra"
"Compiling cpu"
"Running Make libs in microblaze_0/libsrc/gpio_v4_4/src"
make -C microblaze_0/libsrc/gpio_v4_4/src -s libs  "SHELL=CMD" "COMPILER=mb-gcc" "ARCHIVER=mb-ar" "COMPILER_FLAGS=  -O2 -c -mcpu=v11.0 -mlittle-endian -mxl-soft-mul" "EXTRA_COMPILER_FLAGS=-ffunction-sections -fdata-sections -Wall -Wextra"
"Compiling gpio"
"Running Make libs in microblaze_0/libsrc/libmetal_v2_0/src"
make -C microblaze_0/libsrc/libmetal_v2_0/src -s libs  "SHELL=CMD" "COMPILER=mb-gcc" "ARCHIVER=mb-ar" "COMPILER_FLAGS=  -O2 -c -mcpu=v11.0 -mlittle-endian -mxl-soft-mul" "EXTRA_COMPILER_FLAGS=-ffunction-sections -fdata-sections -Wall -Wextra"
[  5%] Building C object lib/CMakeFiles/metal-static.dir/dma.c.obj
[ 10%] Building C object lib/CMakeFiles/metal-static.dir/device.c.obj
[ 15%] Building C object lib/CMakeFiles/metal-static.dir/init.c.obj
[ 21%] Building C object lib/CMakeFiles/metal-static.dir/io.c.obj
[ 26%] Building C object lib/CMakeFiles/metal-static.dir/irq.c.obj
[ 31%] Building C object lib/CMakeFiles/metal-static.dir/log.c.obj
[ 36%] Building C object lib/CMakeFiles/metal-static.dir/shmem.c.obj
[ 42%] Building C object lib/CMakeFiles/metal-static.dir/shmem-provider.c.obj
[ 47%] Building C object lib/CMakeFiles/metal-static.dir/softirq.c.obj
[ 52%] Building C object lib/CMakeFiles/metal-static.dir/version.c.obj
[ 57%] Building C object lib/CMakeFiles/metal-static.dir/system/generic/condition.c.obj
[ 63%] Building C object lib/CMakeFiles/metal-static.dir/system/generic/device.c.obj
[ 68%] Building C object lib/CMakeFiles/metal-static.dir/system/generic/init.c.obj
[ 73%] Building C object lib/CMakeFiles/metal-static.dir/system/generic/io.c.obj
[ 78%] Building C object lib/CMakeFiles/metal-static.dir/system/generic/irq.c.obj
[ 84%] Building C object lib/CMakeFiles/metal-static.dir/system/generic/time.c.obj
[ 89%] Building C object lib/CMakeFiles/metal-static.dir/system/generic/microblaze_generic/sys.c.obj
[ 94%] Building C object lib/CMakeFiles/metal-static.dir/system/generic/xlnx_common/irq.c.obj
[100%] Linking C static library libmetal.a
C:/Xilinx/SDK/2019.1/gnu/microblaze/nt/bin/mb-ar.exe cq libmetal.a  CMakeFiles/metal-static.dir/dma.c.obj CMakeFiles/metal-static.dir/device.c.obj CMakeFiles/metal-static.dir/init.c.obj CMakeFiles/metal-static.dir/io.c.obj CMakeFiles/metal-static.dir/irq.c.obj CMakeFiles/metal-static.dir/log.c.obj CMakeFiles/metal-static.dir/shmem.c.obj CMakeFiles/metal-static.dir/shmem-provider.c.obj CMakeFiles/metal-static.dir/softirq.c.obj CMakeFiles/metal-static.dir/version.c.obj CMakeFiles/metal-static.dir/system/generic/condition.c.obj CMakeFiles/metal-static.dir/system/generic/device.c.obj CMakeFiles/metal-static.dir/system/generic/init.c.obj CMakeFiles/metal-static.dir/system/generic/io.c.obj CMakeFiles/metal-static.dir/system/generic/irq.c.obj CMakeFiles/metal-static.dir/system/generic/time.c.obj CMakeFiles/metal-static.dir/system/generic/microblaze_generic/sys.c.obj CMakeFiles/metal-static.dir/system/generic/xlnx_common/irq.c.obj
C:/Xilinx/SDK/2019.1/gnu/microblaze/nt/bin/mb-ranlib.exe libmetal.a
[100%] Built target metal-static
Install the project...
-- Install configuration: "Debug"
-- Installing: ../../../include/metal/alloc.h
-- Installing: ../../../include/metal/assert.h
-- Installing: ../../../include/metal/atomic.h
-- Installing: ../../../include/metal/cache.h
-- Installing: ../../../include/metal/compiler.h
-- Installing: ../../../include/metal/condition.h
-- Installing: ../../../include/metal/config.h
-- Installing: ../../../include/metal/cpu.h
-- Installing: ../../../include/metal/device.h
-- Installing: ../../../include/metal/dma.h
-- Installing: ../../../include/metal/io.h
-- Installing: ../../../include/metal/irq.h
-- Installing: ../../../include/metal/irq_controller.h
-- Installing: ../../../include/metal/list.h
-- Installing: ../../../include/metal/log.h
-- Installing: ../../../include/metal/mutex.h
-- Installing: ../../../include/metal/scatterlist.h
-- Installing: ../../../include/metal/shmem.h
-- Installing: ../../../include/metal/shmem-provider.h
-- Installing: ../../../include/metal/sleep.h
-- Installing: ../../../include/metal/softirq.h
-- Installing: ../../../include/metal/spinlock.h
-- Installing: ../../../include/metal/sys.h
-- Installing: ../../../include/metal/time.h
-- Installing: ../../../include/metal/utilities.h
-- Installing: ../../../include/metal/version.h
-- Installing: ../../../include/metal/compiler/gcc/atomic.h
-- Installing: ../../../include/metal/compiler/gcc/compiler.h
-- Installing: ../../../include/metal/compiler/iar/compiler.h
-- Installing: ../../../include/metal/processor/microblaze/atomic.h
-- Installing: ../../../include/metal/processor/microblaze/cpu.h
-- Installing: ../../../include/metal/system/generic/alloc.h
-- Installing: ../../../include/metal/system/generic/assert.h
-- Installing: ../../../include/metal/system/generic/cache.h
-- Installing: ../../../include/metal/system/generic/condition.h
-- Installing: ../../../include/metal/system/generic/io.h
-- Installing: ../../../include/metal/system/generic/irq.h
-- Installing: ../../../include/metal/system/generic/log.h
-- Installing: ../../../include/metal/system/generic/mutex.h
-- Installing: ../../../include/metal/system/generic/sleep.h
-- Installing: ../../../include/metal/system/generic/sys.h
-- Installing: ../../../include/metal/system/generic/microblaze_generic/sys.h
-- Installing: ../../../include/metal/system/generic/xlnx_common/sys.h
-- Installing: ../../../lib/libmetal.a
"Running Make libs in microblaze_0/libsrc/rfdc_v6_0/src"
make -C microblaze_0/libsrc/rfdc_v6_0/src -s libs  "SHELL=CMD" "COMPILER=mb-gcc" "ARCHIVER=mb-ar" "COMPILER_FLAGS=  -O2 -c -mcpu=v11.0 -mlittle-endian -mxl-soft-mul" "EXTRA_COMPILER_FLAGS=-ffunction-sections -fdata-sections -Wall -Wextra"
"Compiling rfdc"
"Running Make libs in microblaze_0/libsrc/standalone_v7_0/src"
make -C microblaze_0/libsrc/standalone_v7_0/src -s libs  "SHELL=CMD" "COMPILER=mb-gcc" "ARCHIVER=mb-ar" "COMPILER_FLAGS=  -O2 -c -mcpu=v11.0 -mlittle-endian -mxl-soft-mul" "EXTRA_COMPILER_FLAGS=-ffunction-sections -fdata-sections -Wall -Wextra"
"Compiling standalone";
microblaze_sleep.c:77:9: note: #pragma message: For the sleep routines, assembly instructions are used
 #pragma message ("For the sleep routines, assembly instructions are used")
         ^~~~~~~
"Running Make libs in microblaze_0/libsrc/uartlite_v3_2/src"
make -C microblaze_0/libsrc/uartlite_v3_2/src -s libs  "SHELL=CMD" "COMPILER=mb-gcc" "ARCHIVER=mb-ar" "COMPILER_FLAGS=  -O2 -c -mcpu=v11.0 -mlittle-endian -mxl-soft-mul" "EXTRA_COMPILER_FLAGS=-ffunction-sections -fdata-sections -Wall -Wextra"
"Compiling uartlite"
'Finished building libraries'
10:40:19 **** Build of configuration Debug for project microblaze_stream_test ****
make all 
'Building file: ../src/drivers/cmd_handler.c'
'Invoking: MicroBlaze gcc compiler'
mb-gcc -Wall -O0 -g3 -c -fmessage-length=0 -MT"src/drivers/cmd_handler.o" -D __BAREMETAL__ -I../../microblaze_stream_test_bsp/microblaze_0/include -mlittle-endian -mcpu=v11.0 -mxl-soft-mul -Wl,--no-relax -ffunction-sections -fdata-sections -MMD -MP -MF"src/drivers/cmd_handler.d" -MT"src/drivers/cmd_handler.o" -o "src/drivers/cmd_handler.o" "../src/drivers/cmd_handler.c"
../src/drivers/cmd_handler.c: In function 'cmd_sine_test':
../src/drivers/cmd_handler.c:54:2: warning: implicit declaration of function 'rf_flush_buffer'; did you mean '_fflush_r'? [-Wimplicit-function-declaration]
  rf_flush_buffer();
  ^~~~~~~~~~~~~~~
  _fflush_r
'Finished building: ../src/drivers/cmd_handler.c'
' '
'Building file: ../src/drivers/gpio.c'
'Invoking: MicroBlaze gcc compiler'
mb-gcc -Wall -O0 -g3 -c -fmessage-length=0 -MT"src/drivers/gpio.o" -D __BAREMETAL__ -I../../microblaze_stream_test_bsp/microblaze_0/include -mlittle-endian -mcpu=v11.0 -mxl-soft-mul -Wl,--no-relax -ffunction-sections -fdata-sections -MMD -MP -MF"src/drivers/gpio.d" -MT"src/drivers/gpio.o" -o "src/drivers/gpio.o" "../src/drivers/gpio.c"
In file included from ../src/drivers/gpio.h:12,
                 from ../src/drivers/gpio.c:8:
../../microblaze_stream_test_bsp/microblaze_0/include/xbasic_types.h:120:2: warning: #warning The xbasics_type.h file is deprecated and users should use xil_types.h and xil_assert. [-Wcpp]
 #warning  The xbasics_type.h file is deprecated and users should use xil_types.h and xil_assert.
  ^~~~~~~
../../microblaze_stream_test_bsp/microblaze_0/include/xbasic_types.h:121:2: warning: #warning Please refer the Standalone BSP UG647 for further details [-Wcpp]
 #warning  Please refer the Standalone BSP UG647 for further details
  ^~~~~~~
../src/drivers/gpio.c: In function 'gpio_init':
../src/drivers/gpio.c:15:3: warning: implicit declaration of function 'debug_print' [-Wimplicit-function-declaration]
   debug_print("GPIO init success!");
   ^~~~~~~~~~~
'Finished building: ../src/drivers/gpio.c'
' '
'Building file: ../src/drivers/rf.c'
'Invoking: MicroBlaze gcc compiler'
mb-gcc -Wall -O0 -g3 -c -fmessage-length=0 -MT"src/drivers/rf.o" -D __BAREMETAL__ -I../../microblaze_stream_test_bsp/microblaze_0/include -mlittle-endian -mcpu=v11.0 -mxl-soft-mul -Wl,--no-relax -ffunction-sections -fdata-sections -MMD -MP -MF"src/drivers/rf.d" -MT"src/drivers/rf.o" -o "src/drivers/rf.o" "../src/drivers/rf.c"
In file included from ../src/drivers/gpio.h:12,
                 from ../src/drivers/rf.c:9:
../../microblaze_stream_test_bsp/microblaze_0/include/xbasic_types.h:120:2: warning: #warning The xbasics_type.h file is deprecated and users should use xil_types.h and xil_assert. [-Wcpp]
 #warning  The xbasics_type.h file is deprecated and users should use xil_types.h and xil_assert.
  ^~~~~~~
../../microblaze_stream_test_bsp/microblaze_0/include/xbasic_types.h:121:2: warning: #warning Please refer the Standalone BSP UG647 for further details [-Wcpp]
 #warning  Please refer the Standalone BSP UG647 for further details
  ^~~~~~~
../src/drivers/rf.c: In function 'rf_init':
../src/drivers/rf.c:151:2: warning: implicit declaration of function 'debug_print'; did you mean 'xdbg_printf'? [-Wimplicit-function-declaration]
  debug_print("Running RF self test...");
  ^~~~~~~~~~~
  xdbg_printf
../src/drivers/rf.c:153:5: warning: implicit declaration of function 'rf_self_test'; did you mean 'rf_sine_test'? [-Wimplicit-function-declaration]
  if(rf_self_test() == XRFDC_SUCCESS)
     ^~~~~~~~~~~~
     rf_sine_test
'Finished building: ../src/drivers/rf.c'
' '
'Building file: ../src/drivers/uart.c'
'Invoking: MicroBlaze gcc compiler'
mb-gcc -Wall -O0 -g3 -c -fmessage-length=0 -MT"src/drivers/uart.o" -D __BAREMETAL__ -I../../microblaze_stream_test_bsp/microblaze_0/include -mlittle-endian -mcpu=v11.0 -mxl-soft-mul -Wl,--no-relax -ffunction-sections -fdata-sections -MMD -MP -MF"src/drivers/uart.d" -MT"src/drivers/uart.o" -o "src/drivers/uart.o" "../src/drivers/uart.c"
../src/drivers/uart.c: In function 'debug_print':
../src/drivers/uart.c:12:2: warning: implicit declaration of function 'print' [-Wimplicit-function-declaration]
  print(buff);
  ^~~~~
'Finished building: ../src/drivers/uart.c'
' '
'Building file: ../src/helloworld.c'
'Invoking: MicroBlaze gcc compiler'
mb-gcc -Wall -O0 -g3 -c -fmessage-length=0 -MT"src/helloworld.o" -D __BAREMETAL__ -I../../microblaze_stream_test_bsp/microblaze_0/include -mlittle-endian -mcpu=v11.0 -mxl-soft-mul -Wl,--no-relax -ffunction-sections -fdata-sections -MMD -MP -MF"src/helloworld.d" -MT"src/helloworld.o" -o "src/helloworld.o" "../src/helloworld.c"
../src/helloworld.c: In function 'main':
../src/helloworld.c:69:2: warning: implicit declaration of function 'rf_init'; did you mean 'uart_init'? [-Wimplicit-function-declaration]
  rf_init();
  ^~~~~~~
  uart_init
'Finished building: ../src/helloworld.c'
' '
'Building file: ../src/platform.c'
'Invoking: MicroBlaze gcc compiler'
mb-gcc -Wall -O0 -g3 -c -fmessage-length=0 -MT"src/platform.o" -D __BAREMETAL__ -I../../microblaze_stream_test_bsp/microblaze_0/include -mlittle-endian -mcpu=v11.0 -mxl-soft-mul -Wl,--no-relax -ffunction-sections -fdata-sections -MMD -MP -MF"src/platform.d" -MT"src/platform.o" -o "src/platform.o" "../src/platform.c"
'Finished building: ../src/platform.c'
' '
'Building target: microblaze_stream_test.elf'
'Invoking: MicroBlaze gcc linker'
mb-gcc -Wl,-T -Wl,../src/lscript.ld -L../../microblaze_stream_test_bsp/microblaze_0/lib -mlittle-endian -mcpu=v11.0 -mxl-soft-mul -Wl,--no-relax -Wl,--gc-sections -o "microblaze_stream_test.elf"  ./src/drivers/cmd_handler.o ./src/drivers/gpio.o ./src/drivers/rf.o ./src/drivers/uart.o  ./src/helloworld.o ./src/platform.o   -Wl,--start-group,-lxil,-lgcc,-lc,--end-group -Wl,--start-group,-lxil,-lmetal,-lgcc,-lc,--end-group
c:/xilinx/sdk/2019.1/gnu/microblaze/nt/bin/../lib/gcc/microblaze-xilinx-elf/8.2.0/../../../../microblaze-xilinx-elf/bin/ld.exe: ./src/drivers/rf.o:C:\james\fpga_projects\microblaze_stream_test\microblaze_stream_test.sdk\microblaze_stream_test\Debug/../src/drivers/gpio.h:25: multiple definition of `GPIO_PREV_STATE'; ./src/drivers/gpio.o:C:\james\fpga_projects\microblaze_stream_test\microblaze_stream_test.sdk\microblaze_stream_test\Debug/../src/drivers/gpio.h:25: first defined here
collect2.exe: error: ld returned 1 exit status
make: *** [makefile:39: microblaze_stream_test.elf] Error 1
10:41:46 **** Auto Build of configuration Debug for project microblaze_stream_test ****
make all 
'Building file: ../src/drivers/gpio.c'
'Invoking: MicroBlaze gcc compiler'
mb-gcc -Wall -O0 -g3 -c -fmessage-length=0 -MT"src/drivers/gpio.o" -D __BAREMETAL__ -I../../microblaze_stream_test_bsp/microblaze_0/include -mlittle-endian -mcpu=v11.0 -mxl-soft-mul -Wl,--no-relax -ffunction-sections -fdata-sections -MMD -MP -MF"src/drivers/gpio.d" -MT"src/drivers/gpio.o" -o "src/drivers/gpio.o" "../src/drivers/gpio.c"
In file included from ../src/drivers/gpio.h:12,
                 from ../src/drivers/gpio.c:8:
../../microblaze_stream_test_bsp/microblaze_0/include/xbasic_types.h:120:2: warning: #warning The xbasics_type.h file is deprecated and users should use xil_types.h and xil_assert. [-Wcpp]
 #warning  The xbasics_type.h file is deprecated and users should use xil_types.h and xil_assert.
  ^~~~~~~
../../microblaze_stream_test_bsp/microblaze_0/include/xbasic_types.h:121:2: warning: #warning Please refer the Standalone BSP UG647 for further details [-Wcpp]
 #warning  Please refer the Standalone BSP UG647 for further details
  ^~~~~~~
../src/drivers/gpio.c: In function 'gpio_init':
../src/drivers/gpio.c:17:3: warning: implicit declaration of function 'debug_print' [-Wimplicit-function-declaration]
   debug_print("GPIO init success!");
   ^~~~~~~~~~~
'Finished building: ../src/drivers/gpio.c'
In file included from ../src/drivers/gpio.h:12,
' '
                 from ../src/drivers/rf.c:9:
'Building file: ../src/drivers/rf.c'
../../microblaze_stream_test_bsp/microblaze_0/include/xbasic_types.h:120:2: warning: #warning The xbasics_type.h file is deprecated and users should use xil_types.h and xil_assert. [-Wcpp]
 #warning  The xbasics_type.h file is deprecated and users should use xil_types.h and xil_assert.
'Invoking: MicroBlaze gcc compiler'
  ^~~~~~~
mb-gcc -Wall -O0 -g3 -c -fmessage-length=0 -MT"src/drivers/rf.o" -D __BAREMETAL__ -I../../microblaze_stream_test_bsp/microblaze_0/include -mlittle-endian -mcpu=v11.0 -mxl-soft-mul -Wl,--no-relax -ffunction-sections -fdata-sections -MMD -MP -MF"src/drivers/rf.d" -MT"src/drivers/rf.o" -o "src/drivers/rf.o" "../src/drivers/rf.c"
../../microblaze_stream_test_bsp/microblaze_0/include/xbasic_types.h:121:2: warning: #warning Please refer the Standalone BSP UG647 for further details [-Wcpp]
 #warning  Please refer the Standalone BSP UG647 for further details
  ^~~~~~~
../src/drivers/rf.c: In function 'rf_init':
../src/drivers/rf.c:151:2: warning: implicit declaration of function 'debug_print'; did you mean 'xdbg_printf'? [-Wimplicit-function-declaration]
  debug_print("Running RF self test...");
  ^~~~~~~~~~~
  xdbg_printf
../src/drivers/rf.c:153:5: warning: implicit declaration of function 'rf_self_test'; did you mean 'rf_sine_test'? [-Wimplicit-function-declaration]
  if(rf_self_test() == XRFDC_SUCCESS)
     ^~~~~~~~~~~~
     rf_sine_test
'Finished building: ../src/drivers/rf.c'
' '
'Building target: microblaze_stream_test.elf'
'Invoking: MicroBlaze gcc linker'
mb-gcc -Wl,-T -Wl,../src/lscript.ld -L../../microblaze_stream_test_bsp/microblaze_0/lib -mlittle-endian -mcpu=v11.0 -mxl-soft-mul -Wl,--no-relax -Wl,--gc-sections -o "microblaze_stream_test.elf"  ./src/drivers/cmd_handler.o ./src/drivers/gpio.o ./src/drivers/rf.o ./src/drivers/uart.o  ./src/helloworld.o ./src/platform.o   -Wl,--start-group,-lxil,-lgcc,-lc,--end-group -Wl,--start-group,-lxil,-lmetal,-lgcc,-lc,--end-group
'Finished building target: microblaze_stream_test.elf'
' '
'Invoking: MicroBlaze Print Size'
mb-size microblaze_stream_test.elf  |tee "microblaze_stream_test.elf.size"
   text	   data	    bss	    dec	    hex	filename
  75294	   3472	   9994	  88760	  15ab8	microblaze_stream_test.elf
'Finished building: microblaze_stream_test.elf.size'
' '
10:59:12 **** Auto Build of configuration Debug for project microblaze_stream_test ****
make all 
'Building file: ../src/drivers/cmd_handler.c'
'Invoking: MicroBlaze gcc compiler'
mb-gcc -Wall -O0 -g3 -c -fmessage-length=0 -MT"src/drivers/cmd_handler.o" -D __BAREMETAL__ -I../../microblaze_stream_test_bsp/microblaze_0/include -mlittle-endian -mcpu=v11.0 -mxl-soft-mul -Wl,--no-relax -ffunction-sections -fdata-sections -MMD -MP -MF"src/drivers/cmd_handler.d" -MT"src/drivers/cmd_handler.o" -o "src/drivers/cmd_handler.o" "../src/drivers/cmd_handler.c"
../src/drivers/cmd_handler.c: In function 'cmd_sine_test':
../src/drivers/cmd_handler.c:54:2: warning: implicit declaration of function 'rf_flush_buffer'; did you mean '_fflush_r'? [-Wimplicit-function-declaration]
  rf_flush_buffer();
  ^~~~~~~~~~~~~~~
  _fflush_r
'Finished building: ../src/drivers/cmd_handler.c'
' '
'Building file: ../src/helloworld.c'
'Invoking: MicroBlaze gcc compiler'
mb-gcc -Wall -O0 -g3 -c -fmessage-length=0 -MT"src/helloworld.o" -D __BAREMETAL__ -I../../microblaze_stream_test_bsp/microblaze_0/include -mlittle-endian -mcpu=v11.0 -mxl-soft-mul -Wl,--no-relax -ffunction-sections -fdata-sections -MMD -MP -MF"src/helloworld.d" -MT"src/helloworld.o" -o "src/helloworld.o" "../src/helloworld.c"
../src/helloworld.c: In function 'main':
../src/helloworld.c:69:2: warning: implicit declaration of function 'rf_init'; did you mean 'uart_init'? [-Wimplicit-function-declaration]
  rf_init();
  ^~~~~~~
  uart_init
'Finished building: ../src/helloworld.c'
' '
'Building target: microblaze_stream_test.elf'
'Invoking: MicroBlaze gcc linker'
mb-gcc -Wl,-T -Wl,../src/lscript.ld -L../../microblaze_stream_test_bsp/microblaze_0/lib -mlittle-endian -mcpu=v11.0 -mxl-soft-mul -Wl,--no-relax -Wl,--gc-sections -o "microblaze_stream_test.elf"  ./src/drivers/cmd_handler.o ./src/drivers/gpio.o ./src/drivers/rf.o ./src/drivers/uart.o  ./src/helloworld.o ./src/platform.o   -Wl,--start-group,-lxil,-lgcc,-lc,--end-group -Wl,--start-group,-lxil,-lmetal,-lgcc,-lc,--end-group
'Finished building target: microblaze_stream_test.elf'
' '
'Invoking: MicroBlaze Print Size'
mb-size microblaze_stream_test.elf  |tee "microblaze_stream_test.elf.size"
   text	   data	    bss	    dec	    hex	filename
  75294	   3472	   9994	  88760	  15ab8	microblaze_stream_test.elf
'Finished building: microblaze_stream_test.elf.size'
' '
11:00:43 **** Auto Build of configuration Debug for project microblaze_stream_test ****
make all 
'Building file: ../src/drivers/gpio.c'
'Invoking: MicroBlaze gcc compiler'
mb-gcc -Wall -O0 -g3 -c -fmessage-length=0 -MT"src/drivers/gpio.o" -D __BAREMETAL__ -I../../microblaze_stream_test_bsp/microblaze_0/include -mlittle-endian -mcpu=v11.0 -mxl-soft-mul -Wl,--no-relax -ffunction-sections -fdata-sections -MMD -MP -MF"src/drivers/gpio.d" -MT"src/drivers/gpio.o" -o "src/drivers/gpio.o" "../src/drivers/gpio.c"
In file included from ../src/drivers/gpio.h:12,
                 from ../src/drivers/gpio.c:8:
../../microblaze_stream_test_bsp/microblaze_0/include/xbasic_types.h:120:2: warning: #warning The xbasics_type.h file is deprecated and users should use xil_types.h and xil_assert. [-Wcpp]
 #warning  The xbasics_type.h file is deprecated and users should use xil_types.h and xil_assert.
  ^~~~~~~
../../microblaze_stream_test_bsp/microblaze_0/include/xbasic_types.h:121:2: warning: #warning Please refer the Standalone BSP UG647 for further details [-Wcpp]
 #warning  Please refer the Standalone BSP UG647 for further details
  ^~~~~~~
../src/drivers/gpio.c: In function 'gpio_init':
../src/drivers/gpio.c:17:3: warning: implicit declaration of function 'debug_print' [-Wimplicit-function-declaration]
   debug_print("GPIO init success!");
   ^~~~~~~~~~~
'Finished building: ../src/drivers/gpio.c'
' '
'Building target: microblaze_stream_test.elf'
'Invoking: MicroBlaze gcc linker'
mb-gcc -Wl,-T -Wl,../src/lscript.ld -L../../microblaze_stream_test_bsp/microblaze_0/lib -mlittle-endian -mcpu=v11.0 -mxl-soft-mul -Wl,--no-relax -Wl,--gc-sections -o "microblaze_stream_test.elf"  ./src/drivers/cmd_handler.o ./src/drivers/gpio.o ./src/drivers/rf.o ./src/drivers/uart.o  ./src/helloworld.o ./src/platform.o   -Wl,--start-group,-lxil,-lgcc,-lc,--end-group -Wl,--start-group,-lxil,-lmetal,-lgcc,-lc,--end-group
'Finished building target: microblaze_stream_test.elf'
' '
'Invoking: MicroBlaze Print Size'
mb-size microblaze_stream_test.elf  |tee "microblaze_stream_test.elf.size"
   text	   data	    bss	    dec	    hex	filename
  75294	   3472	   9994	  88760	  15ab8	microblaze_stream_test.elf
'Finished building: microblaze_stream_test.elf.size'
' '
11:00:45 **** Auto Build of configuration Debug for project microblaze_stream_test ****
make all 
'Building file: ../src/drivers/gpio.c'
'Invoking: MicroBlaze gcc compiler'
mb-gcc -Wall -O0 -g3 -c -fmessage-length=0 -MT"src/drivers/gpio.o" -D __BAREMETAL__ -I../../microblaze_stream_test_bsp/microblaze_0/include -mlittle-endian -mcpu=v11.0 -mxl-soft-mul -Wl,--no-relax -ffunction-sections -fdata-sections -MMD -MP -MF"src/drivers/gpio.d" -MT"src/drivers/gpio.o" -o "src/drivers/gpio.o" "../src/drivers/gpio.c"
In file included from ../src/drivers/gpio.h:12,
                 from ../src/drivers/gpio.c:8:
../../microblaze_stream_test_bsp/microblaze_0/include/xbasic_types.h:120:2: warning: #warning The xbasics_type.h file is deprecated and users should use xil_types.h and xil_assert. [-Wcpp]
 #warning  The xbasics_type.h file is deprecated and users should use xil_types.h and xil_assert.
  ^~~~~~~
../../microblaze_stream_test_bsp/microblaze_0/include/xbasic_types.h:121:2: warning: #warning Please refer the Standalone BSP UG647 for further details [-Wcpp]
 #warning  Please refer the Standalone BSP UG647 for further details
  ^~~~~~~
../src/drivers/gpio.c: In function 'gpio_init':
../src/drivers/gpio.c:17:3: warning: implicit declaration of function 'debug_print' [-Wimplicit-function-declaration]
   debug_print("GPIO init success!");
   ^~~~~~~~~~~
'Finished building: ../src/drivers/gpio.c'
' '
'Building file: ../src/drivers/rf.c'
'Invoking: MicroBlaze gcc compiler'
mb-gcc -Wall -O0 -g3 -c -fmessage-length=0 -MT"src/drivers/rf.o" -D __BAREMETAL__ -I../../microblaze_stream_test_bsp/microblaze_0/include -mlittle-endian -mcpu=v11.0 -mxl-soft-mul -Wl,--no-relax -ffunction-sections -fdata-sections -MMD -MP -MF"src/drivers/rf.d" -MT"src/drivers/rf.o" -o "src/drivers/rf.o" "../src/drivers/rf.c"
In file included from ../src/drivers/gpio.h:12,
                 from ../src/drivers/rf.c:9:
../../microblaze_stream_test_bsp/microblaze_0/include/xbasic_types.h:120:2: warning: #warning The xbasics_type.h file is deprecated and users should use xil_types.h and xil_assert. [-Wcpp]
 #warning  The xbasics_type.h file is deprecated and users should use xil_types.h and xil_assert.
  ^~~~~~~
../../microblaze_stream_test_bsp/microblaze_0/include/xbasic_types.h:121:2: warning: #warning Please refer the Standalone BSP UG647 for further details [-Wcpp]
 #warning  Please refer the Standalone BSP UG647 for further details
  ^~~~~~~
../src/drivers/rf.c: In function 'rf_init':
../src/drivers/rf.c:151:2: warning: implicit declaration of function 'debug_print'; did you mean 'xdbg_printf'? [-Wimplicit-function-declaration]
  debug_print("Running RF self test...");
  ^~~~~~~~~~~
  xdbg_printf
../src/drivers/rf.c:153:5: warning: implicit declaration of function 'rf_self_test'; did you mean 'rf_sine_test'? [-Wimplicit-function-declaration]
  if(rf_self_test() == XRFDC_SUCCESS)
     ^~~~~~~~~~~~
     rf_sine_test
'Finished building: ../src/drivers/rf.c'
' '
'Building target: microblaze_stream_test.elf'
'Invoking: MicroBlaze gcc linker'
mb-gcc -Wl,-T -Wl,../src/lscript.ld -L../../microblaze_stream_test_bsp/microblaze_0/lib -mlittle-endian -mcpu=v11.0 -mxl-soft-mul -Wl,--no-relax -Wl,--gc-sections -o "microblaze_stream_test.elf"  ./src/drivers/cmd_handler.o ./src/drivers/gpio.o ./src/drivers/rf.o ./src/drivers/uart.o  ./src/helloworld.o ./src/platform.o   -Wl,--start-group,-lxil,-lgcc,-lc,--end-group -Wl,--start-group,-lxil,-lmetal,-lgcc,-lc,--end-group
'Finished building target: microblaze_stream_test.elf'
' '
'Invoking: MicroBlaze Print Size'
mb-size microblaze_stream_test.elf  |tee "microblaze_stream_test.elf.size"
   text	   data	    bss	    dec	    hex	filename
  75294	   3472	   9994	  88760	  15ab8	microblaze_stream_test.elf
'Finished building: microblaze_stream_test.elf.size'
' '
11:03:57 **** Auto Build of configuration Debug for project microblaze_stream_test ****
make all 
'Building file: ../src/drivers/cmd_handler.c'
'Invoking: MicroBlaze gcc compiler'
mb-gcc -Wall -O0 -g3 -c -fmessage-length=0 -MT"src/drivers/cmd_handler.o" -D __BAREMETAL__ -I../../microblaze_stream_test_bsp/microblaze_0/include -mlittle-endian -mcpu=v11.0 -mxl-soft-mul -Wl,--no-relax -ffunction-sections -fdata-sections -MMD -MP -MF"src/drivers/cmd_handler.d" -MT"src/drivers/cmd_handler.o" -o "src/drivers/cmd_handler.o" "../src/drivers/cmd_handler.c"
../src/drivers/cmd_handler.c: In function 'cmd_sine_test':
../src/drivers/cmd_handler.c:54:2: warning: implicit declaration of function 'rf_flush_buffer'; did you mean '_fflush_r'? [-Wimplicit-function-declaration]
  rf_flush_buffer();
  ^~~~~~~~~~~~~~~
  _fflush_r
../src/drivers/cmd_handler.c: In function 'cmd_led_test':
../src/drivers/cmd_handler.c:69:53: error: expected ';' before 'gpio_set_bank'
  debug_print("Performing 1 round of LED testing...")
                                                     ^
                                                     ;
../src/drivers/cmd_handler.c:71:4:
    gpio_set_bank(LED_BANK, 0x00);
    ~~~~~~~~~~~~~                                     
../src/drivers/cmd_handler.c:76:3: warning: implicit declaration of function 'gpio_set_pin'; did you mean 'gpio_init'? [-Wimplicit-function-declaration]
   gpio_set_pin(LED_BANK, i, 0x01);
   ^~~~~~~~~~~~
   gpio_init
../src/drivers/cmd_handler.c:76:16: error: 'LED_BANK' undeclared (first use in this function); did you mean 'LED_TEST'?
   gpio_set_pin(LED_BANK, i, 0x01);
                ^~~~~~~~
                LED_TEST
../src/drivers/cmd_handler.c:76:16: note: each undeclared identifier is reported only once for each function it appears in
../src/drivers/cmd_handler.c:86:2: warning: implicit declaration of function 'gpio_set_bank' [-Wimplicit-function-declaration]
  gpio_set_bank(LED_BANK, 0xFF);
  ^~~~~~~~~~~~~
make: *** [src/drivers/subdir.mk:29: src/drivers/cmd_handler.o] Error 1
11:04:10 **** Auto Build of configuration Debug for project microblaze_stream_test ****
make all 
'Building file: ../src/drivers/cmd_handler.c'
'Invoking: MicroBlaze gcc compiler'
mb-gcc -Wall -O0 -g3 -c -fmessage-length=0 -MT"src/drivers/cmd_handler.o" -D __BAREMETAL__ -I../../microblaze_stream_test_bsp/microblaze_0/include -mlittle-endian -mcpu=v11.0 -mxl-soft-mul -Wl,--no-relax -ffunction-sections -fdata-sections -MMD -MP -MF"src/drivers/cmd_handler.d" -MT"src/drivers/cmd_handler.o" -o "src/drivers/cmd_handler.o" "../src/drivers/cmd_handler.c"
In file included from ../src/drivers/gpio.h:12,
                 from ../src/drivers/cmd_handler.c:10:
../../microblaze_stream_test_bsp/microblaze_0/include/xbasic_types.h:120:2: warning: #warning The xbasics_type.h file is deprecated and users should use xil_types.h and xil_assert. [-Wcpp]
 #warning  The xbasics_type.h file is deprecated and users should use xil_types.h and xil_assert.
  ^~~~~~~
../../microblaze_stream_test_bsp/microblaze_0/include/xbasic_types.h:121:2: warning: #warning Please refer the Standalone BSP UG647 for further details [-Wcpp]
 #warning  Please refer the Standalone BSP UG647 for further details
  ^~~~~~~
../src/drivers/cmd_handler.c: In function 'cmd_sine_test':
../src/drivers/cmd_handler.c:55:2: warning: implicit declaration of function 'rf_flush_buffer'; did you mean '_fflush_r'? [-Wimplicit-function-declaration]
  rf_flush_buffer();
  ^~~~~~~~~~~~~~~
  _fflush_r
../src/drivers/cmd_handler.c: In function 'cmd_led_test':
../src/drivers/cmd_handler.c:70:53: error: expected ';' before 'gpio_set_bank'
  debug_print("Performing 1 round of LED testing...")
                                                     ^
                                                     ;
../src/drivers/cmd_handler.c:72:4:
    gpio_set_bank(LED_BANK, 0x00);
    ~~~~~~~~~~~~~                                     
make: *** [src/drivers/subdir.mk:29: src/drivers/cmd_handler.o] Error 1
11:04:20 **** Auto Build of configuration Debug for project microblaze_stream_test ****
make all 
'Building file: ../src/drivers/cmd_handler.c'
'Invoking: MicroBlaze gcc compiler'
mb-gcc -Wall -O0 -g3 -c -fmessage-length=0 -MT"src/drivers/cmd_handler.o" -D __BAREMETAL__ -I../../microblaze_stream_test_bsp/microblaze_0/include -mlittle-endian -mcpu=v11.0 -mxl-soft-mul -Wl,--no-relax -ffunction-sections -fdata-sections -MMD -MP -MF"src/drivers/cmd_handler.d" -MT"src/drivers/cmd_handler.o" -o "src/drivers/cmd_handler.o" "../src/drivers/cmd_handler.c"
In file included from ../src/drivers/gpio.h:12,
                 from ../src/drivers/cmd_handler.c:10:
../../microblaze_stream_test_bsp/microblaze_0/include/xbasic_types.h:120:2: warning: #warning The xbasics_type.h file is deprecated and users should use xil_types.h and xil_assert. [-Wcpp]
 #warning  The xbasics_type.h file is deprecated and users should use xil_types.h and xil_assert.
  ^~~~~~~
../../microblaze_stream_test_bsp/microblaze_0/include/xbasic_types.h:121:2: warning: #warning Please refer the Standalone BSP UG647 for further details [-Wcpp]
 #warning  Please refer the Standalone BSP UG647 for further details
  ^~~~~~~
../src/drivers/cmd_handler.c: In function 'cmd_sine_test':
../src/drivers/cmd_handler.c:55:2: warning: implicit declaration of function 'rf_flush_buffer'; did you mean '_fflush_r'? [-Wimplicit-function-declaration]
  rf_flush_buffer();
  ^~~~~~~~~~~~~~~
  _fflush_r
'Finished building: ../src/drivers/cmd_handler.c'
' '
'Building target: microblaze_stream_test.elf'
'Invoking: MicroBlaze gcc linker'
mb-gcc -Wl,-T -Wl,../src/lscript.ld -L../../microblaze_stream_test_bsp/microblaze_0/lib -mlittle-endian -mcpu=v11.0 -mxl-soft-mul -Wl,--no-relax -Wl,--gc-sections -o "microblaze_stream_test.elf"  ./src/drivers/cmd_handler.o ./src/drivers/gpio.o ./src/drivers/rf.o ./src/drivers/uart.o  ./src/helloworld.o ./src/platform.o   -Wl,--start-group,-lxil,-lgcc,-lc,--end-group -Wl,--start-group,-lxil,-lmetal,-lgcc,-lc,--end-group
'Finished building target: microblaze_stream_test.elf'
' '
'Invoking: MicroBlaze Print Size'
mb-size microblaze_stream_test.elf  |tee "microblaze_stream_test.elf.size"
   text	   data	    bss	    dec	    hex	filename
  75350	   3472	   9994	  88816	  15af0	microblaze_stream_test.elf
'Finished building: microblaze_stream_test.elf.size'
' '
11:04:43 **** Incremental Build of configuration Debug for project microblaze_stream_test ****
make all 
make: Nothing to be done for 'all'.
11:05:36 **** Auto Build of configuration Debug for project microblaze_stream_test ****
make all 
'Building file: ../src/drivers/cmd_handler.c'
'Invoking: MicroBlaze gcc compiler'
mb-gcc -Wall -O0 -g3 -c -fmessage-length=0 -MT"src/drivers/cmd_handler.o" -D __BAREMETAL__ -I../../microblaze_stream_test_bsp/microblaze_0/include -mlittle-endian -mcpu=v11.0 -mxl-soft-mul -Wl,--no-relax -ffunction-sections -fdata-sections -MMD -MP -MF"src/drivers/cmd_handler.d" -MT"src/drivers/cmd_handler.o" -o "src/drivers/cmd_handler.o" "../src/drivers/cmd_handler.c"
In file included from ../src/drivers/gpio.h:12,
                 from ../src/drivers/cmd_handler.c:10:
../../microblaze_stream_test_bsp/microblaze_0/include/xbasic_types.h:120:2: warning: #warning The xbasics_type.h file is deprecated and users should use xil_types.h and xil_assert. [-Wcpp]
 #warning  The xbasics_type.h file is deprecated and users should use xil_types.h and xil_assert.
  ^~~~~~~
../../microblaze_stream_test_bsp/microblaze_0/include/xbasic_types.h:121:2: warning: #warning Please refer the Standalone BSP UG647 for further details [-Wcpp]
 #warning  Please refer the Standalone BSP UG647 for further details
  ^~~~~~~
../src/drivers/cmd_handler.c: In function 'cmd_sine_test':
../src/drivers/cmd_handler.c:58:2: warning: implicit declaration of function 'rf_flush_buffer'; did you mean '_fflush_r'? [-Wimplicit-function-declaration]
  rf_flush_buffer();
  ^~~~~~~~~~~~~~~
  _fflush_r
'Finished building: ../src/drivers/cmd_handler.c'
' '
'Building target: microblaze_stream_test.elf'
'Invoking: MicroBlaze gcc linker'
mb-gcc -Wl,-T -Wl,../src/lscript.ld -L../../microblaze_stream_test_bsp/microblaze_0/lib -mlittle-endian -mcpu=v11.0 -mxl-soft-mul -Wl,--no-relax -Wl,--gc-sections -o "microblaze_stream_test.elf"  ./src/drivers/cmd_handler.o ./src/drivers/gpio.o ./src/drivers/rf.o ./src/drivers/uart.o  ./src/helloworld.o ./src/platform.o   -Wl,--start-group,-lxil,-lgcc,-lc,--end-group -Wl,--start-group,-lxil,-lmetal,-lgcc,-lc,--end-group
c:/xilinx/sdk/2019.1/gnu/microblaze/nt/bin/../lib/gcc/microblaze-xilinx-elf/8.2.0/../../../../microblaze-xilinx-elf/bin/ld.exe: ./src/drivers/cmd_handler.o: in function `handle_cmd':
C:\james\fpga_projects\microblaze_stream_test\microblaze_stream_test.sdk\microblaze_stream_test\Debug/../src/drivers/cmd_handler.c:33: undefined reference to `cmd_LED_test'
collect2.exe: error: ld returned 1 exit status
make: *** [makefile:39: microblaze_stream_test.elf] Error 1
11:05:56 **** Auto Build of configuration Debug for project microblaze_stream_test ****
make all 
'Building file: ../src/drivers/cmd_handler.c'
'Invoking: MicroBlaze gcc compiler'
mb-gcc -Wall -O0 -g3 -c -fmessage-length=0 -MT"src/drivers/cmd_handler.o" -D __BAREMETAL__ -I../../microblaze_stream_test_bsp/microblaze_0/include -mlittle-endian -mcpu=v11.0 -mxl-soft-mul -Wl,--no-relax -ffunction-sections -fdata-sections -MMD -MP -MF"src/drivers/cmd_handler.d" -MT"src/drivers/cmd_handler.o" -o "src/drivers/cmd_handler.o" "../src/drivers/cmd_handler.c"
In file included from ../src/drivers/gpio.h:12,
                 from ../src/drivers/cmd_handler.c:10:
../../microblaze_stream_test_bsp/microblaze_0/include/xbasic_types.h:120:2: warning: #warning The xbasics_type.h file is deprecated and users should use xil_types.h and xil_assert. [-Wcpp]
 #warning  The xbasics_type.h file is deprecated and users should use xil_types.h and xil_assert.
  ^~~~~~~
../../microblaze_stream_test_bsp/microblaze_0/include/xbasic_types.h:121:2: warning: #warning Please refer the Standalone BSP UG647 for further details [-Wcpp]
 #warning  Please refer the Standalone BSP UG647 for further details
  ^~~~~~~
../src/drivers/cmd_handler.c: In function 'handle_cmd':
../src/drivers/cmd_handler.c:33:3: warning: implicit declaration of function 'cmd_LED_test'; did you mean 'cmd_led_test'? [-Wimplicit-function-declaration]
   cmd_LED_test();
   ^~~~~~~~~~~~
   cmd_led_test
../src/drivers/cmd_handler.c: In function 'cmd_sine_test':
../src/drivers/cmd_handler.c:58:2: warning: implicit declaration of function 'rf_flush_buffer'; did you mean '_fflush_r'? [-Wimplicit-function-declaration]
  rf_flush_buffer();
  ^~~~~~~~~~~~~~~
  _fflush_r
'Finished building: ../src/drivers/cmd_handler.c'
' '
'Building file: ../src/helloworld.c'
'Invoking: MicroBlaze gcc compiler'
mb-gcc -Wall -O0 -g3 -c -fmessage-length=0 -MT"src/helloworld.o" -D __BAREMETAL__ -I../../microblaze_stream_test_bsp/microblaze_0/include -mlittle-endian -mcpu=v11.0 -mxl-soft-mul -Wl,--no-relax -ffunction-sections -fdata-sections -MMD -MP -MF"src/helloworld.d" -MT"src/helloworld.o" -o "src/helloworld.o" "../src/helloworld.c"
../src/helloworld.c: In function 'main':
../src/helloworld.c:69:2: warning: implicit declaration of function 'rf_init'; did you mean 'uart_init'? [-Wimplicit-function-declaration]
  rf_init();
  ^~~~~~~
  uart_init
'Finished building: ../src/helloworld.c'
' '
'Building target: microblaze_stream_test.elf'
'Invoking: MicroBlaze gcc linker'
mb-gcc -Wl,-T -Wl,../src/lscript.ld -L../../microblaze_stream_test_bsp/microblaze_0/lib -mlittle-endian -mcpu=v11.0 -mxl-soft-mul -Wl,--no-relax -Wl,--gc-sections -o "microblaze_stream_test.elf"  ./src/drivers/cmd_handler.o ./src/drivers/gpio.o ./src/drivers/rf.o ./src/drivers/uart.o  ./src/helloworld.o ./src/platform.o   -Wl,--start-group,-lxil,-lgcc,-lc,--end-group -Wl,--start-group,-lxil,-lmetal,-lgcc,-lc,--end-group
c:/xilinx/sdk/2019.1/gnu/microblaze/nt/bin/../lib/gcc/microblaze-xilinx-elf/8.2.0/../../../../microblaze-xilinx-elf/bin/ld.exe: ./src/drivers/cmd_handler.o: in function `handle_cmd':
C:\james\fpga_projects\microblaze_stream_test\microblaze_stream_test.sdk\microblaze_stream_test\Debug/../src/drivers/cmd_handler.c:33: undefined reference to `cmd_LED_test'
collect2.exe: error: ld returned 1 exit status
make: *** [makefile:39: microblaze_stream_test.elf] Error 1
11:05:59 **** Auto Build of configuration Debug for project microblaze_stream_test ****
make all 
'Building file: ../src/drivers/cmd_handler.c'
'Invoking: MicroBlaze gcc compiler'
mb-gcc -Wall -O0 -g3 -c -fmessage-length=0 -MT"src/drivers/cmd_handler.o" -D __BAREMETAL__ -I../../microblaze_stream_test_bsp/microblaze_0/include -mlittle-endian -mcpu=v11.0 -mxl-soft-mul -Wl,--no-relax -ffunction-sections -fdata-sections -MMD -MP -MF"src/drivers/cmd_handler.d" -MT"src/drivers/cmd_handler.o" -o "src/drivers/cmd_handler.o" "../src/drivers/cmd_handler.c"
In file included from ../src/drivers/gpio.h:12,
                 from ../src/drivers/cmd_handler.c:10:
../../microblaze_stream_test_bsp/microblaze_0/include/xbasic_types.h:120:2: warning: #warning The xbasics_type.h file is deprecated and users should use xil_types.h and xil_assert. [-Wcpp]
 #warning  The xbasics_type.h file is deprecated and users should use xil_types.h and xil_assert.
  ^~~~~~~
../../microblaze_stream_test_bsp/microblaze_0/include/xbasic_types.h:121:2: warning: #warning Please refer the Standalone BSP UG647 for further details [-Wcpp]
 #warning  Please refer the Standalone BSP UG647 for further details
  ^~~~~~~
../src/drivers/cmd_handler.c: In function 'cmd_sine_test':
../src/drivers/cmd_handler.c:58:2: warning: implicit declaration of function 'rf_flush_buffer'; did you mean '_fflush_r'? [-Wimplicit-function-declaration]
  rf_flush_buffer();
  ^~~~~~~~~~~~~~~
  _fflush_r
'Finished building: ../src/drivers/cmd_handler.c'
' '
'Building target: microblaze_stream_test.elf'
'Invoking: MicroBlaze gcc linker'
mb-gcc -Wl,-T -Wl,../src/lscript.ld -L../../microblaze_stream_test_bsp/microblaze_0/lib -mlittle-endian -mcpu=v11.0 -mxl-soft-mul -Wl,--no-relax -Wl,--gc-sections -o "microblaze_stream_test.elf"  ./src/drivers/cmd_handler.o ./src/drivers/gpio.o ./src/drivers/rf.o ./src/drivers/uart.o  ./src/helloworld.o ./src/platform.o   -Wl,--start-group,-lxil,-lgcc,-lc,--end-group -Wl,--start-group,-lxil,-lmetal,-lgcc,-lc,--end-group
'Finished building target: microblaze_stream_test.elf'
' '
'Invoking: MicroBlaze Print Size'
mb-size microblaze_stream_test.elf  |tee "microblaze_stream_test.elf.size"
   text	   data	    bss	    dec	    hex	filename
  76006	   3472	   9994	  89472	  15d80	microblaze_stream_test.elf
'Finished building: microblaze_stream_test.elf.size'
' '
11:06:06 **** Incremental Build of configuration Debug for project microblaze_stream_test ****
make all 
make: Nothing to be done for 'all'.
11:08:36 **** Incremental Build of configuration Debug for project microblaze_stream_test ****
make all 
make: Nothing to be done for 'all'.
11:09:26 **** Auto Build of configuration Debug for project microblaze_stream_test ****
make all 
'Building file: ../src/drivers/cmd_handler.c'
'Invoking: MicroBlaze gcc compiler'
mb-gcc -Wall -O0 -g3 -c -fmessage-length=0 -MT"src/drivers/cmd_handler.o" -D __BAREMETAL__ -I../../microblaze_stream_test_bsp/microblaze_0/include -mlittle-endian -mcpu=v11.0 -mxl-soft-mul -Wl,--no-relax -ffunction-sections -fdata-sections -MMD -MP -MF"src/drivers/cmd_handler.d" -MT"src/drivers/cmd_handler.o" -o "src/drivers/cmd_handler.o" "../src/drivers/cmd_handler.c"
In file included from ../src/drivers/gpio.h:12,
                 from ../src/drivers/cmd_handler.c:10:
../../microblaze_stream_test_bsp/microblaze_0/include/xbasic_types.h:120:2: warning: #warning The xbasics_type.h file is deprecated and users should use xil_types.h and xil_assert. [-Wcpp]
 #warning  The xbasics_type.h file is deprecated and users should use xil_types.h and xil_assert.
  ^~~~~~~
../../microblaze_stream_test_bsp/microblaze_0/include/xbasic_types.h:121:2: warning: #warning Please refer the Standalone BSP UG647 for further details [-Wcpp]
 #warning  Please refer the Standalone BSP UG647 for further details
  ^~~~~~~
../src/drivers/cmd_handler.c: In function 'cmd_sine_test':
../src/drivers/cmd_handler.c:58:2: warning: implicit declaration of function 'rf_flush_buffer'; did you mean '_fflush_r'? [-Wimplicit-function-declaration]
  rf_flush_buffer();
  ^~~~~~~~~~~~~~~
  _fflush_r
'Finished building: ../src/drivers/cmd_handler.c'
' '
'Building target: microblaze_stream_test.elf'
'Invoking: MicroBlaze gcc linker'
mb-gcc -Wl,-T -Wl,../src/lscript.ld -L../../microblaze_stream_test_bsp/microblaze_0/lib -mlittle-endian -mcpu=v11.0 -mxl-soft-mul -Wl,--no-relax -Wl,--gc-sections -o "microblaze_stream_test.elf"  ./src/drivers/cmd_handler.o ./src/drivers/gpio.o ./src/drivers/rf.o ./src/drivers/uart.o  ./src/helloworld.o ./src/platform.o   -Wl,--start-group,-lxil,-lgcc,-lc,--end-group -Wl,--start-group,-lxil,-lmetal,-lgcc,-lc,--end-group
'Finished building target: microblaze_stream_test.elf'
' '
'Invoking: MicroBlaze Print Size'
mb-size microblaze_stream_test.elf  |tee "microblaze_stream_test.elf.size"
   text	   data	    bss	    dec	    hex	filename
  76006	   3472	   9994	  89472	  15d80	microblaze_stream_test.elf
'Finished building: microblaze_stream_test.elf.size'
' '
11:09:29 **** Incremental Build of configuration Debug for project microblaze_stream_test ****
make all 
make: Nothing to be done for 'all'.
11:30:53 **** Auto Build of project microblaze_stream_test_bsp ****
make -k all 
"Running Make include in microblaze_0/libsrc/uartlite_v3_2/src"
make -C microblaze_0/libsrc/uartlite_v3_2/src -s include  "SHELL=CMD" "COMPILER=mb-gcc" "ARCHIVER=mb-ar" "COMPILER_FLAGS=  -O2 -c -mcpu=v11.0 -mlittle-endian -mxl-soft-mul" "EXTRA_COMPILER_FLAGS=-ffunction-sections -fdata-sections -Wall -Wextra"
cp: target `../../../include' is not a directory
make[1]: *** [Makefile:25: include] Error 1
make: *** [Makefile:26: microblaze_0/libsrc/uartlite_v3_2/src/make.include] Error 2
make: Target 'all' not remade because of errors.
11:30:56 **** Auto Build of configuration Debug for project microblaze_stream_test ****
make all 
make: Nothing to be done for 'all'.
11:32:02 **** Auto Build of project microblaze_stream_test_bsp ****
make -k all 
"Running Make include in microblaze_0/libsrc/bram_v4_3/src"
make -C microblaze_0/libsrc/bram_v4_3/src -s include  "SHELL=CMD" "COMPILER=mb-gcc" "ARCHIVER=mb-ar" "COMPILER_FLAGS=  -O2 -c -mcpu=v11.0 -mlittle-endian -mxl-soft-mul" "EXTRA_COMPILER_FLAGS=-ffunction-sections -fdata-sections -Wall -Wextra"
"Running Make include in microblaze_0/libsrc/cpu_v2_9/src"
make -C microblaze_0/libsrc/cpu_v2_9/src -s include  "SHELL=CMD" "COMPILER=mb-gcc" "ARCHIVER=mb-ar" "COMPILER_FLAGS=  -O2 -c -mcpu=v11.0 -mlittle-endian -mxl-soft-mul" "EXTRA_COMPILER_FLAGS=-ffunction-sections -fdata-sections -Wall -Wextra"
"Running Make include in microblaze_0/libsrc/gpio_v4_4/src"
make -C microblaze_0/libsrc/gpio_v4_4/src -s include  "SHELL=CMD" "COMPILER=mb-gcc" "ARCHIVER=mb-ar" "COMPILER_FLAGS=  -O2 -c -mcpu=v11.0 -mlittle-endian -mxl-soft-mul" "EXTRA_COMPILER_FLAGS=-ffunction-sections -fdata-sections -Wall -Wextra"
"Running Make include in microblaze_0/libsrc/libmetal_v2_0/src"
make -C microblaze_0/libsrc/libmetal_v2_0/src -s include  "SHELL=CMD" "COMPILER=mb-gcc" "ARCHIVER=mb-ar" "COMPILER_FLAGS=  -O2 -c -mcpu=v11.0 -mlittle-endian -mxl-soft-mul" "EXTRA_COMPILER_FLAGS=-ffunction-sections -fdata-sections -Wall -Wextra"
"Running Make include in microblaze_0/libsrc/rfdc_v6_0/src"
make -C microblaze_0/libsrc/rfdc_v6_0/src -s include  "SHELL=CMD" "COMPILER=mb-gcc" "ARCHIVER=mb-ar" "COMPILER_FLAGS=  -O2 -c -mcpu=v11.0 -mlittle-endian -mxl-soft-mul" "EXTRA_COMPILER_FLAGS=-ffunction-sections -fdata-sections -Wall -Wextra"
"Running Make include in microblaze_0/libsrc/standalone_v7_0/src"
make -C microblaze_0/libsrc/standalone_v7_0/src -s include  "SHELL=CMD" "COMPILER=mb-gcc" "ARCHIVER=mb-ar" "COMPILER_FLAGS=  -O2 -c -mcpu=v11.0 -mlittle-endian -mxl-soft-mul" "EXTRA_COMPILER_FLAGS=-ffunction-sections -fdata-sections -Wall -Wextra"
"Running Make include in microblaze_0/libsrc/uartlite_v3_2/src"
make -C microblaze_0/libsrc/uartlite_v3_2/src -s include  "SHELL=CMD" "COMPILER=mb-gcc" "ARCHIVER=mb-ar" "COMPILER_FLAGS=  -O2 -c -mcpu=v11.0 -mlittle-endian -mxl-soft-mul" "EXTRA_COMPILER_FLAGS=-ffunction-sections -fdata-sections -Wall -Wextra"
"Running Make libs in microblaze_0/libsrc/bram_v4_3/src"
make -C microblaze_0/libsrc/bram_v4_3/src -s libs  "SHELL=CMD" "COMPILER=mb-gcc" "ARCHIVER=mb-ar" "COMPILER_FLAGS=  -O2 -c -mcpu=v11.0 -mlittle-endian -mxl-soft-mul" "EXTRA_COMPILER_FLAGS=-ffunction-sections -fdata-sections -Wall -Wextra"
"Compiling bram"
mb-ar: creating ../../../lib/libxil.a
"Running Make libs in microblaze_0/libsrc/cpu_v2_9/src"
make -C microblaze_0/libsrc/cpu_v2_9/src -s libs  "SHELL=CMD" "COMPILER=mb-gcc" "ARCHIVER=mb-ar" "COMPILER_FLAGS=  -O2 -c -mcpu=v11.0 -mlittle-endian -mxl-soft-mul" "EXTRA_COMPILER_FLAGS=-ffunction-sections -fdata-sections -Wall -Wextra"
"Compiling cpu"
"Running Make libs in microblaze_0/libsrc/gpio_v4_4/src"
make -C microblaze_0/libsrc/gpio_v4_4/src -s libs  "SHELL=CMD" "COMPILER=mb-gcc" "ARCHIVER=mb-ar" "COMPILER_FLAGS=  -O2 -c -mcpu=v11.0 -mlittle-endian -mxl-soft-mul" "EXTRA_COMPILER_FLAGS=-ffunction-sections -fdata-sections -Wall -Wextra"
"Compiling gpio"
"Running Make libs in microblaze_0/libsrc/libmetal_v2_0/src"
make -C microblaze_0/libsrc/libmetal_v2_0/src -s libs  "SHELL=CMD" "COMPILER=mb-gcc" "ARCHIVER=mb-ar" "COMPILER_FLAGS=  -O2 -c -mcpu=v11.0 -mlittle-endian -mxl-soft-mul" "EXTRA_COMPILER_FLAGS=-ffunction-sections -fdata-sections -Wall -Wextra"
Scanning dependencies of target metal-static
[  5%] Building C object lib/CMakeFiles/metal-static.dir/dma.c.obj
[ 10%] Building C object lib/CMakeFiles/metal-static.dir/device.c.obj
[ 15%] Building C object lib/CMakeFiles/metal-static.dir/init.c.obj
[ 21%] Building C object lib/CMakeFiles/metal-static.dir/io.c.obj
[ 26%] Building C object lib/CMakeFiles/metal-static.dir/irq.c.obj
[ 31%] Building C object lib/CMakeFiles/metal-static.dir/log.c.obj
[ 36%] Building C object lib/CMakeFiles/metal-static.dir/shmem.c.obj
[ 42%] Building C object lib/CMakeFiles/metal-static.dir/shmem-provider.c.obj
[ 47%] Building C object lib/CMakeFiles/metal-static.dir/softirq.c.obj
[ 52%] Building C object lib/CMakeFiles/metal-static.dir/version.c.obj
[ 57%] Building C object lib/CMakeFiles/metal-static.dir/system/generic/condition.c.obj
[ 63%] Building C object lib/CMakeFiles/metal-static.dir/system/generic/device.c.obj
[ 68%] Building C object lib/CMakeFiles/metal-static.dir/system/generic/init.c.obj
[ 73%] Building C object lib/CMakeFiles/metal-static.dir/system/generic/io.c.obj
[ 78%] Building C object lib/CMakeFiles/metal-static.dir/system/generic/irq.c.obj
[ 84%] Building C object lib/CMakeFiles/metal-static.dir/system/generic/time.c.obj
[ 89%] Building C object lib/CMakeFiles/metal-static.dir/system/generic/microblaze_generic/sys.c.obj
[ 94%] Building C object lib/CMakeFiles/metal-static.dir/system/generic/xlnx_common/irq.c.obj
[100%] Linking C static library libmetal.a
C:/Xilinx/SDK/2019.1/gnu/microblaze/nt/bin/mb-ar.exe cq libmetal.a  CMakeFiles/metal-static.dir/dma.c.obj CMakeFiles/metal-static.dir/device.c.obj CMakeFiles/metal-static.dir/init.c.obj CMakeFiles/metal-static.dir/io.c.obj CMakeFiles/metal-static.dir/irq.c.obj CMakeFiles/metal-static.dir/log.c.obj CMakeFiles/metal-static.dir/shmem.c.obj CMakeFiles/metal-static.dir/shmem-provider.c.obj CMakeFiles/metal-static.dir/softirq.c.obj CMakeFiles/metal-static.dir/version.c.obj CMakeFiles/metal-static.dir/system/generic/condition.c.obj CMakeFiles/metal-static.dir/system/generic/device.c.obj CMakeFiles/metal-static.dir/system/generic/init.c.obj CMakeFiles/metal-static.dir/system/generic/io.c.obj CMakeFiles/metal-static.dir/system/generic/irq.c.obj CMakeFiles/metal-static.dir/system/generic/time.c.obj CMakeFiles/metal-static.dir/system/generic/microblaze_generic/sys.c.obj CMakeFiles/metal-static.dir/system/generic/xlnx_common/irq.c.obj
C:/Xilinx/SDK/2019.1/gnu/microblaze/nt/bin/mb-ranlib.exe libmetal.a
[100%] Built target metal-static
Install the project...
-- Install configuration: "Debug"
-- Installing: ../../../include/metal/alloc.h
-- Installing: ../../../include/metal/assert.h
-- Installing: ../../../include/metal/atomic.h
-- Installing: ../../../include/metal/cache.h
-- Installing: ../../../include/metal/compiler.h
-- Installing: ../../../include/metal/condition.h
-- Installing: ../../../include/metal/config.h
-- Installing: ../../../include/metal/cpu.h
-- Installing: ../../../include/metal/device.h
-- Installing: ../../../include/metal/dma.h
-- Installing: ../../../include/metal/io.h
-- Installing: ../../../include/metal/irq.h
-- Installing: ../../../include/metal/irq_controller.h
-- Installing: ../../../include/metal/list.h
-- Installing: ../../../include/metal/log.h
-- Installing: ../../../include/metal/mutex.h
-- Installing: ../../../include/metal/scatterlist.h
-- Installing: ../../../include/metal/shmem.h
-- Installing: ../../../include/metal/shmem-provider.h
-- Installing: ../../../include/metal/sleep.h
-- Installing: ../../../include/metal/softirq.h
-- Installing: ../../../include/metal/spinlock.h
-- Installing: ../../../include/metal/sys.h
-- Installing: ../../../include/metal/time.h
-- Installing: ../../../include/metal/utilities.h
-- Installing: ../../../include/metal/version.h
-- Installing: ../../../include/metal/compiler/gcc/atomic.h
-- Installing: ../../../include/metal/compiler/gcc/compiler.h
-- Installing: ../../../include/metal/compiler/iar/compiler.h
-- Installing: ../../../include/metal/processor/microblaze/atomic.h
-- Installing: ../../../include/metal/processor/microblaze/cpu.h
-- Installing: ../../../include/metal/system/generic/alloc.h
-- Installing: ../../../include/metal/system/generic/assert.h
-- Installing: ../../../include/metal/system/generic/cache.h
-- Installing: ../../../include/metal/system/generic/condition.h
-- Installing: ../../../include/metal/system/generic/io.h
-- Installing: ../../../include/metal/system/generic/irq.h
-- Installing: ../../../include/metal/system/generic/log.h
-- Installing: ../../../include/metal/system/generic/mutex.h
-- Installing: ../../../include/metal/system/generic/sleep.h
-- Installing: ../../../include/metal/system/generic/sys.h
-- Installing: ../../../include/metal/system/generic/microblaze_generic/sys.h
-- Installing: ../../../include/metal/system/generic/xlnx_common/sys.h
-- Installing: ../../../lib/libmetal.a
"Running Make libs in microblaze_0/libsrc/rfdc_v6_0/src"
make -C microblaze_0/libsrc/rfdc_v6_0/src -s libs  "SHELL=CMD" "COMPILER=mb-gcc" "ARCHIVER=mb-ar" "COMPILER_FLAGS=  -O2 -c -mcpu=v11.0 -mlittle-endian -mxl-soft-mul" "EXTRA_COMPILER_FLAGS=-ffunction-sections -fdata-sections -Wall -Wextra"
"Compiling rfdc"
"Running Make libs in microblaze_0/libsrc/standalone_v7_0/src"
make -C microblaze_0/libsrc/standalone_v7_0/src -s libs  "SHELL=CMD" "COMPILER=mb-gcc" "ARCHIVER=mb-ar" "COMPILER_FLAGS=  -O2 -c -mcpu=v11.0 -mlittle-endian -mxl-soft-mul" "EXTRA_COMPILER_FLAGS=-ffunction-sections -fdata-sections -Wall -Wextra"
"Compiling standalone";
microblaze_sleep.c:77:9: note: #pragma message: For the sleep routines, assembly instructions are used
 #pragma message ("For the sleep routines, assembly instructions are used")
         ^~~~~~~
"Running Make libs in microblaze_0/libsrc/uartlite_v3_2/src"
make -C microblaze_0/libsrc/uartlite_v3_2/src -s libs  "SHELL=CMD" "COMPILER=mb-gcc" "ARCHIVER=mb-ar" "COMPILER_FLAGS=  -O2 -c -mcpu=v11.0 -mlittle-endian -mxl-soft-mul" "EXTRA_COMPILER_FLAGS=-ffunction-sections -fdata-sections -Wall -Wextra"
"Compiling uartlite"
'Finished building libraries'
11:32:30 **** Auto Build of configuration Debug for project microblaze_stream_test ****
make all 
'Building file: ../src/drivers/cmd_handler.c'
'Invoking: MicroBlaze gcc compiler'
mb-gcc -Wall -O0 -g3 -c -fmessage-length=0 -MT"src/drivers/cmd_handler.o" -D __BAREMETAL__ -I../../microblaze_stream_test_bsp/microblaze_0/include -mlittle-endian -mcpu=v11.0 -mxl-soft-mul -Wl,--no-relax -ffunction-sections -fdata-sections -MMD -MP -MF"src/drivers/cmd_handler.d" -MT"src/drivers/cmd_handler.o" -o "src/drivers/cmd_handler.o" "../src/drivers/cmd_handler.c"
In file included from ../src/drivers/gpio.h:12,
                 from ../src/drivers/cmd_handler.c:10:
../../microblaze_stream_test_bsp/microblaze_0/include/xbasic_types.h:120:2: warning: #warning The xbasics_type.h file is deprecated and users should use xil_types.h and xil_assert. [-Wcpp]
 #warning  The xbasics_type.h file is deprecated and users should use xil_types.h and xil_assert.
  ^~~~~~~
../../microblaze_stream_test_bsp/microblaze_0/include/xbasic_types.h:121:2: warning: #warning Please refer the Standalone BSP UG647 for further details [-Wcpp]
 #warning  Please refer the Standalone BSP UG647 for further details
  ^~~~~~~
../src/drivers/cmd_handler.c: In function 'cmd_sine_test':
../src/drivers/cmd_handler.c:58:2: warning: implicit declaration of function 'rf_flush_buffer'; did you mean '_fflush_r'? [-Wimplicit-function-declaration]
  rf_flush_buffer();
  ^~~~~~~~~~~~~~~
  _fflush_r
'Finished building: ../src/drivers/cmd_handler.c'
' '
'Building file: ../src/drivers/gpio.c'
'Invoking: MicroBlaze gcc compiler'
mb-gcc -Wall -O0 -g3 -c -fmessage-length=0 -MT"src/drivers/gpio.o" -D __BAREMETAL__ -I../../microblaze_stream_test_bsp/microblaze_0/include -mlittle-endian -mcpu=v11.0 -mxl-soft-mul -Wl,--no-relax -ffunction-sections -fdata-sections -MMD -MP -MF"src/drivers/gpio.d" -MT"src/drivers/gpio.o" -o "src/drivers/gpio.o" "../src/drivers/gpio.c"
In file included from ../src/drivers/gpio.h:12,
                 from ../src/drivers/gpio.c:8:
../../microblaze_stream_test_bsp/microblaze_0/include/xbasic_types.h:120:2: warning: #warning The xbasics_type.h file is deprecated and users should use xil_types.h and xil_assert. [-Wcpp]
 #warning  The xbasics_type.h file is deprecated and users should use xil_types.h and xil_assert.
  ^~~~~~~
../../microblaze_stream_test_bsp/microblaze_0/include/xbasic_types.h:121:2: warning: #warning Please refer the Standalone BSP UG647 for further details [-Wcpp]
 #warning  Please refer the Standalone BSP UG647 for further details
  ^~~~~~~
../src/drivers/gpio.c: In function 'gpio_init':
../src/drivers/gpio.c:17:3: warning: implicit declaration of function 'debug_print' [-Wimplicit-function-declaration]
   debug_print("GPIO init success!");
   ^~~~~~~~~~~
'Finished building: ../src/drivers/gpio.c'
' '
'Building file: ../src/drivers/rf.c'
'Invoking: MicroBlaze gcc compiler'
mb-gcc -Wall -O0 -g3 -c -fmessage-length=0 -MT"src/drivers/rf.o" -D __BAREMETAL__ -I../../microblaze_stream_test_bsp/microblaze_0/include -mlittle-endian -mcpu=v11.0 -mxl-soft-mul -Wl,--no-relax -ffunction-sections -fdata-sections -MMD -MP -MF"src/drivers/rf.d" -MT"src/drivers/rf.o" -o "src/drivers/rf.o" "../src/drivers/rf.c"
In file included from ../src/drivers/gpio.h:12,
                 from ../src/drivers/rf.c:9:
../../microblaze_stream_test_bsp/microblaze_0/include/xbasic_types.h:120:2: warning: #warning The xbasics_type.h file is deprecated and users should use xil_types.h and xil_assert. [-Wcpp]
 #warning  The xbasics_type.h file is deprecated and users should use xil_types.h and xil_assert.
  ^~~~~~~
../../microblaze_stream_test_bsp/microblaze_0/include/xbasic_types.h:121:2: warning: #warning Please refer the Standalone BSP UG647 for further details [-Wcpp]
 #warning  Please refer the Standalone BSP UG647 for further details
  ^~~~~~~
../src/drivers/rf.c: In function 'rf_init':
../src/drivers/rf.c:151:2: warning: implicit declaration of function 'debug_print'; did you mean 'xdbg_printf'? [-Wimplicit-function-declaration]
  debug_print("Running RF self test...");
  ^~~~~~~~~~~
  xdbg_printf
../src/drivers/rf.c:153:5: warning: implicit declaration of function 'rf_self_test'; did you mean 'rf_sine_test'? [-Wimplicit-function-declaration]
  if(rf_self_test() == XRFDC_SUCCESS)
     ^~~~~~~~~~~~
     rf_sine_test
'Finished building: ../src/drivers/rf.c'
' '
'Building file: ../src/drivers/uart.c'
'Invoking: MicroBlaze gcc compiler'
mb-gcc -Wall -O0 -g3 -c -fmessage-length=0 -MT"src/drivers/uart.o" -D __BAREMETAL__ -I../../microblaze_stream_test_bsp/microblaze_0/include -mlittle-endian -mcpu=v11.0 -mxl-soft-mul -Wl,--no-relax -ffunction-sections -fdata-sections -MMD -MP -MF"src/drivers/uart.d" -MT"src/drivers/uart.o" -o "src/drivers/uart.o" "../src/drivers/uart.c"
../src/drivers/uart.c: In function 'debug_print':
../src/drivers/uart.c:12:2: warning: implicit declaration of function 'print' [-Wimplicit-function-declaration]
  print(buff);
  ^~~~~
'Finished building: ../src/drivers/uart.c'
' '
'Building file: ../src/helloworld.c'
'Invoking: MicroBlaze gcc compiler'
mb-gcc -Wall -O0 -g3 -c -fmessage-length=0 -MT"src/helloworld.o" -D __BAREMETAL__ -I../../microblaze_stream_test_bsp/microblaze_0/include -mlittle-endian -mcpu=v11.0 -mxl-soft-mul -Wl,--no-relax -ffunction-sections -fdata-sections -MMD -MP -MF"src/helloworld.d" -MT"src/helloworld.o" -o "src/helloworld.o" "../src/helloworld.c"
../src/helloworld.c: In function 'main':
../src/helloworld.c:69:2: warning: implicit declaration of function 'rf_init'; did you mean 'uart_init'? [-Wimplicit-function-declaration]
  rf_init();
  ^~~~~~~
  uart_init
'Finished building: ../src/helloworld.c'
' '
'Building file: ../src/platform.c'
'Invoking: MicroBlaze gcc compiler'
mb-gcc -Wall -O0 -g3 -c -fmessage-length=0 -MT"src/platform.o" -D __BAREMETAL__ -I../../microblaze_stream_test_bsp/microblaze_0/include -mlittle-endian -mcpu=v11.0 -mxl-soft-mul -Wl,--no-relax -ffunction-sections -fdata-sections -MMD -MP -MF"src/platform.d" -MT"src/platform.o" -o "src/platform.o" "../src/platform.c"
'Finished building: ../src/platform.c'
' '
'Building target: microblaze_stream_test.elf'
'Invoking: MicroBlaze gcc linker'
mb-gcc -Wl,-T -Wl,../src/lscript.ld -L../../microblaze_stream_test_bsp/microblaze_0/lib -mlittle-endian -mcpu=v11.0 -mxl-soft-mul -Wl,--no-relax -Wl,--gc-sections -o "microblaze_stream_test.elf"  ./src/drivers/cmd_handler.o ./src/drivers/gpio.o ./src/drivers/rf.o ./src/drivers/uart.o  ./src/helloworld.o ./src/platform.o   -Wl,--start-group,-lxil,-lgcc,-lc,--end-group -Wl,--start-group,-lxil,-lmetal,-lgcc,-lc,--end-group
'Finished building target: microblaze_stream_test.elf'
' '
'Invoking: MicroBlaze Print Size'
mb-size microblaze_stream_test.elf  |tee "microblaze_stream_test.elf.size"
   text	   data	    bss	    dec	    hex	filename
  76006	   3472	   9994	  89472	  15d80	microblaze_stream_test.elf
'Finished building: microblaze_stream_test.elf.size'
' '
11:33:21 **** Auto Build of configuration Debug for project microblaze_stream_test ****
make all 
'Building file: ../src/drivers/cmd_handler.c'
'Invoking: MicroBlaze gcc compiler'
mb-gcc -Wall -O0 -g3 -c -fmessage-length=0 -MT"src/drivers/cmd_handler.o" -D __BAREMETAL__ -I../../microblaze_stream_test_bsp/microblaze_0/include -mlittle-endian -mcpu=v11.0 -mxl-soft-mul -Wl,--no-relax -ffunction-sections -fdata-sections -MMD -MP -MF"src/drivers/cmd_handler.d" -MT"src/drivers/cmd_handler.o" -o "src/drivers/cmd_handler.o" "../src/drivers/cmd_handler.c"
In file included from ../src/drivers/gpio.h:12,
                 from ../src/drivers/cmd_handler.c:10:
../../microblaze_stream_test_bsp/microblaze_0/include/xbasic_types.h:120:2: warning: #warning The xbasics_type.h file is deprecated and users should use xil_types.h and xil_assert. [-Wcpp]
 #warning  The xbasics_type.h file is deprecated and users should use xil_types.h and xil_assert.
  ^~~~~~~
../../microblaze_stream_test_bsp/microblaze_0/include/xbasic_types.h:121:2: warning: #warning Please refer the Standalone BSP UG647 for further details [-Wcpp]
 #warning  Please refer the Standalone BSP UG647 for further details
  ^~~~~~~
../src/drivers/cmd_handler.c: In function 'cmd_sine_test':
../src/drivers/cmd_handler.c:58:2: warning: implicit declaration of function 'rf_flush_buffer'; did you mean '_fflush_r'? [-Wimplicit-function-declaration]
  rf_flush_buffer();
  ^~~~~~~~~~~~~~~
  _fflush_r
'Finished building: ../src/drivers/cmd_handler.c'
' '
'Building file: ../src/drivers/rf.c'
'Invoking: MicroBlaze gcc compiler'
mb-gcc -Wall -O0 -g3 -c -fmessage-length=0 -MT"src/drivers/rf.o" -D __BAREMETAL__ -I../../microblaze_stream_test_bsp/microblaze_0/include -mlittle-endian -mcpu=v11.0 -mxl-soft-mul -Wl,--no-relax -ffunction-sections -fdata-sections -MMD -MP -MF"src/drivers/rf.d" -MT"src/drivers/rf.o" -o "src/drivers/rf.o" "../src/drivers/rf.c"
In file included from ../src/drivers/gpio.h:12,
                 from ../src/drivers/rf.c:9:
../../microblaze_stream_test_bsp/microblaze_0/include/xbasic_types.h:120:2: warning: #warning The xbasics_type.h file is deprecated and users should use xil_types.h and xil_assert. [-Wcpp]
 #warning  The xbasics_type.h file is deprecated and users should use xil_types.h and xil_assert.
  ^~~~~~~
../../microblaze_stream_test_bsp/microblaze_0/include/xbasic_types.h:121:2: warning: #warning Please refer the Standalone BSP UG647 for further details [-Wcpp]
 #warning  Please refer the Standalone BSP UG647 for further details
  ^~~~~~~
../src/drivers/rf.c: In function 'rf_init':
../src/drivers/rf.c:151:2: warning: implicit declaration of function 'debug_print'; did you mean 'xdbg_printf'? [-Wimplicit-function-declaration]
  debug_print("Running RF self test...");
  ^~~~~~~~~~~
  xdbg_printf
../src/drivers/rf.c:153:5: warning: implicit declaration of function 'rf_self_test'; did you mean 'rf_sine_test'? [-Wimplicit-function-declaration]
  if(rf_self_test() == XRFDC_SUCCESS)
     ^~~~~~~~~~~~
     rf_sine_test
'Finished building: ../src/drivers/rf.c'
' '
'Building file: ../src/helloworld.c'
'Invoking: MicroBlaze gcc compiler'
mb-gcc -Wall -O0 -g3 -c -fmessage-length=0 -MT"src/helloworld.o" -D __BAREMETAL__ -I../../microblaze_stream_test_bsp/microblaze_0/include -mlittle-endian -mcpu=v11.0 -mxl-soft-mul -Wl,--no-relax -ffunction-sections -fdata-sections -MMD -MP -MF"src/helloworld.d" -MT"src/helloworld.o" -o "src/helloworld.o" "../src/helloworld.c"
'Finished building: ../src/helloworld.c'
' '
'Building target: microblaze_stream_test.elf'
'Invoking: MicroBlaze gcc linker'
mb-gcc -Wl,-T -Wl,../src/lscript.ld -L../../microblaze_stream_test_bsp/microblaze_0/lib -mlittle-endian -mcpu=v11.0 -mxl-soft-mul -Wl,--no-relax -Wl,--gc-sections -o "microblaze_stream_test.elf"  ./src/drivers/cmd_handler.o ./src/drivers/gpio.o ./src/drivers/rf.o ./src/drivers/uart.o  ./src/helloworld.o ./src/platform.o   -Wl,--start-group,-lxil,-lgcc,-lc,--end-group -Wl,--start-group,-lxil,-lmetal,-lgcc,-lc,--end-group
'Finished building target: microblaze_stream_test.elf'
' '
'Invoking: MicroBlaze Print Size'
mb-size microblaze_stream_test.elf  |tee "microblaze_stream_test.elf.size"
   text	   data	    bss	    dec	    hex	filename
  76006	   3472	   9994	  89472	  15d80	microblaze_stream_test.elf
'Finished building: microblaze_stream_test.elf.size'
' '
11:33:39 **** Auto Build of configuration Debug for project microblaze_stream_test ****
make all 
'Building file: ../src/helloworld.c'
'Invoking: MicroBlaze gcc compiler'
mb-gcc -Wall -O0 -g3 -c -fmessage-length=0 -MT"src/helloworld.o" -D __BAREMETAL__ -I../../microblaze_stream_test_bsp/microblaze_0/include -mlittle-endian -mcpu=v11.0 -mxl-soft-mul -Wl,--no-relax -ffunction-sections -fdata-sections -MMD -MP -MF"src/helloworld.d" -MT"src/helloworld.o" -o "src/helloworld.o" "../src/helloworld.c"
'Finished building: ../src/helloworld.c'
' '
'Building target: microblaze_stream_test.elf'
'Invoking: MicroBlaze gcc linker'
mb-gcc -Wl,-T -Wl,../src/lscript.ld -L../../microblaze_stream_test_bsp/microblaze_0/lib -mlittle-endian -mcpu=v11.0 -mxl-soft-mul -Wl,--no-relax -Wl,--gc-sections -o "microblaze_stream_test.elf"  ./src/drivers/cmd_handler.o ./src/drivers/gpio.o ./src/drivers/rf.o ./src/drivers/uart.o  ./src/helloworld.o ./src/platform.o   -Wl,--start-group,-lxil,-lgcc,-lc,--end-group -Wl,--start-group,-lxil,-lmetal,-lgcc,-lc,--end-group
'Finished building target: microblaze_stream_test.elf'
' '
'Invoking: MicroBlaze Print Size'
mb-size microblaze_stream_test.elf  |tee "microblaze_stream_test.elf.size"
   text	   data	    bss	    dec	    hex	filename
  76006	   3472	   9994	  89472	  15d80	microblaze_stream_test.elf
'Finished building: microblaze_stream_test.elf.size'
' '
11:35:45 **** Incremental Build of configuration Debug for project microblaze_stream_test ****
make all 
make: Nothing to be done for 'all'.
11:39:18 **** Auto Build of configuration Debug for project microblaze_stream_test ****
make all 
'Building file: ../src/drivers/rf.c'
'Invoking: MicroBlaze gcc compiler'
mb-gcc -Wall -O0 -g3 -c -fmessage-length=0 -MT"src/drivers/rf.o" -D __BAREMETAL__ -I../../microblaze_stream_test_bsp/microblaze_0/include -mlittle-endian -mcpu=v11.0 -mxl-soft-mul -Wl,--no-relax -ffunction-sections -fdata-sections -MMD -MP -MF"src/drivers/rf.d" -MT"src/drivers/rf.o" -o "src/drivers/rf.o" "../src/drivers/rf.c"
In file included from ../src/drivers/gpio.h:12,
                 from ../src/drivers/rf.c:9:
../../microblaze_stream_test_bsp/microblaze_0/include/xbasic_types.h:120:2: warning: #warning The xbasics_type.h file is deprecated and users should use xil_types.h and xil_assert. [-Wcpp]
 #warning  The xbasics_type.h file is deprecated and users should use xil_types.h and xil_assert.
  ^~~~~~~
../../microblaze_stream_test_bsp/microblaze_0/include/xbasic_types.h:121:2: warning: #warning Please refer the Standalone BSP UG647 for further details [-Wcpp]
 #warning  Please refer the Standalone BSP UG647 for further details
  ^~~~~~~
../src/drivers/rf.c: In function 'rf_init':
../src/drivers/rf.c:182:2: warning: implicit declaration of function 'debug_print'; did you mean 'xdbg_printf'? [-Wimplicit-function-declaration]
  debug_print("Running RF self test...");
  ^~~~~~~~~~~
  xdbg_printf
../src/drivers/rf.c:184:5: warning: implicit declaration of function 'rf_self_test'; did you mean 'rf_sine_test'? [-Wimplicit-function-declaration]
  if(rf_self_test() == XRFDC_SUCCESS)
     ^~~~~~~~~~~~
     rf_sine_test
'Finished building: ../src/drivers/rf.c'
' '
'Building target: microblaze_stream_test.elf'
'Invoking: MicroBlaze gcc linker'
mb-gcc -Wl,-T -Wl,../src/lscript.ld -L../../microblaze_stream_test_bsp/microblaze_0/lib -mlittle-endian -mcpu=v11.0 -mxl-soft-mul -Wl,--no-relax -Wl,--gc-sections -o "microblaze_stream_test.elf"  ./src/drivers/cmd_handler.o ./src/drivers/gpio.o ./src/drivers/rf.o ./src/drivers/uart.o  ./src/helloworld.o ./src/platform.o   -Wl,--start-group,-lxil,-lgcc,-lc,--end-group -Wl,--start-group,-lxil,-lmetal,-lgcc,-lc,--end-group
'Finished building target: microblaze_stream_test.elf'
' '
'Invoking: MicroBlaze Print Size'
mb-size microblaze_stream_test.elf  |tee "microblaze_stream_test.elf.size"
   text	   data	    bss	    dec	    hex	filename
  76006	   3472	   9994	  89472	  15d80	microblaze_stream_test.elf
'Finished building: microblaze_stream_test.elf.size'
' '
11:39:28 **** Auto Build of configuration Debug for project microblaze_stream_test ****
make all 
'Building file: ../src/drivers/cmd_handler.c'
'Invoking: MicroBlaze gcc compiler'
mb-gcc -Wall -O0 -g3 -c -fmessage-length=0 -MT"src/drivers/cmd_handler.o" -D __BAREMETAL__ -I../../microblaze_stream_test_bsp/microblaze_0/include -mlittle-endian -mcpu=v11.0 -mxl-soft-mul -Wl,--no-relax -ffunction-sections -fdata-sections -MMD -MP -MF"src/drivers/cmd_handler.d" -MT"src/drivers/cmd_handler.o" -o "src/drivers/cmd_handler.o" "../src/drivers/cmd_handler.c"
In file included from ../src/drivers/gpio.h:12,
                 from ../src/drivers/cmd_handler.c:10:
../../microblaze_stream_test_bsp/microblaze_0/include/xbasic_types.h:120:2: warning: #warning The xbasics_type.h file is deprecated and users should use xil_types.h and xil_assert. [-Wcpp]
 #warning  The xbasics_type.h file is deprecated and users should use xil_types.h and xil_assert.
  ^~~~~~~
../../microblaze_stream_test_bsp/microblaze_0/include/xbasic_types.h:121:2: warning: #warning Please refer the Standalone BSP UG647 for further details [-Wcpp]
 #warning  Please refer the Standalone BSP UG647 for further details
  ^~~~~~~
../src/drivers/cmd_handler.c: In function 'cmd_sine_test':
../src/drivers/cmd_handler.c:58:2: warning: implicit declaration of function 'rf_flush_buffer'; did you mean '_fflush_r'? [-Wimplicit-function-declaration]
  rf_flush_buffer();
  ^~~~~~~~~~~~~~~
  _fflush_r
'Finished building: ../src/drivers/cmd_handler.c'
' '
'Building file: ../src/drivers/rf.c'
'Invoking: MicroBlaze gcc compiler'
mb-gcc -Wall -O0 -g3 -c -fmessage-length=0 -MT"src/drivers/rf.o" -D __BAREMETAL__ -I../../microblaze_stream_test_bsp/microblaze_0/include -mlittle-endian -mcpu=v11.0 -mxl-soft-mul -Wl,--no-relax -ffunction-sections -fdata-sections -MMD -MP -MF"src/drivers/rf.d" -MT"src/drivers/rf.o" -o "src/drivers/rf.o" "../src/drivers/rf.c"
In file included from ../src/drivers/gpio.h:12,
                 from ../src/drivers/rf.c:9:
../../microblaze_stream_test_bsp/microblaze_0/include/xbasic_types.h:120:2: warning: #warning The xbasics_type.h file is deprecated and users should use xil_types.h and xil_assert. [-Wcpp]
 #warning  The xbasics_type.h file is deprecated and users should use xil_types.h and xil_assert.
  ^~~~~~~
../../microblaze_stream_test_bsp/microblaze_0/include/xbasic_types.h:121:2: warning: #warning Please refer the Standalone BSP UG647 for further details [-Wcpp]
 #warning  Please refer the Standalone BSP UG647 for further details
  ^~~~~~~
../src/drivers/rf.c: In function 'rf_init':
../src/drivers/rf.c:182:2: warning: implicit declaration of function 'debug_print'; did you mean 'xdbg_printf'? [-Wimplicit-function-declaration]
  debug_print("Running RF self test...");
  ^~~~~~~~~~~
  xdbg_printf
../src/drivers/rf.c:184:5: warning: implicit declaration of function 'rf_self_test'; did you mean 'rf_sine_test'? [-Wimplicit-function-declaration]
  if(rf_self_test() == XRFDC_SUCCESS)
     ^~~~~~~~~~~~
     rf_sine_test
'Finished building: ../src/drivers/rf.c'
' '
'Building file: ../src/helloworld.c'
'Invoking: MicroBlaze gcc compiler'
mb-gcc -Wall -O0 -g3 -c -fmessage-length=0 -MT"src/helloworld.o" -D __BAREMETAL__ -I../../microblaze_stream_test_bsp/microblaze_0/include -mlittle-endian -mcpu=v11.0 -mxl-soft-mul -Wl,--no-relax -ffunction-sections -fdata-sections -MMD -MP -MF"src/helloworld.d" -MT"src/helloworld.o" -o "src/helloworld.o" "../src/helloworld.c"
'Finished building: ../src/helloworld.c'
' '
'Building target: microblaze_stream_test.elf'
'Invoking: MicroBlaze gcc linker'
mb-gcc -Wl,-T -Wl,../src/lscript.ld -L../../microblaze_stream_test_bsp/microblaze_0/lib -mlittle-endian -mcpu=v11.0 -mxl-soft-mul -Wl,--no-relax -Wl,--gc-sections -o "microblaze_stream_test.elf"  ./src/drivers/cmd_handler.o ./src/drivers/gpio.o ./src/drivers/rf.o ./src/drivers/uart.o  ./src/helloworld.o ./src/platform.o   -Wl,--start-group,-lxil,-lgcc,-lc,--end-group -Wl,--start-group,-lxil,-lmetal,-lgcc,-lc,--end-group
'Finished building target: microblaze_stream_test.elf'
' '
'Invoking: MicroBlaze Print Size'
mb-size microblaze_stream_test.elf  |tee "microblaze_stream_test.elf.size"
   text	   data	    bss	    dec	    hex	filename
  76006	   3472	   9994	  89472	  15d80	microblaze_stream_test.elf
'Finished building: microblaze_stream_test.elf.size'
' '
11:40:47 **** Auto Build of configuration Debug for project microblaze_stream_test ****
make all 
'Building file: ../src/drivers/cmd_handler.c'
'Invoking: MicroBlaze gcc compiler'
mb-gcc -Wall -O0 -g3 -c -fmessage-length=0 -MT"src/drivers/cmd_handler.o" -D __BAREMETAL__ -I../../microblaze_stream_test_bsp/microblaze_0/include -mlittle-endian -mcpu=v11.0 -mxl-soft-mul -Wl,--no-relax -ffunction-sections -fdata-sections -MMD -MP -MF"src/drivers/cmd_handler.d" -MT"src/drivers/cmd_handler.o" -o "src/drivers/cmd_handler.o" "../src/drivers/cmd_handler.c"
In file included from ../src/drivers/gpio.h:12,
                 from ../src/drivers/cmd_handler.c:10:
../../microblaze_stream_test_bsp/microblaze_0/include/xbasic_types.h:120:2: warning: #warning The xbasics_type.h file is deprecated and users should use xil_types.h and xil_assert. [-Wcpp]
 #warning  The xbasics_type.h file is deprecated and users should use xil_types.h and xil_assert.
  ^~~~~~~
../../microblaze_stream_test_bsp/microblaze_0/include/xbasic_types.h:121:2: warning: #warning Please refer the Standalone BSP UG647 for further details [-Wcpp]
 #warning  Please refer the Standalone BSP UG647 for further details
  ^~~~~~~
../src/drivers/cmd_handler.c: In function 'handle_cmd':
../src/drivers/cmd_handler.c:36:3: warning: implicit declaration of function 'cmd_repeat_test'; did you mean 'rf_repeat_test'? [-Wimplicit-function-declaration]
   cmd_repeat_test();
   ^~~~~~~~~~~~~~~
   rf_repeat_test
../src/drivers/cmd_handler.c: At top level:
../src/drivers/cmd_handler.c:44:6: warning: conflicting types for 'cmd_repeat_test'
 void cmd_repeat_test()
      ^~~~~~~~~~~~~~~
../src/drivers/cmd_handler.c:36:3: note: previous implicit declaration of 'cmd_repeat_test' was here
   cmd_repeat_test();
   ^~~~~~~~~~~~~~~
../src/drivers/cmd_handler.c: In function 'cmd_sine_test':
../src/drivers/cmd_handler.c:69:2: warning: implicit declaration of function 'rf_flush_buffer'; did you mean '_fflush_r'? [-Wimplicit-function-declaration]
  rf_flush_buffer();
  ^~~~~~~~~~~~~~~
  _fflush_r
'Finished building: ../src/drivers/cmd_handler.c'
' '
'Building file: ../src/helloworld.c'
'Invoking: MicroBlaze gcc compiler'
mb-gcc -Wall -O0 -g3 -c -fmessage-length=0 -MT"src/helloworld.o" -D __BAREMETAL__ -I../../microblaze_stream_test_bsp/microblaze_0/include -mlittle-endian -mcpu=v11.0 -mxl-soft-mul -Wl,--no-relax -ffunction-sections -fdata-sections -MMD -MP -MF"src/helloworld.d" -MT"src/helloworld.o" -o "src/helloworld.o" "../src/helloworld.c"
'Finished building: ../src/helloworld.c'
' '
'Building target: microblaze_stream_test.elf'
'Invoking: MicroBlaze gcc linker'
[...]
 #warning  The xbasics_type.h file is deprecated and users should use xil_types.h and xil_assert.
  ^~~~~~~
../../microblaze_stream_test_bsp/microblaze_0/include/xbasic_types.h:121:2: warning: #warning Please refer the Standalone BSP UG647 for further details [-Wcpp]
 #warning  Please refer the Standalone BSP UG647 for further details
  ^~~~~~~
../src/drivers/rf.c: In function 'rf_init':
../src/drivers/rf.c:191:2: warning: implicit declaration of function 'debug_print'; did you mean 'xdbg_printf'? [-Wimplicit-function-declaration]
  debug_print("Running RF self test...");
  ^~~~~~~~~~~
  xdbg_printf
../src/drivers/rf.c:193:5: warning: implicit declaration of function 'rf_self_test'; did you mean 'rf_sine_test'? [-Wimplicit-function-declaration]
  if(rf_self_test() == XRFDC_SUCCESS)
     ^~~~~~~~~~~~
     rf_sine_test
'Finished building: ../src/drivers/rf.c'
' '
'Building target: microblaze_stream_test.elf'
'Invoking: MicroBlaze gcc linker'
mb-gcc -Wl,-T -Wl,../src/lscript.ld -L../../microblaze_stream_test_bsp/microblaze_0/lib -mlittle-endian -mcpu=v11.0 -mxl-soft-mul -Wl,--no-relax -Wl,--gc-sections -o "microblaze_stream_test.elf"  ./src/drivers/cmd_handler.o ./src/drivers/gpio.o ./src/drivers/rf.o ./src/drivers/uart.o  ./src/helloworld.o ./src/platform.o   -Wl,--start-group,-lxil,-lgcc,-lc,--end-group -Wl,--start-group,-lxil,-lmetal,-lgcc,-lc,--end-group
'Finished building target: microblaze_stream_test.elf'
' '
'Invoking: MicroBlaze Print Size'
mb-size microblaze_stream_test.elf  |tee "microblaze_stream_test.elf.size"
   text	   data	    bss	    dec	    hex	filename
  77206	   3472	   9994	  90672	  16230	microblaze_stream_test.elf
'Finished building: microblaze_stream_test.elf.size'
' '
18:25:07 **** Incremental Build of configuration Debug for project microblaze_stream_test ****
make all 
make: Nothing to be done for 'all'.
18:28:56 **** Incremental Build of configuration Debug for project microblaze_stream_test ****
make all 
make: Nothing to be done for 'all'.
14:36:12 **** Clean-only build of project microblaze_stream_test_bsp ****
make -k clean 
make -C microblaze_0/libsrc/bram_v4_3/src -s clean 
make -C microblaze_0/libsrc/cpu_v2_9/src -s clean 
make -C microblaze_0/libsrc/gpio_v4_4/src -s clean 
make -C microblaze_0/libsrc/libmetal_v2_0/src -s clean 
make -C microblaze_0/libsrc/rfdc_v6_0/src -s clean 
rm: cannot lstat `*.o': Invalid argument
make[1]: *** [Makefile:28: clean] Error 1
make: *** [Makefile:33: microblaze_0/libsrc/rfdc_v6_0/src/make.clean] Error 2
make -C microblaze_0/libsrc/standalone_v7_0/src -s clean 
make -C microblaze_0/libsrc/uartlite_v3_2/src -s clean 
make: Target 'clean' not remade because of errors.
14:36:14 **** Clean-only build of configuration Debug for project microblaze_stream_test ****
make clean 
rm -rf  ./src/drivers/cmd_handler.o ./src/drivers/gpio.o ./src/drivers/rf.o ./src/drivers/uart.o  ./src/helloworld.o ./src/platform.o  ./src/drivers/cmd_handler.d ./src/drivers/gpio.d ./src/drivers/rf.d ./src/drivers/uart.d  ./src/helloworld.d ./src/platform.d  microblaze_stream_test.elf.size  microblaze_stream_test.elf
' '
14:36:15 **** Build of project microblaze_stream_test_bsp ****
make -k all 
"Running Make include in microblaze_0/libsrc/bram_v4_3/src"
make -C microblaze_0/libsrc/bram_v4_3/src -s include  "SHELL=CMD" "COMPILER=mb-gcc" "ARCHIVER=mb-ar" "COMPILER_FLAGS=  -O2 -c -mcpu=v11.0 -mlittle-endian -mxl-soft-mul" "EXTRA_COMPILER_FLAGS=-ffunction-sections -fdata-sections -Wall -Wextra"
"Running Make include in microblaze_0/libsrc/cpu_v2_9/src"
make -C microblaze_0/libsrc/cpu_v2_9/src -s include  "SHELL=CMD" "COMPILER=mb-gcc" "ARCHIVER=mb-ar" "COMPILER_FLAGS=  -O2 -c -mcpu=v11.0 -mlittle-endian -mxl-soft-mul" "EXTRA_COMPILER_FLAGS=-ffunction-sections -fdata-sections -Wall -Wextra"
"Running Make include in microblaze_0/libsrc/gpio_v4_4/src"
make -C microblaze_0/libsrc/gpio_v4_4/src -s include  "SHELL=CMD" "COMPILER=mb-gcc" "ARCHIVER=mb-ar" "COMPILER_FLAGS=  -O2 -c -mcpu=v11.0 -mlittle-endian -mxl-soft-mul" "EXTRA_COMPILER_FLAGS=-ffunction-sections -fdata-sections -Wall -Wextra"
"Running Make include in microblaze_0/libsrc/libmetal_v2_0/src"
make -C microblaze_0/libsrc/libmetal_v2_0/src -s include  "SHELL=CMD" "COMPILER=mb-gcc" "ARCHIVER=mb-ar" "COMPILER_FLAGS=  -O2 -c -mcpu=v11.0 -mlittle-endian -mxl-soft-mul" "EXTRA_COMPILER_FLAGS=-ffunction-sections -fdata-sections -Wall -Wextra"
"Running Make include in microblaze_0/libsrc/rfdc_v6_0/src"
make -C microblaze_0/libsrc/rfdc_v6_0/src -s include  "SHELL=CMD" "COMPILER=mb-gcc" "ARCHIVER=mb-ar" "COMPILER_FLAGS=  -O2 -c -mcpu=v11.0 -mlittle-endian -mxl-soft-mul" "EXTRA_COMPILER_FLAGS=-ffunction-sections -fdata-sections -Wall -Wextra"
"Running Make include in microblaze_0/libsrc/standalone_v7_0/src"
make -C microblaze_0/libsrc/standalone_v7_0/src -s include  "SHELL=CMD" "COMPILER=mb-gcc" "ARCHIVER=mb-ar" "COMPILER_FLAGS=  -O2 -c -mcpu=v11.0 -mlittle-endian -mxl-soft-mul" "EXTRA_COMPILER_FLAGS=-ffunction-sections -fdata-sections -Wall -Wextra"
"Running Make include in microblaze_0/libsrc/uartlite_v3_2/src"
make -C microblaze_0/libsrc/uartlite_v3_2/src -s include  "SHELL=CMD" "COMPILER=mb-gcc" "ARCHIVER=mb-ar" "COMPILER_FLAGS=  -O2 -c -mcpu=v11.0 -mlittle-endian -mxl-soft-mul" "EXTRA_COMPILER_FLAGS=-ffunction-sections -fdata-sections -Wall -Wextra"
"Running Make libs in microblaze_0/libsrc/bram_v4_3/src"
make -C microblaze_0/libsrc/bram_v4_3/src -s libs  "SHELL=CMD" "COMPILER=mb-gcc" "ARCHIVER=mb-ar" "COMPILER_FLAGS=  -O2 -c -mcpu=v11.0 -mlittle-endian -mxl-soft-mul" "EXTRA_COMPILER_FLAGS=-ffunction-sections -fdata-sections -Wall -Wextra"
"Compiling bram"
mb-ar: creating ../../../lib/libxil.a
"Running Make libs in microblaze_0/libsrc/cpu_v2_9/src"
make -C microblaze_0/libsrc/cpu_v2_9/src -s libs  "SHELL=CMD" "COMPILER=mb-gcc" "ARCHIVER=mb-ar" "COMPILER_FLAGS=  -O2 -c -mcpu=v11.0 -mlittle-endian -mxl-soft-mul" "EXTRA_COMPILER_FLAGS=-ffunction-sections -fdata-sections -Wall -Wextra"
"Compiling cpu"
"Running Make libs in microblaze_0/libsrc/gpio_v4_4/src"
make -C microblaze_0/libsrc/gpio_v4_4/src -s libs  "SHELL=CMD" "COMPILER=mb-gcc" "ARCHIVER=mb-ar" "COMPILER_FLAGS=  -O2 -c -mcpu=v11.0 -mlittle-endian -mxl-soft-mul" "EXTRA_COMPILER_FLAGS=-ffunction-sections -fdata-sections -Wall -Wextra"
"Compiling gpio"
"Running Make libs in microblaze_0/libsrc/libmetal_v2_0/src"
make -C microblaze_0/libsrc/libmetal_v2_0/src -s libs  "SHELL=CMD" "COMPILER=mb-gcc" "ARCHIVER=mb-ar" "COMPILER_FLAGS=  -O2 -c -mcpu=v11.0 -mlittle-endian -mxl-soft-mul" "EXTRA_COMPILER_FLAGS=-ffunction-sections -fdata-sections -Wall -Wextra"
Scanning dependencies of target metal-static
[  5%] Building C object lib/CMakeFiles/metal-static.dir/dma.c.obj
[ 10%] Building C object lib/CMakeFiles/metal-static.dir/device.c.obj
[ 15%] Building C object lib/CMakeFiles/metal-static.dir/init.c.obj
[ 21%] Building C object lib/CMakeFiles/metal-static.dir/io.c.obj
[ 26%] Building C object lib/CMakeFiles/metal-static.dir/irq.c.obj
[ 31%] Building C object lib/CMakeFiles/metal-static.dir/log.c.obj
[ 36%] Building C object lib/CMakeFiles/metal-static.dir/shmem.c.obj
[ 42%] Building C object lib/CMakeFiles/metal-static.dir/shmem-provider.c.obj
[ 47%] Building C object lib/CMakeFiles/metal-static.dir/softirq.c.obj
[ 52%] Building C object lib/CMakeFiles/metal-static.dir/version.c.obj
[ 57%] Building C object lib/CMakeFiles/metal-static.dir/system/generic/condition.c.obj
[ 63%] Building C object lib/CMakeFiles/metal-static.dir/system/generic/device.c.obj
[ 68%] Building C object lib/CMakeFiles/metal-static.dir/system/generic/init.c.obj
[ 73%] Building C object lib/CMakeFiles/metal-static.dir/system/generic/io.c.obj
[ 78%] Building C object lib/CMakeFiles/metal-static.dir/system/generic/irq.c.obj
[ 84%] Building C object lib/CMakeFiles/metal-static.dir/system/generic/time.c.obj
[ 89%] Building C object lib/CMakeFiles/metal-static.dir/system/generic/microblaze_generic/sys.c.obj
[ 94%] Building C object lib/CMakeFiles/metal-static.dir/system/generic/xlnx_common/irq.c.obj
[100%] Linking C static library libmetal.a
C:/Xilinx/SDK/2019.1/gnu/microblaze/nt/bin/mb-ar.exe cq libmetal.a  CMakeFiles/metal-static.dir/dma.c.obj CMakeFiles/metal-static.dir/device.c.obj CMakeFiles/metal-static.dir/init.c.obj CMakeFiles/metal-static.dir/io.c.obj CMakeFiles/metal-static.dir/irq.c.obj CMakeFiles/metal-static.dir/log.c.obj CMakeFiles/metal-static.dir/shmem.c.obj CMakeFiles/metal-static.dir/shmem-provider.c.obj CMakeFiles/metal-static.dir/softirq.c.obj CMakeFiles/metal-static.dir/version.c.obj CMakeFiles/metal-static.dir/system/generic/condition.c.obj CMakeFiles/metal-static.dir/system/generic/device.c.obj CMakeFiles/metal-static.dir/system/generic/init.c.obj CMakeFiles/metal-static.dir/system/generic/io.c.obj CMakeFiles/metal-static.dir/system/generic/irq.c.obj CMakeFiles/metal-static.dir/system/generic/time.c.obj CMakeFiles/metal-static.dir/system/generic/microblaze_generic/sys.c.obj CMakeFiles/metal-static.dir/system/generic/xlnx_common/irq.c.obj
C:/Xilinx/SDK/2019.1/gnu/microblaze/nt/bin/mb-ranlib.exe libmetal.a
[100%] Built target metal-static
Install the project...
-- Install configuration: "Debug"
-- Installing: ../../../include/metal/alloc.h
-- Installing: ../../../include/metal/assert.h
-- Installing: ../../../include/metal/atomic.h
-- Installing: ../../../include/metal/cache.h
-- Installing: ../../../include/metal/compiler.h
-- Installing: ../../../include/metal/condition.h
-- Installing: ../../../include/metal/config.h
-- Installing: ../../../include/metal/cpu.h
-- Installing: ../../../include/metal/device.h
-- Installing: ../../../include/metal/dma.h
-- Installing: ../../../include/metal/io.h
-- Installing: ../../../include/metal/irq.h
-- Installing: ../../../include/metal/irq_controller.h
-- Installing: ../../../include/metal/list.h
-- Installing: ../../../include/metal/log.h
-- Installing: ../../../include/metal/mutex.h
-- Installing: ../../../include/metal/scatterlist.h
-- Installing: ../../../include/metal/shmem.h
-- Installing: ../../../include/metal/shmem-provider.h
-- Installing: ../../../include/metal/sleep.h
-- Installing: ../../../include/metal/softirq.h
-- Installing: ../../../include/metal/spinlock.h
-- Installing: ../../../include/metal/sys.h
-- Installing: ../../../include/metal/time.h
-- Installing: ../../../include/metal/utilities.h
-- Installing: ../../../include/metal/version.h
-- Installing: ../../../include/metal/compiler/gcc/atomic.h
-- Installing: ../../../include/metal/compiler/gcc/compiler.h
-- Installing: ../../../include/metal/compiler/iar/compiler.h
-- Installing: ../../../include/metal/processor/microblaze/atomic.h
-- Installing: ../../../include/metal/processor/microblaze/cpu.h
-- Installing: ../../../include/metal/system/generic/alloc.h
-- Installing: ../../../include/metal/system/generic/assert.h
-- Installing: ../../../include/metal/system/generic/cache.h
-- Installing: ../../../include/metal/system/generic/condition.h
-- Installing: ../../../include/metal/system/generic/io.h
-- Installing: ../../../include/metal/system/generic/irq.h
-- Installing: ../../../include/metal/system/generic/log.h
-- Installing: ../../../include/metal/system/generic/mutex.h
-- Installing: ../../../include/metal/system/generic/sleep.h
-- Installing: ../../../include/metal/system/generic/sys.h
-- Installing: ../../../include/metal/system/generic/microblaze_generic/sys.h
-- Installing: ../../../include/metal/system/generic/xlnx_common/sys.h
-- Installing: ../../../lib/libmetal.a
"Running Make libs in microblaze_0/libsrc/rfdc_v6_0/src"
make -C microblaze_0/libsrc/rfdc_v6_0/src -s libs  "SHELL=CMD" "COMPILER=mb-gcc" "ARCHIVER=mb-ar" "COMPILER_FLAGS=  -O2 -c -mcpu=v11.0 -mlittle-endian -mxl-soft-mul" "EXTRA_COMPILER_FLAGS=-ffunction-sections -fdata-sections -Wall -Wextra"
"Compiling rfdc"
"Running Make libs in microblaze_0/libsrc/standalone_v7_0/src"
make -C microblaze_0/libsrc/standalone_v7_0/src -s libs  "SHELL=CMD" "COMPILER=mb-gcc" "ARCHIVER=mb-ar" "COMPILER_FLAGS=  -O2 -c -mcpu=v11.0 -mlittle-endian -mxl-soft-mul" "EXTRA_COMPILER_FLAGS=-ffunction-sections -fdata-sections -Wall -Wextra"
"Compiling standalone";
microblaze_sleep.c:77:9: note: #pragma message: For the sleep routines, assembly instructions are used
 #pragma message ("For the sleep routines, assembly instructions are used")
         ^~~~~~~
"Running Make libs in microblaze_0/libsrc/uartlite_v3_2/src"
make -C microblaze_0/libsrc/uartlite_v3_2/src -s libs  "SHELL=CMD" "COMPILER=mb-gcc" "ARCHIVER=mb-ar" "COMPILER_FLAGS=  -O2 -c -mcpu=v11.0 -mlittle-endian -mxl-soft-mul" "EXTRA_COMPILER_FLAGS=-ffunction-sections -fdata-sections -Wall -Wextra"
"Compiling uartlite"
'Finished building libraries'
14:36:42 **** Build of configuration Debug for project microblaze_stream_test ****
make all 
'Building file: ../src/drivers/cmd_handler.c'
'Invoking: MicroBlaze gcc compiler'
mb-gcc -Wall -O0 -g3 -c -fmessage-length=0 -MT"src/drivers/cmd_handler.o" -D __BAREMETAL__ -I../../microblaze_stream_test_bsp/microblaze_0/include -mlittle-endian -mcpu=v11.0 -mxl-soft-mul -Wl,--no-relax -ffunction-sections -fdata-sections -MMD -MP -MF"src/drivers/cmd_handler.d" -MT"src/drivers/cmd_handler.o" -o "src/drivers/cmd_handler.o" "../src/drivers/cmd_handler.c"
In file included from ../src/drivers/gpio.h:12,
                 from ../src/drivers/cmd_handler.c:10:
../../microblaze_stream_test_bsp/microblaze_0/include/xbasic_types.h:120:2: warning: #warning The xbasics_type.h file is deprecated and users should use xil_types.h and xil_assert. [-Wcpp]
 #warning  The xbasics_type.h file is deprecated and users should use xil_types.h and xil_assert.
  ^~~~~~~
../../microblaze_stream_test_bsp/microblaze_0/include/xbasic_types.h:121:2: warning: #warning Please refer the Standalone BSP UG647 for further details [-Wcpp]
 #warning  Please refer the Standalone BSP UG647 for further details
  ^~~~~~~
../src/drivers/cmd_handler.c: In function 'cmd_sine_test':
../src/drivers/cmd_handler.c:69:2: warning: implicit declaration of function 'rf_flush_buffer'; did you mean '_fflush_r'? [-Wimplicit-function-declaration]
  rf_flush_buffer();
  ^~~~~~~~~~~~~~~
  _fflush_r
'Finished building: ../src/drivers/cmd_handler.c'
' '
'Building file: ../src/drivers/gpio.c'
'Invoking: MicroBlaze gcc compiler'
mb-gcc -Wall -O0 -g3 -c -fmessage-length=0 -MT"src/drivers/gpio.o" -D __BAREMETAL__ -I../../microblaze_stream_test_bsp/microblaze_0/include -mlittle-endian -mcpu=v11.0 -mxl-soft-mul -Wl,--no-relax -ffunction-sections -fdata-sections -MMD -MP -MF"src/drivers/gpio.d" -MT"src/drivers/gpio.o" -o "src/drivers/gpio.o" "../src/drivers/gpio.c"
In file included from ../src/drivers/gpio.h:12,
                 from ../src/drivers/gpio.c:8:
../../microblaze_stream_test_bsp/microblaze_0/include/xbasic_types.h:120:2: warning: #warning The xbasics_type.h file is deprecated and users should use xil_types.h and xil_assert. [-Wcpp]
 #warning  The xbasics_type.h file is deprecated and users should use xil_types.h and xil_assert.
  ^~~~~~~
../../microblaze_stream_test_bsp/microblaze_0/include/xbasic_types.h:121:2: warning: #warning Please refer the Standalone BSP UG647 for further details [-Wcpp]
 #warning  Please refer the Standalone BSP UG647 for further details
  ^~~~~~~
../src/drivers/gpio.c: In function 'gpio_init':
../src/drivers/gpio.c:17:3: warning: implicit declaration of function 'debug_print' [-Wimplicit-function-declaration]
   debug_print("GPIO init success!");
   ^~~~~~~~~~~
../src/drivers/gpio.c: In function 'gpio_write_repeat_cycles':
../src/drivers/gpio.c:82:3: warning: implicit declaration of function 'usleep'; did you mean 'mb_sleep'? [-Wimplicit-function-declaration]
   usleep(1);
   ^~~~~~
   mb_sleep
'Finished building: ../src/drivers/gpio.c'
' '
'Building file: ../src/drivers/rf.c'
'Invoking: MicroBlaze gcc compiler'
mb-gcc -Wall -O0 -g3 -c -fmessage-length=0 -MT"src/drivers/rf.o" -D __BAREMETAL__ -I../../microblaze_stream_test_bsp/microblaze_0/include -mlittle-endian -mcpu=v11.0 -mxl-soft-mul -Wl,--no-relax -ffunction-sections -fdata-sections -MMD -MP -MF"src/drivers/rf.d" -MT"src/drivers/rf.o" -o "src/drivers/rf.o" "../src/drivers/rf.c"
In file included from ../src/drivers/gpio.h:12,
                 from ../src/drivers/rf.c:9:
../../microblaze_stream_test_bsp/microblaze_0/include/xbasic_types.h:120:2: warning: #warning The xbasics_type.h file is deprecated and users should use xil_types.h and xil_assert. [-Wcpp]
 #warning  The xbasics_type.h file is deprecated and users should use xil_types.h and xil_assert.
  ^~~~~~~
../../microblaze_stream_test_bsp/microblaze_0/include/xbasic_types.h:121:2: warning: #warning Please refer the Standalone BSP UG647 for further details [-Wcpp]
 #warning  Please refer the Standalone BSP UG647 for further details
  ^~~~~~~
../src/drivers/rf.c: In function 'rf_init':
../src/drivers/rf.c:191:2: warning: implicit declaration of function 'debug_print'; did you mean 'xdbg_printf'? [-Wimplicit-function-declaration]
  debug_print("Running RF self test...");
  ^~~~~~~~~~~
  xdbg_printf
../src/drivers/rf.c:193:5: warning: implicit declaration of function 'rf_self_test'; did you mean 'rf_sine_test'? [-Wimplicit-function-declaration]
  if(rf_self_test() == XRFDC_SUCCESS)
     ^~~~~~~~~~~~
     rf_sine_test
'Finished building: ../src/drivers/rf.c'
' '
'Building file: ../src/drivers/uart.c'
'Invoking: MicroBlaze gcc compiler'
mb-gcc -Wall -O0 -g3 -c -fmessage-length=0 -MT"src/drivers/uart.o" -D __BAREMETAL__ -I../../microblaze_stream_test_bsp/microblaze_0/include -mlittle-endian -mcpu=v11.0 -mxl-soft-mul -Wl,--no-relax -ffunction-sections -fdata-sections -MMD -MP -MF"src/drivers/uart.d" -MT"src/drivers/uart.o" -o "src/drivers/uart.o" "../src/drivers/uart.c"
../src/drivers/uart.c: In function 'debug_print':
../src/drivers/uart.c:12:2: warning: implicit declaration of function 'print' [-Wimplicit-function-declaration]
  print(buff);
  ^~~~~
'Finished building: ../src/drivers/uart.c'
' '
'Building file: ../src/helloworld.c'
'Invoking: MicroBlaze gcc compiler'
mb-gcc -Wall -O0 -g3 -c -fmessage-length=0 -MT"src/helloworld.o" -D __BAREMETAL__ -I../../microblaze_stream_test_bsp/microblaze_0/include -mlittle-endian -mcpu=v11.0 -mxl-soft-mul -Wl,--no-relax -ffunction-sections -fdata-sections -MMD -MP -MF"src/helloworld.d" -MT"src/helloworld.o" -o "src/helloworld.o" "../src/helloworld.c"
../src/helloworld.c: In function 'main':
../src/helloworld.c:72:2: warning: implicit declaration of function 'rf_flush_buffer'; did you mean '_fflush_r'? [-Wimplicit-function-declaration]
  rf_flush_buffer();
  ^~~~~~~~~~~~~~~
  _fflush_r
'Finished building: ../src/helloworld.c'
' '
'Building file: ../src/platform.c'
'Invoking: MicroBlaze gcc compiler'
mb-gcc -Wall -O0 -g3 -c -fmessage-length=0 -MT"src/platform.o" -D __BAREMETAL__ -I../../microblaze_stream_test_bsp/microblaze_0/include -mlittle-endian -mcpu=v11.0 -mxl-soft-mul -Wl,--no-relax -ffunction-sections -fdata-sections -MMD -MP -MF"src/platform.d" -MT"src/platform.o" -o "src/platform.o" "../src/platform.c"
'Finished building: ../src/platform.c'
' '
'Building target: microblaze_stream_test.elf'
'Invoking: MicroBlaze gcc linker'
mb-gcc -Wl,-T -Wl,../src/lscript.ld -L../../microblaze_stream_test_bsp/microblaze_0/lib -mlittle-endian -mcpu=v11.0 -mxl-soft-mul -Wl,--no-relax -Wl,--gc-sections -o "microblaze_stream_test.elf"  ./src/drivers/cmd_handler.o ./src/drivers/gpio.o ./src/drivers/rf.o ./src/drivers/uart.o  ./src/helloworld.o ./src/platform.o   -Wl,--start-group,-lxil,-lgcc,-lc,--end-group -Wl,--start-group,-lxil,-lmetal,-lgcc,-lc,--end-group
'Finished building target: microblaze_stream_test.elf'
' '
'Invoking: MicroBlaze Print Size'
mb-size microblaze_stream_test.elf  |tee "microblaze_stream_test.elf.size"
   text	   data	    bss	    dec	    hex	filename
  77206	   3472	   9994	  90672	  16230	microblaze_stream_test.elf
'Finished building: microblaze_stream_test.elf.size'
' '
