12:31:30 **** Build of project hello_test_bsp ****
make -k all 
"Running Make include in microblaze_mcs_0_microblaze_I/libsrc/bram_v4_3/src"
make -C microblaze_mcs_0_microblaze_I/libsrc/bram_v4_3/src -s include  "SHELL=CMD" "COMPILER=mb-gcc" "ARCHIVER=mb-ar" "COMPILER_FLAGS=  -O2 -c -mcpu=v11.0 -mlittle-endian -mno-xl-reorder -mxl-soft-mul" "EXTRA_COMPILER_FLAGS=-ffunction-sections -fdata-sections -Wall -Wextra"
"Running Make include in microblaze_mcs_0_microblaze_I/libsrc/cpu_v2_9/src"
make -C microblaze_mcs_0_microblaze_I/libsrc/cpu_v2_9/src -s include  "SHELL=CMD" "COMPILER=mb-gcc" "ARCHIVER=mb-ar" "COMPILER_FLAGS=  -O2 -c -mcpu=v11.0 -mlittle-endian -mno-xl-reorder -mxl-soft-mul" "EXTRA_COMPILER_FLAGS=-ffunction-sections -fdata-sections -Wall -Wextra"
"Running Make include in microblaze_mcs_0_microblaze_I/libsrc/iomodule_v2_7/src"
make -C microblaze_mcs_0_microblaze_I/libsrc/iomodule_v2_7/src -s include  "SHELL=CMD" "COMPILER=mb-gcc" "ARCHIVER=mb-ar" "COMPILER_FLAGS=  -O2 -c -mcpu=v11.0 -mlittle-endian -mno-xl-reorder -mxl-soft-mul" "EXTRA_COMPILER_FLAGS=-ffunction-sections -fdata-sections -Wall -Wextra"
"Running Make include in microblaze_mcs_0_microblaze_I/libsrc/standalone_v7_0/src"
make -C microblaze_mcs_0_microblaze_I/libsrc/standalone_v7_0/src -s include  "SHELL=CMD" "COMPILER=mb-gcc" "ARCHIVER=mb-ar" "COMPILER_FLAGS=  -O2 -c -mcpu=v11.0 -mlittle-endian -mno-xl-reorder -mxl-soft-mul" "EXTRA_COMPILER_FLAGS=-ffunction-sections -fdata-sections -Wall -Wextra"
"Running Make include in microblaze_mcs_0_microblaze_I/libsrc/uartlite_v3_2/src"
make -C microblaze_mcs_0_microblaze_I/libsrc/uartlite_v3_2/src -s include  "SHELL=CMD" "COMPILER=mb-gcc" "ARCHIVER=mb-ar" "COMPILER_FLAGS=  -O2 -c -mcpu=v11.0 -mlittle-endian -mno-xl-reorder -mxl-soft-mul" "EXTRA_COMPILER_FLAGS=-ffunction-sections -fdata-sections -Wall -Wextra"
"Running Make libs in microblaze_mcs_0_microblaze_I/libsrc/bram_v4_3/src"
make -C microblaze_mcs_0_microblaze_I/libsrc/bram_v4_3/src -s libs  "SHELL=CMD" "COMPILER=mb-gcc" "ARCHIVER=mb-ar" "COMPILER_FLAGS=  -O2 -c -mcpu=v11.0 -mlittle-endian -mno-xl-reorder -mxl-soft-mul" "EXTRA_COMPILER_FLAGS=-ffunction-sections -fdata-sections -Wall -Wextra"
"Compiling bram"
mb-ar: creating ../../../lib/libxil.a
"Running Make libs in microblaze_mcs_0_microblaze_I/libsrc/cpu_v2_9/src"
make -C microblaze_mcs_0_microblaze_I/libsrc/cpu_v2_9/src -s libs  "SHELL=CMD" "COMPILER=mb-gcc" "ARCHIVER=mb-ar" "COMPILER_FLAGS=  -O2 -c -mcpu=v11.0 -mlittle-endian -mno-xl-reorder -mxl-soft-mul" "EXTRA_COMPILER_FLAGS=-ffunction-sections -fdata-sections -Wall -Wextra"
"Compiling cpu"
"Running Make libs in microblaze_mcs_0_microblaze_I/libsrc/iomodule_v2_7/src"
make -C microblaze_mcs_0_microblaze_I/libsrc/iomodule_v2_7/src -s libs  "SHELL=CMD" "COMPILER=mb-gcc" "ARCHIVER=mb-ar" "COMPILER_FLAGS=  -O2 -c -mcpu=v11.0 -mlittle-endian -mno-xl-reorder -mxl-soft-mul" "EXTRA_COMPILER_FLAGS=-ffunction-sections -fdata-sections -Wall -Wextra"
"Compiling iomodule"
xiomodule.c: In function 'XIOModule_Initialize':
xiomodule.c:169:18: warning: comparison is always false due to limited range of data type [-Wtype-limits]
  for (Id = 0; Id < XPAR_IOMODULE_INTC_MAX_INTR_SIZE; Id++) {
                  ^
xiomodule.c:215:19: warning: comparison is always false due to limited range of data type [-Wtype-limits]
   for (Id = 0; Id < XPAR_IOMODULE_INTC_MAX_INTR_SIZE; Id++) {
                   ^
In file included from ../../../include/xstatus.h:51,
                 from xiomodule.h:263,
                 from xiomodule.c:59:
xiomodule.c: In function 'XIOModule_Connect':
xiomodule.c:352:23: warning: comparison is always false due to limited range of data type [-Wtype-limits]
  Xil_AssertNonvoid(Id < XPAR_IOMODULE_INTC_MAX_INTR_SIZE);
                       ^
../../../include/xil_assert.h:128:9: note: in definition of macro 'Xil_AssertNonvoid'
     if (Expression) {                              \
         ^~~~~~~~~~
xiomodule.c: In function 'XIOModule_Disconnect':
xiomodule.c:392:20: warning: comparison is always false due to limited range of data type [-Wtype-limits]
  Xil_AssertVoid(Id < XPAR_IOMODULE_INTC_MAX_INTR_SIZE);
                    ^
../../../include/xil_assert.h:103:9: note: in definition of macro 'Xil_AssertVoid'
     if (Expression) {                              \
         ^~~~~~~~~~
xiomodule.c: In function 'XIOModule_Enable':
xiomodule.c:442:20: warning: comparison is always false due to limited range of data type [-Wtype-limits]
  Xil_AssertVoid(Id < XPAR_IOMODULE_INTC_MAX_INTR_SIZE);
                    ^
../../../include/xil_assert.h:103:9: note: in definition of macro 'Xil_AssertVoid'
     if (Expression) {                              \
         ^~~~~~~~~~
xiomodule.c: In function 'XIOModule_Disable':
xiomodule.c:488:20: warning: comparison is always false due to limited range of data type [-Wtype-limits]
  Xil_AssertVoid(Id < XPAR_IOMODULE_INTC_MAX_INTR_SIZE);
                    ^
../../../include/xil_assert.h:103:9: note: in definition of macro 'Xil_AssertVoid'
     if (Expression) {                              \
         ^~~~~~~~~~
xiomodule.c: In function 'XIOModule_Acknowledge':
xiomodule.c:532:20: warning: comparison is always false due to limited range of data type [-Wtype-limits]
  Xil_AssertVoid(Id < XPAR_IOMODULE_INTC_MAX_INTR_SIZE);
                    ^
../../../include/xil_assert.h:103:9: note: in definition of macro 'Xil_AssertVoid'
     if (Expression) {                              \
         ^~~~~~~~~~
xiomodule.c: In function 'XIOModule_ConnectFastHandler':
xiomodule.c:637:23: warning: comparison is always false due to limited range of data type [-Wtype-limits]
  Xil_AssertNonvoid(Id < XPAR_IOMODULE_INTC_MAX_INTR_SIZE);
                       ^
../../../include/xil_assert.h:128:9: note: in definition of macro 'Xil_AssertNonvoid'
     if (Expression) {                              \
         ^~~~~~~~~~
xiomodule.c: In function 'XIOModule_SetNormalIntrMode':
xiomodule.c:719:20: warning: comparison is always false due to limited range of data type [-Wtype-limits]
  Xil_AssertVoid(Id < XPAR_IOMODULE_INTC_MAX_INTR_SIZE);
                    ^
../../../include/xil_assert.h:103:9: note: in definition of macro 'Xil_AssertVoid'
     if (Expression) {                              \
         ^~~~~~~~~~
xiomodule_l.c: In function 'XIOModule_DeviceInterruptHandler':
xiomodule_l.c:165:35: warning: comparison of unsigned expression < 0 is always false [-Wtype-limits]
  for (IntrNumber = 0U; IntrNumber < XPAR_IOMODULE_INTC_MAX_INTR_SIZE;
                                   ^
"Running Make libs in microblaze_mcs_0_microblaze_I/libsrc/standalone_v7_0/src"
make -C microblaze_mcs_0_microblaze_I/libsrc/standalone_v7_0/src -s libs  "SHELL=CMD" "COMPILER=mb-gcc" "ARCHIVER=mb-ar" "COMPILER_FLAGS=  -O2 -c -mcpu=v11.0 -mlittle-endian -mno-xl-reorder -mxl-soft-mul" "EXTRA_COMPILER_FLAGS=-ffunction-sections -fdata-sections -Wall -Wextra"
"Compiling standalone";
microblaze_sleep.c:77:9: note: #pragma message: For the sleep routines, assembly instructions are used
 #pragma message ("For the sleep routines, assembly instructions are used")
         ^~~~~~~
"Running Make libs in microblaze_mcs_0_microblaze_I/libsrc/uartlite_v3_2/src"
make -C microblaze_mcs_0_microblaze_I/libsrc/uartlite_v3_2/src -s libs  "SHELL=CMD" "COMPILER=mb-gcc" "ARCHIVER=mb-ar" "COMPILER_FLAGS=  -O2 -c -mcpu=v11.0 -mlittle-endian -mno-xl-reorder -mxl-soft-mul" "EXTRA_COMPILER_FLAGS=-ffunction-sections -fdata-sections -Wall -Wextra"
"Compiling uartlite"
'Finished building libraries'
12:31:41 **** Build of configuration Debug for project hello_test ****
make all 
'Building file: ../src/helloworld.c'
'Invoking: MicroBlaze gcc compiler'
mb-gcc -Wall -O0 -g3 -c -fmessage-length=0 -MT"src/helloworld.o" -I../../hello_test_bsp/microblaze_mcs_0_microblaze_I/include -mno-xl-reorder -mlittle-endian -mcpu=v11.0 -mxl-soft-mul -Wl,--no-relax -ffunction-sections -fdata-sections -MMD -MP -MF"src/helloworld.d" -MT"src/helloworld.o" -o "src/helloworld.o" "../src/helloworld.c"
'Finished building: ../src/helloworld.c'
' '
'Building file: ../src/platform.c'
'Invoking: MicroBlaze gcc compiler'
mb-gcc -Wall -O0 -g3 -c -fmessage-length=0 -MT"src/platform.o" -I../../hello_test_bsp/microblaze_mcs_0_microblaze_I/include -mno-xl-reorder -mlittle-endian -mcpu=v11.0 -mxl-soft-mul -Wl,--no-relax -ffunction-sections -fdata-sections -MMD -MP -MF"src/platform.d" -MT"src/platform.o" -o "src/platform.o" "../src/platform.c"
'Finished building: ../src/platform.c'
' '
'Building target: hello_test.elf'
'Invoking: MicroBlaze gcc linker'
mb-gcc -Wl,-T -Wl,../src/lscript.ld -L../../hello_test_bsp/microblaze_mcs_0_microblaze_I/lib -mlittle-endian -mcpu=v11.0 -mxl-soft-mul -Wl,--no-relax -Wl,--gc-sections -o "hello_test.elf"  ./src/helloworld.o ./src/platform.o   -Wl,--start-group,-lxil,-lgcc,-lc,--end-group
'Finished building target: hello_test.elf'
' '
'Invoking: MicroBlaze Print Size'
mb-size hello_test.elf  |tee "hello_test.elf.size"
   text	   data	    bss	    dec	    hex	filename
   2696	    268	   3108	   6072	   17b8	hello_test.elf
'Finished building: hello_test.elf.size'
' '
12:31:43 **** Auto Build of configuration Debug for project hello_test ****
make all 
make: Nothing to be done for 'all'.
12:31:56 **** Incremental Build of configuration Debug for project hello_test ****
make all 
make: Nothing to be done for 'all'.
12:33:07 **** Incremental Build of configuration Debug for project hello_test ****
make all 
make: Nothing to be done for 'all'.
14:15:24 **** Clean-only build of project hello_test_bsp ****
make -k clean 
make -C microblaze_mcs_0_microblaze_I/libsrc/bram_v4_3/src -s clean 
make -C microblaze_mcs_0_microblaze_I/libsrc/cpu_v2_9/src -s clean 
make -C microblaze_mcs_0_microblaze_I/libsrc/iomodule_v2_7/src -s clean 
make -C microblaze_mcs_0_microblaze_I/libsrc/standalone_v7_0/src -s clean 
make -C microblaze_mcs_0_microblaze_I/libsrc/uartlite_v3_2/src -s clean 
rm -f microblaze_mcs_0_microblaze_I/lib/libxil.a
14:15:26 **** Clean-only build of configuration Debug for project hello_test ****
make clean 
rm -rf  ./src/helloworld.o ./src/platform.o  ./src/helloworld.d ./src/platform.d  hello_test.elf.size  hello_test.elf
' '
14:15:27 **** Build of project hello_test_bsp ****
make -k all 
"Running Make include in microblaze_mcs_0_microblaze_I/libsrc/bram_v4_3/src"
make -C microblaze_mcs_0_microblaze_I/libsrc/bram_v4_3/src -s include  "SHELL=CMD" "COMPILER=mb-gcc" "ARCHIVER=mb-ar" "COMPILER_FLAGS=  -O2 -c -mcpu=v11.0 -mlittle-endian -mno-xl-reorder -mxl-soft-mul" "EXTRA_COMPILER_FLAGS=-ffunction-sections -fdata-sections -Wall -Wextra"
"Running Make include in microblaze_mcs_0_microblaze_I/libsrc/cpu_v2_9/src"
make -C microblaze_mcs_0_microblaze_I/libsrc/cpu_v2_9/src -s include  "SHELL=CMD" "COMPILER=mb-gcc" "ARCHIVER=mb-ar" "COMPILER_FLAGS=  -O2 -c -mcpu=v11.0 -mlittle-endian -mno-xl-reorder -mxl-soft-mul" "EXTRA_COMPILER_FLAGS=-ffunction-sections -fdata-sections -Wall -Wextra"
"Running Make include in microblaze_mcs_0_microblaze_I/libsrc/iomodule_v2_7/src"
make -C microblaze_mcs_0_microblaze_I/libsrc/iomodule_v2_7/src -s include  "SHELL=CMD" "COMPILER=mb-gcc" "ARCHIVER=mb-ar" "COMPILER_FLAGS=  -O2 -c -mcpu=v11.0 -mlittle-endian -mno-xl-reorder -mxl-soft-mul" "EXTRA_COMPILER_FLAGS=-ffunction-sections -fdata-sections -Wall -Wextra"
"Running Make include in microblaze_mcs_0_microblaze_I/libsrc/standalone_v7_0/src"
make -C microblaze_mcs_0_microblaze_I/libsrc/standalone_v7_0/src -s include  "SHELL=CMD" "COMPILER=mb-gcc" "ARCHIVER=mb-ar" "COMPILER_FLAGS=  -O2 -c -mcpu=v11.0 -mlittle-endian -mno-xl-reorder -mxl-soft-mul" "EXTRA_COMPILER_FLAGS=-ffunction-sections -fdata-sections -Wall -Wextra"
"Running Make include in microblaze_mcs_0_microblaze_I/libsrc/uartlite_v3_2/src"
make -C microblaze_mcs_0_microblaze_I/libsrc/uartlite_v3_2/src -s include  "SHELL=CMD" "COMPILER=mb-gcc" "ARCHIVER=mb-ar" "COMPILER_FLAGS=  -O2 -c -mcpu=v11.0 -mlittle-endian -mno-xl-reorder -mxl-soft-mul" "EXTRA_COMPILER_FLAGS=-ffunction-sections -fdata-sections -Wall -Wextra"
"Running Make libs in microblaze_mcs_0_microblaze_I/libsrc/bram_v4_3/src"
make -C microblaze_mcs_0_microblaze_I/libsrc/bram_v4_3/src -s libs  "SHELL=CMD" "COMPILER=mb-gcc" "ARCHIVER=mb-ar" "COMPILER_FLAGS=  -O2 -c -mcpu=v11.0 -mlittle-endian -mno-xl-reorder -mxl-soft-mul" "EXTRA_COMPILER_FLAGS=-ffunction-sections -fdata-sections -Wall -Wextra"
"Compiling bram"
mb-ar: creating ../../../lib/libxil.a
"Running Make libs in microblaze_mcs_0_microblaze_I/libsrc/cpu_v2_9/src"
make -C microblaze_mcs_0_microblaze_I/libsrc/cpu_v2_9/src -s libs  "SHELL=CMD" "COMPILER=mb-gcc" "ARCHIVER=mb-ar" "COMPILER_FLAGS=  -O2 -c -mcpu=v11.0 -mlittle-endian -mno-xl-reorder -mxl-soft-mul" "EXTRA_COMPILER_FLAGS=-ffunction-sections -fdata-sections -Wall -Wextra"
"Compiling cpu"
"Running Make libs in microblaze_mcs_0_microblaze_I/libsrc/iomodule_v2_7/src"
make -C microblaze_mcs_0_microblaze_I/libsrc/iomodule_v2_7/src -s libs  "SHELL=CMD" "COMPILER=mb-gcc" "ARCHIVER=mb-ar" "COMPILER_FLAGS=  -O2 -c -mcpu=v11.0 -mlittle-endian -mno-xl-reorder -mxl-soft-mul" "EXTRA_COMPILER_FLAGS=-ffunction-sections -fdata-sections -Wall -Wextra"
"Compiling iomodule"
xiomodule.c: In function 'XIOModule_Initialize':
xiomodule.c:169:18: warning: comparison is always false due to limited range of data type [-Wtype-limits]
  for (Id = 0; Id < XPAR_IOMODULE_INTC_MAX_INTR_SIZE; Id++) {
                  ^
xiomodule.c:215:19: warning: comparison is always false due to limited range of data type [-Wtype-limits]
   for (Id = 0; Id < XPAR_IOMODULE_INTC_MAX_INTR_SIZE; Id++) {
                   ^
In file included from ../../../include/xstatus.h:51,
                 from xiomodule.h:263,
                 from xiomodule.c:59:
xiomodule.c: In function 'XIOModule_Connect':
xiomodule.c:352:23: warning: comparison is always false due to limited range of data type [-Wtype-limits]
  Xil_AssertNonvoid(Id < XPAR_IOMODULE_INTC_MAX_INTR_SIZE);
                       ^
../../../include/xil_assert.h:128:9: note: in definition of macro 'Xil_AssertNonvoid'
     if (Expression) {                              \
         ^~~~~~~~~~
xiomodule.c: In function 'XIOModule_Disconnect':
xiomodule.c:392:20: warning: comparison is always false due to limited range of data type [-Wtype-limits]
  Xil_AssertVoid(Id < XPAR_IOMODULE_INTC_MAX_INTR_SIZE);
                    ^
../../../include/xil_assert.h:103:9: note: in definition of macro 'Xil_AssertVoid'
     if (Expression) {                              \
         ^~~~~~~~~~
xiomodule.c: In function 'XIOModule_Enable':
xiomodule.c:442:20: warning: comparison is always false due to limited range of data type [-Wtype-limits]
  Xil_AssertVoid(Id < XPAR_IOMODULE_INTC_MAX_INTR_SIZE);
                    ^
../../../include/xil_assert.h:103:9: note: in definition of macro 'Xil_AssertVoid'
     if (Expression) {                              \
         ^~~~~~~~~~
xiomodule.c: In function 'XIOModule_Disable':
xiomodule.c:488:20: warning: comparison is always false due to limited range of data type [-Wtype-limits]
  Xil_AssertVoid(Id < XPAR_IOMODULE_INTC_MAX_INTR_SIZE);
                    ^
../../../include/xil_assert.h:103:9: note: in definition of macro 'Xil_AssertVoid'
     if (Expression) {                              \
         ^~~~~~~~~~
xiomodule.c: In function 'XIOModule_Acknowledge':
xiomodule.c:532:20: warning: comparison is always false due to limited range of data type [-Wtype-limits]
  Xil_AssertVoid(Id < XPAR_IOMODULE_INTC_MAX_INTR_SIZE);
                    ^
../../../include/xil_assert.h:103:9: note: in definition of macro 'Xil_AssertVoid'
     if (Expression) {                              \
         ^~~~~~~~~~
xiomodule.c: In function 'XIOModule_ConnectFastHandler':
xiomodule.c:637:23: warning: comparison is always false due to limited range of data type [-Wtype-limits]
  Xil_AssertNonvoid(Id < XPAR_IOMODULE_INTC_MAX_INTR_SIZE);
                       ^
../../../include/xil_assert.h:128:9: note: in definition of macro 'Xil_AssertNonvoid'
     if (Expression) {                              \
         ^~~~~~~~~~
xiomodule.c: In function 'XIOModule_SetNormalIntrMode':
xiomodule.c:719:20: warning: comparison is always false due to limited range of data type [-Wtype-limits]
  Xil_AssertVoid(Id < XPAR_IOMODULE_INTC_MAX_INTR_SIZE);
                    ^
../../../include/xil_assert.h:103:9: note: in definition of macro 'Xil_AssertVoid'
     if (Expression) {                              \
         ^~~~~~~~~~
xiomodule_l.c: In function 'XIOModule_DeviceInterruptHandler':
xiomodule_l.c:165:35: warning: comparison of unsigned expression < 0 is always false [-Wtype-limits]
  for (IntrNumber = 0U; IntrNumber < XPAR_IOMODULE_INTC_MAX_INTR_SIZE;
                                   ^
"Running Make libs in microblaze_mcs_0_microblaze_I/libsrc/standalone_v7_0/src"
make -C microblaze_mcs_0_microblaze_I/libsrc/standalone_v7_0/src -s libs  "SHELL=CMD" "COMPILER=mb-gcc" "ARCHIVER=mb-ar" "COMPILER_FLAGS=  -O2 -c -mcpu=v11.0 -mlittle-endian -mno-xl-reorder -mxl-soft-mul" "EXTRA_COMPILER_FLAGS=-ffunction-sections -fdata-sections -Wall -Wextra"
"Compiling standalone";
microblaze_sleep.c:77:9: note: #pragma message: For the sleep routines, assembly instructions are used
 #pragma message ("For the sleep routines, assembly instructions are used")
         ^~~~~~~
"Running Make libs in microblaze_mcs_0_microblaze_I/libsrc/uartlite_v3_2/src"
make -C microblaze_mcs_0_microblaze_I/libsrc/uartlite_v3_2/src -s libs  "SHELL=CMD" "COMPILER=mb-gcc" "ARCHIVER=mb-ar" "COMPILER_FLAGS=  -O2 -c -mcpu=v11.0 -mlittle-endian -mno-xl-reorder -mxl-soft-mul" "EXTRA_COMPILER_FLAGS=-ffunction-sections -fdata-sections -Wall -Wextra"
"Compiling uartlite"
'Finished building libraries'
14:15:40 **** Build of configuration Debug for project hello_test ****
make all 
'Building file: ../src/helloworld.c'
'Invoking: MicroBlaze gcc compiler'
mb-gcc -Wall -O0 -g3 -c -fmessage-length=0 -MT"src/helloworld.o" -I../../hello_test_bsp/microblaze_mcs_0_microblaze_I/include -mno-xl-reorder -mlittle-endian -mcpu=v11.0 -mxl-soft-mul -Wl,--no-relax -ffunction-sections -fdata-sections -MMD -MP -MF"src/helloworld.d" -MT"src/helloworld.o" -o "src/helloworld.o" "../src/helloworld.c"
'Finished building: ../src/helloworld.c'
' '
'Building file: ../src/platform.c'
'Invoking: MicroBlaze gcc compiler'
mb-gcc -Wall -O0 -g3 -c -fmessage-length=0 -MT"src/platform.o" -I../../hello_test_bsp/microblaze_mcs_0_microblaze_I/include -mno-xl-reorder -mlittle-endian -mcpu=v11.0 -mxl-soft-mul -Wl,--no-relax -ffunction-sections -fdata-sections -MMD -MP -MF"src/platform.d" -MT"src/platform.o" -o "src/platform.o" "../src/platform.c"
'Finished building: ../src/platform.c'
' '
'Building target: hello_test.elf'
'Invoking: MicroBlaze gcc linker'
mb-gcc -Wl,-T -Wl,../src/lscript.ld -L../../hello_test_bsp/microblaze_mcs_0_microblaze_I/lib -mlittle-endian -mcpu=v11.0 -mxl-soft-mul -Wl,--no-relax -Wl,--gc-sections -o "hello_test.elf"  ./src/helloworld.o ./src/platform.o   -Wl,--start-group,-lxil,-lgcc,-lc,--end-group
'Finished building target: hello_test.elf'
' '
'Invoking: MicroBlaze Print Size'
mb-size hello_test.elf  |tee "hello_test.elf.size"
   text	   data	    bss	    dec	    hex	filename
   2696	    268	   3108	   6072	   17b8	hello_test.elf
'Finished building: hello_test.elf.size'
' '
15:03:37 **** Incremental Build of configuration Debug for project hello_test ****
make all 
make: Nothing to be done for 'all'.
