10:13:30 **** Build of project rfsoc_controller_bsp ****
make -k all 
"Running Make include in microblaze_0/libsrc/bram_v4_3/src"
make -C microblaze_0/libsrc/bram_v4_3/src -s include  "SHELL=CMD" "COMPILER=mb-gcc" "ARCHIVER=mb-ar" "COMPILER_FLAGS=  -O2 -c -mcpu=v11.0 -mlittle-endian -mxl-soft-mul" "EXTRA_COMPILER_FLAGS=-ffunction-sections -fdata-sections -Wall -Wextra"
"Running Make include in microblaze_0/libsrc/cpu_v2_9/src"
make -C microblaze_0/libsrc/cpu_v2_9/src -s include  "SHELL=CMD" "COMPILER=mb-gcc" "ARCHIVER=mb-ar" "COMPILER_FLAGS=  -O2 -c -mcpu=v11.0 -mlittle-endian -mxl-soft-mul" "EXTRA_COMPILER_FLAGS=-ffunction-sections -fdata-sections -Wall -Wextra"
"Running Make include in microblaze_0/libsrc/gpio_v4_4/src"
make -C microblaze_0/libsrc/gpio_v4_4/src -s include  "SHELL=CMD" "COMPILER=mb-gcc" "ARCHIVER=mb-ar" "COMPILER_FLAGS=  -O2 -c -mcpu=v11.0 -mlittle-endian -mxl-soft-mul" "EXTRA_COMPILER_FLAGS=-ffunction-sections -fdata-sections -Wall -Wextra"
"Running Make include in microblaze_0/libsrc/rfdc_v6_0/src"
make -C microblaze_0/libsrc/rfdc_v6_0/src -s include  "SHELL=CMD" "COMPILER=mb-gcc" "ARCHIVER=mb-ar" "COMPILER_FLAGS=  -O2 -c -mcpu=v11.0 -mlittle-endian -mxl-soft-mul" "EXTRA_COMPILER_FLAGS=-ffunction-sections -fdata-sections -Wall -Wextra"
"Running Make include in microblaze_0/libsrc/standalone_v7_0/src"
make -C microblaze_0/libsrc/standalone_v7_0/src -s include  "SHELL=CMD" "COMPILER=mb-gcc" "ARCHIVER=mb-ar" "COMPILER_FLAGS=  -O2 -c -mcpu=v11.0 -mlittle-endian -mxl-soft-mul" "EXTRA_COMPILER_FLAGS=-ffunction-sections -fdata-sections -Wall -Wextra"
"Running Make include in microblaze_0/libsrc/uartlite_v3_2/src"
make -C microblaze_0/libsrc/uartlite_v3_2/src -s include  "SHELL=CMD" "COMPILER=mb-gcc" "ARCHIVER=mb-ar" "COMPILER_FLAGS=  -O2 -c -mcpu=v11.0 -mlittle-endian -mxl-soft-mul" "EXTRA_COMPILER_FLAGS=-ffunction-sections -fdata-sections -Wall -Wextra"
"Running Make libs in microblaze_0/libsrc/bram_v4_3/src"
make -C microblaze_0/libsrc/bram_v4_3/src -s libs  "SHELL=CMD" "COMPILER=mb-gcc" "ARCHIVER=mb-ar" "COMPILER_FLAGS=  -O2 -c -mcpu=v11.0 -mlittle-endian -mxl-soft-mul" "EXTRA_COMPILER_FLAGS=-ffunction-sections -fdata-sections -Wall -Wextra"
"Compiling bram"
mb-ar: creating ../../../lib/libxil.a
"Running Make libs in microblaze_0/libsrc/cpu_v2_9/src"
make -C microblaze_0/libsrc/cpu_v2_9/src -s libs  "SHELL=CMD" "COMPILER=mb-gcc" "ARCHIVER=mb-ar" "COMPILER_FLAGS=  -O2 -c -mcpu=v11.0 -mlittle-endian -mxl-soft-mul" "EXTRA_COMPILER_FLAGS=-ffunction-sections -fdata-sections -Wall -Wextra"
"Compiling cpu"
"Running Make libs in microblaze_0/libsrc/gpio_v4_4/src"
make -C microblaze_0/libsrc/gpio_v4_4/src -s libs  "SHELL=CMD" "COMPILER=mb-gcc" "ARCHIVER=mb-ar" "COMPILER_FLAGS=  -O2 -c -mcpu=v11.0 -mlittle-endian -mxl-soft-mul" "EXTRA_COMPILER_FLAGS=-ffunction-sections -fdata-sections -Wall -Wextra"
"Compiling gpio"
"Running Make libs in microblaze_0/libsrc/rfdc_v6_0/src"
make -C microblaze_0/libsrc/rfdc_v6_0/src -s libs  "SHELL=CMD" "COMPILER=mb-gcc" "ARCHIVER=mb-ar" "COMPILER_FLAGS=  -O2 -c -mcpu=v11.0 -mlittle-endian -mxl-soft-mul" "EXTRA_COMPILER_FLAGS=-ffunction-sections -fdata-sections -Wall -Wextra"
"Compiling rfdc"
In file included from xrfdc.c:168:
xrfdc.h:246:10: fatal error: metal/sys.h: No such file or directory
 #include <metal/sys.h>
          ^~~~~~~~~~~~~
compilation terminated.
In file included from xrfdc_clock.c:56:
xrfdc.h:246:10: fatal error: metal/sys.h: No such file or directory
 #include <metal/sys.h>
          ^~~~~~~~~~~~~
compilation terminated.
In file included from xrfdc_g.c:37:
xrfdc.h:246:10: fatal error: metal/sys.h: No such file or directory
 #include <metal/sys.h>
          ^~~~~~~~~~~~~
compilation terminated.
In file included from xrfdc_intr.c:66:
xrfdc.h:246:10: fatal error: metal/sys.h: No such file or directory
 #include <metal/sys.h>
          ^~~~~~~~~~~~~
compilation terminated.
In file included from xrfdc_mb.c:50:
xrfdc.h:246:10: fatal error: metal/sys.h: No such file or directory
 #include <metal/sys.h>
          ^~~~~~~~~~~~~
compilation terminated.
In file included from xrfdc_mixer.c:55:
xrfdc.h:246:10: fatal error: metal/sys.h: No such file or directory
 #include <metal/sys.h>
          ^~~~~~~~~~~~~
compilation terminated.
In file included from xrfdc_mts.h:67,
                 from xrfdc_mts.c:62:
xrfdc.h:246:10: fatal error: metal/sys.h: No such file or directory
 #include <metal/sys.h>
          ^~~~~~~~~~~~~
compilation terminated.
In file included from xrfdc_sinit.c:58:
xrfdc.h:246:10: fatal error: metal/sys.h: No such file or directory
 #include <metal/sys.h>
          ^~~~~~~~~~~~~
compilation terminated.
make[1]: *** [Makefile:20: libs] Error 1
make: *** [Makefile:30: microblaze_0/libsrc/rfdc_v6_0/src/make.libs] Error 2
"Running Make libs in microblaze_0/libsrc/standalone_v7_0/src"
make -C microblaze_0/libsrc/standalone_v7_0/src -s libs  "SHELL=CMD" "COMPILER=mb-gcc" "ARCHIVER=mb-ar" "COMPILER_FLAGS=  -O2 -c -mcpu=v11.0 -mlittle-endian -mxl-soft-mul" "EXTRA_COMPILER_FLAGS=-ffunction-sections -fdata-sections -Wall -Wextra"
"Compiling standalone";
microblaze_sleep.c:77:9: note: #pragma message: For the sleep routines, assembly instructions are used
 #pragma message ("For the sleep routines, assembly instructions are used")
         ^~~~~~~
"Running Make libs in microblaze_0/libsrc/uartlite_v3_2/src"
make -C microblaze_0/libsrc/uartlite_v3_2/src -s libs  "SHELL=CMD" "COMPILER=mb-gcc" "ARCHIVER=mb-ar" "COMPILER_FLAGS=  -O2 -c -mcpu=v11.0 -mlittle-endian -mxl-soft-mul" "EXTRA_COMPILER_FLAGS=-ffunction-sections -fdata-sections -Wall -Wextra"
"Compiling uartlite"
make: Target 'all' not remade because of errors.
10:13:35 **** Build of configuration Debug for project rfsoc_controller ****
make all 
'Building file: ../src/helloworld.c'
'Invoking: MicroBlaze gcc compiler'
mb-gcc -Wall -O0 -g3 -c -fmessage-length=0 -MT"src/helloworld.o" -D __BAREMETAL__ -I../../rfsoc_controller_bsp/microblaze_0/include -mlittle-endian -mcpu=v11.0 -mxl-soft-mul -Wl,--no-relax -ffunction-sections -fdata-sections -MMD -MP -MF"src/helloworld.d" -MT"src/helloworld.o" -o "src/helloworld.o" "../src/helloworld.c"
'Finished building: ../src/helloworld.c'
' '
'Building file: ../src/platform.c'
'Invoking: MicroBlaze gcc compiler'
mb-gcc -Wall -O0 -g3 -c -fmessage-length=0 -MT"src/platform.o" -D __BAREMETAL__ -I../../rfsoc_controller_bsp/microblaze_0/include -mlittle-endian -mcpu=v11.0 -mxl-soft-mul -Wl,--no-relax -ffunction-sections -fdata-sections -MMD -MP -MF"src/platform.d" -MT"src/platform.o" -o "src/platform.o" "../src/platform.c"
'Finished building: ../src/platform.c'
' '
'Building target: rfsoc_controller.elf'
'Invoking: MicroBlaze gcc linker'
mb-gcc -Wl,-T -Wl,../src/lscript.ld -L../../rfsoc_controller_bsp/microblaze_0/lib -mlittle-endian -mcpu=v11.0 -mxl-soft-mul -Wl,--no-relax -Wl,--gc-sections -o "rfsoc_controller.elf"  ./src/helloworld.o ./src/platform.o   -Wl,--start-group,-lxil,-lgcc,-lc,--end-group
'Finished building target: rfsoc_controller.elf'
' '
'Invoking: MicroBlaze Print Size'
mb-size rfsoc_controller.elf  |tee "rfsoc_controller.elf.size"
   text	   data	    bss	    dec	    hex	filename
   2696	    268	   3108	   6072	   17b8	rfsoc_controller.elf
'Finished building: rfsoc_controller.elf.size'
' '
10:13:37 **** Auto Build of configuration Debug for project rfsoc_controller ****
make all 
make: Nothing to be done for 'all'.
10:14:08 **** Auto Build of project rfsoc_controller_bsp ****
make -k all 
"Running Make include in microblaze_0/libsrc/bram_v4_3/src"
make -C microblaze_0/libsrc/bram_v4_3/src -s include  "SHELL=CMD" "COMPILER=mb-gcc" "ARCHIVER=mb-ar" "COMPILER_FLAGS=  -O2 -c -mcpu=v11.0 -mlittle-endian -mxl-soft-mul" "EXTRA_COMPILER_FLAGS=-ffunction-sections -fdata-sections -Wall -Wextra"
"Running Make include in microblaze_0/libsrc/cpu_v2_9/src"
make -C microblaze_0/libsrc/cpu_v2_9/src -s include  "SHELL=CMD" "COMPILER=mb-gcc" "ARCHIVER=mb-ar" "COMPILER_FLAGS=  -O2 -c -mcpu=v11.0 -mlittle-endian -mxl-soft-mul" "EXTRA_COMPILER_FLAGS=-ffunction-sections -fdata-sections -Wall -Wextra"
"Running Make include in microblaze_0/libsrc/gpio_v4_4/src"
make -C microblaze_0/libsrc/gpio_v4_4/src -s include  "SHELL=CMD" "COMPILER=mb-gcc" "ARCHIVER=mb-ar" "COMPILER_FLAGS=  -O2 -c -mcpu=v11.0 -mlittle-endian -mxl-soft-mul" "EXTRA_COMPILER_FLAGS=-ffunction-sections -fdata-sections -Wall -Wextra"
"Running Make include in microblaze_0/libsrc/libmetal_v2_0/src"
make -C microblaze_0/libsrc/libmetal_v2_0/src -s include  "SHELL=CMD" "COMPILER=mb-gcc" "ARCHIVER=mb-ar" "COMPILER_FLAGS=  -O2 -c -mcpu=v11.0 -mlittle-endian -mxl-soft-mul" "EXTRA_COMPILER_FLAGS=-ffunction-sections -fdata-sections -Wall -Wextra"
"Running Make include in microblaze_0/libsrc/rfdc_v6_0/src"
make -C microblaze_0/libsrc/rfdc_v6_0/src -s include  "SHELL=CMD" "COMPILER=mb-gcc" "ARCHIVER=mb-ar" "COMPILER_FLAGS=  -O2 -c -mcpu=v11.0 -mlittle-endian -mxl-soft-mul" "EXTRA_COMPILER_FLAGS=-ffunction-sections -fdata-sections -Wall -Wextra"
"Running Make include in microblaze_0/libsrc/standalone_v7_0/src"
make -C microblaze_0/libsrc/standalone_v7_0/src -s include  "SHELL=CMD" "COMPILER=mb-gcc" "ARCHIVER=mb-ar" "COMPILER_FLAGS=  -O2 -c -mcpu=v11.0 -mlittle-endian -mxl-soft-mul" "EXTRA_COMPILER_FLAGS=-ffunction-sections -fdata-sections -Wall -Wextra"
"Running Make include in microblaze_0/libsrc/uartlite_v3_2/src"
make -C microblaze_0/libsrc/uartlite_v3_2/src -s include  "SHELL=CMD" "COMPILER=mb-gcc" "ARCHIVER=mb-ar" "COMPILER_FLAGS=  -O2 -c -mcpu=v11.0 -mlittle-endian -mxl-soft-mul" "EXTRA_COMPILER_FLAGS=-ffunction-sections -fdata-sections -Wall -Wextra"
"Running Make libs in microblaze_0/libsrc/bram_v4_3/src"
make -C microblaze_0/libsrc/bram_v4_3/src -s libs  "SHELL=CMD" "COMPILER=mb-gcc" "ARCHIVER=mb-ar" "COMPILER_FLAGS=  -O2 -c -mcpu=v11.0 -mlittle-endian -mxl-soft-mul" "EXTRA_COMPILER_FLAGS=-ffunction-sections -fdata-sections -Wall -Wextra"
"Compiling bram"
mb-ar: creating ../../../lib/libxil.a
"Running Make libs in microblaze_0/libsrc/cpu_v2_9/src"
make -C microblaze_0/libsrc/cpu_v2_9/src -s libs  "SHELL=CMD" "COMPILER=mb-gcc" "ARCHIVER=mb-ar" "COMPILER_FLAGS=  -O2 -c -mcpu=v11.0 -mlittle-endian -mxl-soft-mul" "EXTRA_COMPILER_FLAGS=-ffunction-sections -fdata-sections -Wall -Wextra"
"Compiling cpu"
"Running Make libs in microblaze_0/libsrc/gpio_v4_4/src"
make -C microblaze_0/libsrc/gpio_v4_4/src -s libs  "SHELL=CMD" "COMPILER=mb-gcc" "ARCHIVER=mb-ar" "COMPILER_FLAGS=  -O2 -c -mcpu=v11.0 -mlittle-endian -mxl-soft-mul" "EXTRA_COMPILER_FLAGS=-ffunction-sections -fdata-sections -Wall -Wextra"
"Compiling gpio"
"Running Make libs in microblaze_0/libsrc/libmetal_v2_0/src"
make -C microblaze_0/libsrc/libmetal_v2_0/src -s libs  "SHELL=CMD" "COMPILER=mb-gcc" "ARCHIVER=mb-ar" "COMPILER_FLAGS=  -O2 -c -mcpu=v11.0 -mlittle-endian -mxl-soft-mul" "EXTRA_COMPILER_FLAGS=-ffunction-sections -fdata-sections -Wall -Wextra"
Scanning dependencies of target metal-static
[  5%] Building C object lib/CMakeFiles/metal-static.dir/dma.c.obj
[ 10%] Building C object lib/CMakeFiles/metal-static.dir/device.c.obj
[ 15%] Building C object lib/CMakeFiles/metal-static.dir/init.c.obj
[ 21%] Building C object lib/CMakeFiles/metal-static.dir/io.c.obj
[ 26%] Building C object lib/CMakeFiles/metal-static.dir/irq.c.obj
[ 31%] Building C object lib/CMakeFiles/metal-static.dir/log.c.obj
[ 36%] Building C object lib/CMakeFiles/metal-static.dir/shmem.c.obj
[ 42%] Building C object lib/CMakeFiles/metal-static.dir/shmem-provider.c.obj
[ 47%] Building C object lib/CMakeFiles/metal-static.dir/softirq.c.obj
[ 52%] Building C object lib/CMakeFiles/metal-static.dir/version.c.obj
[ 57%] Building C object lib/CMakeFiles/metal-static.dir/system/generic/condition.c.obj
[ 63%] Building C object lib/CMakeFiles/metal-static.dir/system/generic/device.c.obj
[ 68%] Building C object lib/CMakeFiles/metal-static.dir/system/generic/init.c.obj
[ 73%] Building C object lib/CMakeFiles/metal-static.dir/system/generic/io.c.obj
[ 78%] Building C object lib/CMakeFiles/metal-static.dir/system/generic/irq.c.obj
[ 84%] Building C object lib/CMakeFiles/metal-static.dir/system/generic/time.c.obj
[ 89%] Building C object lib/CMakeFiles/metal-static.dir/system/generic/microblaze_generic/sys.c.obj
[ 94%] Building C object lib/CMakeFiles/metal-static.dir/system/generic/xlnx_common/irq.c.obj
[100%] Linking C static library libmetal.a
C:/Xilinx/SDK/2019.1/gnu/microblaze/nt/bin/mb-ar.exe cq libmetal.a  CMakeFiles/metal-static.dir/dma.c.obj CMakeFiles/metal-static.dir/device.c.obj CMakeFiles/metal-static.dir/init.c.obj CMakeFiles/metal-static.dir/io.c.obj CMakeFiles/metal-static.dir/irq.c.obj CMakeFiles/metal-static.dir/log.c.obj CMakeFiles/metal-static.dir/shmem.c.obj CMakeFiles/metal-static.dir/shmem-provider.c.obj CMakeFiles/metal-static.dir/softirq.c.obj CMakeFiles/metal-static.dir/version.c.obj CMakeFiles/metal-static.dir/system/generic/condition.c.obj CMakeFiles/metal-static.dir/system/generic/device.c.obj CMakeFiles/metal-static.dir/system/generic/init.c.obj CMakeFiles/metal-static.dir/system/generic/io.c.obj CMakeFiles/metal-static.dir/system/generic/irq.c.obj CMakeFiles/metal-static.dir/system/generic/time.c.obj CMakeFiles/metal-static.dir/system/generic/microblaze_generic/sys.c.obj CMakeFiles/metal-static.dir/system/generic/xlnx_common/irq.c.obj
C:/Xilinx/SDK/2019.1/gnu/microblaze/nt/bin/mb-ranlib.exe libmetal.a
[100%] Built target metal-static
Install the project...
-- Install configuration: "Debug"
-- Installing: ../../../include/metal/alloc.h
-- Installing: ../../../include/metal/assert.h
-- Installing: ../../../include/metal/atomic.h
-- Installing: ../../../include/metal/cache.h
-- Installing: ../../../include/metal/compiler.h
-- Installing: ../../../include/metal/condition.h
-- Installing: ../../../include/metal/config.h
-- Installing: ../../../include/metal/cpu.h
-- Installing: ../../../include/metal/device.h
-- Installing: ../../../include/metal/dma.h
-- Installing: ../../../include/metal/io.h
-- Installing: ../../../include/metal/irq.h
-- Installing: ../../../include/metal/irq_controller.h
-- Installing: ../../../include/metal/list.h
-- Installing: ../../../include/metal/log.h
-- Installing: ../../../include/metal/mutex.h
-- Installing: ../../../include/metal/scatterlist.h
-- Installing: ../../../include/metal/shmem.h
-- Installing: ../../../include/metal/shmem-provider.h
-- Installing: ../../../include/metal/sleep.h
-- Installing: ../../../include/metal/softirq.h
-- Installing: ../../../include/metal/spinlock.h
-- Installing: ../../../include/metal/sys.h
-- Installing: ../../../include/metal/time.h
-- Installing: ../../../include/metal/utilities.h
-- Installing: ../../../include/metal/version.h
-- Installing: ../../../include/metal/compiler/gcc/atomic.h
-- Installing: ../../../include/metal/compiler/gcc/compiler.h
-- Installing: ../../../include/metal/compiler/iar/compiler.h
-- Installing: ../../../include/metal/processor/microblaze/atomic.h
-- Installing: ../../../include/metal/processor/microblaze/cpu.h
-- Installing: ../../../include/metal/system/generic/alloc.h
-- Installing: ../../../include/metal/system/generic/assert.h
-- Installing: ../../../include/metal/system/generic/cache.h
-- Installing: ../../../include/metal/system/generic/condition.h
-- Installing: ../../../include/metal/system/generic/io.h
-- Installing: ../../../include/metal/system/generic/irq.h
-- Installing: ../../../include/metal/system/generic/log.h
-- Installing: ../../../include/metal/system/generic/mutex.h
-- Installing: ../../../include/metal/system/generic/sleep.h
-- Installing: ../../../include/metal/system/generic/sys.h
-- Installing: ../../../include/metal/system/generic/microblaze_generic/sys.h
-- Installing: ../../../include/metal/system/generic/xlnx_common/sys.h
-- Installing: ../../../lib/libmetal.a
"Running Make libs in microblaze_0/libsrc/rfdc_v6_0/src"
make -C microblaze_0/libsrc/rfdc_v6_0/src -s libs  "SHELL=CMD" "COMPILER=mb-gcc" "ARCHIVER=mb-ar" "COMPILER_FLAGS=  -O2 -c -mcpu=v11.0 -mlittle-endian -mxl-soft-mul" "EXTRA_COMPILER_FLAGS=-ffunction-sections -fdata-sections -Wall -Wextra"
"Compiling rfdc"
"Running Make libs in microblaze_0/libsrc/standalone_v7_0/src"
make -C microblaze_0/libsrc/standalone_v7_0/src -s libs  "SHELL=CMD" "COMPILER=mb-gcc" "ARCHIVER=mb-ar" "COMPILER_FLAGS=  -O2 -c -mcpu=v11.0 -mlittle-endian -mxl-soft-mul" "EXTRA_COMPILER_FLAGS=-ffunction-sections -fdata-sections -Wall -Wextra"
"Compiling standalone";
microblaze_sleep.c:77:9: note: #pragma message: For the sleep routines, assembly instructions are used
 #pragma message ("For the sleep routines, assembly instructions are used")
         ^~~~~~~
"Running Make libs in microblaze_0/libsrc/uartlite_v3_2/src"
make -C microblaze_0/libsrc/uartlite_v3_2/src -s libs  "SHELL=CMD" "COMPILER=mb-gcc" "ARCHIVER=mb-ar" "COMPILER_FLAGS=  -O2 -c -mcpu=v11.0 -mlittle-endian -mxl-soft-mul" "EXTRA_COMPILER_FLAGS=-ffunction-sections -fdata-sections -Wall -Wextra"
"Compiling uartlite"
'Finished building libraries'
10:14:19 **** Clean-only build of configuration Debug for project rfsoc_controller ****
make clean 
rm -rf  ./src/helloworld.o ./src/platform.o  ./src/helloworld.d ./src/platform.d  rfsoc_controller.elf.size  rfsoc_controller.elf
' '
10:14:19 **** Auto Build of configuration Debug for project rfsoc_controller ****
make all 
'Building file: ../src/helloworld.c'
'Invoking: MicroBlaze gcc compiler'
mb-gcc -Wall -O0 -g3 -c -fmessage-length=0 -MT"src/helloworld.o" -D __BAREMETAL__ -I../../rfsoc_controller_bsp/microblaze_0/include -mlittle-endian -mcpu=v11.0 -mxl-soft-mul -Wl,--no-relax -ffunction-sections -fdata-sections -MMD -MP -MF"src/helloworld.d" -MT"src/helloworld.o" -o "src/helloworld.o" "../src/helloworld.c"
'Finished building: ../src/helloworld.c'
' '
'Building file: ../src/platform.c'
'Invoking: MicroBlaze gcc compiler'
mb-gcc -Wall -O0 -g3 -c -fmessage-length=0 -MT"src/platform.o" -D __BAREMETAL__ -I../../rfsoc_controller_bsp/microblaze_0/include -mlittle-endian -mcpu=v11.0 -mxl-soft-mul -Wl,--no-relax -ffunction-sections -fdata-sections -MMD -MP -MF"src/platform.d" -MT"src/platform.o" -o "src/platform.o" "../src/platform.c"
'Finished building: ../src/platform.c'
' '
'Building target: rfsoc_controller.elf'
'Invoking: MicroBlaze gcc linker'
mb-gcc -Wl,-T -Wl,../src/lscript.ld -L../../rfsoc_controller_bsp/microblaze_0/lib -mlittle-endian -mcpu=v11.0 -mxl-soft-mul -Wl,--no-relax -Wl,--gc-sections -o "rfsoc_controller.elf"  ./src/helloworld.o ./src/platform.o   -Wl,--start-group,-lxil,-lgcc,-lc,--end-group -Wl,--start-group,-lxil,-lmetal,-lgcc,-lc,--end-group
'Finished building target: rfsoc_controller.elf'
' '
'Invoking: MicroBlaze Print Size'
mb-size rfsoc_controller.elf  |tee "rfsoc_controller.elf.size"
   text	   data	    bss	    dec	    hex	filename
   2696	    268	   3108	   6072	   17b8	rfsoc_controller.elf
'Finished building: rfsoc_controller.elf.size'
' '
10:15:41 **** Auto Build of configuration Debug for project rfsoc_controller ****
make all 
make: Nothing to be done for 'all'.
10:15:48 **** Auto Build of configuration Debug for project rfsoc_controller ****
make all 
make: Nothing to be done for 'all'.
10:15:56 **** Clean-only build of configuration Debug for project rfsoc_controller ****
make clean 
rm -rf  ./src/cmd_handler.o ./src/gpio.o ./src/helloworld.o ./src/platform.o ./src/rf.o ./src/uart.o  ./src/cmd_handler.d ./src/gpio.d ./src/helloworld.d ./src/platform.d ./src/rf.d ./src/uart.d  rfsoc_controller.elf.size  rfsoc_controller.elf
' '
10:15:56 **** Auto Build of configuration Debug for project rfsoc_controller ****
make all 
'Building file: ../src/drivers/cmd_handler.c'
'Invoking: MicroBlaze gcc compiler'
mb-gcc -Wall -O0 -g3 -c -fmessage-length=0 -MT"src/drivers/cmd_handler.o" -D __BAREMETAL__ -I../../rfsoc_controller_bsp/microblaze_0/include -mlittle-endian -mcpu=v11.0 -mxl-soft-mul -Wl,--no-relax -ffunction-sections -fdata-sections -MMD -MP -MF"src/drivers/cmd_handler.d" -MT"src/drivers/cmd_handler.o" -o "src/drivers/cmd_handler.o" "../src/drivers/cmd_handler.c"
In file included from c:\xilinx\sdk\2019.1\gnu\microblaze\nt\microblaze-xilinx-elf\include\sys\_types.h:25,
                 from c:\xilinx\sdk\2019.1\gnu\microblaze\nt\microblaze-xilinx-elf\include\sys\reent.h:15,
                 from c:\xilinx\sdk\2019.1\gnu\microblaze\nt\microblaze-xilinx-elf\include\stdlib.h:18,
                 from ../../rfsoc_controller_bsp/microblaze_0/include/xrfdc.h:238,
                 from ../src/drivers/rf.h:12,
                 from ../src/drivers/cmd_handler.c:9:
c:\xilinx\sdk\2019.1\gnu\microblaze\nt\microblaze-xilinx-elf\include\sys\lock.h: In function 'uart_receive':
c:\xilinx\sdk\2019.1\gnu\microblaze\nt\microblaze-xilinx-elf\include\sys\lock.h:11:13: error: storage class specified for parameter '_LOCK_T'
 typedef int _LOCK_T;
             ^~~~~~~
c:\xilinx\sdk\2019.1\gnu\microblaze\nt\microblaze-xilinx-elf\include\sys\lock.h:12:13: error: storage class specified for parameter '_LOCK_RECURSIVE_T'
 typedef int _LOCK_RECURSIVE_T;
             ^~~~~~~~~~~~~~~~~
In file included from c:\xilinx\sdk\2019.1\gnu\microblaze\nt\microblaze-xilinx-elf\include\sys\reent.h:15,
                 from c:\xilinx\sdk\2019.1\gnu\microblaze\nt\microblaze-xilinx-elf\include\stdlib.h:18,
                 from ../../rfsoc_controller_bsp/microblaze_0/include/xrfdc.h:238,
                 from ../src/drivers/rf.h:12,
                 from ../src/drivers/cmd_handler.c:9:
c:\xilinx\sdk\2019.1\gnu\microblaze\nt\microblaze-xilinx-elf\include\sys\_types.h:28:14: error: storage class specified for parameter '__blkcnt_t'
 typedef long __blkcnt_t;
              ^~~~~~~~~~
c:\xilinx\sdk\2019.1\gnu\microblaze\nt\microblaze-xilinx-elf\include\sys\_types.h:32:14: error: storage class specified for parameter '__blksize_t'
 typedef long __blksize_t;
              ^~~~~~~~~~~
c:\xilinx\sdk\2019.1\gnu\microblaze\nt\microblaze-xilinx-elf\include\sys\_types.h:36:20: error: storage class specified for parameter '__fsblkcnt_t'
 typedef __uint64_t __fsblkcnt_t;
                    ^~~~~~~~~~~~
c:\xilinx\sdk\2019.1\gnu\microblaze\nt\microblaze-xilinx-elf\include\sys\_types.h:40:20: error: storage class specified for parameter '__fsfilcnt_t'
 typedef __uint32_t __fsfilcnt_t;
                    ^~~~~~~~~~~~
c:\xilinx\sdk\2019.1\gnu\microblaze\nt\microblaze-xilinx-elf\include\sys\_types.h:44:14: error: storage class specified for parameter '_off_t'
 typedef long _off_t;
              ^~~~~~
c:\xilinx\sdk\2019.1\gnu\microblaze\nt\microblaze-xilinx-elf\include\sys\_types.h:50:13: error: storage class specified for parameter '__pid_t'
 typedef int __pid_t;
             ^~~~~~~
c:\xilinx\sdk\2019.1\gnu\microblaze\nt\microblaze-xilinx-elf\include\sys\_types.h:54:15: error: storage class specified for parameter '__dev_t'
 typedef short __dev_t;
               ^~~~~~~
c:\xilinx\sdk\2019.1\gnu\microblaze\nt\microblaze-xilinx-elf\include\sys\_types.h:58:24: error: storage class specified for parameter '__uid_t'
 typedef unsigned short __uid_t;
                        ^~~~~~~
c:\xilinx\sdk\2019.1\gnu\microblaze\nt\microblaze-xilinx-elf\include\sys\_types.h:61:24: error: storage class specified for parameter '__gid_t'
 typedef unsigned short __gid_t;
                        ^~~~~~~
c:\xilinx\sdk\2019.1\gnu\microblaze\nt\microblaze-xilinx-elf\include\sys\_types.h:65:20: error: storage class specified for parameter '__id_t'
 typedef __uint32_t __id_t;
                    ^~~~~~
c:\xilinx\sdk\2019.1\gnu\microblaze\nt\microblaze-xilinx-elf\include\sys\_types.h:73:24: error: storage class specified for parameter '__ino_t'
 typedef unsigned short __ino_t;
                        ^~~~~~~
c:\xilinx\sdk\2019.1\gnu\microblaze\nt\microblaze-xilinx-elf\include\sys\_types.h:88:20: error: storage class specified for parameter '__mode_t'
 typedef __uint32_t __mode_t;
                    ^~~~~~~~
c:\xilinx\sdk\2019.1\gnu\microblaze\nt\microblaze-xilinx-elf\include\sys\_types.h:94:1: error: expected declaration specifiers before '__extension__'
 __extension__ typedef long long _off64_t;
 ^~~~~~~~~~~~~
c:\xilinx\sdk\2019.1\gnu\microblaze\nt\microblaze-xilinx-elf\include\sys\_types.h:100:16: error: expected '=', ',', ';', 'asm' or '__attribute__' before '__off_t'
 typedef _off_t __off_t;
                ^~~~~~~
c:\xilinx\sdk\2019.1\gnu\microblaze\nt\microblaze-xilinx-elf\include\sys\_types.h:103:9: error: unknown type name '_off64_t'
 typedef _off64_t __loff_t;
         ^~~~~~~~
c:\xilinx\sdk\2019.1\gnu\microblaze\nt\microblaze-xilinx-elf\include\sys\_types.h:103:18: error: storage class specified for parameter '__loff_t'
 typedef _off64_t __loff_t;
                  ^~~~~~~~
c:\xilinx\sdk\2019.1\gnu\microblaze\nt\microblaze-xilinx-elf\include\sys\_types.h:106:14: error: storage class specified for parameter '__key_t'
 typedef long __key_t;
              ^~~~~~~
c:\xilinx\sdk\2019.1\gnu\microblaze\nt\microblaze-xilinx-elf\include\sys\_types.h:114:14: error: storage class specified for parameter '_fpos_t'
 typedef long _fpos_t;  /* XXX must match off_t in <sys/types.h> */
              ^~~~~~~
c:\xilinx\sdk\2019.1\gnu\microblaze\nt\microblaze-xilinx-elf\include\sys\_types.h:129:23: error: storage class specified for parameter '__size_t'
 typedef __SIZE_TYPE__ __size_t;
                       ^~~~~~~~
c:\xilinx\sdk\2019.1\gnu\microblaze\nt\microblaze-xilinx-elf\include\sys\_types.h:145:23: error: storage class specified for parameter '_ssize_t'
 typedef __SIZE_TYPE__ _ssize_t;
                       ^~~~~~~~
c:\xilinx\sdk\2019.1\gnu\microblaze\nt\microblaze-xilinx-elf\include\sys\_types.h:156:18: error: expected '=', ',', ';', 'asm' or '__attribute__' before '__ssize_t'
 typedef _ssize_t __ssize_t;
                  ^~~~~~~~~
In file included from c:\xilinx\sdk\2019.1\gnu\microblaze\nt\microblaze-xilinx-elf\include\sys\_types.h:159,
                 from c:\xilinx\sdk\2019.1\gnu\microblaze\nt\microblaze-xilinx-elf\include\sys\reent.h:15,
                 from c:\xilinx\sdk\2019.1\gnu\microblaze\nt\microblaze-xilinx-elf\include\stdlib.h:18,
                 from ../../rfsoc_controller_bsp/microblaze_0/include/xrfdc.h:238,
                 from ../src/drivers/rf.h:12,
                 from ../src/drivers/cmd_handler.c:9:
c:\xilinx\sdk\2019.1\gnu\microblaze\nt\lib\gcc\microblaze-xilinx-elf\8.2.0\include\stddef.h:357:23: error: storage class specified for parameter 'wint_t'
 typedef __WINT_TYPE__ wint_t;
                       ^~~~~~
In file included from c:\xilinx\sdk\2019.1\gnu\microblaze\nt\microblaze-xilinx-elf\include\sys\reent.h:15,
                 from c:\xilinx\sdk\2019.1\gnu\microblaze\nt\microblaze-xilinx-elf\include\stdlib.h:18,
                 from ../../rfsoc_controller_bsp/microblaze_0/include/xrfdc.h:238,
                 from ../src/drivers/rf.h:12,
                 from ../src/drivers/cmd_handler.c:9:
c:\xilinx\sdk\2019.1\gnu\microblaze\nt\microblaze-xilinx-elf\include\sys\_types.h:168:5: error: expected specifier-qualifier-list before 'wint_t'
     wint_t __wch;
     ^~~~~~
c:\xilinx\sdk\2019.1\gnu\microblaze\nt\microblaze-xilinx-elf\include\sys\_types.h:171:3: error: storage class specified for parameter '_mbstate_t'
 } _mbstate_t;
   ^~~~~~~~~~
c:\xilinx\sdk\2019.1\gnu\microblaze\nt\microblaze-xilinx-elf\include\sys\_types.h:175:27: error: expected '=', ',', ';', 'asm' or '__attribute__' before '_flock_t'
 typedef _LOCK_RECURSIVE_T _flock_t;
                           ^~~~~~~~
c:\xilinx\sdk\2019.1\gnu\microblaze\nt\microblaze-xilinx-elf\include\sys\_types.h:180:15: error: storage class specified for parameter '_iconv_t'
 typedef void *_iconv_t;
               ^~~~~~~~
c:\xilinx\sdk\2019.1\gnu\microblaze\nt\microblaze-xilinx-elf\include\sys\_types.h:187:19: error: storage class specified for parameter '__clock_t'
 typedef _CLOCK_T_ __clock_t;
                   ^~~~~~~~~
c:\xilinx\sdk\2019.1\gnu\microblaze\nt\microblaze-xilinx-elf\include\sys\_types.h:194:18: error: storage class specified for parameter '__time_t'
 typedef _TIME_T_ __time_t;
                  ^~~~~~~~
c:\xilinx\sdk\2019.1\gnu\microblaze\nt\microblaze-xilinx-elf\include\sys\_types.h:197:21: error: storage class specified for parameter '__clockid_t'
 typedef _CLOCKID_T_ __clockid_t;
                     ^~~~~~~~~~~
c:\xilinx\sdk\2019.1\gnu\microblaze\nt\microblaze-xilinx-elf\include\sys\_types.h:200:19: error: storage class specified for parameter '__timer_t'
 typedef _TIMER_T_ __timer_t;
                   ^~~~~~~~~
c:\xilinx\sdk\2019.1\gnu\microblaze\nt\microblaze-xilinx-elf\include\sys\_types.h:203:19: error: storage class specified for parameter '__sa_family_t'
 typedef __uint8_t __sa_family_t;
                   ^~~~~~~~~~~~~
c:\xilinx\sdk\2019.1\gnu\microblaze\nt\microblaze-xilinx-elf\include\sys\_types.h:207:20: error: storage class specified for parameter '__socklen_t'
 typedef __uint32_t __socklen_t;
                    ^~~~~~~~~~~
c:\xilinx\sdk\2019.1\gnu\microblaze\nt\microblaze-xilinx-elf\include\sys\_types.h:210:24: error: storage class specified for parameter '__nlink_t'
 typedef unsigned short __nlink_t;
                        ^~~~~~~~~
c:\xilinx\sdk\2019.1\gnu\microblaze\nt\microblaze-xilinx-elf\include\sys\_types.h:211:15: error: storage class specified for parameter '__suseconds_t'
 typedef long  __suseconds_t; /* microseconds (signed) */
               ^~~~~~~~~~~~~
c:\xilinx\sdk\2019.1\gnu\microblaze\nt\microblaze-xilinx-elf\include\sys\_types.h:212:23: error: storage class specified for parameter '__useconds_t'
 typedef unsigned long __useconds_t; /* microseconds (unsigned) */
                       ^~~~~~~~~~~~
c:\xilinx\sdk\2019.1\gnu\microblaze\nt\microblaze-xilinx-elf\include\sys\_types.h:217:18: error: storage class specified for parameter '__va_list'
 typedef char *   __va_list;
                  ^~~~~~~~~
In file included from c:\xilinx\sdk\2019.1\gnu\microblaze\nt\microblaze-xilinx-elf\include\stdlib.h:18,
                 from ../../rfsoc_controller_bsp/microblaze_0/include/xrfdc.h:238,
                 from ../src/drivers/rf.h:12,
                 from ../src/drivers/cmd_handler.c:9:
c:\xilinx\sdk\2019.1\gnu\microblaze\nt\microblaze-xilinx-elf\include\sys\reent.h:22:25: error: storage class specified for parameter '__ULong'
 typedef unsigned __Long __ULong;
                         ^~~~~~~
c:\xilinx\sdk\2019.1\gnu\microblaze\nt\microblaze-xilinx-elf\include\sys\reent.h:51:3: error: expected specifier-qualifier-list before '__ULong'
   __ULong _x[1];
   ^~~~~~~
c:\xilinx\sdk\2019.1\gnu\microblaze\nt\microblaze-xilinx-elf\include\sys\reent.h:78:2: error: expected specifier-qualifier-list before '__ULong'
  __ULong _fntypes;                    /* type of exit routine -
  ^~~~~~~
c:\xilinx\sdk\2019.1\gnu\microblaze\nt\microblaze-xilinx-elf\include\sys\reent.h:168:15: error: storage class specified for parameter '__sinit'
 extern void   __sinit (struct _reent *);
               ^~~~~~~
c:\xilinx\sdk\2019.1\gnu\microblaze\nt\microblaze-xilinx-elf\include\sys\reent.h:202:3: error: expected specifier-qualifier-list before '_fpos_t'
   _fpos_t (*_seek) (struct _reent *, void *, _fpos_t, int);
   ^~~~~~~
c:\xilinx\sdk\2019.1\gnu\microblaze\nt\microblaze-xilinx-elf\include\sys\reent.h:287:26: error: storage class specified for parameter '__FILE'
 typedef struct __sFILE   __FILE;
                          ^~~~~~
c:\xilinx\sdk\2019.1\gnu\microblaze\nt\microblaze-xilinx-elf\include\sys\reent.h:295:3: error: expected specifier-qualifier-list before '__FILE'
   __FILE *_iobs;
   ^~~~~~
c:\xilinx\sdk\2019.1\gnu\microblaze\nt\microblaze-xilinx-elf\include\sys\reent.h:358:3: error: expected specifier-qualifier-list before '_mbstate_t'
   _mbstate_t _mblen_state;
   ^~~~~~~~~~
c:\xilinx\sdk\2019.1\gnu\microblaze\nt\microblaze-xilinx-elf\include\sys\reent.h:381:3: error: expected specifier-qualifier-list before '__FILE'
   __FILE *_stdin, *_stdout, *_stderr; /* XXX */
   ^~~~~~
c:\xilinx\sdk\2019.1\gnu\microblaze\nt\microblaze-xilinx-elf\include\sys\reent.h:421:34: error: storage class specified for parameter '__sf_fake_stdin'
 extern const struct __sFILE_fake __sf_fake_stdin;
                                  ^~~~~~~~~~~~~~~
c:\xilinx\sdk\2019.1\gnu\microblaze\nt\microblaze-xilinx-elf\include\sys\reent.h:422:34: error: storage class specified for parameter '__sf_fake_stdout'
 extern const struct __sFILE_fake __sf_fake_stdout;
                                  ^~~~~~~~~~~~~~~~
c:\xilinx\sdk\2019.1\gnu\microblaze\nt\microblaze-xilinx-elf\include\sys\reent.h:423:34: error: storage class specified for parameter '__sf_fake_stderr'
 extern const struct __sFILE_fake __sf_fake_stderr;
                                  ^~~~~~~~~~~~~~~~
c:\xilinx\sdk\2019.1\gnu\microblaze\nt\microblaze-xilinx-elf\include\sys\reent.h:775:23: error: storage class specified for parameter '_impure_ptr'
 extern struct _reent *_impure_ptr __ATTRIBUTE_IMPURE_PTR__;
                       ^~~~~~~~~~~
c:\xilinx\sdk\2019.1\gnu\microblaze\nt\microblaze-xilinx-elf\include\sys\reent.h:776:29: error: storage class specified for parameter '_global_impure_ptr'
 extern struct _reent *const _global_impure_ptr __ATTRIBUTE_IMPURE_PTR__;
                             ^~~~~~~~~~~~~~~~~~
In file included from ../../rfsoc_controller_bsp/microblaze_0/include/xrfdc.h:238,
                 from ../src/drivers/rf.h:12,
                 from ../src/drivers/cmd_handler.c:9:
c:\xilinx\sdk\2019.1\gnu\microblaze\nt\microblaze-xilinx-elf\include\stdlib.h:39:3: error: storage class specified for parameter 'div_t'
 } div_t;
   ^~~~~
c:\xilinx\sdk\2019.1\gnu\microblaze\nt\microblaze-xilinx-elf\include\stdlib.h:45:3: error: storage class specified for parameter 'ldiv_t'
 } ldiv_t;
   ^~~~~~
c:\xilinx\sdk\2019.1\gnu\microblaze\nt\microblaze-xilinx-elf\include\stdlib.h:52:3: error: storage class specified for parameter 'lldiv_t'
 } lldiv_t;
   ^~~~~~~
c:\xilinx\sdk\2019.1\gnu\microblaze\nt\microblaze-xilinx-elf\include\stdlib.h:57:15: error: storage class specified for parameter '__compar_fn_t'
 typedef int (*__compar_fn_t) (const void *, const void *);
               ^~~~~~~~~~~~~
c:\xilinx\sdk\2019.1\gnu\microblaze\nt\microblaze-xilinx-elf\include\stdlib.h:89:10: error: expected declaration specifiers or '...' before '__compar_fn_t'
          __compar_fn_t _compar);
          ^~~~~~~~~~~~~
c:\xilinx\sdk\2019.1\gnu\microblaze\nt\microblaze-xilinx-elf\include\stdlib.h:91:1: error: expected declaration specifiers before 'div_t'
 div_t div (int __numer, int __denom);
 ^~~~~
c:\xilinx\sdk\2019.1\gnu\microblaze\nt\microblaze-xilinx-elf\include\stdlib.h:99:14: error: storage class specified for parameter 'suboptarg'
 extern char *suboptarg;   /* getsubopt(3) external variable */
              ^~~~~~~~~
c:\xilinx\sdk\2019.1\gnu\microblaze\nt\microblaze-xilinx-elf\include\stdlib.h:103:1: error: expected declaration specifiers before 'ldiv_t'
 ldiv_t ldiv (long __numer, long __denom);
 ^~~~~~
c:\xilinx\sdk\2019.1\gnu\microblaze\nt\microblaze-xilinx-elf\include\stdlib.h:106:54: error: expected declaration specifiers or '...' before '_mbstate_t'
 int _mblen_r (struct _reent *, const char *, size_t, _mbstate_t *);
                                                      ^~~~~~~~~~
c:\xilinx\sdk\2019.1\gnu\microblaze\nt\microblaze-xilinx-elf\include\stdlib.h:108:86: error: expected declaration specifiers or '...' before '_mbstate_t'
 int _mbtowc_r (struct _reent *, wchar_t *__restrict, const char *__restrict, size_t, _mbstate_t *);
                                                                                      ^~~~~~~~~~
c:\xilinx\sdk\2019.1\gnu\microblaze\nt\microblaze-xilinx-elf\include\stdlib.h:110:50: error: expected declaration specifiers or '...' before '_mbstate_t'
 int _wctomb_r (struct _reent *, char *, wchar_t, _mbstate_t *);
                                                  ^~~~~~~~~~
c:\xilinx\sdk\2019.1\gnu\microblaze\nt\microblaze-xilinx-elf\include\stdlib.h:112:91: error: expected declaration specifiers or '...' before '_mbstate_t'
 size_t _mbstowcs_r (struct _reent *, wchar_t *__restrict, const char *__restrict, size_t, _mbstate_t *);
                                                                                           ^~~~~~~~~~
c:\xilinx\sdk\2019.1\gnu\microblaze\nt\microblaze-xilinx-elf\include\stdlib.h:114:91: error: expected declaration specifiers or '...' before '_mbstate_t'
 size_t _wcstombs_r (struct _reent *, char *__restrict, const wchar_t *__restrict, size_t, _mbstate_t *);
                                                                                           ^~~~~~~~~~
In file included from ../../rfsoc_controller_bsp/microblaze_0/include/xrfdc.h:238,
                 from ../src/drivers/rf.h:12,
                 from ../src/drivers/cmd_handler.c:9:
c:\xilinx\sdk\2019.1\gnu\microblaze\nt\microblaze-xilinx-elf\include\stdlib.h:139:58: error: expected declaration specifiers or '...' before '__compar_fn_t'
 void qsort (void *__base, size_t __nmemb, size_t __size, __compar_fn_t _compar);
                                                          ^~~~~~~~~~~~~
c:\xilinx\sdk\2019.1\gnu\microblaze\nt\microblaze-xilinx-elf\include\stdlib.h:265:1: error: expected declaration specifiers before 'lldiv_t'
 lldiv_t lldiv (long long __numer, long long __denom);
 ^~~~~~~
c:\xilinx\sdk\2019.1\gnu\microblaze\nt\microblaze-xilinx-elf\include\stdlib.h:318:20: error: storage class specified for parameter '_strtold_r'
 extern long double _strtold_r (struct _reent *, const char *__restrict, char **__restrict);
                    ^~~~~~~~~~
c:\xilinx\sdk\2019.1\gnu\microblaze\nt\microblaze-xilinx-elf\include\stdlib.h:320:20: error: storage class specified for parameter 'strtold'
 extern long double strtold (const char *__restrict, char **__restrict);
                    ^~~~~~~
In file included from c:\xilinx\sdk\2019.1\gnu\microblaze\nt\microblaze-xilinx-elf\include\ctype.h:8,
                 from ../../rfsoc_controller_bsp/microblaze_0/include/xil_printf.h:8,
                 from ../../rfsoc_controller_bsp/microblaze_0/include/xil_io.h:61,
                 from ../../rfsoc_controller_bsp/microblaze_0/include/sleep.h:52,
                 from ../../rfsoc_controller_bsp/microblaze_0/include/xrfdc.h:244,
                 from ../src/drivers/rf.h:12,
                 from ../src/drivers/cmd_handler.c:9:
c:\xilinx\sdk\2019.1\gnu\microblaze\nt\microblaze-xilinx-elf\include\xlocale.h:10:28: error: storage class specified for parameter 'locale_t'
 typedef struct __locale_t *locale_t;
                            ^~~~~~~~
In file included from ../../rfsoc_controller_bsp/microblaze_0/include/xil_printf.h:8,
                 from ../../rfsoc_controller_bsp/microblaze_0/include/xil_io.h:61,
                 from ../../rfsoc_controller_bsp/microblaze_0/include/sleep.h:52,
                 from ../../rfsoc_controller_bsp/microblaze_0/include/xrfdc.h:244,
                 from ../src/drivers/rf.h:12,
                 from ../src/drivers/cmd_handler.c:9:
c:\xilinx\sdk\2019.1\gnu\microblaze\nt\microblaze-xilinx-elf\include\ctype.h:39:32: error: expected declaration specifiers or '...' before 'locale_t'
 extern int isalnum_l (int __c, locale_t __l);
                                ^~~~~~~~
c:\xilinx\sdk\2019.1\gnu\microblaze\nt\microblaze-xilinx-elf\include\ctype.h:40:32: error: expected declaration specifiers or '...' before 'locale_t'
 extern int isalpha_l (int __c, locale_t __l);
                                ^~~~~~~~
c:\xilinx\sdk\2019.1\gnu\microblaze\nt\microblaze-xilinx-elf\include\ctype.h:41:32: error: expected declaration specifiers or '...' before 'locale_t'
 extern int isblank_l (int __c, locale_t __l);
                                ^~~~~~~~
c:\xilinx\sdk\2019.1\gnu\microblaze\nt\microblaze-xilinx-elf\include\ctype.h:42:32: error: expected declaration specifiers or '...' before 'locale_t'
 extern int iscntrl_l (int __c, locale_t __l);
                                ^~~~~~~~
c:\xilinx\sdk\2019.1\gnu\microblaze\nt\microblaze-xilinx-elf\include\ctype.h:43:32: error: expected declaration specifiers or '...' before 'locale_t'
 extern int isdigit_l (int __c, locale_t __l);
                                ^~~~~~~~
c:\xilinx\sdk\2019.1\gnu\microblaze\nt\microblaze-xilinx-elf\include\ctype.h:44:32: error: expected declaration specifiers or '...' before 'locale_t'
 extern int isgraph_l (int __c, locale_t __l);
                                ^~~~~~~~
c:\xilinx\sdk\2019.1\gnu\microblaze\nt\microblaze-xilinx-elf\include\ctype.h:45:32: error: expected declaration specifiers or '...' before 'locale_t'
 extern int islower_l (int __c, locale_t __l);
                                ^~~~~~~~
c:\xilinx\sdk\2019.1\gnu\microblaze\nt\microblaze-xilinx-elf\include\ctype.h:46:32: error: expected declaration specifiers or '...' before 'locale_t'
 extern int isprint_l (int __c, locale_t __l);
                                ^~~~~~~~
c:\xilinx\sdk\2019.1\gnu\microblaze\nt\microblaze-xilinx-elf\include\ctype.h:47:32: error: expected declaration specifiers or '...' before 'locale_t'
 extern int ispunct_l (int __c, locale_t __l);
                                ^~~~~~~~
c:\xilinx\sdk\2019.1\gnu\microblaze\nt\microblaze-xilinx-elf\include\ctype.h:48:32: error: expected declaration specifiers or '...' before 'locale_t'
 extern int isspace_l (int __c, locale_t __l);
                                ^~~~~~~~
c:\xilinx\sdk\2019.1\gnu\microblaze\nt\microblaze-xilinx-elf\include\ctype.h:49:32: error: expected declaration specifiers or '...' before 'locale_t'
 extern int isupper_l (int __c, locale_t __l);
                                ^~~~~~~~
c:\xilinx\sdk\2019.1\gnu\microblaze\nt\microblaze-xilinx-elf\include\ctype.h:50:32: error: expected declaration specifiers or '...' before 'locale_t'
 extern int isxdigit_l(int __c, locale_t __l);
                                ^~~~~~~~
c:\xilinx\sdk\2019.1\gnu\microblaze\nt\microblaze-xilinx-elf\include\ctype.h:51:32: error: expected declaration specifiers or '...' before 'locale_t'
 extern int tolower_l (int __c, locale_t __l);
                                ^~~~~~~~
c:\xilinx\sdk\2019.1\gnu\microblaze\nt\microblaze-xilinx-elf\include\ctype.h:52:32: error: expected declaration specifiers or '...' before 'locale_t'
 extern int toupper_l (int __c, locale_t __l);
                                ^~~~~~~~
c:\xilinx\sdk\2019.1\gnu\microblaze\nt\microblaze-xilinx-elf\include\ctype.h:56:32: error: expected declaration specifiers or '...' before 'locale_t'
 extern int isascii_l (int __c, locale_t __l);
                                ^~~~~~~~
c:\xilinx\sdk\2019.1\gnu\microblaze\nt\microblaze-xilinx-elf\include\ctype.h:57:32: error: expected declaration specifiers or '...' before 'locale_t'
 extern int toascii_l (int __c, locale_t __l);
                                ^~~~~~~~
c:\xilinx\sdk\2019.1\gnu\microblaze\nt\microblaze-xilinx-elf\include\ctype.h:165:28: error: storage class specified for parameter '_ctype_'
 extern __IMPORT const char _ctype_[];
                            ^~~~~~~
In file included from c:\xilinx\sdk\2019.1\gnu\microblaze\nt\microblaze-xilinx-elf\include\string.h:24,
                 from ../../rfsoc_controller_bsp/microblaze_0/include/xil_printf.h:9,
                 from ../../rfsoc_controller_bsp/microblaze_0/include/xil_io.h:61,
                 from ../../rfsoc_controller_bsp/microblaze_0/include/sleep.h:52,
                 from ../../rfsoc_controller_bsp/microblaze_0/include/xrfdc.h:244,
                 from ../src/drivers/rf.h:12,
                 from ../src/drivers/cmd_handler.c:9:
c:\xilinx\sdk\2019.1\gnu\microblaze\nt\microblaze-xilinx-elf\include\strings.h:71:48: error: expected declaration specifiers or '...' before 'locale_t'
 int  strcasecmp_l (const char *, const char *, locale_t);
                                                ^~~~~~~~
c:\xilinx\sdk\2019.1\gnu\microblaze\nt\microblaze-xilinx-elf\include\strings.h:72:57: error: expected declaration specifiers or '...' before 'locale_t'
 int  strncasecmp_l (const char *, const char *, size_t, locale_t);
                                                         ^~~~~~~~
In file included from ../../rfsoc_controller_bsp/microblaze_0/include/xil_printf.h:9,
                 from ../../rfsoc_controller_bsp/microblaze_0/include/xil_io.h:61,
                 from ../../rfsoc_controller_bsp/microblaze_0/include/sleep.h:52,
                 from ../../rfsoc_controller_bsp/microblaze_0/include/xrfdc.h:244,
                 from ../src/drivers/rf.h:12,
                 from ../src/drivers/cmd_handler.c:9:
c:\xilinx\sdk\2019.1\gnu\microblaze\nt\microblaze-xilinx-elf\include\string.h:55:45: error: expected declaration specifiers or '...' before 'locale_t'
 int  strcoll_l (const char *, const char *, locale_t);
                                             ^~~~~~~~
c:\xilinx\sdk\2019.1\gnu\microblaze\nt\microblaze-xilinx-elf\include\string.h:56:24: error: expected declaration specifiers or '...' before 'locale_t'
 char *strerror_l (int, locale_t);
                        ^~~~~~~~
c:\xilinx\sdk\2019.1\gnu\microblaze\nt\microblaze-xilinx-elf\include\string.h:57:70: error: expected declaration specifiers or '...' before 'locale_t'
 size_t  strxfrm_l (char *__restrict, const char *__restrict, size_t, locale_t);
                                                                      ^~~~~~~~
In file included from ../../rfsoc_controller_bsp/microblaze_0/include/xil_printf.h:10,
                 from ../../rfsoc_controller_bsp/microblaze_0/include/xil_io.h:61,
                 from ../../rfsoc_controller_bsp/microblaze_0/include/sleep.h:52,
                 from ../../rfsoc_controller_bsp/microblaze_0/include/xrfdc.h:244,
                 from ../src/drivers/rf.h:12,
                 from ../src/drivers/cmd_handler.c:9:
c:\xilinx\sdk\2019.1\gnu\microblaze\nt\lib\gcc\microblaze-xilinx-elf\8.2.0\include\stdarg.h:40:27: error: storage class specified for parameter '__gnuc_va_list'
 typedef __builtin_va_list __gnuc_va_list;
                           ^~~~~~~~~~~~~~
In file included from ../../rfsoc_controller_bsp/microblaze_0/include/xil_printf.h:10,
                 from ../../rfsoc_controller_bsp/microblaze_0/include/xil_io.h:61,
                 from ../../rfsoc_controller_bsp/microblaze_0/include/sleep.h:52,
                 from ../../rfsoc_controller_bsp/microblaze_0/include/xrfdc.h:244,
                 from ../src/drivers/rf.h:12,
                 from ../src/drivers/cmd_handler.c:9:
c:\xilinx\sdk\2019.1\gnu\microblaze\nt\lib\gcc\microblaze-xilinx-elf\8.2.0\include\stdarg.h:99:24: error: expected '=', ',', ';', 'asm' or '__attribute__' before 'va_list'
 typedef __gnuc_va_list va_list;
                        ^~~~~~~
In file included from ../../rfsoc_controller_bsp/microblaze_0/include/xil_io.h:61,
                 from ../../rfsoc_controller_bsp/microblaze_0/include/sleep.h:52,
                 from ../../rfsoc_controller_bsp/microblaze_0/include/xrfdc.h:244,
                 from ../src/drivers/rf.h:12,
                 from ../src/drivers/cmd_handler.c:9:
../../rfsoc_controller_bsp/microblaze_0/include/xil_printf.h:23:1: warning: empty declaration
 struct params_s;
 ^~~~~~
../../rfsoc_controller_bsp/microblaze_0/include/xil_printf.h:34:16: error: storage class specified for parameter 'charptr'
 typedef char8* charptr;
                ^~~~~~~
../../rfsoc_controller_bsp/microblaze_0/include/xil_printf.h:35:15: error: storage class specified for parameter 'func_ptr'
 typedef s32 (*func_ptr)(int c);
               ^~~~~~~~
../../rfsoc_controller_bsp/microblaze_0/include/xil_printf.h:41:13: error: storage class specified for parameter 'outbyte'
 extern void outbyte (char8 c);
             ^~~~~~~
../../rfsoc_controller_bsp/microblaze_0/include/xil_printf.h:42:14: error: storage class specified for parameter 'inbyte'
 extern char8 inbyte(void);
              ^~~~~~
In file included from ../../rfsoc_controller_bsp/microblaze_0/include/mb_interface.h:50,
                 from ../../rfsoc_controller_bsp/microblaze_0/include/xil_io.h:64,
                 from ../../rfsoc_controller_bsp/microblaze_0/include/sleep.h:52,
                 from ../../rfsoc_controller_bsp/microblaze_0/include/xrfdc.h:244,
                 from ../src/drivers/rf.h:12,
                 from ../src/drivers/cmd_handler.c:9:
../../rfsoc_controller_bsp/microblaze_0/include/xil_exception.h:97:16: error: storage class specified for parameter 'Xil_ExceptionHandler'
 typedef void (*Xil_ExceptionHandler)(void *Data);
                ^~~~~~~~~~~~~~~~~~~~
../../rfsoc_controller_bsp/microblaze_0/include/xil_exception.h:103:16: error: storage class specified for parameter 'XInterruptHandler'
 typedef void (*XInterruptHandler) (void *InstancePtr);
                ^~~~~~~~~~~~~~~~~
../../rfsoc_controller_bsp/microblaze_0/include/xil_exception.h:111:7: error: expected declaration specifiers or '...' before 'Xil_ExceptionHandler'
       Xil_ExceptionHandler Handler,
       ^~~~~~~~~~~~~~~~~~~~
../../rfsoc_controller_bsp/microblaze_0/include/xil_exception.h:114:13: error: storage class specified for parameter 'Xil_ExceptionRemoveHandler'
 extern void Xil_ExceptionRemoveHandler(u32 Id);
             ^~~~~~~~~~~~~~~~~~~~~~~~~~
../../rfsoc_controller_bsp/microblaze_0/include/xil_exception.h:116:13: error: storage class specified for parameter 'Xil_ExceptionInit'
 extern void Xil_ExceptionInit(void);
             ^~~~~~~~~~~~~~~~~
../../rfsoc_controller_bsp/microblaze_0/include/xil_exception.h:117:13: error: storage class specified for parameter 'Xil_ExceptionEnable'
 extern void Xil_ExceptionEnable(void);
             ^~~~~~~~~~~~~~~~~~~
../../rfsoc_controller_bsp/microblaze_0/include/xil_exception.h:118:13: error: storage class specified for parameter 'Xil_ExceptionDisable'
 extern void Xil_ExceptionDisable(void);
             ^~~~~~~~~~~~~~~~~~~~
In file included from ../../rfsoc_controller_bsp/microblaze_0/include/xil_io.h:64,
                 from ../../rfsoc_controller_bsp/microblaze_0/include/sleep.h:52,
                 from ../../rfsoc_controller_bsp/microblaze_0/include/xrfdc.h:244,
                 from ../src/drivers/rf.h:12,
                 from ../src/drivers/cmd_handler.c:9:
../../rfsoc_controller_bsp/microblaze_0/include/mb_interface.h:55:13: error: storage class specified for parameter 'microblaze_enable_interrupts'
 extern void microblaze_enable_interrupts(void);                 /* Enable Interrupts */
             ^~~~~~~~~~~~~~~~~~~~~~~~~~~~
../../rfsoc_controller_bsp/microblaze_0/include/mb_interface.h:56:13: error: storage class specified for parameter 'microblaze_disable_interrupts'
 extern void microblaze_disable_interrupts(void);                /* Disable Interrupts */
             ^~~~~~~~~~~~~~~~~~~~~~~~~~~~~
../../rfsoc_controller_bsp/microblaze_0/include/mb_interface.h:57:13: error: storage class specified for parameter 'microblaze_enable_icache'
 extern void microblaze_enable_icache(void);                     /* Enable Instruction Cache */
             ^~~~~~~~~~~~~~~~~~~~~~~~
../../rfsoc_controller_bsp/microblaze_0/include/mb_interface.h:58:13: error: storage class specified for parameter 'microblaze_disable_icache'
 extern void microblaze_disable_icache(void);                    /* Disable Instruction Cache */
             ^~~~~~~~~~~~~~~~~~~~~~~~~
../../rfsoc_controller_bsp/microblaze_0/include/mb_interface.h:59:13: error: storage class specified for parameter 'microblaze_enable_dcache'
 extern void microblaze_enable_dcache(void);                     /* Enable Instruction Cache */
             ^~~~~~~~~~~~~~~~~~~~~~~~
../../rfsoc_controller_bsp/microblaze_0/include/mb_interface.h:60:13: error: storage class specified for parameter 'microblaze_disable_dcache'
 extern void microblaze_disable_dcache(void);                    /* Disable Instruction Cache */
             ^~~~~~~~~~~~~~~~~~~~~~~~~
../../rfsoc_controller_bsp/microblaze_0/include/mb_interface.h:61:13: error: storage class specified for parameter 'microblaze_enable_exceptions'
 extern void microblaze_enable_exceptions(void);                 /* Enable hardware exceptions */
             ^~~~~~~~~~~~~~~~~~~~~~~~~~~~
../../rfsoc_controller_bsp/microblaze_0/include/mb_interface.h:62:13: error: storage class specified for parameter 'microblaze_disable_exceptions'
 extern void microblaze_disable_exceptions(void);                /* Disable hardware exceptions */
             ^~~~~~~~~~~~~~~~~~~~~~~~~~~~~
../../rfsoc_controller_bsp/microblaze_0/include/mb_interface.h:63:41: error: expected declaration specifiers or '...' before 'XInterruptHandler'
 extern void microblaze_register_handler(XInterruptHandler Handler, void *DataPtr); /* Register top level interrupt handler */
                                         ^~~~~~~~~~~~~~~~~
../../rfsoc_controller_bsp/microblaze_0/include/mb_interface.h:64:68: error: expected declaration specifiers or '...' before 'Xil_ExceptionHandler'
 extern void microblaze_register_exception_handler(u32 ExceptionId, Xil_ExceptionHandler Handler, void *DataPtr); /* Register exception handler */
                                                                    ^~~~~~~~~~~~~~~~~~~~
In file included from ../../rfsoc_controller_bsp/microblaze_0/include/xil_io.h:64,
                 from ../../rfsoc_controller_bsp/microblaze_0/include/sleep.h:52,
                 from ../../rfsoc_controller_bsp/microblaze_0/include/xrfdc.h:244,
                 from ../src/drivers/rf.h:12,
                 from ../src/drivers/cmd_handler.c:9:
../../rfsoc_controller_bsp/microblaze_0/include/mb_interface.h:66:13: error: storage class specified for parameter 'microblaze_invalidate_icache'
 extern void microblaze_invalidate_icache(void);         /* Invalidate the entire icache */
             ^~~~~~~~~~~~~~~~~~~~~~~~~~~~
../../rfsoc_controller_bsp/microblaze_0/include/mb_interface.h:67:13: error: storage class specified for parameter 'microblaze_invalidate_dcache'
 extern void microblaze_invalidate_dcache(void);         /* Invalidate the entire dcache */
             ^~~~~~~~~~~~~~~~~~~~~~~~~~~~
../../rfsoc_controller_bsp/microblaze_0/include/mb_interface.h:68:13: error: storage class specified for parameter 'microblaze_flush_dcache'
 extern void microblaze_flush_dcache(void);              /* Flush the whole dcache */
             ^~~~~~~~~~~~~~~~~~~~~~~
../../rfsoc_controller_bsp/microblaze_0/include/mb_interface.h:69:13: error: storage class specified for parameter 'microblaze_invalidate_icache_range'
 extern void microblaze_invalidate_icache_range(UINTPTR cacheaddr, u32 len);   /* Invalidate a part of the icache */
             ^~~~~~~~~~~~~~~~~~~~~~~~~~~~~~~~~~
../../rfsoc_controller_bsp/microblaze_0/include/mb_interface.h:70:13: error: storage class specified for parameter 'microblaze_invalidate_dcache_range'
 extern void microblaze_invalidate_dcache_range(UINTPTR cacheaddr, u32 len);   /* Invalidate a part of the dcache */
             ^~~~~~~~~~~~~~~~~~~~~~~~~~~~~~~~~~
../../rfsoc_controller_bsp/microblaze_0/include/mb_interface.h:71:13: error: storage class specified for parameter 'microblaze_flush_dcache_range'
 extern void microblaze_flush_dcache_range(UINTPTR cacheaddr, u32 len);        /* Flush a part of the dcache */
             ^~~~~~~~~~~~~~~~~~~~~~~~~~~~~
../../rfsoc_controller_bsp/microblaze_0/include/mb_interface.h:72:13: error: storage class specified for parameter 'microblaze_scrub'
 extern void microblaze_scrub(void);                     /* Scrub LMB and internal BRAM */
             ^~~~~~~~~~~~~~~~
../../rfsoc_controller_bsp/microblaze_0/include/mb_interface.h:73:13: error: storage class specified for parameter 'microblaze_invalidate_cache_ext'
 extern void microblaze_invalidate_cache_ext(void);         /* Invalidate cache ext */
             ^~~~~~~~~~~~~~~~~~~~~~~~~~~~~~~
../../rfsoc_controller_bsp/microblaze_0/include/mb_interface.h:74:13: error: storage class specified for parameter 'microblaze_flush_cache_ext'
 extern void microblaze_flush_cache_ext(void);         /* Flush cache ext */
             ^~~~~~~~~~~~~~~~~~~~~~~~~~
../../rfsoc_controller_bsp/microblaze_0/include/mb_interface.h:75:13: error: storage class specified for parameter 'microblaze_flush_cache_ext_range'
 extern void microblaze_flush_cache_ext_range(UINTPTR cacheaddr,
             ^~~~~~~~~~~~~~~~~~~~~~~~~~~~~~~~
../../rfsoc_controller_bsp/microblaze_0/include/mb_interface.h:77:13: error: storage class specified for parameter 'microblaze_invalidate_cache_ext_range'
 extern void microblaze_invalidate_cache_ext_range(UINTPTR cacheaddr,
             ^~~~~~~~~~~~~~~~~~~~~~~~~~~~~~~~~~~~~
../../rfsoc_controller_bsp/microblaze_0/include/mb_interface.h:81:13: error: storage class specified for parameter 'microblaze_update_icache'
 extern void microblaze_update_icache (s32 , s32 , s32 ) __attribute__((deprecated));
             ^~~~~~~~~~~~~~~~~~~~~~~~
../../rfsoc_controller_bsp/microblaze_0/include/mb_interface.h:82:13: error: storage class specified for parameter 'microblaze_init_icache_range'
 extern void microblaze_init_icache_range (s32 , s32 )  __attribute__((deprecated));
             ^~~~~~~~~~~~~~~~~~~~~~~~~~~~
../../rfsoc_controller_bsp/microblaze_0/include/mb_interface.h:83:13: error: storage class specified for parameter 'microblaze_update_dcache'
 extern void microblaze_update_dcache (s32 , s32 , s32 )  __attribute__((deprecated));
             ^~~~~~~~~~~~~~~~~~~~~~~~
../../rfsoc_controller_bsp/microblaze_0/include/mb_interface.h:84:13: error: storage class specified for parameter 'microblaze_init_dcache_range'
 extern void microblaze_init_dcache_range (s32 , s32 )  __attribute__((deprecated));
             ^~~~~~~~~~~~~~~~~~~~~~~~~~~~
In file included from ../../rfsoc_controller_bsp/microblaze_0/include/sleep.h:52,
                 from ../../rfsoc_controller_bsp/microblaze_0/include/xrfdc.h:244,
                 from ../src/drivers/rf.h:12,
                 from ../src/drivers/cmd_handler.c:9:
../../rfsoc_controller_bsp/microblaze_0/include/xil_io.h:114:1: error: expected '=', ',', ';', 'asm' or '__attribute__' before '{' token
 {
 ^
../../rfsoc_controller_bsp/microblaze_0/include/xil_io.h:131:1: error: expected '=', ',', ';', 'asm' or '__attribute__' before '{' token
 {
 ^
../../rfsoc_controller_bsp/microblaze_0/include/xil_io.h:148:1: error: expected '=', ',', ';', 'asm' or '__attribute__' before '{' token
 {
 ^
../../rfsoc_controller_bsp/microblaze_0/include/xil_io.h:165:1: error: expected '=', ',', ';', 'asm' or '__attribute__' before '{' token
 {
 ^
../../rfsoc_controller_bsp/microblaze_0/include/xil_io.h:183:1: error: expected '=', ',', ';', 'asm' or '__attribute__' before '{' token
 {
 ^
../../rfsoc_controller_bsp/microblaze_0/include/xil_io.h:201:1: error: expected '=', ',', ';', 'asm' or '__attribute__' before '{' token
 {
 ^
../../rfsoc_controller_bsp/microblaze_0/include/xil_io.h:220:1: error: expected '=', ',', ';', 'asm' or '__attribute__' before '{' token
 {
 ^
../../rfsoc_controller_bsp/microblaze_0/include/xil_io.h:242:1: error: expected '=', ',', ';', 'asm' or '__attribute__' before '{' token
 {
 ^
../../rfsoc_controller_bsp/microblaze_0/include/xil_io.h:287:1: error: expected '=', ',', ';', 'asm' or '__attribute__' before '{' token
 {
 ^
../../rfsoc_controller_bsp/microblaze_0/include/xil_io.h:301:1: error: expected '=', ',', ';', 'asm' or '__attribute__' before '{' token
 {
 ^
../../rfsoc_controller_bsp/microblaze_0/include/xil_io.h:315:1: error: expected '=', ',', ';', 'asm' or '__attribute__' before '{' token
 {
 ^
../../rfsoc_controller_bsp/microblaze_0/include/xil_io.h:329:1: error: expected '=', ',', ';', 'asm' or '__attribute__' before '{' token
 {
 ^
In file included from ../../rfsoc_controller_bsp/microblaze_0/include/metal/sys.h:18,
                 from ../../rfsoc_controller_bsp/microblaze_0/include/xrfdc.h:246,
                 from ../src/drivers/rf.h:12,
                 from ../src/drivers/cmd_handler.c:9:
../../rfsoc_controller_bsp/microblaze_0/include/metal/log.h:23:1: warning: empty declaration
 enum metal_log_level {
 ^~~~
../../rfsoc_controller_bsp/microblaze_0/include/metal/log.h:35:16: error: storage class specified for parameter 'metal_log_handler'
 typedef void (*metal_log_handler)(enum metal_log_level level,
                ^~~~~~~~~~~~~~~~~
../../rfsoc_controller_bsp/microblaze_0/include/metal/log.h:43:35: error: expected declaration specifiers or '...' before 'metal_log_handler'
 extern void metal_set_log_handler(metal_log_handler handler);
                                   ^~~~~~~~~~~~~~~~~
../../rfsoc_controller_bsp/microblaze_0/include/metal/log.h:49:26: error: expected '=', ',', ';', 'asm' or '__attribute__' before 'metal_get_log_handler'
 extern metal_log_handler metal_get_log_handler(void);
                          ^~~~~~~~~~~~~~~~~~~~~
../../rfsoc_controller_bsp/microblaze_0/include/metal/log.h:55:13: error: storage class specified for parameter 'metal_set_log_level'
 extern void metal_set_log_level(enum metal_log_level level);
             ^~~~~~~~~~~~~~~~~~~
../../rfsoc_controller_bsp/microblaze_0/include/metal/log.h:61:29: error: storage class specified for parameter 'metal_get_log_level'
 extern enum metal_log_level metal_get_log_level(void);
                             ^~~~~~~~~~~~~~~~~~~
../../rfsoc_controller_bsp/microblaze_0/include/metal/log.h:70:13: error: storage class specified for parameter 'metal_default_log_handler'
 extern void metal_default_log_handler(enum metal_log_level level,
             ^~~~~~~~~~~~~~~~~~~~~~~~~
In file included from ../../rfsoc_controller_bsp/microblaze_0/include/metal/sys.h:19,
                 from ../../rfsoc_controller_bsp/microblaze_0/include/xrfdc.h:246,
                 from ../src/drivers/rf.h:12,
                 from ../src/drivers/cmd_handler.c:9:
../../rfsoc_controller_bsp/microblaze_0/include/metal/list.h:24:1: warning: empty declaration
 struct metal_list {
 ^~~~~~
../../rfsoc_controller_bsp/microblaze_0/include/metal/list.h:41:1: error: expected '=', ',', ';', 'asm' or '__attribute__' before '{' token
 {
 ^
../../rfsoc_controller_bsp/microblaze_0/include/metal/list.h:47:1: error: expected '=', ',', ';', 'asm' or '__attribute__' before '{' token
 {
 ^
../../rfsoc_controller_bsp/microblaze_0/include/metal/list.h:56:1: error: expected '=', ',', ';', 'asm' or '__attribute__' before '{' token
 {
 ^
../../rfsoc_controller_bsp/microblaze_0/include/metal/list.h:65:1: error: expected '=', ',', ';', 'asm' or '__attribute__' before '{' token
 {
 ^
../../rfsoc_controller_bsp/microblaze_0/include/metal/list.h:71:1: error: expected '=', ',', ';', 'asm' or '__attribute__' before '{' token
 {
 ^
../../rfsoc_controller_bsp/microblaze_0/include/metal/list.h:76:1: error: expected '=', ',', ';', 'asm' or '__attribute__' before '{' token
 {
 ^
../../rfsoc_controller_bsp/microblaze_0/include/metal/list.h:81:1: error: expected '=', ',', ';', 'asm' or '__attribute__' before '{' token
 {
 ^
../../rfsoc_controller_bsp/microblaze_0/include/metal/list.h:88:1: error: expected '=', ',', ';', 'asm' or '__attribute__' before '{' token
 {
 ^
In file included from ../../rfsoc_controller_bsp/microblaze_0/include/xrfdc.h:246,
                 from ../src/drivers/rf.h:12,
                 from ../src/drivers/cmd_handler.c:9:
../../rfsoc_controller_bsp/microblaze_0/include/metal/sys.h:29:23: error: storage class specified for parameter 'metal_phys_addr_t'
 typedef unsigned long metal_phys_addr_t;
                       ^~~~~~~~~~~~~~~~~
../../rfsoc_controller_bsp/microblaze_0/include/metal/sys.h:32:13: error: storage class specified for parameter 'metal_irq_t'
 typedef int metal_irq_t;
             ^~~~~~~~~~~
../../rfsoc_controller_bsp/microblaze_0/include/metal/sys.h:52:2: error: expected specifier-qualifier-list before 'metal_log_handler'
  metal_log_handler  log_handler;
  ^~~~~~~~~~~~~~~~~
../../rfsoc_controller_bsp/microblaze_0/include/metal/sys.h:49:1: warning: empty declaration
 struct metal_init_params {
 ^~~~~~
../../rfsoc_controller_bsp/microblaze_0/include/metal/sys.h:67:2: error: expected specifier-qualifier-list before 'metal_log_handler'
  metal_log_handler  log_handler;
  ^~~~~~~~~~~~~~~~~
../../rfsoc_controller_bsp/microblaze_0/include/metal/sys.h:62:1: warning: empty declaration
 struct metal_common_state {
 ^~~~~~
../../rfsoc_controller_bsp/microblaze_0/include/metal/sys.h:79:1: warning: empty declaration
 struct metal_state;
 ^~~~~~
In file included from ../../rfsoc_controller_bsp/microblaze_0/include/metal/system/generic/sys.h:19,
                 from ../../rfsoc_controller_bsp/microblaze_0/include/metal/sys.h:81,
                 from ../../rfsoc_controller_bsp/microblaze_0/include/xrfdc.h:246,
                 from ../src/drivers/rf.h:12,
                 from ../src/drivers/cmd_handler.c:9:
c:\xilinx\sdk\2019.1\gnu\microblaze\nt\microblaze-xilinx-elf\include\errno.h:5:13: error: storage class specified for parameter 'error_t'
 typedef int error_t;
             ^~~~~~~
In file included from c:\xilinx\sdk\2019.1\gnu\microblaze\nt\microblaze-xilinx-elf\include\errno.h:9,
                 from ../../rfsoc_controller_bsp/microblaze_0/include/metal/system/generic/sys.h:19,
                 from ../../rfsoc_controller_bsp/microblaze_0/include/metal/sys.h:81,
                 from ../../rfsoc_controller_bsp/microblaze_0/include/xrfdc.h:246,
                 from ../src/drivers/rf.h:12,
                 from ../src/drivers/cmd_handler.c:9:
c:\xilinx\sdk\2019.1\gnu\microblaze\nt\microblaze-xilinx-elf\include\sys\errno.h:15:13: error: storage class specified for parameter '__errno'
 extern int *__errno (void);
             ^~~~~~~
c:\xilinx\sdk\2019.1\gnu\microblaze\nt\microblaze-xilinx-elf\include\sys\errno.h:20:36: error: storage class specified for parameter '_sys_errlist'
 extern __IMPORT const char * const _sys_errlist[];
                                    ^~~~~~~~~~~~
c:\xilinx\sdk\2019.1\gnu\microblaze\nt\microblaze-xilinx-elf\include\sys\errno.h:21:21: error: storage class specified for parameter '_sys_nerr'
 extern __IMPORT int _sys_nerr;
                     ^~~~~~~~~
In file included from c:\xilinx\sdk\2019.1\gnu\microblaze\nt\microblaze-xilinx-elf\include\sys\_default_fcntl.h:199,
                 from c:\xilinx\sdk\2019.1\gnu\microblaze\nt\microblaze-xilinx-elf\include\sys\fcntl.h:3,
                 from c:\xilinx\sdk\2019.1\gnu\microblaze\nt\microblaze-xilinx-elf\include\fcntl.h:1,
                 from ../../rfsoc_controller_bsp/microblaze_0/include/metal/system/generic/sys.h:20,
                 from ../../rfsoc_controller_bsp/microblaze_0/include/metal/sys.h:81,
                 from ../../rfsoc_controller_bsp/microblaze_0/include/xrfdc.h:246,
                 from ../src/drivers/rf.h:12,
                 from ../src/drivers/cmd_handler.c:9:
c:\xilinx\sdk\2019.1\gnu\microblaze\nt\microblaze-xilinx-elf\include\sys\types.h:28:19: error: storage class specified for parameter 'u_int8_t'
 typedef __uint8_t u_int8_t;
                   ^~~~~~~~
c:\xilinx\sdk\2019.1\gnu\microblaze\nt\microblaze-xilinx-elf\include\sys\types.h:31:20: error: storage class specified for parameter 'u_int16_t'
 typedef __uint16_t u_int16_t;
                    ^~~~~~~~~
c:\xilinx\sdk\2019.1\gnu\microblaze\nt\microblaze-xilinx-elf\include\sys\types.h:34:20: error: storage class specified for parameter 'u_int32_t'
 typedef __uint32_t u_int32_t;
                    ^~~~~~~~~
c:\xilinx\sdk\2019.1\gnu\microblaze\nt\microblaze-xilinx-elf\include\sys\types.h:37:20: error: storage class specified for parameter 'u_int64_t'
 typedef __uint64_t u_int64_t;
                    ^~~~~~~~~
c:\xilinx\sdk\2019.1\gnu\microblaze\nt\microblaze-xilinx-elf\include\sys\types.h:39:13: error: storage class specified for parameter 'register_t'
 typedef int register_t;
             ^~~~~~~~~~
In file included from c:\xilinx\sdk\2019.1\gnu\microblaze\nt\microblaze-xilinx-elf\include\sys\select.h:25,
                 from c:\xilinx\sdk\2019.1\gnu\microblaze\nt\microblaze-xilinx-elf\include\sys\types.h:68,
                 from c:\xilinx\sdk\2019.1\gnu\microblaze\nt\microblaze-xilinx-elf\include\sys\_default_fcntl.h:199,
                 from c:\xilinx\sdk\2019.1\gnu\microblaze\nt\microblaze-xilinx-elf\include\sys\fcntl.h:3,
                 from c:\xilinx\sdk\2019.1\gnu\microblaze\nt\microblaze-xilinx-elf\include\fcntl.h:1,
                 from ../../rfsoc_controller_bsp/microblaze_0/include/metal/system/generic/sys.h:20,
                 from ../../rfsoc_controller_bsp/microblaze_0/include/metal/sys.h:81,
                 from ../../rfsoc_controller_bsp/microblaze_0/include/xrfdc.h:246,
                 from ../src/drivers/rf.h:12,
                 from ../src/drivers/cmd_handler.c:9:
c:\xilinx\sdk\2019.1\gnu\microblaze\nt\microblaze-xilinx-elf\include\sys\_sigset.h:41:23: error: storage class specified for parameter '__sigset_t'
 typedef unsigned long __sigset_t;
                       ^~~~~~~~~~
In file included from c:\xilinx\sdk\2019.1\gnu\microblaze\nt\microblaze-xilinx-elf\include\sys\select.h:26,
                 from c:\xilinx\sdk\2019.1\gnu\microblaze\nt\microblaze-xilinx-elf\include\sys\types.h:68,
                 from c:\xilinx\sdk\2019.1\gnu\microblaze\nt\microblaze-xilinx-elf\include\sys\_default_fcntl.h:199,
                 from c:\xilinx\sdk\2019.1\gnu\microblaze\nt\microblaze-xilinx-elf\include\sys\fcntl.h:3,
                 from c:\xilinx\sdk\2019.1\gnu\microblaze\nt\microblaze-xilinx-elf\include\fcntl.h:1,
                 from ../../rfsoc_controller_bsp/microblaze_0/include/metal/system/generic/sys.h:20,
                 from ../../rfsoc_controller_bsp/microblaze_0/include/metal/sys.h:81,
                 from ../../rfsoc_controller_bsp/microblaze_0/include/xrfdc.h:246,
                 from ../src/drivers/rf.h:12,
                 from ../src/drivers/cmd_handler.c:9:
c:\xilinx\sdk\2019.1\gnu\microblaze\nt\microblaze-xilinx-elf\include\sys\_timeval.h:35:23: error: expected '=', ',', ';', 'asm' or '__attribute__' before 'suseconds_t'
 typedef __suseconds_t suseconds_t;
                       ^~~~~~~~~~~
c:\xilinx\sdk\2019.1\gnu\microblaze\nt\microblaze-xilinx-elf\include\sys\_timeval.h:40:18: error: storage class specified for parameter 'time_t'
 typedef _TIME_T_ time_t;
                  ^~~~~~
c:\xilinx\sdk\2019.1\gnu\microblaze\nt\microblaze-xilinx-elf\include\sys\_timeval.h:53:2: error: expected specifier-qualifier-list before 'time_t'
  time_t  tv_sec;  /* seconds */
  ^~~~~~
In file included from c:\xilinx\sdk\2019.1\gnu\microblaze\nt\microblaze-xilinx-elf\include\sys\timespec.h:38,
                 from c:\xilinx\sdk\2019.1\gnu\microblaze\nt\microblaze-xilinx-elf\include\sys\select.h:27,
                 from c:\xilinx\sdk\2019.1\gnu\microblaze\nt\microblaze-xilinx-elf\include\sys\types.h:68,
                 from c:\xilinx\sdk\2019.1\gnu\microblaze\nt\microblaze-xilinx-elf\include\sys\_default_fcntl.h:199,
                 from c:\xilinx\sdk\2019.1\gnu\microblaze\nt\microblaze-xilinx-elf\include\sys\fcntl.h:3,
                 from c:\xilinx\sdk\2019.1\gnu\microblaze\nt\microblaze-xilinx-elf\include\fcntl.h:1,
                 from ../../rfsoc_controller_bsp/microblaze_0/include/metal/system/generic/sys.h:20,
                 from ../../rfsoc_controller_bsp/microblaze_0/include/metal/sys.h:81,
                 from ../../rfsoc_controller_bsp/microblaze_0/include/xrfdc.h:246,
                 from ../src/drivers/rf.h:12,
                 from ../src/drivers/cmd_handler.c:9:
c:\xilinx\sdk\2019.1\gnu\microblaze\nt\microblaze-xilinx-elf\include\sys\_timespec.h:46:2: error: expected specifier-qualifier-list before 'time_t'
  time_t tv_sec;  /* seconds */
  ^~~~~~
In file included from c:\xilinx\sdk\2019.1\gnu\microblaze\nt\microblaze-xilinx-elf\include\sys\types.h:68,
                 from c:\xilinx\sdk\2019.1\gnu\microblaze\nt\microblaze-xilinx-elf\include\sys\_default_fcntl.h:199,
                 from c:\xilinx\sdk\2019.1\gnu\microblaze\nt\microblaze-xilinx-elf\include\sys\fcntl.h:3,
                 from c:\xilinx\sdk\2019.1\gnu\microblaze\nt\microblaze-xilinx-elf\include\fcntl.h:1,
                 from ../../rfsoc_controller_bsp/microblaze_0/include/metal/system/generic/sys.h:20,
                 from ../../rfsoc_controller_bsp/microblaze_0/include/metal/sys.h:81,
                 from ../../rfsoc_controller_bsp/microblaze_0/include/xrfdc.h:246,
                 from ../src/drivers/rf.h:12,
                 from ../src/drivers/cmd_handler.c:9:
c:\xilinx\sdk\2019.1\gnu\microblaze\nt\microblaze-xilinx-elf\include\sys\select.h:31:20: error: expected '=', ',', ';', 'asm' or '__attribute__' before 'sigset_t'
 typedef __sigset_t sigset_t;
                    ^~~~~~~~
c:\xilinx\sdk\2019.1\gnu\microblaze\nt\microblaze-xilinx-elf\include\sys\select.h:45:23: error: storage class specified for parameter 'fd_mask'
 typedef unsigned long fd_mask;
                       ^~~~~~~
c:\xilinx\sdk\2019.1\gnu\microblaze\nt\microblaze-xilinx-elf\include\sys\select.h:54:2: error: expected specifier-qualifier-list before 'fd_mask'
  fd_mask fds_bits[_howmany(FD_SETSIZE, NFDBITS)];
  ^~~~~~~
c:\xilinx\sdk\2019.1\gnu\microblaze\nt\microblaze-xilinx-elf\include\sys\select.h:55:3: error: storage class specified for parameter '_types_fd_set'
 } _types_fd_set;
   ^~~~~~~~~~~~~
In file included from c:\xilinx\sdk\2019.1\gnu\microblaze\nt\microblaze-xilinx-elf\include\stdlib.h:19,
                 from ../../rfsoc_controller_bsp/microblaze_0/include/xrfdc.h:238,
                 from ../src/drivers/rf.h:12,
                 from ../src/drivers/cmd_handler.c:9:
c:\xilinx\sdk\2019.1\gnu\microblaze\nt\microblaze-xilinx-elf\include\sys\select.h:73:27: error: expected declaration specifiers or '...' before '_types_fd_set'
 int select __P ((int __n, fd_set *__readfds, fd_set *__writefds,
                           ^~~~~~
c:\xilinx\sdk\2019.1\gnu\microblaze\nt\microblaze-xilinx-elf\include\sys\select.h:73:46: error: expected declaration specifiers or '...' before '_types_fd_set'
 int select __P ((int __n, fd_set *__readfds, fd_set *__writefds,
                                              ^~~~~~
c:\xilinx\sdk\2019.1\gnu\microblaze\nt\microblaze-xilinx-elf\include\sys\select.h:74:4: error: expected declaration specifiers or '...' before '_types_fd_set'
    fd_set *__exceptfds, struct timeval *__timeout));
    ^~~~~~
c:\xilinx\sdk\2019.1\gnu\microblaze\nt\microblaze-xilinx-elf\include\sys\select.h:76:28: error: expected declaration specifiers or '...' before '_types_fd_set'
 int pselect __P ((int __n, fd_set *__readfds, fd_set *__writefds,
                            ^~~~~~
c:\xilinx\sdk\2019.1\gnu\microblaze\nt\microblaze-xilinx-elf\include\sys\select.h:76:47: error: expected declaration specifiers or '...' before '_types_fd_set'
 int pselect __P ((int __n, fd_set *__readfds, fd_set *__writefds,
                                               ^~~~~~
c:\xilinx\sdk\2019.1\gnu\microblaze\nt\microblaze-xilinx-elf\include\sys\select.h:77:5: error: expected declaration specifiers or '...' before '_types_fd_set'
     fd_set *__exceptfds, const struct timespec *__timeout,
     ^~~~~~
c:\xilinx\sdk\2019.1\gnu\microblaze\nt\microblaze-xilinx-elf\include\sys\select.h:76:13: error: unknown type name 'sigset_t'
 int pselect __P ((int __n, fd_set *__readfds, fd_set *__writefds,
             ^~~
In file included from c:\xilinx\sdk\2019.1\gnu\microblaze\nt\microblaze-xilinx-elf\include\sys\_default_fcntl.h:199,
                 from c:\xilinx\sdk\2019.1\gnu\microblaze\nt\microblaze-xilinx-elf\include\sys\fcntl.h:3,
                 from c:\xilinx\sdk\2019.1\gnu\microblaze\nt\microblaze-xilinx-elf\include\fcntl.h:1,
                 from ../../rfsoc_controller_bsp/microblaze_0/include/metal/system/generic/sys.h:20,
                 from ../../rfsoc_controller_bsp/microblaze_0/include/metal/sys.h:81,
                 from ../../rfsoc_controller_bsp/microblaze_0/include/xrfdc.h:246,
                 from ../src/drivers/rf.h:12,
                 from ../src/drivers/cmd_handler.c:9:
c:\xilinx\sdk\2019.1\gnu\microblaze\nt\microblaze-xilinx-elf\include\sys\types.h:73:20: error: storage class specified for parameter 'in_addr_t'
 typedef __uint32_t in_addr_t; /* base type for internet address */
                    ^~~~~~~~~
c:\xilinx\sdk\2019.1\gnu\microblaze\nt\microblaze-xilinx-elf\include\sys\types.h:78:20: error: storage class specified for parameter 'in_port_t'
 typedef __uint16_t in_port_t;
                    ^~~~~~~~~
c:\xilinx\sdk\2019.1\gnu\microblaze\nt\microblaze-xilinx-elf\include\sys\types.h:87:23: error: storage class specified for parameter 'u_char'
 typedef unsigned char u_char;
                       ^~~~~~
c:\xilinx\sdk\2019.1\gnu\microblaze\nt\microblaze-xilinx-elf\include\sys\types.h:91:24: error: storage class specified for parameter 'u_short'
 typedef unsigned short u_short;
                        ^~~~~~~
c:\xilinx\sdk\2019.1\gnu\microblaze\nt\microblaze-xilinx-elf\include\sys\types.h:95:22: error: storage class specified for parameter 'u_int'
 typedef unsigned int u_int;
                      ^~~~~
c:\xilinx\sdk\2019.1\gnu\microblaze\nt\microblaze-xilinx-elf\include\sys\types.h:99:23: error: storage class specified for parameter 'u_long'
 typedef unsigned long u_long;
                       ^~~~~~
c:\xilinx\sdk\2019.1\gnu\microblaze\nt\microblaze-xilinx-elf\include\sys\types.h:107:24: error: storage class specified for parameter 'ushort'
 typedef unsigned short ushort;  /* System V compatibility */
                        ^~~~~~
c:\xilinx\sdk\2019.1\gnu\microblaze\nt\microblaze-xilinx-elf\include\sys\types.h:108:22: error: storage class specified for parameter 'uint'
 typedef unsigned int uint;  /* System V compatibility */
                      ^~~~
c:\xilinx\sdk\2019.1\gnu\microblaze\nt\microblaze-xilinx-elf\include\sys\types.h:109:23: error: storage class specified for parameter 'ulong'
 typedef unsigned long ulong;  /* System V compatibility */
                       ^~~~~
c:\xilinx\sdk\2019.1\gnu\microblaze\nt\microblaze-xilinx-elf\include\sys\types.h:113:20: error: expected '=', ',', ';', 'asm' or '__attribute__' before 'blkcnt_t'
 typedef __blkcnt_t blkcnt_t;
                    ^~~~~~~~
c:\xilinx\sdk\2019.1\gnu\microblaze\nt\microblaze-xilinx-elf\include\sys\types.h:118:21: error: expected '=', ',', ';', 'asm' or '__attribute__' before 'blksize_t'
 typedef __blksize_t blksize_t;
                     ^~~~~~~~~
c:\xilinx\sdk\2019.1\gnu\microblaze\nt\microblaze-xilinx-elf\include\sys\types.h:123:19: error: storage class specified for parameter 'clock_t'
 typedef _CLOCK_T_ clock_t;
                   ^~~~~~~
c:\xilinx\sdk\2019.1\gnu\microblaze\nt\microblaze-xilinx-elf\include\sys\types.h:135:14: error: storage class specified for parameter 'daddr_t'
 typedef long daddr_t;
              ^~~~~~~
c:\xilinx\sdk\2019.1\gnu\microblaze\nt\microblaze-xilinx-elf\include\sys\types.h:139:16: error: storage class specified for parameter 'caddr_t'
 typedef char * caddr_t;
                ^~~~~~~
c:\xilinx\sdk\2019.1\gnu\microblaze\nt\microblaze-xilinx-elf\include\sys\types.h:144:22: error: expected '=', ',', ';', 'asm' or '__attribute__' before 'fsblkcnt_t'
 typedef __fsblkcnt_t fsblkcnt_t;
                      ^~~~~~~~~~
c:\xilinx\sdk\2019.1\gnu\microblaze\nt\microblaze-xilinx-elf\include\sys\types.h:145:22: error: expected '=', ',', ';', 'asm' or '__attribute__' before 'fsfilcnt_t'
 typedef __fsfilcnt_t fsfilcnt_t;
                      ^~~~~~~~~~
c:\xilinx\sdk\2019.1\gnu\microblaze\nt\microblaze-xilinx-elf\include\sys\types.h:150:17: error: expected '=', ',', ';', 'asm' or '__attribute__' before 'id_t'
 typedef __id_t  id_t;  /* can hold a uid_t or pid_t */
                 ^~~~
c:\xilinx\sdk\2019.1\gnu\microblaze\nt\microblaze-xilinx-elf\include\sys\types.h:155:18: error: expected '=', ',', ';', 'asm' or '__attribute__' before 'ino_t'
 typedef __ino_t  ino_t;  /* inode number */
                  ^~~~~
c:\xilinx\sdk\2019.1\gnu\microblaze\nt\microblaze-xilinx-elf\include\sys\types.h:173:9: error: unknown type name '__off_t'
[...]
-- Installing: ../../../include/metal/compiler/gcc/compiler.h
-- Installing: ../../../include/metal/compiler/iar/compiler.h
-- Installing: ../../../include/metal/processor/microblaze/atomic.h
-- Installing: ../../../include/metal/processor/microblaze/cpu.h
-- Installing: ../../../include/metal/system/generic/alloc.h
-- Installing: ../../../include/metal/system/generic/assert.h
-- Installing: ../../../include/metal/system/generic/cache.h
-- Installing: ../../../include/metal/system/generic/condition.h
-- Installing: ../../../include/metal/system/generic/io.h
-- Installing: ../../../include/metal/system/generic/irq.h
-- Installing: ../../../include/metal/system/generic/log.h
-- Installing: ../../../include/metal/system/generic/mutex.h
-- Installing: ../../../include/metal/system/generic/sleep.h
-- Installing: ../../../include/metal/system/generic/sys.h
-- Installing: ../../../include/metal/system/generic/microblaze_generic/sys.h
-- Installing: ../../../include/metal/system/generic/xlnx_common/sys.h
-- Installing: ../../../lib/libmetal.a
"Running Make libs in microblaze_0/libsrc/rfdc_v6_0/src"
make -C microblaze_0/libsrc/rfdc_v6_0/src -s libs  "SHELL=CMD" "COMPILER=mb-gcc" "ARCHIVER=mb-ar" "COMPILER_FLAGS=  -O2 -c -mcpu=v11.0 -mlittle-endian -mxl-soft-mul" "EXTRA_COMPILER_FLAGS=-ffunction-sections -fdata-sections -Wall -Wextra"
"Compiling rfdc"
"Running Make libs in microblaze_0/libsrc/standalone_v7_0/src"
make -C microblaze_0/libsrc/standalone_v7_0/src -s libs  "SHELL=CMD" "COMPILER=mb-gcc" "ARCHIVER=mb-ar" "COMPILER_FLAGS=  -O2 -c -mcpu=v11.0 -mlittle-endian -mxl-soft-mul" "EXTRA_COMPILER_FLAGS=-ffunction-sections -fdata-sections -Wall -Wextra"
"Compiling standalone";
microblaze_sleep.c:77:9: note: #pragma message: For the sleep routines, assembly instructions are used
 #pragma message ("For the sleep routines, assembly instructions are used")
         ^~~~~~~
"Running Make libs in microblaze_0/libsrc/uartlite_v3_2/src"
make -C microblaze_0/libsrc/uartlite_v3_2/src -s libs  "SHELL=CMD" "COMPILER=mb-gcc" "ARCHIVER=mb-ar" "COMPILER_FLAGS=  -O2 -c -mcpu=v11.0 -mlittle-endian -mxl-soft-mul" "EXTRA_COMPILER_FLAGS=-ffunction-sections -fdata-sections -Wall -Wextra"
"Compiling uartlite"
'Finished building libraries'
11:32:02 **** Clean-only build of project rfsoc_controller_bsp ****
make -k clean 
make -C microblaze_0/libsrc/bram_v4_3/src -s clean 
make -C microblaze_0/libsrc/cpu_v2_9/src -s clean 
make -C microblaze_0/libsrc/gpio_v4_4/src -s clean 
make -C microblaze_0/libsrc/libmetal_v2_0/src -s clean 
make -C microblaze_0/libsrc/rfdc_v6_0/src -s clean 
rm: cannot lstat `*.o': Invalid argument
make[1]: *** [Makefile:28: clean] Error 1
make -C microblaze_0/libsrc/standalone_v7_0/src -s clean 
make: *** [Makefile:33: microblaze_0/libsrc/rfdc_v6_0/src/make.clean] Error 2
make -C microblaze_0/libsrc/uartlite_v3_2/src -s clean 
make: Target 'clean' not remade because of errors.
11:32:03 **** Clean-only build of configuration Debug for project rfsoc_controller ****
make clean 
rm -rf  ./src/drivers/cmd_handler.o ./src/drivers/gpio.o ./src/drivers/rf.o ./src/drivers/uart.o  ./src/helloworld.o ./src/platform.o  ./src/drivers/cmd_handler.d ./src/drivers/gpio.d ./src/drivers/rf.d ./src/drivers/uart.d  ./src/helloworld.d ./src/platform.d  rfsoc_controller.elf.size  rfsoc_controller.elf
' '
11:32:03 **** Build of project rfsoc_controller_bsp ****
make -k all 
"Running Make include in microblaze_0/libsrc/bram_v4_3/src"
make -C microblaze_0/libsrc/bram_v4_3/src -s include  "SHELL=CMD" "COMPILER=mb-gcc" "ARCHIVER=mb-ar" "COMPILER_FLAGS=  -O2 -c -mcpu=v11.0 -mlittle-endian -mxl-soft-mul" "EXTRA_COMPILER_FLAGS=-ffunction-sections -fdata-sections -Wall -Wextra"
"Running Make include in microblaze_0/libsrc/cpu_v2_9/src"
make -C microblaze_0/libsrc/cpu_v2_9/src -s include  "SHELL=CMD" "COMPILER=mb-gcc" "ARCHIVER=mb-ar" "COMPILER_FLAGS=  -O2 -c -mcpu=v11.0 -mlittle-endian -mxl-soft-mul" "EXTRA_COMPILER_FLAGS=-ffunction-sections -fdata-sections -Wall -Wextra"
"Running Make include in microblaze_0/libsrc/gpio_v4_4/src"
make -C microblaze_0/libsrc/gpio_v4_4/src -s include  "SHELL=CMD" "COMPILER=mb-gcc" "ARCHIVER=mb-ar" "COMPILER_FLAGS=  -O2 -c -mcpu=v11.0 -mlittle-endian -mxl-soft-mul" "EXTRA_COMPILER_FLAGS=-ffunction-sections -fdata-sections -Wall -Wextra"
"Running Make include in microblaze_0/libsrc/libmetal_v2_0/src"
make -C microblaze_0/libsrc/libmetal_v2_0/src -s include  "SHELL=CMD" "COMPILER=mb-gcc" "ARCHIVER=mb-ar" "COMPILER_FLAGS=  -O2 -c -mcpu=v11.0 -mlittle-endian -mxl-soft-mul" "EXTRA_COMPILER_FLAGS=-ffunction-sections -fdata-sections -Wall -Wextra"
"Running Make include in microblaze_0/libsrc/rfdc_v6_0/src"
make -C microblaze_0/libsrc/rfdc_v6_0/src -s include  "SHELL=CMD" "COMPILER=mb-gcc" "ARCHIVER=mb-ar" "COMPILER_FLAGS=  -O2 -c -mcpu=v11.0 -mlittle-endian -mxl-soft-mul" "EXTRA_COMPILER_FLAGS=-ffunction-sections -fdata-sections -Wall -Wextra"
"Running Make include in microblaze_0/libsrc/standalone_v7_0/src"
make -C microblaze_0/libsrc/standalone_v7_0/src -s include  "SHELL=CMD" "COMPILER=mb-gcc" "ARCHIVER=mb-ar" "COMPILER_FLAGS=  -O2 -c -mcpu=v11.0 -mlittle-endian -mxl-soft-mul" "EXTRA_COMPILER_FLAGS=-ffunction-sections -fdata-sections -Wall -Wextra"
"Running Make include in microblaze_0/libsrc/uartlite_v3_2/src"
make -C microblaze_0/libsrc/uartlite_v3_2/src -s include  "SHELL=CMD" "COMPILER=mb-gcc" "ARCHIVER=mb-ar" "COMPILER_FLAGS=  -O2 -c -mcpu=v11.0 -mlittle-endian -mxl-soft-mul" "EXTRA_COMPILER_FLAGS=-ffunction-sections -fdata-sections -Wall -Wextra"
"Running Make libs in microblaze_0/libsrc/bram_v4_3/src"
make -C microblaze_0/libsrc/bram_v4_3/src -s libs  "SHELL=CMD" "COMPILER=mb-gcc" "ARCHIVER=mb-ar" "COMPILER_FLAGS=  -O2 -c -mcpu=v11.0 -mlittle-endian -mxl-soft-mul" "EXTRA_COMPILER_FLAGS=-ffunction-sections -fdata-sections -Wall -Wextra"
"Compiling bram"
"Running Make libs in microblaze_0/libsrc/cpu_v2_9/src"
make -C microblaze_0/libsrc/cpu_v2_9/src -s libs  "SHELL=CMD" "COMPILER=mb-gcc" "ARCHIVER=mb-ar" "COMPILER_FLAGS=  -O2 -c -mcpu=v11.0 -mlittle-endian -mxl-soft-mul" "EXTRA_COMPILER_FLAGS=-ffunction-sections -fdata-sections -Wall -Wextra"
"Compiling cpu"
"Running Make libs in microblaze_0/libsrc/gpio_v4_4/src"
make -C microblaze_0/libsrc/gpio_v4_4/src -s libs  "SHELL=CMD" "COMPILER=mb-gcc" "ARCHIVER=mb-ar" "COMPILER_FLAGS=  -O2 -c -mcpu=v11.0 -mlittle-endian -mxl-soft-mul" "EXTRA_COMPILER_FLAGS=-ffunction-sections -fdata-sections -Wall -Wextra"
"Compiling gpio"
"Running Make libs in microblaze_0/libsrc/libmetal_v2_0/src"
make -C microblaze_0/libsrc/libmetal_v2_0/src -s libs  "SHELL=CMD" "COMPILER=mb-gcc" "ARCHIVER=mb-ar" "COMPILER_FLAGS=  -O2 -c -mcpu=v11.0 -mlittle-endian -mxl-soft-mul" "EXTRA_COMPILER_FLAGS=-ffunction-sections -fdata-sections -Wall -Wextra"
[  5%] Building C object lib/CMakeFiles/metal-static.dir/dma.c.obj
[ 10%] Building C object lib/CMakeFiles/metal-static.dir/device.c.obj
[ 15%] Building C object lib/CMakeFiles/metal-static.dir/init.c.obj
[ 21%] Building C object lib/CMakeFiles/metal-static.dir/io.c.obj
[ 26%] Building C object lib/CMakeFiles/metal-static.dir/irq.c.obj
[ 31%] Building C object lib/CMakeFiles/metal-static.dir/log.c.obj
[ 36%] Building C object lib/CMakeFiles/metal-static.dir/shmem.c.obj
[ 42%] Building C object lib/CMakeFiles/metal-static.dir/shmem-provider.c.obj
[ 47%] Building C object lib/CMakeFiles/metal-static.dir/softirq.c.obj
[ 52%] Building C object lib/CMakeFiles/metal-static.dir/version.c.obj
[ 57%] Building C object lib/CMakeFiles/metal-static.dir/system/generic/condition.c.obj
[ 63%] Building C object lib/CMakeFiles/metal-static.dir/system/generic/device.c.obj
[ 68%] Building C object lib/CMakeFiles/metal-static.dir/system/generic/init.c.obj
[ 73%] Building C object lib/CMakeFiles/metal-static.dir/system/generic/io.c.obj
[ 78%] Building C object lib/CMakeFiles/metal-static.dir/system/generic/irq.c.obj
[ 84%] Building C object lib/CMakeFiles/metal-static.dir/system/generic/time.c.obj
[ 89%] Building C object lib/CMakeFiles/metal-static.dir/system/generic/microblaze_generic/sys.c.obj
[ 94%] Building C object lib/CMakeFiles/metal-static.dir/system/generic/xlnx_common/irq.c.obj
[100%] Linking C static library libmetal.a
C:/Xilinx/SDK/2019.1/gnu/microblaze/nt/bin/mb-ar.exe cq libmetal.a  CMakeFiles/metal-static.dir/dma.c.obj CMakeFiles/metal-static.dir/device.c.obj CMakeFiles/metal-static.dir/init.c.obj CMakeFiles/metal-static.dir/io.c.obj CMakeFiles/metal-static.dir/irq.c.obj CMakeFiles/metal-static.dir/log.c.obj CMakeFiles/metal-static.dir/shmem.c.obj CMakeFiles/metal-static.dir/shmem-provider.c.obj CMakeFiles/metal-static.dir/softirq.c.obj CMakeFiles/metal-static.dir/version.c.obj CMakeFiles/metal-static.dir/system/generic/condition.c.obj CMakeFiles/metal-static.dir/system/generic/device.c.obj CMakeFiles/metal-static.dir/system/generic/init.c.obj CMakeFiles/metal-static.dir/system/generic/io.c.obj CMakeFiles/metal-static.dir/system/generic/irq.c.obj CMakeFiles/metal-static.dir/system/generic/time.c.obj CMakeFiles/metal-static.dir/system/generic/microblaze_generic/sys.c.obj CMakeFiles/metal-static.dir/system/generic/xlnx_common/irq.c.obj
C:/Xilinx/SDK/2019.1/gnu/microblaze/nt/bin/mb-ranlib.exe libmetal.a
[100%] Built target metal-static
Install the project...
-- Install configuration: "Debug"
-- Installing: ../../../include/metal/alloc.h
-- Installing: ../../../include/metal/assert.h
-- Installing: ../../../include/metal/atomic.h
-- Installing: ../../../include/metal/cache.h
-- Installing: ../../../include/metal/compiler.h
-- Installing: ../../../include/metal/condition.h
-- Installing: ../../../include/metal/config.h
-- Installing: ../../../include/metal/cpu.h
-- Installing: ../../../include/metal/device.h
-- Installing: ../../../include/metal/dma.h
-- Installing: ../../../include/metal/io.h
-- Installing: ../../../include/metal/irq.h
-- Installing: ../../../include/metal/irq_controller.h
-- Installing: ../../../include/metal/list.h
-- Installing: ../../../include/metal/log.h
-- Installing: ../../../include/metal/mutex.h
-- Installing: ../../../include/metal/scatterlist.h
-- Installing: ../../../include/metal/shmem.h
-- Installing: ../../../include/metal/shmem-provider.h
-- Installing: ../../../include/metal/sleep.h
-- Installing: ../../../include/metal/softirq.h
-- Installing: ../../../include/metal/spinlock.h
-- Installing: ../../../include/metal/sys.h
-- Installing: ../../../include/metal/time.h
-- Installing: ../../../include/metal/utilities.h
-- Installing: ../../../include/metal/version.h
-- Installing: ../../../include/metal/compiler/gcc/atomic.h
-- Installing: ../../../include/metal/compiler/gcc/compiler.h
-- Installing: ../../../include/metal/compiler/iar/compiler.h
-- Installing: ../../../include/metal/processor/microblaze/atomic.h
-- Installing: ../../../include/metal/processor/microblaze/cpu.h
-- Installing: ../../../include/metal/system/generic/alloc.h
-- Installing: ../../../include/metal/system/generic/assert.h
-- Installing: ../../../include/metal/system/generic/cache.h
-- Installing: ../../../include/metal/system/generic/condition.h
-- Installing: ../../../include/metal/system/generic/io.h
-- Installing: ../../../include/metal/system/generic/irq.h
-- Installing: ../../../include/metal/system/generic/log.h
-- Installing: ../../../include/metal/system/generic/mutex.h
-- Installing: ../../../include/metal/system/generic/sleep.h
-- Installing: ../../../include/metal/system/generic/sys.h
-- Installing: ../../../include/metal/system/generic/microblaze_generic/sys.h
-- Installing: ../../../include/metal/system/generic/xlnx_common/sys.h
-- Installing: ../../../lib/libmetal.a
"Running Make libs in microblaze_0/libsrc/rfdc_v6_0/src"
make -C microblaze_0/libsrc/rfdc_v6_0/src -s libs  "SHELL=CMD" "COMPILER=mb-gcc" "ARCHIVER=mb-ar" "COMPILER_FLAGS=  -O2 -c -mcpu=v11.0 -mlittle-endian -mxl-soft-mul" "EXTRA_COMPILER_FLAGS=-ffunction-sections -fdata-sections -Wall -Wextra"
"Compiling rfdc"
"Running Make libs in microblaze_0/libsrc/standalone_v7_0/src"
make -C microblaze_0/libsrc/standalone_v7_0/src -s libs  "SHELL=CMD" "COMPILER=mb-gcc" "ARCHIVER=mb-ar" "COMPILER_FLAGS=  -O2 -c -mcpu=v11.0 -mlittle-endian -mxl-soft-mul" "EXTRA_COMPILER_FLAGS=-ffunction-sections -fdata-sections -Wall -Wextra"
"Compiling standalone";
microblaze_sleep.c:77:9: note: #pragma message: For the sleep routines, assembly instructions are used
 #pragma message ("For the sleep routines, assembly instructions are used")
         ^~~~~~~
"Running Make libs in microblaze_0/libsrc/uartlite_v3_2/src"
make -C microblaze_0/libsrc/uartlite_v3_2/src -s libs  "SHELL=CMD" "COMPILER=mb-gcc" "ARCHIVER=mb-ar" "COMPILER_FLAGS=  -O2 -c -mcpu=v11.0 -mlittle-endian -mxl-soft-mul" "EXTRA_COMPILER_FLAGS=-ffunction-sections -fdata-sections -Wall -Wextra"
"Compiling uartlite"
'Finished building libraries'
11:32:14 **** Build of configuration Debug for project rfsoc_controller ****
make all 
'Building file: ../src/drivers/cmd_handler.c'
'Invoking: MicroBlaze gcc compiler'
mb-gcc -Wall -O0 -g3 -c -fmessage-length=0 -MT"src/drivers/cmd_handler.o" -D __BAREMETAL__ -I../../rfsoc_controller_bsp/microblaze_0/include -mlittle-endian -mcpu=v11.0 -mxl-soft-mul -Wl,--no-relax -ffunction-sections -fdata-sections -MMD -MP -MF"src/drivers/cmd_handler.d" -MT"src/drivers/cmd_handler.o" -o "src/drivers/cmd_handler.o" "../src/drivers/cmd_handler.c"
In file included from ../src/drivers/gpio.h:12,
                 from ../src/drivers/cmd_handler.c:10:
../../rfsoc_controller_bsp/microblaze_0/include/xbasic_types.h:120:2: warning: #warning The xbasics_type.h file is deprecated and users should use xil_types.h and xil_assert. [-Wcpp]
 #warning  The xbasics_type.h file is deprecated and users should use xil_types.h and xil_assert.
  ^~~~~~~
../../rfsoc_controller_bsp/microblaze_0/include/xbasic_types.h:121:2: warning: #warning Please refer the Standalone BSP UG647 for further details [-Wcpp]
 #warning  Please refer the Standalone BSP UG647 for further details
  ^~~~~~~
../src/drivers/cmd_handler.c: In function 'handle_cmd':
../src/drivers/cmd_handler.c:102:3: warning: implicit declaration of function 'cmd_flush_buffer_test'; did you mean 'rf_flush_buffer'? [-Wimplicit-function-declaration]
   cmd_flush_buffer_test();
   ^~~~~~~~~~~~~~~~~~~~~
   rf_flush_buffer
../src/drivers/cmd_handler.c: In function 'cmd_pulse_test':
../src/drivers/cmd_handler.c:347:3: warning: implicit declaration of function 'rf_single_pulse_test'; did you mean 'rf_pulse_test'? [-Wimplicit-function-declaration]
   rf_single_pulse_test();
   ^~~~~~~~~~~~~~~~~~~~
   rf_pulse_test
../src/drivers/cmd_handler.c: At top level:
../src/drivers/cmd_handler.c:372:6: warning: conflicting types for 'cmd_flush_buffer_test'
 void cmd_flush_buffer_test()
      ^~~~~~~~~~~~~~~~~~~~~
../src/drivers/cmd_handler.c:102:3: note: previous implicit declaration of 'cmd_flush_buffer_test' was here
   cmd_flush_buffer_test();
   ^~~~~~~~~~~~~~~~~~~~~
'Finished building: ../src/drivers/cmd_handler.c'
' '
'Building file: ../src/drivers/gpio.c'
'Invoking: MicroBlaze gcc compiler'
mb-gcc -Wall -O0 -g3 -c -fmessage-length=0 -MT"src/drivers/gpio.o" -D __BAREMETAL__ -I../../rfsoc_controller_bsp/microblaze_0/include -mlittle-endian -mcpu=v11.0 -mxl-soft-mul -Wl,--no-relax -ffunction-sections -fdata-sections -MMD -MP -MF"src/drivers/gpio.d" -MT"src/drivers/gpio.o" -o "src/drivers/gpio.o" "../src/drivers/gpio.c"
In file included from ../src/drivers/gpio.h:12,
                 from ../src/drivers/gpio.c:8:
../../rfsoc_controller_bsp/microblaze_0/include/xbasic_types.h:120:2: warning: #warning The xbasics_type.h file is deprecated and users should use xil_types.h and xil_assert. [-Wcpp]
 #warning  The xbasics_type.h file is deprecated and users should use xil_types.h and xil_assert.
  ^~~~~~~
../../rfsoc_controller_bsp/microblaze_0/include/xbasic_types.h:121:2: warning: #warning Please refer the Standalone BSP UG647 for further details [-Wcpp]
 #warning  Please refer the Standalone BSP UG647 for further details
  ^~~~~~~
../src/drivers/gpio.c: In function 'gpio_init':
../src/drivers/gpio.c:17:3: warning: implicit declaration of function 'debug_print' [-Wimplicit-function-declaration]
   debug_print("GPIO init success!");
   ^~~~~~~~~~~
'Finished building: ../src/drivers/gpio.c'
' '
'Building file: ../src/drivers/rf.c'
'Invoking: MicroBlaze gcc compiler'
mb-gcc -Wall -O0 -g3 -c -fmessage-length=0 -MT"src/drivers/rf.o" -D __BAREMETAL__ -I../../rfsoc_controller_bsp/microblaze_0/include -mlittle-endian -mcpu=v11.0 -mxl-soft-mul -Wl,--no-relax -ffunction-sections -fdata-sections -MMD -MP -MF"src/drivers/rf.d" -MT"src/drivers/rf.o" -o "src/drivers/rf.o" "../src/drivers/rf.c"
In file included from ../src/drivers/gpio.h:12,
                 from ../src/drivers/rf.c:9:
../../rfsoc_controller_bsp/microblaze_0/include/xbasic_types.h:120:2: warning: #warning The xbasics_type.h file is deprecated and users should use xil_types.h and xil_assert. [-Wcpp]
 #warning  The xbasics_type.h file is deprecated and users should use xil_types.h and xil_assert.
  ^~~~~~~
../../rfsoc_controller_bsp/microblaze_0/include/xbasic_types.h:121:2: warning: #warning Please refer the Standalone BSP UG647 for further details [-Wcpp]
 #warning  Please refer the Standalone BSP UG647 for further details
  ^~~~~~~
'Finished building: ../src/drivers/rf.c'
' '
'Building file: ../src/drivers/uart.c'
'Invoking: MicroBlaze gcc compiler'
mb-gcc -Wall -O0 -g3 -c -fmessage-length=0 -MT"src/drivers/uart.o" -D __BAREMETAL__ -I../../rfsoc_controller_bsp/microblaze_0/include -mlittle-endian -mcpu=v11.0 -mxl-soft-mul -Wl,--no-relax -ffunction-sections -fdata-sections -MMD -MP -MF"src/drivers/uart.d" -MT"src/drivers/uart.o" -o "src/drivers/uart.o" "../src/drivers/uart.c"
../src/drivers/uart.c: In function 'debug_print':
../src/drivers/uart.c:12:2: warning: implicit declaration of function 'print' [-Wimplicit-function-declaration]
  print(buff);
  ^~~~~
../src/drivers/uart.c: In function 'uart_receive':
../src/drivers/uart.c:63:1: warning: control reaches end of non-void function [-Wreturn-type]
 }
 ^
'Finished building: ../src/drivers/uart.c'
' '
'Building file: ../src/helloworld.c'
'Invoking: MicroBlaze gcc compiler'
mb-gcc -Wall -O0 -g3 -c -fmessage-length=0 -MT"src/helloworld.o" -D __BAREMETAL__ -I../../rfsoc_controller_bsp/microblaze_0/include -mlittle-endian -mcpu=v11.0 -mxl-soft-mul -Wl,--no-relax -ffunction-sections -fdata-sections -MMD -MP -MF"src/helloworld.d" -MT"src/helloworld.o" -o "src/helloworld.o" "../src/helloworld.c"
'Finished building: ../src/helloworld.c'
' '
'Building file: ../src/platform.c'
'Invoking: MicroBlaze gcc compiler'
mb-gcc -Wall -O0 -g3 -c -fmessage-length=0 -MT"src/platform.o" -D __BAREMETAL__ -I../../rfsoc_controller_bsp/microblaze_0/include -mlittle-endian -mcpu=v11.0 -mxl-soft-mul -Wl,--no-relax -ffunction-sections -fdata-sections -MMD -MP -MF"src/platform.d" -MT"src/platform.o" -o "src/platform.o" "../src/platform.c"
'Finished building: ../src/platform.c'
' '
'Building target: rfsoc_controller.elf'
'Invoking: MicroBlaze gcc linker'
mb-gcc -Wl,-T -Wl,../src/lscript.ld -L../../rfsoc_controller_bsp/microblaze_0/lib -mlittle-endian -mcpu=v11.0 -mxl-soft-mul -Wl,--no-relax -Wl,--gc-sections -o "rfsoc_controller.elf"  ./src/drivers/cmd_handler.o ./src/drivers/gpio.o ./src/drivers/rf.o ./src/drivers/uart.o  ./src/helloworld.o ./src/platform.o   -Wl,--start-group,-lxil,-lgcc,-lc,--end-group -Wl,--start-group,-lxil,-lmetal,-lgcc,-lc,--end-group
'Finished building target: rfsoc_controller.elf'
' '
'Invoking: MicroBlaze Print Size'
mb-size rfsoc_controller.elf  |tee "rfsoc_controller.elf.size"
   text	   data	    bss	    dec	    hex	filename
  85770	   3504	 207990	 297264	  48930	rfsoc_controller.elf
'Finished building: rfsoc_controller.elf.size'
' '
13:02:12 **** Incremental Build of configuration Debug for project rfsoc_controller ****
make all 
make: Nothing to be done for 'all'.
