22:37:23 **** Clean-only build of configuration Debug for project uart_test_bsp_xuartlite_intr_example_1 ****
make clean 
rm -rf  ./src/xuartlite_intr_example.o  ./src/xuartlite_intr_example.d  uart_test_bsp_xuartlite_intr_example_1.elf.size  uart_test_bsp_xuartlite_intr_example_1.elf
' '
22:37:23 **** Clean-only build of project uart_test_bsp ****
make -k clean 
make -C microblaze_mcs_0_microblaze_I/libsrc/bram_v4_3/src -s clean 
make -C microblaze_mcs_0_microblaze_I/libsrc/cpu_v2_9/src -s clean 
make -C microblaze_mcs_0_microblaze_I/libsrc/iomodule_v2_7/src -s clean 
make -C microblaze_mcs_0_microblaze_I/libsrc/standalone_v7_0/src -s clean 
make -C microblaze_mcs_0_microblaze_I/libsrc/uartlite_v3_2/src -s clean 
rm -f microblaze_mcs_0_microblaze_I/lib/libxil.a
22:37:24 **** Build of project uart_test_bsp ****
make -k all 
"Running Make include in microblaze_mcs_0_microblaze_I/libsrc/bram_v4_3/src"
make -C microblaze_mcs_0_microblaze_I/libsrc/bram_v4_3/src -s include  "SHELL=CMD" "COMPILER=mb-gcc" "ARCHIVER=mb-ar" "COMPILER_FLAGS=  -O2 -c -mcpu=v11.0 -mlittle-endian -mno-xl-reorder -mxl-soft-mul" "EXTRA_COMPILER_FLAGS=-ffunction-sections -fdata-sections -Wall -Wextra"
"Running Make include in microblaze_mcs_0_microblaze_I/libsrc/cpu_v2_9/src"
make -C microblaze_mcs_0_microblaze_I/libsrc/cpu_v2_9/src -s include  "SHELL=CMD" "COMPILER=mb-gcc" "ARCHIVER=mb-ar" "COMPILER_FLAGS=  -O2 -c -mcpu=v11.0 -mlittle-endian -mno-xl-reorder -mxl-soft-mul" "EXTRA_COMPILER_FLAGS=-ffunction-sections -fdata-sections -Wall -Wextra"
"Running Make include in microblaze_mcs_0_microblaze_I/libsrc/iomodule_v2_7/src"
make -C microblaze_mcs_0_microblaze_I/libsrc/iomodule_v2_7/src -s include  "SHELL=CMD" "COMPILER=mb-gcc" "ARCHIVER=mb-ar" "COMPILER_FLAGS=  -O2 -c -mcpu=v11.0 -mlittle-endian -mno-xl-reorder -mxl-soft-mul" "EXTRA_COMPILER_FLAGS=-ffunction-sections -fdata-sections -Wall -Wextra"
"Running Make include in microblaze_mcs_0_microblaze_I/libsrc/standalone_v7_0/src"
make -C microblaze_mcs_0_microblaze_I/libsrc/standalone_v7_0/src -s include  "SHELL=CMD" "COMPILER=mb-gcc" "ARCHIVER=mb-ar" "COMPILER_FLAGS=  -O2 -c -mcpu=v11.0 -mlittle-endian -mno-xl-reorder -mxl-soft-mul" "EXTRA_COMPILER_FLAGS=-ffunction-sections -fdata-sections -Wall -Wextra"
"Running Make include in microblaze_mcs_0_microblaze_I/libsrc/uartlite_v3_2/src"
make -C microblaze_mcs_0_microblaze_I/libsrc/uartlite_v3_2/src -s include  "SHELL=CMD" "COMPILER=mb-gcc" "ARCHIVER=mb-ar" "COMPILER_FLAGS=  -O2 -c -mcpu=v11.0 -mlittle-endian -mno-xl-reorder -mxl-soft-mul" "EXTRA_COMPILER_FLAGS=-ffunction-sections -fdata-sections -Wall -Wextra"
"Running Make libs in microblaze_mcs_0_microblaze_I/libsrc/bram_v4_3/src"
make -C microblaze_mcs_0_microblaze_I/libsrc/bram_v4_3/src -s libs  "SHELL=CMD" "COMPILER=mb-gcc" "ARCHIVER=mb-ar" "COMPILER_FLAGS=  -O2 -c -mcpu=v11.0 -mlittle-endian -mno-xl-reorder -mxl-soft-mul" "EXTRA_COMPILER_FLAGS=-ffunction-sections -fdata-sections -Wall -Wextra"
"Compiling bram"
mb-ar: creating ../../../lib/libxil.a
"Running Make libs in microblaze_mcs_0_microblaze_I/libsrc/cpu_v2_9/src"
make -C microblaze_mcs_0_microblaze_I/libsrc/cpu_v2_9/src -s libs  "SHELL=CMD" "COMPILER=mb-gcc" "ARCHIVER=mb-ar" "COMPILER_FLAGS=  -O2 -c -mcpu=v11.0 -mlittle-endian -mno-xl-reorder -mxl-soft-mul" "EXTRA_COMPILER_FLAGS=-ffunction-sections -fdata-sections -Wall -Wextra"
"Compiling cpu"
"Running Make libs in microblaze_mcs_0_microblaze_I/libsrc/iomodule_v2_7/src"
make -C microblaze_mcs_0_microblaze_I/libsrc/iomodule_v2_7/src -s libs  "SHELL=CMD" "COMPILER=mb-gcc" "ARCHIVER=mb-ar" "COMPILER_FLAGS=  -O2 -c -mcpu=v11.0 -mlittle-endian -mno-xl-reorder -mxl-soft-mul" "EXTRA_COMPILER_FLAGS=-ffunction-sections -fdata-sections -Wall -Wextra"
"Compiling iomodule"
"Running Make libs in microblaze_mcs_0_microblaze_I/libsrc/standalone_v7_0/src"
make -C microblaze_mcs_0_microblaze_I/libsrc/standalone_v7_0/src -s libs  "SHELL=CMD" "COMPILER=mb-gcc" "ARCHIVER=mb-ar" "COMPILER_FLAGS=  -O2 -c -mcpu=v11.0 -mlittle-endian -mno-xl-reorder -mxl-soft-mul" "EXTRA_COMPILER_FLAGS=-ffunction-sections -fdata-sections -Wall -Wextra"
"Compiling standalone";
microblaze_sleep.c:77:9: note: #pragma message: For the sleep routines, assembly instructions are used
 #pragma message ("For the sleep routines, assembly instructions are used")
         ^~~~~~~
"Running Make libs in microblaze_mcs_0_microblaze_I/libsrc/uartlite_v3_2/src"
make -C microblaze_mcs_0_microblaze_I/libsrc/uartlite_v3_2/src -s libs  "SHELL=CMD" "COMPILER=mb-gcc" "ARCHIVER=mb-ar" "COMPILER_FLAGS=  -O2 -c -mcpu=v11.0 -mlittle-endian -mno-xl-reorder -mxl-soft-mul" "EXTRA_COMPILER_FLAGS=-ffunction-sections -fdata-sections -Wall -Wextra"
"Compiling uartlite"
'Finished building libraries'
22:37:35 **** Auto Build of configuration Debug for project uart_test ****
make all 
'Building file: ../src/helloworld.c'
'Invoking: MicroBlaze gcc compiler'
mb-gcc -Wall -O0 -g3 -c -fmessage-length=0 -MT"src/helloworld.o" -I../../uart_test_bsp/microblaze_mcs_0_microblaze_I/include -mno-xl-reorder -mlittle-endian -mcpu=v11.0 -mxl-soft-mul -Wl,--no-relax -ffunction-sections -fdata-sections -MMD -MP -MF"src/helloworld.d" -MT"src/helloworld.o" -o "src/helloworld.o" "../src/helloworld.c"
'Finished building: ../src/helloworld.c'
' '
'Building file: ../src/platform.c'
'Invoking: MicroBlaze gcc compiler'
mb-gcc -Wall -O0 -g3 -c -fmessage-length=0 -MT"src/platform.o" -I../../uart_test_bsp/microblaze_mcs_0_microblaze_I/include -mno-xl-reorder -mlittle-endian -mcpu=v11.0 -mxl-soft-mul -Wl,--no-relax -ffunction-sections -fdata-sections -MMD -MP -MF"src/platform.d" -MT"src/platform.o" -o "src/platform.o" "../src/platform.c"
'Finished building: ../src/platform.c'
' '
'Building target: uart_test.elf'
'Invoking: MicroBlaze gcc linker'
mb-gcc -Wl,-T -Wl,../src/lscript.ld -L../../uart_test_bsp/microblaze_mcs_0_microblaze_I/lib -mlittle-endian -mcpu=v11.0 -mxl-soft-mul -Wl,--no-relax -Wl,--gc-sections -o "uart_test.elf"  ./src/helloworld.o ./src/platform.o   -Wl,--start-group,-lxil,-lgcc,-lc,--end-group
'Finished building target: uart_test.elf'
' '
'Invoking: MicroBlaze Print Size'
mb-size uart_test.elf  |tee "uart_test.elf.size"
   text	   data	    bss	    dec	    hex	filename
   2696	    268	   3108	   6072	   17b8	uart_test.elf
'Finished building: uart_test.elf.size'
' '
22:37:36 **** Build of configuration Debug for project uart_test_bsp_xuartlite_intr_example_1 ****
make all 
'Building file: ../src/xuartlite_intr_example.c'
'Invoking: MicroBlaze gcc compiler'
mb-gcc -Wall -O0 -g3 -c -fmessage-length=0 -MT"src/xuartlite_intr_example.o" -I../../uart_test_bsp/microblaze_mcs_0_microblaze_I/include -mno-xl-reorder -mlittle-endian -mcpu=v11.0 -mxl-soft-mul -Wl,--no-relax -ffunction-sections -fdata-sections -MMD -MP -MF"src/xuartlite_intr_example.d" -MT"src/xuartlite_intr_example.o" -o "src/xuartlite_intr_example.o" "../src/xuartlite_intr_example.c"
../src/xuartlite_intr_example.c:61:10: fatal error: xintc.h: No such file or directory
 #include "xintc.h"
          ^~~~~~~~~
compilation terminated.
make: *** [src/subdir.mk:23: src/xuartlite_intr_example.o] Error 1
22:46:08 **** Clean-only build of configuration Debug for project uart_test_bsp_xuartlite_intr_example_1 ****
make clean 
rm -rf  ./src/xuartlite_intr_example.o  ./src/xuartlite_intr_example.d  uart_test_bsp_xuartlite_intr_example_1.elf.size  uart_test_bsp_xuartlite_intr_example_1.elf
' '
22:46:08 **** Auto Build of configuration Debug for project uart_test_bsp_xuartlite_intr_example_1 ****
make all 
'Building file: ../src/xuartlite_intr_example.c'
'Invoking: MicroBlaze gcc compiler'
mb-gcc -Wall -O0 -g3 -c -fmessage-length=0 -MT"src/xuartlite_intr_example.o" -I../../uart_test_bsp/microblaze_mcs_0_microblaze_I/include -mno-xl-reorder -mlittle-endian -mcpu=v11.0 -mxl-soft-mul -Wl,--no-relax -ffunction-sections -fdata-sections -MMD -MP -MF"src/xuartlite_intr_example.d" -MT"src/xuartlite_intr_example.o" -o "src/xuartlite_intr_example.o" "../src/xuartlite_intr_example.c"
../src/xuartlite_intr_example.c:61:10: fatal error: xintc.h: No such file or directory
 #include "xintc.h"
          ^~~~~~~~~
compilation terminated.
make: *** [src/subdir.mk:23: src/xuartlite_intr_example.o] Error 1
08:40:44 **** Build of configuration Debug for project uart_test_bsp_xuartlite_polled_example_1 ****
make all 
'Building file: ../src/xuartlite_polled_example.c'
'Invoking: MicroBlaze gcc compiler'
mb-gcc -Wall -O0 -g3 -c -fmessage-length=0 -MT"src/xuartlite_polled_example.o" -I../../uart_test_bsp/microblaze_mcs_0_microblaze_I/include -mno-xl-reorder -mlittle-endian -mcpu=v11.0 -mxl-soft-mul -Wl,--no-relax -ffunction-sections -fdata-sections -MMD -MP -MF"src/xuartlite_polled_example.d" -MT"src/xuartlite_polled_example.o" -o "src/xuartlite_polled_example.o" "../src/xuartlite_polled_example.c"
'Finished building: ../src/xuartlite_polled_example.c'
' '
'Building target: uart_test_bsp_xuartlite_polled_example_1.elf'
'Invoking: MicroBlaze gcc linker'
mb-gcc -Wl,-T -Wl,../src/lscript.ld -L../../uart_test_bsp/microblaze_mcs_0_microblaze_I/lib -mlittle-endian -mcpu=v11.0 -mxl-soft-mul -Wl,--no-relax -Wl,--gc-sections -o "uart_test_bsp_xuartlite_polled_example_1.elf"  ./src/xuartlite_polled_example.o   -Wl,--start-group,-lxil,-lgcc,-lc,--end-group
'Finished building target: uart_test_bsp_xuartlite_polled_example_1.elf'
' '
'Invoking: MicroBlaze Print Size'
mb-size uart_test_bsp_xuartlite_polled_example_1.elf  |tee "uart_test_bsp_xuartlite_polled_example_1.elf.size"
   text	   data	    bss	    dec	    hex	filename
   9796	    652	   3232	  13680	   3570	uart_test_bsp_xuartlite_polled_example_1.elf
'Finished building: uart_test_bsp_xuartlite_polled_example_1.elf.size'
' '
08:40:51 **** Auto Build of configuration Debug for project uart_test_bsp_xuartlite_polled_example_1 ****
make all 
make: Nothing to be done for 'all'.
08:41:07 **** Auto Build of configuration Debug for project uart_test ****
make all 
'Building file: ../src/helloworld.c'
'Invoking: MicroBlaze gcc compiler'
mb-gcc -Wall -O0 -g3 -c -fmessage-length=0 -MT"src/helloworld.o" -I../../uart_test_bsp/microblaze_mcs_0_microblaze_I/include -mno-xl-reorder -mlittle-endian -mcpu=v11.0 -mxl-soft-mul -Wl,--no-relax -ffunction-sections -fdata-sections -MMD -MP -MF"src/helloworld.d" -MT"src/helloworld.o" -o "src/helloworld.o" "../src/helloworld.c"
../src/helloworld.c: In function 'enable_uart_interrupts':
../src/helloworld.c:63:1: warning: control reaches end of non-void function [-Wreturn-type]
 int enable_uart_interrupts(){}
 ^~~
'Finished building: ../src/helloworld.c'
' '
'Building target: uart_test.elf'
'Invoking: MicroBlaze gcc linker'
mb-gcc -Wl,-T -Wl,../src/lscript.ld -L../../uart_test_bsp/microblaze_mcs_0_microblaze_I/lib -mlittle-endian -mcpu=v11.0 -mxl-soft-mul -Wl,--no-relax -Wl,--gc-sections -o "uart_test.elf"  ./src/helloworld.o ./src/platform.o   -Wl,--start-group,-lxil,-lgcc,-lc,--end-group
'Finished building target: uart_test.elf'
' '
'Invoking: MicroBlaze Print Size'
mb-size uart_test.elf  |tee "uart_test.elf.size"
   text	   data	    bss	    dec	    hex	filename
   2696	    268	   3108	   6072	   17b8	uart_test.elf
'Finished building: uart_test.elf.size'
' '
08:41:14 **** Auto Build of configuration Debug for project uart_test_bsp_xuartlite_intr_example_1 ****
make all 
'Building file: ../src/xuartlite_intr_example.c'
'Invoking: MicroBlaze gcc compiler'
mb-gcc -Wall -O0 -g3 -c -fmessage-length=0 -MT"src/xuartlite_intr_example.o" -I../../uart_test_bsp/microblaze_mcs_0_microblaze_I/include -mno-xl-reorder -mlittle-endian -mcpu=v11.0 -mxl-soft-mul -Wl,--no-relax -ffunction-sections -fdata-sections -MMD -MP -MF"src/xuartlite_intr_example.d" -MT"src/xuartlite_intr_example.o" -o "src/xuartlite_intr_example.o" "../src/xuartlite_intr_example.c"
../src/xuartlite_intr_example.c:61:10: fatal error: xintc.h: No such file or directory
 #include "xintc.h"
          ^~~~~~~~~
compilation terminated.
make: *** [src/subdir.mk:23: src/xuartlite_intr_example.o] Error 1
08:42:10 **** Auto Build of configuration Debug for project uart_test ****
make all 
'Building file: ../src/helloworld.c'
'Invoking: MicroBlaze gcc compiler'
mb-gcc -Wall -O0 -g3 -c -fmessage-length=0 -MT"src/helloworld.o" -I../../uart_test_bsp/microblaze_mcs_0_microblaze_I/include -mno-xl-reorder -mlittle-endian -mcpu=v11.0 -mxl-soft-mul -Wl,--no-relax -ffunction-sections -fdata-sections -MMD -MP -MF"src/helloworld.d" -MT"src/helloworld.o" -o "src/helloworld.o" "../src/helloworld.c"
../src/helloworld.c:52:1: error: unknown type name 'XUartLite'
 XUartLite UartLite;  /* Instance of the UartLite Device */
 ^~~~~~~~~
../src/helloworld.c: In function 'enable_uart_interrupts':
../src/helloworld.c:65:1: warning: control reaches end of non-void function [-Wreturn-type]
 int enable_uart_interrupts(){}
 ^~~
make: *** [src/subdir.mk:26: src/helloworld.o] Error 1
08:42:12 **** Auto Build of configuration Debug for project uart_test_bsp_xuartlite_intr_example_1 ****
make all 
'Building file: ../src/xuartlite_intr_example.c'
'Invoking: MicroBlaze gcc compiler'
mb-gcc -Wall -O0 -g3 -c -fmessage-length=0 -MT"src/xuartlite_intr_example.o" -I../../uart_test_bsp/microblaze_mcs_0_microblaze_I/include -mno-xl-reorder -mlittle-endian -mcpu=v11.0 -mxl-soft-mul -Wl,--no-relax -ffunction-sections -fdata-sections -MMD -MP -MF"src/xuartlite_intr_example.d" -MT"src/xuartlite_intr_example.o" -o "src/xuartlite_intr_example.o" "../src/xuartlite_intr_example.c"
../src/xuartlite_intr_example.c:61:10: fatal error: xintc.h: No such file or directory
 #include "xintc.h"
          ^~~~~~~~~
compilation terminated.
make: *** [src/subdir.mk:23: src/xuartlite_intr_example.o] Error 1
08:42:39 **** Auto Build of configuration Debug for project uart_test ****
make all 
'Building file: ../src/helloworld.c'
'Invoking: MicroBlaze gcc compiler'
mb-gcc -Wall -O0 -g3 -c -fmessage-length=0 -MT"src/helloworld.o" -I../../uart_test_bsp/microblaze_mcs_0_microblaze_I/include -mno-xl-reorder -mlittle-endian -mcpu=v11.0 -mxl-soft-mul -Wl,--no-relax -ffunction-sections -fdata-sections -MMD -MP -MF"src/helloworld.d" -MT"src/helloworld.o" -o "src/helloworld.o" "../src/helloworld.c"
../src/helloworld.c: In function 'enable_uart_interrupts':
../src/helloworld.c:68:1: warning: control reaches end of non-void function [-Wreturn-type]
 int enable_uart_interrupts(){}
 ^~~
'Finished building: ../src/helloworld.c'
' '
'Building target: uart_test.elf'
'Invoking: MicroBlaze gcc linker'
mb-gcc -Wl,-T -Wl,../src/lscript.ld -L../../uart_test_bsp/microblaze_mcs_0_microblaze_I/lib -mlittle-endian -mcpu=v11.0 -mxl-soft-mul -Wl,--no-relax -Wl,--gc-sections -o "uart_test.elf"  ./src/helloworld.o ./src/platform.o   -Wl,--start-group,-lxil,-lgcc,-lc,--end-group
'Finished building target: uart_test.elf'
' '
'Invoking: MicroBlaze Print Size'
mb-size uart_test.elf  |tee "uart_test.elf.size"
   text	   data	    bss	    dec	    hex	filename
   2696	    268	   3108	   6072	   17b8	uart_test.elf
'Finished building: uart_test.elf.size'
' '
08:42:42 **** Auto Build of configuration Debug for project uart_test_bsp_xuartlite_intr_example_1 ****
make all 
'Building file: ../src/xuartlite_intr_example.c'
'Invoking: MicroBlaze gcc compiler'
mb-gcc -Wall -O0 -g3 -c -fmessage-length=0 -MT"src/xuartlite_intr_example.o" -I../../uart_test_bsp/microblaze_mcs_0_microblaze_I/include -mno-xl-reorder -mlittle-endian -mcpu=v11.0 -mxl-soft-mul -Wl,--no-relax -ffunction-sections -fdata-sections -MMD -MP -MF"src/xuartlite_intr_example.d" -MT"src/xuartlite_intr_example.o" -o "src/xuartlite_intr_example.o" "../src/xuartlite_intr_example.c"
../src/xuartlite_intr_example.c:61:10: fatal error: xintc.h: No such file or directory
 #include "xintc.h"
          ^~~~~~~~~
compilation terminated.
make: *** [src/subdir.mk:23: src/xuartlite_intr_example.o] Error 1
08:43:34 **** Auto Build of configuration Debug for project uart_test ****
make all 
'Building file: ../src/helloworld.c'
'Invoking: MicroBlaze gcc compiler'
mb-gcc -Wall -O0 -g3 -c -fmessage-length=0 -MT"src/helloworld.o" -I../../uart_test_bsp/microblaze_mcs_0_microblaze_I/include -mno-xl-reorder -mlittle-endian -mcpu=v11.0 -mxl-soft-mul -Wl,--no-relax -ffunction-sections -fdata-sections -MMD -MP -MF"src/helloworld.d" -MT"src/helloworld.o" -o "src/helloworld.o" "../src/helloworld.c"
../src/helloworld.c: In function 'enable_uart_interrupts':
../src/helloworld.c:72:3: error: 'Status' undeclared (first use in this function); did you mean 'XStatus'?
   Status = XUartLite_Initialize(&UartLite, DeviceId);
   ^~~~~~
   XStatus
../src/helloworld.c:72:3: note: each undeclared identifier is reported only once for each function it appears in
../src/helloworld.c:72:44: error: 'DeviceId' undeclared (first use in this function)
   Status = XUartLite_Initialize(&UartLite, DeviceId);
                                            ^~~~~~~~
../src/helloworld.c:85:1: warning: control reaches end of non-void function [-Wreturn-type]
 }
 ^
make: *** [src/subdir.mk:26: src/helloworld.o] Error 1
08:43:35 **** Auto Build of configuration Debug for project uart_test_bsp_xuartlite_intr_example_1 ****
make all 
'Building file: ../src/xuartlite_intr_example.c'
'Invoking: MicroBlaze gcc compiler'
mb-gcc -Wall -O0 -g3 -c -fmessage-length=0 -MT"src/xuartlite_intr_example.o" -I../../uart_test_bsp/microblaze_mcs_0_microblaze_I/include -mno-xl-reorder -mlittle-endian -mcpu=v11.0 -mxl-soft-mul -Wl,--no-relax -ffunction-sections -fdata-sections -MMD -MP -MF"src/xuartlite_intr_example.d" -MT"src/xuartlite_intr_example.o" -o "src/xuartlite_intr_example.o" "../src/xuartlite_intr_example.c"
../src/xuartlite_intr_example.c:61:10: fatal error: xintc.h: No such file or directory
 #include "xintc.h"
          ^~~~~~~~~
compilation terminated.
make: *** [src/subdir.mk:23: src/xuartlite_intr_example.o] Error 1
08:43:53 **** Auto Build of configuration Debug for project uart_test ****
make all 
'Building file: ../src/helloworld.c'
'Invoking: MicroBlaze gcc compiler'
mb-gcc -Wall -O0 -g3 -c -fmessage-length=0 -MT"src/helloworld.o" -I../../uart_test_bsp/microblaze_mcs_0_microblaze_I/include -mno-xl-reorder -mlittle-endian -mcpu=v11.0 -mxl-soft-mul -Wl,--no-relax -ffunction-sections -fdata-sections -MMD -MP -MF"src/helloworld.d" -MT"src/helloworld.o" -o "src/helloworld.o" "../src/helloworld.c"
../src/helloworld.c: In function 'enable_uart_interrupts':
../src/helloworld.c:73:43: error: 'DeviceId' undeclared (first use in this function)
  Status = XUartLite_Initialize(&UartLite, DeviceId);
                                           ^~~~~~~~
../src/helloworld.c:73:43: note: each undeclared identifier is reported only once for each function it appears in
../src/helloworld.c:86:1: warning: control reaches end of non-void function [-Wreturn-type]
 }
 ^
make: *** [src/subdir.mk:26: src/helloworld.o] Error 1
08:43:54 **** Auto Build of configuration Debug for project uart_test_bsp_xuartlite_intr_example_1 ****
make all 
'Building file: ../src/xuartlite_intr_example.c'
'Invoking: MicroBlaze gcc compiler'
mb-gcc -Wall -O0 -g3 -c -fmessage-length=0 -MT"src/xuartlite_intr_example.o" -I../../uart_test_bsp/microblaze_mcs_0_microblaze_I/include -mno-xl-reorder -mlittle-endian -mcpu=v11.0 -mxl-soft-mul -Wl,--no-relax -ffunction-sections -fdata-sections -MMD -MP -MF"src/xuartlite_intr_example.d" -MT"src/xuartlite_intr_example.o" -o "src/xuartlite_intr_example.o" "../src/xuartlite_intr_example.c"
../src/xuartlite_intr_example.c:61:10: fatal error: xintc.h: No such file or directory
 #include "xintc.h"
          ^~~~~~~~~
compilation terminated.
make: *** [src/subdir.mk:23: src/xuartlite_intr_example.o] Error 1
08:44:19 **** Auto Build of configuration Debug for project uart_test ****
make all 
'Building file: ../src/helloworld.c'
'Invoking: MicroBlaze gcc compiler'
mb-gcc -Wall -O0 -g3 -c -fmessage-length=0 -MT"src/helloworld.o" -I../../uart_test_bsp/microblaze_mcs_0_microblaze_I/include -mno-xl-reorder -mlittle-endian -mcpu=v11.0 -mxl-soft-mul -Wl,--no-relax -ffunction-sections -fdata-sections -MMD -MP -MF"src/helloworld.d" -MT"src/helloworld.o" -o "src/helloworld.o" "../src/helloworld.c"
../src/helloworld.c: In function 'enable_uart_interrupts':
../src/helloworld.c:75:43: error: 'DeviceId' undeclared (first use in this function)
  Status = XUartLite_Initialize(&UartLite, DeviceId);
                                           ^~~~~~~~
../src/helloworld.c:75:43: note: each undeclared identifier is reported only once for each function it appears in
../src/helloworld.c:88:1: warning: control reaches end of non-void function [-Wreturn-type]
 }
 ^
make: *** [src/subdir.mk:26: src/helloworld.o] Error 1
08:44:20 **** Auto Build of configuration Debug for project uart_test_bsp_xuartlite_intr_example_1 ****
make all 
'Building file: ../src/xuartlite_intr_example.c'
'Invoking: MicroBlaze gcc compiler'
mb-gcc -Wall -O0 -g3 -c -fmessage-length=0 -MT"src/xuartlite_intr_example.o" -I../../uart_test_bsp/microblaze_mcs_0_microblaze_I/include -mno-xl-reorder -mlittle-endian -mcpu=v11.0 -mxl-soft-mul -Wl,--no-relax -ffunction-sections -fdata-sections -MMD -MP -MF"src/xuartlite_intr_example.d" -MT"src/xuartlite_intr_example.o" -o "src/xuartlite_intr_example.o" "../src/xuartlite_intr_example.c"
../src/xuartlite_intr_example.c:61:10: fatal error: xintc.h: No such file or directory
 #include "xintc.h"
          ^~~~~~~~~
compilation terminated.
make: *** [src/subdir.mk:23: src/xuartlite_intr_example.o] Error 1
08:44:48 **** Auto Build of configuration Debug for project uart_test ****
make all 
'Building file: ../src/helloworld.c'
'Invoking: MicroBlaze gcc compiler'
mb-gcc -Wall -O0 -g3 -c -fmessage-length=0 -MT"src/helloworld.o" -I../../uart_test_bsp/microblaze_mcs_0_microblaze_I/include -mno-xl-reorder -mlittle-endian -mcpu=v11.0 -mxl-soft-mul -Wl,--no-relax -ffunction-sections -fdata-sections -MMD -MP -MF"src/helloworld.d" -MT"src/helloworld.o" -o "src/helloworld.o" "../src/helloworld.c"
../src/helloworld.c: In function 'enable_uart_interrupts':
../src/helloworld.c:88:1: warning: control reaches end of non-void function [-Wreturn-type]
 }
 ^
'Finished building: ../src/helloworld.c'
' '
'Building target: uart_test.elf'
'Invoking: MicroBlaze gcc linker'
mb-gcc -Wl,-T -Wl,../src/lscript.ld -L../../uart_test_bsp/microblaze_mcs_0_microblaze_I/lib -mlittle-endian -mcpu=v11.0 -mxl-soft-mul -Wl,--no-relax -Wl,--gc-sections -o "uart_test.elf"  ./src/helloworld.o ./src/platform.o   -Wl,--start-group,-lxil,-lgcc,-lc,--end-group
'Finished building target: uart_test.elf'
' '
'Invoking: MicroBlaze Print Size'
mb-size uart_test.elf  |tee "uart_test.elf.size"
   text	   data	    bss	    dec	    hex	filename
   2696	    268	   3108	   6072	   17b8	uart_test.elf
'Finished building: uart_test.elf.size'
' '
08:44:51 **** Auto Build of configuration Debug for project uart_test_bsp_xuartlite_intr_example_1 ****
make all 
'Building file: ../src/xuartlite_intr_example.c'
'Invoking: MicroBlaze gcc compiler'
mb-gcc -Wall -O0 -g3 -c -fmessage-length=0 -MT"src/xuartlite_intr_example.o" -I../../uart_test_bsp/microblaze_mcs_0_microblaze_I/include -mno-xl-reorder -mlittle-endian -mcpu=v11.0 -mxl-soft-mul -Wl,--no-relax -ffunction-sections -fdata-sections -MMD -MP -MF"src/xuartlite_intr_example.d" -MT"src/xuartlite_intr_example.o" -o "src/xuartlite_intr_example.o" "../src/xuartlite_intr_example.c"
../src/xuartlite_intr_example.c:61:10: fatal error: xintc.h: No such file or directory
 #include "xintc.h"
          ^~~~~~~~~
compilation terminated.
make: *** [src/subdir.mk:23: src/xuartlite_intr_example.o] Error 1
08:45:08 **** Auto Build of configuration Debug for project uart_test ****
make all 
'Building file: ../src/helloworld.c'
'Invoking: MicroBlaze gcc compiler'
mb-gcc -Wall -O0 -g3 -c -fmessage-length=0 -MT"src/helloworld.o" -I../../uart_test_bsp/microblaze_mcs_0_microblaze_I/include -mno-xl-reorder -mlittle-endian -mcpu=v11.0 -mxl-soft-mul -Wl,--no-relax -ffunction-sections -fdata-sections -MMD -MP -MF"src/helloworld.d" -MT"src/helloworld.o" -o "src/helloworld.o" "../src/helloworld.c"
../src/helloworld.c: In function 'enable_uart_interrupts':
../src/helloworld.c:90:1: warning: control reaches end of non-void function [-Wreturn-type]
 }
 ^
'Finished building: ../src/helloworld.c'
' '
'Building target: uart_test.elf'
'Invoking: MicroBlaze gcc linker'
mb-gcc -Wl,-T -Wl,../src/lscript.ld -L../../uart_test_bsp/microblaze_mcs_0_microblaze_I/lib -mlittle-endian -mcpu=v11.0 -mxl-soft-mul -Wl,--no-relax -Wl,--gc-sections -o "uart_test.elf"  ./src/helloworld.o ./src/platform.o   -Wl,--start-group,-lxil,-lgcc,-lc,--end-group
'Finished building target: uart_test.elf'
' '
'Invoking: MicroBlaze Print Size'
mb-size uart_test.elf  |tee "uart_test.elf.size"
   text	   data	    bss	    dec	    hex	filename
   2696	    268	   3108	   6072	   17b8	uart_test.elf
'Finished building: uart_test.elf.size'
' '
08:45:10 **** Auto Build of configuration Debug for project uart_test_bsp_xuartlite_intr_example_1 ****
make all 
'Building file: ../src/xuartlite_intr_example.c'
'Invoking: MicroBlaze gcc compiler'
mb-gcc -Wall -O0 -g3 -c -fmessage-length=0 -MT"src/xuartlite_intr_example.o" -I../../uart_test_bsp/microblaze_mcs_0_microblaze_I/include -mno-xl-reorder -mlittle-endian -mcpu=v11.0 -mxl-soft-mul -Wl,--no-relax -ffunction-sections -fdata-sections -MMD -MP -MF"src/xuartlite_intr_example.d" -MT"src/xuartlite_intr_example.o" -o "src/xuartlite_intr_example.o" "../src/xuartlite_intr_example.c"
../src/xuartlite_intr_example.c:61:10: fatal error: xintc.h: No such file or directory
 #include "xintc.h"
          ^~~~~~~~~
compilation terminated.
make: *** [src/subdir.mk:23: src/xuartlite_intr_example.o] Error 1
08:46:08 **** Auto Build of configuration Debug for project uart_test ****
make all 
'Building file: ../src/helloworld.c'
'Invoking: MicroBlaze gcc compiler'
mb-gcc -Wall -O0 -g3 -c -fmessage-length=0 -MT"src/helloworld.o" -I../../uart_test_bsp/microblaze_mcs_0_microblaze_I/include -mno-xl-reorder -mlittle-endian -mcpu=v11.0 -mxl-soft-mul -Wl,--no-relax -ffunction-sections -fdata-sections -MMD -MP -MF"src/helloworld.d" -MT"src/helloworld.o" -o "src/helloworld.o" "../src/helloworld.c"
../src/helloworld.c: In function 'enable_uart_interrupts':
../src/helloworld.c:91:1: warning: control reaches end of non-void function [-Wreturn-type]
 }
 ^
'Finished building: ../src/helloworld.c'
' '
'Building target: uart_test.elf'
'Invoking: MicroBlaze gcc linker'
mb-gcc -Wl,-T -Wl,../src/lscript.ld -L../../uart_test_bsp/microblaze_mcs_0_microblaze_I/lib -mlittle-endian -mcpu=v11.0 -mxl-soft-mul -Wl,--no-relax -Wl,--gc-sections -o "uart_test.elf"  ./src/helloworld.o ./src/platform.o   -Wl,--start-group,-lxil,-lgcc,-lc,--end-group
'Finished building target: uart_test.elf'
' '
'Invoking: MicroBlaze Print Size'
mb-size uart_test.elf  |tee "uart_test.elf.size"
   text	   data	    bss	    dec	    hex	filename
   2696	    268	   3108	   6072	   17b8	uart_test.elf
'Finished building: uart_test.elf.size'
' '
08:46:10 **** Auto Build of configuration Debug for project uart_test_bsp_xuartlite_intr_example_1 ****
make all 
'Building file: ../src/xuartlite_intr_example.c'
'Invoking: MicroBlaze gcc compiler'
mb-gcc -Wall -O0 -g3 -c -fmessage-length=0 -MT"src/xuartlite_intr_example.o" -I../../uart_test_bsp/microblaze_mcs_0_microblaze_I/include -mno-xl-reorder -mlittle-endian -mcpu=v11.0 -mxl-soft-mul -Wl,--no-relax -ffunction-sections -fdata-sections -MMD -MP -MF"src/xuartlite_intr_example.d" -MT"src/xuartlite_intr_example.o" -o "src/xuartlite_intr_example.o" "../src/xuartlite_intr_example.c"
../src/xuartlite_intr_example.c:61:10: fatal error: xintc.h: No such file or directory
 #include "xintc.h"
          ^~~~~~~~~
compilation terminated.
make: *** [src/subdir.mk:23: src/xuartlite_intr_example.o] Error 1
08:50:47 **** Auto Build of configuration Debug for project uart_test ****
make all 
'Building file: ../src/helloworld.c'
'Invoking: MicroBlaze gcc compiler'
mb-gcc -Wall -O0 -g3 -c -fmessage-length=0 -MT"src/helloworld.o" -I../../uart_test_bsp/microblaze_mcs_0_microblaze_I/include -mno-xl-reorder -mlittle-endian -mcpu=v11.0 -mxl-soft-mul -Wl,--no-relax -ffunction-sections -fdata-sections -MMD -MP -MF"src/helloworld.d" -MT"src/helloworld.o" -o "src/helloworld.o" "../src/helloworld.c"
../src/helloworld.c: In function 'enable_uart_interrupts':
../src/helloworld.c:92:38: warning: passing argument 2 of 'XUartLite_SetRecvHandler' from incompatible pointer type [-Wincompatible-pointer-types]
  XUartLite_SetRecvHandler(&UartLite, uart_interrupt_handler, 0);
                                      ^~~~~~~~~~~~~~~~~~~~~~
In file included from ../src/helloworld.c:51:
../../uart_test_bsp/microblaze_mcs_0_microblaze_I/include/xuartlite.h:276:73: note: expected 'XUartLite_Handler' {aka 'void (*)(void *, unsigned int)'} but argument is of type 'void (*)(XUartLite *)' {aka 'void (*)(struct <anonymous> *)'}
 void XUartLite_SetRecvHandler(XUartLite *InstancePtr, XUartLite_Handler FuncPtr,
                                                       ~~~~~~~~~~~~~~~~~~^~~~~~~
../src/helloworld.c:95:1: warning: control reaches end of non-void function [-Wreturn-type]
 }
 ^
'Finished building: ../src/helloworld.c'
' '
'Building target: uart_test.elf'
'Invoking: MicroBlaze gcc linker'
mb-gcc -Wl,-T -Wl,../src/lscript.ld -L../../uart_test_bsp/microblaze_mcs_0_microblaze_I/lib -mlittle-endian -mcpu=v11.0 -mxl-soft-mul -Wl,--no-relax -Wl,--gc-sections -o "uart_test.elf"  ./src/helloworld.o ./src/platform.o   -Wl,--start-group,-lxil,-lgcc,-lc,--end-group
'Finished building target: uart_test.elf'
' '
'Invoking: MicroBlaze Print Size'
mb-size uart_test.elf  |tee "uart_test.elf.size"
   text	   data	    bss	    dec	    hex	filename
   2696	    268	   3108	   6072	   17b8	uart_test.elf
'Finished building: uart_test.elf.size'
' '
08:50:48 **** Auto Build of configuration Debug for project uart_test_bsp_xuartlite_intr_example_1 ****
make all 
'Building file: ../src/xuartlite_intr_example.c'
'Invoking: MicroBlaze gcc compiler'
mb-gcc -Wall -O0 -g3 -c -fmessage-length=0 -MT"src/xuartlite_intr_example.o" -I../../uart_test_bsp/microblaze_mcs_0_microblaze_I/include -mno-xl-reorder -mlittle-endian -mcpu=v11.0 -mxl-soft-mul -Wl,--no-relax -ffunction-sections -fdata-sections -MMD -MP -MF"src/xuartlite_intr_example.d" -MT"src/xuartlite_intr_example.o" -o "src/xuartlite_intr_example.o" "../src/xuartlite_intr_example.c"
../src/xuartlite_intr_example.c:61:10: fatal error: xintc.h: No such file or directory
 #include "xintc.h"
          ^~~~~~~~~
compilation terminated.
make: *** [src/subdir.mk:23: src/xuartlite_intr_example.o] Error 1
08:51:17 **** Auto Build of configuration Debug for project uart_test ****
make all 
'Building file: ../src/helloworld.c'
'Invoking: MicroBlaze gcc compiler'
mb-gcc -Wall -O0 -g3 -c -fmessage-length=0 -MT"src/helloworld.o" -I../../uart_test_bsp/microblaze_mcs_0_microblaze_I/include -mno-xl-reorder -mlittle-endian -mcpu=v11.0 -mxl-soft-mul -Wl,--no-relax -ffunction-sections -fdata-sections -MMD -MP -MF"src/helloworld.d" -MT"src/helloworld.o" -o "src/helloworld.o" "../src/helloworld.c"
../src/helloworld.c: In function 'enable_uart_interrupts':
../src/helloworld.c:95:1: warning: control reaches end of non-void function [-Wreturn-type]
 }
 ^
'Finished building: ../src/helloworld.c'
' '
'Building target: uart_test.elf'
'Invoking: MicroBlaze gcc linker'
mb-gcc -Wl,-T -Wl,../src/lscript.ld -L../../uart_test_bsp/microblaze_mcs_0_microblaze_I/lib -mlittle-endian -mcpu=v11.0 -mxl-soft-mul -Wl,--no-relax -Wl,--gc-sections -o "uart_test.elf"  ./src/helloworld.o ./src/platform.o   -Wl,--start-group,-lxil,-lgcc,-lc,--end-group
'Finished building target: uart_test.elf'
' '
'Invoking: MicroBlaze Print Size'
mb-size uart_test.elf  |tee "uart_test.elf.size"
   text	   data	    bss	    dec	    hex	filename
   2696	    268	   3108	   6072	   17b8	uart_test.elf
'Finished building: uart_test.elf.size'
' '
08:51:18 **** Auto Build of configuration Debug for project uart_test_bsp_xuartlite_intr_example_1 ****
make all 
'Building file: ../src/xuartlite_intr_example.c'
'Invoking: MicroBlaze gcc compiler'
mb-gcc -Wall -O0 -g3 -c -fmessage-length=0 -MT"src/xuartlite_intr_example.o" -I../../uart_test_bsp/microblaze_mcs_0_microblaze_I/include -mno-xl-reorder -mlittle-endian -mcpu=v11.0 -mxl-soft-mul -Wl,--no-relax -ffunction-sections -fdata-sections -MMD -MP -MF"src/xuartlite_intr_example.d" -MT"src/xuartlite_intr_example.o" -o "src/xuartlite_intr_example.o" "../src/xuartlite_intr_example.c"
../src/xuartlite_intr_example.c:61:10: fatal error: xintc.h: No such file or directory
 #include "xintc.h"
          ^~~~~~~~~
compilation terminated.
make: *** [src/subdir.mk:23: src/xuartlite_intr_example.o] Error 1
08:51:42 **** Auto Build of configuration Debug for project uart_test ****
make all 
'Building file: ../src/helloworld.c'
'Invoking: MicroBlaze gcc compiler'
mb-gcc -Wall -O0 -g3 -c -fmessage-length=0 -MT"src/helloworld.o" -I../../uart_test_bsp/microblaze_mcs_0_microblaze_I/include -mno-xl-reorder -mlittle-endian -mcpu=v11.0 -mxl-soft-mul -Wl,--no-relax -ffunction-sections -fdata-sections -MMD -MP -MF"src/helloworld.d" -MT"src/helloworld.o" -o "src/helloworld.o" "../src/helloworld.c"
'Finished building: ../src/helloworld.c'
' '
'Building target: uart_test.elf'
'Invoking: MicroBlaze gcc linker'
mb-gcc -Wl,-T -Wl,../src/lscript.ld -L../../uart_test_bsp/microblaze_mcs_0_microblaze_I/lib -mlittle-endian -mcpu=v11.0 -mxl-soft-mul -Wl,--no-relax -Wl,--gc-sections -o "uart_test.elf"  ./src/helloworld.o ./src/platform.o   -Wl,--start-group,-lxil,-lgcc,-lc,--end-group
'Finished building target: uart_test.elf'
' '
'Invoking: MicroBlaze Print Size'
mb-size uart_test.elf  |tee "uart_test.elf.size"
   text	   data	    bss	    dec	    hex	filename
   2696	    268	   3108	   6072	   17b8	uart_test.elf
'Finished building: uart_test.elf.size'
' '
08:51:44 **** Auto Build of configuration Debug for project uart_test_bsp_xuartlite_intr_example_1 ****
make all 
'Building file: ../src/xuartlite_intr_example.c'
'Invoking: MicroBlaze gcc compiler'
mb-gcc -Wall -O0 -g3 -c -fmessage-length=0 -MT"src/xuartlite_intr_example.o" -I../../uart_test_bsp/microblaze_mcs_0_microblaze_I/include -mno-xl-reorder -mlittle-endian -mcpu=v11.0 -mxl-soft-mul -Wl,--no-relax -ffunction-sections -fdata-sections -MMD -MP -MF"src/xuartlite_intr_example.d" -MT"src/xuartlite_intr_example.o" -o "src/xuartlite_intr_example.o" "../src/xuartlite_intr_example.c"
../src/xuartlite_intr_example.c:61:10: fatal error: xintc.h: No such file or directory
 #include "xintc.h"
          ^~~~~~~~~
compilation terminated.
make: *** [src/subdir.mk:23: src/xuartlite_intr_example.o] Error 1
08:53:21 **** Clean-only build of configuration Debug for project uart_test_bsp_xuartlite_intr_example_1 ****
make clean 
rm -rf  ./src/xuartlite_intr_example.o  ./src/xuartlite_intr_example.d  uart_test_bsp_xuartlite_intr_example_1.elf.size  uart_test_bsp_xuartlite_intr_example_1.elf
' '
08:53:21 **** Auto Build of configuration Debug for project uart_test_bsp_xuartlite_intr_example_1 ****
make all 
'Building file: ../src/xuartlite_intr_example.c'
'Invoking: MicroBlaze gcc compiler'
mb-gcc -Wall -O0 -g3 -c -fmessage-length=0 -MT"src/xuartlite_intr_example.o" -I../../uart_test_bsp/microblaze_mcs_0_microblaze_I/include -mno-xl-reorder -mlittle-endian -mcpu=v11.0 -mxl-soft-mul -Wl,--no-relax -ffunction-sections -fdata-sections -MMD -MP -MF"src/xuartlite_intr_example.d" -MT"src/xuartlite_intr_example.o" -o "src/xuartlite_intr_example.o" "../src/xuartlite_intr_example.c"
../src/xuartlite_intr_example.c:61:10: fatal error: xintc.h: No such file or directory
 #include "xintc.h"
          ^~~~~~~~~
compilation terminated.
make: *** [src/subdir.mk:23: src/xuartlite_intr_example.o] Error 1
08:53:22 **** Auto Build of configuration Debug for project uart_test_bsp_xuartlite_intr_example_1 ****
make all 
'Building file: ../src/xuartlite_intr_example.c'
'Invoking: MicroBlaze gcc compiler'
mb-gcc -Wall -O0 -g3 -c -fmessage-length=0 -MT"src/xuartlite_intr_example.o" -I../../uart_test_bsp/microblaze_mcs_0_microblaze_I/include -mno-xl-reorder -mlittle-endian -mcpu=v11.0 -mxl-soft-mul -Wl,--no-relax -ffunction-sections -fdata-sections -MMD -MP -MF"src/xuartlite_intr_example.d" -MT"src/xuartlite_intr_example.o" -o "src/xuartlite_intr_example.o" "../src/xuartlite_intr_example.c"
../src/xuartlite_intr_example.c:61:10: fatal error: xintc.h: No such file or directory
 #include "xintc.h"
          ^~~~~~~~~
compilation terminated.
make: *** [src/subdir.mk:23: src/xuartlite_intr_example.o] Error 1
08:53:48 **** Auto Build of project uart_test_bsp ****
make -k all 
"Running Make include in microblaze_mcs_0_microblaze_I/libsrc/bram_v4_3/src"
make -C microblaze_mcs_0_microblaze_I/libsrc/bram_v4_3/src -s include  "SHELL=CMD" "COMPILER=mb-gcc" "ARCHIVER=mb-ar" "COMPILER_FLAGS=  -O2 -c -mcpu=v11.0 -mlittle-endian -mno-xl-reorder -mxl-soft-mul" "EXTRA_COMPILER_FLAGS=-ffunction-sections -fdata-sections -Wall -Wextra"
"Running Make include in microblaze_mcs_0_microblaze_I/libsrc/cpu_v2_9/src"
make -C microblaze_mcs_0_microblaze_I/libsrc/cpu_v2_9/src -s include  "SHELL=CMD" "COMPILER=mb-gcc" "ARCHIVER=mb-ar" "COMPILER_FLAGS=  -O2 -c -mcpu=v11.0 -mlittle-endian -mno-xl-reorder -mxl-soft-mul" "EXTRA_COMPILER_FLAGS=-ffunction-sections -fdata-sections -Wall -Wextra"
"Running Make include in microblaze_mcs_0_microblaze_I/libsrc/iomodule_v2_7/src"
make -C microblaze_mcs_0_microblaze_I/libsrc/iomodule_v2_7/src -s include  "SHELL=CMD" "COMPILER=mb-gcc" "ARCHIVER=mb-ar" "COMPILER_FLAGS=  -O2 -c -mcpu=v11.0 -mlittle-endian -mno-xl-reorder -mxl-soft-mul" "EXTRA_COMPILER_FLAGS=-ffunction-sections -fdata-sections -Wall -Wextra"
"Running Make include in microblaze_mcs_0_microblaze_I/libsrc/standalone_v7_0/src"
make -C microblaze_mcs_0_microblaze_I/libsrc/standalone_v7_0/src -s include  "SHELL=CMD" "COMPILER=mb-gcc" "ARCHIVER=mb-ar" "COMPILER_FLAGS=  -O2 -c -mcpu=v11.0 -mlittle-endian -mno-xl-reorder -mxl-soft-mul" "EXTRA_COMPILER_FLAGS=-ffunction-sections -fdata-sections -Wall -Wextra"
"Running Make include in microblaze_mcs_0_microblaze_I/libsrc/uartlite_v3_2/src"
make -C microblaze_mcs_0_microblaze_I/libsrc/uartlite_v3_2/src -s include  "SHELL=CMD" "COMPILER=mb-gcc" "ARCHIVER=mb-ar" "COMPILER_FLAGS=  -O2 -c -mcpu=v11.0 -mlittle-endian -mno-xl-reorder -mxl-soft-mul" "EXTRA_COMPILER_FLAGS=-ffunction-sections -fdata-sections -Wall -Wextra"
"Running Make libs in microblaze_mcs_0_microblaze_I/libsrc/bram_v4_3/src"
make -C microblaze_mcs_0_microblaze_I/libsrc/bram_v4_3/src -s libs  "SHELL=CMD" "COMPILER=mb-gcc" "ARCHIVER=mb-ar" "COMPILER_FLAGS=  -O2 -c -mcpu=v11.0 -mlittle-endian -mno-xl-reorder -mxl-soft-mul" "EXTRA_COMPILER_FLAGS=-ffunction-sections -fdata-sections -Wall -Wextra"
"Compiling bram"
mb-ar: creating ../../../lib/libxil.a
"Running Make libs in microblaze_mcs_0_microblaze_I/libsrc/cpu_v2_9/src"
make -C microblaze_mcs_0_microblaze_I/libsrc/cpu_v2_9/src -s libs  "SHELL=CMD" "COMPILER=mb-gcc" "ARCHIVER=mb-ar" "COMPILER_FLAGS=  -O2 -c -mcpu=v11.0 -mlittle-endian -mno-xl-reorder -mxl-soft-mul" "EXTRA_COMPILER_FLAGS=-ffunction-sections -fdata-sections -Wall -Wextra"
"Compiling cpu"
"Running Make libs in microblaze_mcs_0_microblaze_I/libsrc/iomodule_v2_7/src"
make -C microblaze_mcs_0_microblaze_I/libsrc/iomodule_v2_7/src -s libs  "SHELL=CMD" "COMPILER=mb-gcc" "ARCHIVER=mb-ar" "COMPILER_FLAGS=  -O2 -c -mcpu=v11.0 -mlittle-endian -mno-xl-reorder -mxl-soft-mul" "EXTRA_COMPILER_FLAGS=-ffunction-sections -fdata-sections -Wall -Wextra"
"Compiling iomodule"
"Running Make libs in microblaze_mcs_0_microblaze_I/libsrc/standalone_v7_0/src"
make -C microblaze_mcs_0_microblaze_I/libsrc/standalone_v7_0/src -s libs  "SHELL=CMD" "COMPILER=mb-gcc" "ARCHIVER=mb-ar" "COMPILER_FLAGS=  -O2 -c -mcpu=v11.0 -mlittle-endian -mno-xl-reorder -mxl-soft-mul" "EXTRA_COMPILER_FLAGS=-ffunction-sections -fdata-sections -Wall -Wextra"
"Compiling standalone";
microblaze_sleep.c:77:9: note: #pragma message: For the sleep routines, assembly instructions are used
 #pragma message ("For the sleep routines, assembly instructions are used")
         ^~~~~~~
"Running Make libs in microblaze_mcs_0_microblaze_I/libsrc/uartlite_v3_2/src"
make -C microblaze_mcs_0_microblaze_I/libsrc/uartlite_v3_2/src -s libs  "SHELL=CMD" "COMPILER=mb-gcc" "ARCHIVER=mb-ar" "COMPILER_FLAGS=  -O2 -c -mcpu=v11.0 -mlittle-endian -mno-xl-reorder -mxl-soft-mul" "EXTRA_COMPILER_FLAGS=-ffunction-sections -fdata-sections -Wall -Wextra"
"Compiling uartlite"
'Finished building libraries'
08:54:00 **** Auto Build of configuration Debug for project uart_test ****
make all 
'Building file: ../src/helloworld.c'
'Invoking: MicroBlaze gcc compiler'
mb-gcc -Wall -O0 -g3 -c -fmessage-length=0 -MT"src/helloworld.o" -I../../uart_test_bsp/microblaze_mcs_0_microblaze_I/include -mno-xl-reorder -mlittle-endian -mcpu=v11.0 -mxl-soft-mul -Wl,--no-relax -ffunction-sections -fdata-sections -MMD -MP -MF"src/helloworld.d" -MT"src/helloworld.o" -o "src/helloworld.o" "../src/helloworld.c"
'Finished building: ../src/helloworld.c'
' '
'Building file: ../src/platform.c'
'Invoking: MicroBlaze gcc compiler'
mb-gcc -Wall -O0 -g3 -c -fmessage-length=0 -MT"src/platform.o" -I../../uart_test_bsp/microblaze_mcs_0_microblaze_I/include -mno-xl-reorder -mlittle-endian -mcpu=v11.0 -mxl-soft-mul -Wl,--no-relax -ffunction-sections -fdata-sections -MMD -MP -MF"src/platform.d" -MT"src/platform.o" -o "src/platform.o" "../src/platform.c"
'Finished building: ../src/platform.c'
' '
'Building target: uart_test.elf'
'Invoking: MicroBlaze gcc linker'
mb-gcc -Wl,-T -Wl,../src/lscript.ld -L../../uart_test_bsp/microblaze_mcs_0_microblaze_I/lib -mlittle-endian -mcpu=v11.0 -mxl-soft-mul -Wl,--no-relax -Wl,--gc-sections -o "uart_test.elf"  ./src/helloworld.o ./src/platform.o   -Wl,--start-group,-lxil,-lgcc,-lc,--end-group
'Finished building target: uart_test.elf'
' '
'Invoking: MicroBlaze Print Size'
mb-size uart_test.elf  |tee "uart_test.elf.size"
   text	   data	    bss	    dec	    hex	filename
   2696	    268	   3108	   6072	   17b8	uart_test.elf
'Finished building: uart_test.elf.size'
' '
08:54:02 **** Auto Build of configuration Debug for project uart_test_bsp_xuartlite_intr_example_1 ****
make all 
'Building file: ../src/xuartlite_intr_example.c'
'Invoking: MicroBlaze gcc compiler'
mb-gcc -Wall -O0 -g3 -c -fmessage-length=0 -MT"src/xuartlite_intr_example.o" -I../../uart_test_bsp/microblaze_mcs_0_microblaze_I/include -mno-xl-reorder -mlittle-endian -mcpu=v11.0 -mxl-soft-mul -Wl,--no-relax -ffunction-sections -fdata-sections -MMD -MP -MF"src/xuartlite_intr_example.d" -MT"src/xuartlite_intr_example.o" -o "src/xuartlite_intr_example.o" "../src/xuartlite_intr_example.c"
../src/xuartlite_intr_example.c:61:10: fatal error: xintc.h: No such file or directory
 #include "xintc.h"
          ^~~~~~~~~
compilation terminated.
make: *** [src/subdir.mk:23: src/xuartlite_intr_example.o] Error 1
08:54:02 **** Clean-only build of configuration Debug for project uart_test_bsp_xuartlite_polled_example_1 ****
make clean 
rm -rf  ./src/xuartlite_polled_example.o  ./src/xuartlite_polled_example.d  uart_test_bsp_xuartlite_polled_example_1.elf.size  uart_test_bsp_xuartlite_polled_example_1.elf
' '
08:54:02 **** Auto Build of configuration Debug for project uart_test_bsp_xuartlite_polled_example_1 ****
make all 
'Building file: ../src/xuartlite_polled_example.c'
'Invoking: MicroBlaze gcc compiler'
mb-gcc -Wall -O0 -g3 -c -fmessage-length=0 -MT"src/xuartlite_polled_example.o" -I../../uart_test_bsp/microblaze_mcs_0_microblaze_I/include -mno-xl-reorder -mlittle-endian -mcpu=v11.0 -mxl-soft-mul -Wl,--no-relax -ffunction-sections -fdata-sections -MMD -MP -MF"src/xuartlite_polled_example.d" -MT"src/xuartlite_polled_example.o" -o "src/xuartlite_polled_example.o" "../src/xuartlite_polled_example.c"
'Finished building: ../src/xuartlite_polled_example.c'
' '
'Building target: uart_test_bsp_xuartlite_polled_example_1.elf'
'Invoking: MicroBlaze gcc linker'
mb-gcc -Wl,-T -Wl,../src/lscript.ld -L../../uart_test_bsp/microblaze_mcs_0_microblaze_I/lib -mlittle-endian -mcpu=v11.0 -mxl-soft-mul -Wl,--no-relax -Wl,--gc-sections -o "uart_test_bsp_xuartlite_polled_example_1.elf"  ./src/xuartlite_polled_example.o   -Wl,--start-group,-lxil,-lgcc,-lc,--end-group
'Finished building target: uart_test_bsp_xuartlite_polled_example_1.elf'
' '
'Invoking: MicroBlaze Print Size'
mb-size uart_test_bsp_xuartlite_polled_example_1.elf  |tee "uart_test_bsp_xuartlite_polled_example_1.elf.size"
   text	   data	    bss	    dec	    hex	filename
   9796	    652	   3232	  13680	   3570	uart_test_bsp_xuartlite_polled_example_1.elf
'Finished building: uart_test_bsp_xuartlite_polled_example_1.elf.size'
' '
08:58:07 **** Auto Build of configuration Debug for project uart_test ****
make all 
'Building file: ../src/helloworld.c'
'Invoking: MicroBlaze gcc compiler'
mb-gcc -Wall -O0 -g3 -c -fmessage-length=0 -MT"src/helloworld.o" -I../../uart_test_bsp/microblaze_mcs_0_microblaze_I/include -mno-xl-reorder -mlittle-endian -mcpu=v11.0 -mxl-soft-mul -Wl,--no-relax -ffunction-sections -fdata-sections -MMD -MP -MF"src/helloworld.d" -MT"src/helloworld.o" -o "src/helloworld.o" "../src/helloworld.c"
../src/helloworld.c: In function 'debug_print':
../src/helloworld.c:107:33: warning: implicit declaration of function 'string_length'; did you mean 'strnlen'? [-Wimplicit-function-declaration]
  XUartLite_Send(&UartLite, str, string_length(str));
                                 ^~~~~~~~~~~~~
                                 strnlen
'Finished building: ../src/helloworld.c'
' '
'Building target: uart_test.elf'
'Invoking: MicroBlaze gcc linker'
mb-gcc -Wl,-T -Wl,../src/lscript.ld -L../../uart_test_bsp/microblaze_mcs_0_microblaze_I/lib -mlittle-endian -mcpu=v11.0 -mxl-soft-mul -Wl,--no-relax -Wl,--gc-sections -o "uart_test.elf"  ./src/helloworld.o ./src/platform.o   -Wl,--start-group,-lxil,-lgcc,-lc,--end-group
'Finished building target: uart_test.elf'
' '
'Invoking: MicroBlaze Print Size'
mb-size uart_test.elf  |tee "uart_test.elf.size"
   text	   data	    bss	    dec	    hex	filename
   2696	    268	   3108	   6072	   17b8	uart_test.elf
'Finished building: uart_test.elf.size'
' '
08:58:08 **** Auto Build of configuration Debug for project uart_test_bsp_xuartlite_intr_example_1 ****
make all 
'Building file: ../src/xuartlite_intr_example.c'
'Invoking: MicroBlaze gcc compiler'
mb-gcc -Wall -O0 -g3 -c -fmessage-length=0 -MT"src/xuartlite_intr_example.o" -I../../uart_test_bsp/microblaze_mcs_0_microblaze_I/include -mno-xl-reorder -mlittle-endian -mcpu=v11.0 -mxl-soft-mul -Wl,--no-relax -ffunction-sections -fdata-sections -MMD -MP -MF"src/xuartlite_intr_example.d" -MT"src/xuartlite_intr_example.o" -o "src/xuartlite_intr_example.o" "../src/xuartlite_intr_example.c"
../src/xuartlite_intr_example.c:61:10: fatal error: xintc.h: No such file or directory
 #include "xintc.h"
          ^~~~~~~~~
compilation terminated.
make: *** [src/subdir.mk:23: src/xuartlite_intr_example.o] Error 1
09:11:21 **** Auto Build of configuration Debug for project uart_test ****
make all 
'Building file: ../src/helloworld.c'
'Invoking: MicroBlaze gcc compiler'
mb-gcc -Wall -O0 -g3 -c -fmessage-length=0 -MT"src/helloworld.o" -I../../uart_test_bsp/microblaze_mcs_0_microblaze_I/include -mno-xl-reorder -mlittle-endian -mcpu=v11.0 -mxl-soft-mul -Wl,--no-relax -ffunction-sections -fdata-sections -MMD -MP -MF"src/helloworld.d" -MT"src/helloworld.o" -o "src/helloworld.o" "../src/helloworld.c"
../src/helloworld.c: In function 'uart_interrupt_handler':
../src/helloworld.c:104:1: error: expected expression before '}' token
 }
 ^
../src/helloworld.c: In function 'debug_print':
../src/helloworld.c:109:33: warning: implicit declaration of function 'string_length'; did you mean 'strnlen'? [-Wimplicit-function-declaration]
  XUartLite_Send(&UartLite, str, string_length(str));
                                 ^~~~~~~~~~~~~
                                 strnlen
../src/helloworld.c: In function 'uart_interrupt_handler':
../src/helloworld.c:112:1: error: expected declaration or statement at end of input
 }
 ^
../src/helloworld.c:102:6: warning: unused variable 'rec_char' [-Wunused-variable]
  u8* rec_char =
      ^~~~~~~~
../src/helloworld.c: At top level:
../src/helloworld.c:59:4: warning: array 'rec_buff' assumed to have one element
 u8 rec_buff[];
    ^~~~~~~~
../src/helloworld.c:106:6: warning: 'debug_print' defined but not used [-Wunused-function]
 void debug_print(u8* str){
      ^~~~~~~~~~~
make: *** [src/subdir.mk:26: src/helloworld.o] Error 1
09:11:22 **** Auto Build of configuration Debug for project uart_test_bsp_xuartlite_intr_example_1 ****
make all 
'Building file: ../src/xuartlite_intr_example.c'
'Invoking: MicroBlaze gcc compiler'
mb-gcc -Wall -O0 -g3 -c -fmessage-length=0 -MT"src/xuartlite_intr_example.o" -I../../uart_test_bsp/microblaze_mcs_0_microblaze_I/include -mno-xl-reorder -mlittle-endian -mcpu=v11.0 -mxl-soft-mul -Wl,--no-relax -ffunction-sections -fdata-sections -MMD -MP -MF"src/xuartlite_intr_example.d" -MT"src/xuartlite_intr_example.o" -o "src/xuartlite_intr_example.o" "../src/xuartlite_intr_example.c"
../src/xuartlite_intr_example.c:61:10: fatal error: xintc.h: No such file or directory
 #include "xintc.h"
          ^~~~~~~~~
compilation terminated.
make: *** [src/subdir.mk:23: src/xuartlite_intr_example.o] Error 1
09:11:26 **** Auto Build of configuration Debug for project uart_test ****
make all 
'Building file: ../src/helloworld.c'
'Invoking: MicroBlaze gcc compiler'
mb-gcc -Wall -O0 -g3 -c -fmessage-length=0 -MT"src/helloworld.o" -I../../uart_test_bsp/microblaze_mcs_0_microblaze_I/include -mno-xl-reorder -mlittle-endian -mcpu=v11.0 -mxl-soft-mul -Wl,--no-relax -ffunction-sections -fdata-sections -MMD -MP -MF"src/helloworld.d" -MT"src/helloworld.o" -o "src/helloworld.o" "../src/helloworld.c"
../src/helloworld.c: In function 'debug_print':
../src/helloworld.c:109:33: warning: implicit declaration of function 'string_length'; did you mean 'strnlen'? [-Wimplicit-function-declaration]
  XUartLite_Send(&UartLite, str, string_length(str));
                                 ^~~~~~~~~~~~~
                                 strnlen
../src/helloworld.c: At top level:
../src/helloworld.c:59:4: warning: array 'rec_buff' assumed to have one element
 u8 rec_buff[];
    ^~~~~~~~
'Finished building: ../src/helloworld.c'
' '
'Building target: uart_test.elf'
'Invoking: MicroBlaze gcc linker'
mb-gcc -Wl,-T -Wl,../src/lscript.ld -L../../uart_test_bsp/microblaze_mcs_0_microblaze_I/lib -mlittle-endian -mcpu=v11.0 -mxl-soft-mul -Wl,--no-relax -Wl,--gc-sections -o "uart_test.elf"  ./src/helloworld.o ./src/platform.o   -Wl,--start-group,-lxil,-lgcc,-lc,--end-group
'Finished building target: uart_test.elf'
' '
'Invoking: MicroBlaze Print Size'
mb-size uart_test.elf  |tee "uart_test.elf.size"
   text	   data	    bss	    dec	    hex	filename
   2696	    268	   3108	   6072	   17b8	uart_test.elf
'Finished building: uart_test.elf.size'
' '
09:11:27 **** Auto Build of configuration Debug for project uart_test_bsp_xuartlite_intr_example_1 ****
make all 
'Building file: ../src/xuartlite_intr_example.c'
'Invoking: MicroBlaze gcc compiler'
mb-gcc -Wall -O0 -g3 -c -fmessage-length=0 -MT"src/xuartlite_intr_example.o" -I../../uart_test_bsp/microblaze_mcs_0_microblaze_I/include -mno-xl-reorder -mlittle-endian -mcpu=v11.0 -mxl-soft-mul -Wl,--no-relax -ffunction-sections -fdata-sections -MMD -MP -MF"src/xuartlite_intr_example.d" -MT"src/xuartlite_intr_example.o" -o "src/xuartlite_intr_example.o" "../src/xuartlite_intr_example.c"
../src/xuartlite_intr_example.c:61:10: fatal error: xintc.h: No such file or directory
 #include "xintc.h"
          ^~~~~~~~~
compilation terminated.
make: *** [src/subdir.mk:23: src/xuartlite_intr_example.o] Error 1
09:11:36 **** Auto Build of configuration Debug for project uart_test ****
make all 
'Building file: ../src/helloworld.c'
'Invoking: MicroBlaze gcc compiler'
mb-gcc -Wall -O0 -g3 -c -fmessage-length=0 -MT"src/helloworld.o" -I../../uart_test_bsp/microblaze_mcs_0_microblaze_I/include -mno-xl-reorder -mlittle-endian -mcpu=v11.0 -mxl-soft-mul -Wl,--no-relax -ffunction-sections -fdata-sections -MMD -MP -MF"src/helloworld.d" -MT"src/helloworld.o" -o "src/helloworld.o" "../src/helloworld.c"
../src/helloworld.c: In function 'debug_print':
../src/helloworld.c:109:33: warning: implicit declaration of function 'string_length'; did you mean 'strnlen'? [-Wimplicit-function-declaration]
  XUartLite_Send(&UartLite, str, string_length(str));
                                 ^~~~~~~~~~~~~
                                 strnlen
'Finished building: ../src/helloworld.c'
' '
'Building target: uart_test.elf'
'Invoking: MicroBlaze gcc linker'
mb-gcc -Wl,-T -Wl,../src/lscript.ld -L../../uart_test_bsp/microblaze_mcs_0_microblaze_I/lib -mlittle-endian -mcpu=v11.0 -mxl-soft-mul -Wl,--no-relax -Wl,--gc-sections -o "uart_test.elf"  ./src/helloworld.o ./src/platform.o   -Wl,--start-group,-lxil,-lgcc,-lc,--end-group
'Finished building target: uart_test.elf'
' '
'Invoking: MicroBlaze Print Size'
mb-size uart_test.elf  |tee "uart_test.elf.size"
   text	   data	    bss	    dec	    hex	filename
   2696	    268	   3108	   6072	   17b8	uart_test.elf
'Finished building: uart_test.elf.size'
' '
09:11:37 **** Auto Build of configuration Debug for project uart_test_bsp_xuartlite_intr_example_1 ****
make all 
'Building file: ../src/xuartlite_intr_example.c'
'Invoking: MicroBlaze gcc compiler'
mb-gcc -Wall -O0 -g3 -c -fmessage-length=0 -MT"src/xuartlite_intr_example.o" -I../../uart_test_bsp/microblaze_mcs_0_microblaze_I/include -mno-xl-reorder -mlittle-endian -mcpu=v11.0 -mxl-soft-mul -Wl,--no-relax -ffunction-sections -fdata-sections -MMD -MP -MF"src/xuartlite_intr_example.d" -MT"src/xuartlite_intr_example.o" -o "src/xuartlite_intr_example.o" "../src/xuartlite_intr_example.c"
../src/xuartlite_intr_example.c:61:10: fatal error: xintc.h: No such file or directory
 #include "xintc.h"
          ^~~~~~~~~
compilation terminated.
make: *** [src/subdir.mk:23: src/xuartlite_intr_example.o] Error 1
09:12:11 **** Auto Build of configuration Debug for project uart_test ****
make all 
'Building file: ../src/helloworld.c'
'Invoking: MicroBlaze gcc compiler'
mb-gcc -Wall -O0 -g3 -c -fmessage-length=0 -MT"src/helloworld.o" -I../../uart_test_bsp/microblaze_mcs_0_microblaze_I/include -mno-xl-reorder -mlittle-endian -mcpu=v11.0 -mxl-soft-mul -Wl,--no-relax -ffunction-sections -fdata-sections -MMD -MP -MF"src/helloworld.d" -MT"src/helloworld.o" -o "src/helloworld.o" "../src/helloworld.c"
../src/helloworld.c: In function 'uart_interrupt_handler':
../src/helloworld.c:105:28: error: 'rec_buffr' undeclared (first use in this function); did you mean 'rec_buff'?
  XUartLite_Recv(&UartLite, rec_buffr, 1);
                            ^~~~~~~~~
                            rec_buff
../src/helloworld.c:105:28: note: each undeclared identifier is reported only once for each function it appears in
../src/helloworld.c: In function 'debug_print':
../src/helloworld.c:111:33: warning: implicit declaration of function 'string_length'; did you mean 'strnlen'? [-Wimplicit-function-declaration]
  XUartLite_Send(&UartLite, str, string_length(str));
                                 ^~~~~~~~~~~~~
                                 strnlen
make: *** [src/subdir.mk:26: src/helloworld.o] Error 1
09:12:11 **** Auto Build of configuration Debug for project uart_test_bsp_xuartlite_intr_example_1 ****
make all 
'Building file: ../src/xuartlite_intr_example.c'
'Invoking: MicroBlaze gcc compiler'
mb-gcc -Wall -O0 -g3 -c -fmessage-length=0 -MT"src/xuartlite_intr_example.o" -I../../uart_test_bsp/microblaze_mcs_0_microblaze_I/include -mno-xl-reorder -mlittle-endian -mcpu=v11.0 -mxl-soft-mul -Wl,--no-relax -ffunction-sections -fdata-sections -MMD -MP -MF"src/xuartlite_intr_example.d" -MT"src/xuartlite_intr_example.o" -o "src/xuartlite_intr_example.o" "../src/xuartlite_intr_example.c"
../src/xuartlite_intr_example.c:61:10: fatal error: xintc.h: No such file or directory
 #include "xintc.h"
          ^~~~~~~~~
compilation terminated.
make: *** [src/subdir.mk:23: src/xuartlite_intr_example.o] Error 1
09:12:19 **** Auto Build of configuration Debug for project uart_test ****
make all 
'Building file: ../src/helloworld.c'
'Invoking: MicroBlaze gcc compiler'
mb-gcc -Wall -O0 -g3 -c -fmessage-length=0 -MT"src/helloworld.o" -I../../uart_test_bsp/microblaze_mcs_0_microblaze_I/include -mno-xl-reorder -mlittle-endian -mcpu=v11.0 -mxl-soft-mul -Wl,--no-relax -ffunction-sections -fdata-sections -MMD -MP -MF"src/helloworld.d" -MT"src/helloworld.o" -o "src/helloworld.o" "../src/helloworld.c"
../src/helloworld.c: In function 'debug_print':
../src/helloworld.c:111:33: warning: implicit declaration of function 'string_length'; did you mean 'strnlen'? [-Wimplicit-function-declaration]
  XUartLite_Send(&UartLite, str, string_length(str));
                                 ^~~~~~~~~~~~~
                                 strnlen
'Finished building: ../src/helloworld.c'
' '
'Building target: uart_test.elf'
'Invoking: MicroBlaze gcc linker'
mb-gcc -Wl,-T -Wl,../src/lscript.ld -L../../uart_test_bsp/microblaze_mcs_0_microblaze_I/lib -mlittle-endian -mcpu=v11.0 -mxl-soft-mul -Wl,--no-relax -Wl,--gc-sections -o "uart_test.elf"  ./src/helloworld.o ./src/platform.o   -Wl,--start-group,-lxil,-lgcc,-lc,--end-group
'Finished building target: uart_test.elf'
' '
'Invoking: MicroBlaze Print Size'
mb-size uart_test.elf  |tee "uart_test.elf.size"
   text	   data	    bss	    dec	    hex	filename
   2696	    268	   3108	   6072	   17b8	uart_test.elf
'Finished building: uart_test.elf.size'
' '
09:12:20 **** Auto Build of configuration Debug for project uart_test_bsp_xuartlite_intr_example_1 ****
make all 
'Building file: ../src/xuartlite_intr_example.c'
'Invoking: MicroBlaze gcc compiler'
mb-gcc -Wall -O0 -g3 -c -fmessage-length=0 -MT"src/xuartlite_intr_example.o" -I../../uart_test_bsp/microblaze_mcs_0_microblaze_I/include -mno-xl-reorder -mlittle-endian -mcpu=v11.0 -mxl-soft-mul -Wl,--no-relax -ffunction-sections -fdata-sections -MMD -MP -MF"src/xuartlite_intr_example.d" -MT"src/xuartlite_intr_example.o" -o "src/xuartlite_intr_example.o" "../src/xuartlite_intr_example.c"
../src/xuartlite_intr_example.c:61:10: fatal error: xintc.h: No such file or directory
 #include "xintc.h"
          ^~~~~~~~~
compilation terminated.
make: *** [src/subdir.mk:23: src/xuartlite_intr_example.o] Error 1
09:29:58 **** Auto Build of configuration Debug for project uart_test ****
make all 
'Building file: ../src/helloworld.c'
'Invoking: MicroBlaze gcc compiler'
mb-gcc -Wall -O0 -g3 -c -fmessage-length=0 -MT"src/helloworld.o" -I../../uart_test_bsp/microblaze_mcs_0_microblaze_I/include -mno-xl-reorder -mlittle-endian -mcpu=v11.0 -mxl-soft-mul -Wl,--no-relax -ffunction-sections -fdata-sections -MMD -MP -MF"src/helloworld.d" -MT"src/helloworld.o" -o "src/helloworld.o" "../src/helloworld.c"
../src/helloworld.c: In function 'uart_interrupt_handler':
../src/helloworld.c:102:17: warning: initialization of 'u8 *' {aka 'unsigned char *'} from 'u8' {aka 'unsigned char'} makes pointer from integer without a cast [-Wint-conversion]
  u8* rec_char = rec_buff[0];
                 ^~~~~~~~
../src/helloworld.c:104:10: warning: pointer targets in passing argument 1 of 'sprintf' differ in signedness [-Wpointer-sign]
  sprintf(str_buff, "Received character: %c", rec_char);
          ^~~~~~~~
In file included from ../src/helloworld.c:48:
c:\xilinx\sdk\2019.1\gnu\microblaze\nt\microblaze-xilinx-elf\include\stdio.h:244:5: note: expected 'char * restrict' but argument is of type 'u8 *' {aka 'unsigned char *'}
 int sprintf (char *__restrict, const char *__restrict, ...)
     ^~~~~~~
../src/helloworld.c:104:42: warning: format '%c' expects argument of type 'int', but argument 3 has type 'u8 *' {aka 'unsigned char *'} [-Wformat=]
  sprintf(str_buff, "Received character: %c", rec_char);
                                         ~^   ~~~~~~~~
                                         %hhn
../src/helloworld.c:105:2: warning: implicit declaration of function 'debug_print' [-Wimplicit-function-declaration]
  debug_print(str_buff);
  ^~~~~~~~~~~
../src/helloworld.c: At top level:
../src/helloworld.c:110:6: warning: conflicting types for 'debug_print'
 void debug_print(u8* str){
      ^~~~~~~~~~~
../src/helloworld.c:105:2: note: previous implicit declaration of 'debug_print' was here
  debug_print(str_buff);
  ^~~~~~~~~~~
../src/helloworld.c: In function 'debug_print':
../src/helloworld.c:113:33: warning: implicit declaration of function 'string_length'; did you mean 'strnlen'? [-Wimplicit-function-declaration]
  XUartLite_Send(&UartLite, str, string_length(str));
                                 ^~~~~~~~~~~~~
                                 strnlen
'Finished building: ../src/helloworld.c'
' '
'Building target: uart_test.elf'
'Invoking: MicroBlaze gcc linker'
mb-gcc -Wl,-T -Wl,../src/lscript.ld -L../../uart_test_bsp/microblaze_mcs_0_microblaze_I/lib -mlittle-endian -mcpu=v11.0 -mxl-soft-mul -Wl,--no-relax -Wl,--gc-sections -o "uart_test.elf"  ./src/helloworld.o ./src/platform.o   -Wl,--start-group,-lxil,-lgcc,-lc,--end-group
'Finished building target: uart_test.elf'
' '
'Invoking: MicroBlaze Print Size'
mb-size uart_test.elf  |tee "uart_test.elf.size"
   text	   data	    bss	    dec	    hex	filename
  11756	   1308	   3176	  16240	   3f70	uart_test.elf
'Finished building: uart_test.elf.size'
' '
09:30:00 **** Auto Build of configuration Debug for project uart_test_bsp_xuartlite_intr_example_1 ****
make all 
'Building file: ../src/xuartlite_intr_example.c'
'Invoking: MicroBlaze gcc compiler'
mb-gcc -Wall -O0 -g3 -c -fmessage-length=0 -MT"src/xuartlite_intr_example.o" -I../../uart_test_bsp/microblaze_mcs_0_microblaze_I/include -mno-xl-reorder -mlittle-endian -mcpu=v11.0 -mxl-soft-mul -Wl,--no-relax -ffunction-sections -fdata-sections -MMD -MP -MF"src/xuartlite_intr_example.d" -MT"src/xuartlite_intr_example.o" -o "src/xuartlite_intr_example.o" "../src/xuartlite_intr_example.c"
../src/xuartlite_intr_example.c:61:10: fatal error: xintc.h: No such file or directory
 #include "xintc.h"
          ^~~~~~~~~
compilation terminated.
make: *** [src/subdir.mk:23: src/xuartlite_intr_example.o] Error 1
09:51:50 **** Auto Build of configuration Debug for project uart_test ****
make all 
'Building file: ../src/helloworld.c'
'Invoking: MicroBlaze gcc compiler'
mb-gcc -Wall -O0 -g3 -c -fmessage-length=0 -MT"src/helloworld.o" -I../../uart_test_bsp/microblaze_mcs_0_microblaze_I/include -mno-xl-reorder -mlittle-endian -mcpu=v11.0 -mxl-soft-mul -Wl,--no-relax -ffunction-sections -fdata-sections -MMD -MP -MF"src/helloworld.d" -MT"src/helloworld.o" -o "src/helloworld.o" "../src/helloworld.c"
../src/helloworld.c: In function 'main':
../src/helloworld.c:68:2: warning: implicit declaration of function 'debug_print' [-Wimplicit-function-declaration]
  debug_print("Board is online\r\n");
  ^~~~~~~~~~~
../src/helloworld.c:70:5: warning: implicit declaration of function 'enable_uart_interrupts' [-Wimplicit-function-declaration]
  if(enable_uart_interrupts(UARTLITE_DEVICE_ID) == XST_FALIURE){
     ^~~~~~~~~~~~~~~~~~~~~~
../src/helloworld.c:70:51: error: 'XST_FALIURE' undeclared (first use in this function); did you mean 'XST_FAILURE'?
  if(enable_uart_interrupts(UARTLITE_DEVICE_ID) == XST_FALIURE){
                                                   ^~~~~~~~~~~
                                                   XST_FAILURE
../src/helloworld.c:70:51: note: each undeclared identifier is reported only once for each function it appears in
../src/helloworld.c: At top level:
../src/helloworld.c:84:5: error: conflicting types for 'enable_uart_interrupts'
 int enable_uart_interrupts(u16 DeviceId){
     ^~~~~~~~~~~~~~~~~~~~~~
../src/helloworld.c:84:1: note: an argument type that has a default promotion can't match an empty parameter name list declaration
 int enable_uart_interrupts(u16 DeviceId){
 ^~~
../src/helloworld.c:70:5: note: previous implicit declaration of 'enable_uart_interrupts' was here
  if(enable_uart_interrupts(UARTLITE_DEVICE_ID) == XST_FALIURE){
     ^~~~~~~~~~~~~~~~~~~~~~
../src/helloworld.c: In function 'uart_interrupt_handler':
../src/helloworld.c:112:17: warning: initialization of 'u8 *' {aka 'unsigned char *'} from 'u8' {aka 'unsigned char'} makes pointer from integer without a cast [-Wint-conversion]
  u8* rec_char = rec_buff[0];
                 ^~~~~~~~
../src/helloworld.c:114:10: warning: pointer targets in passing argument 1 of 'sprintf' differ in signedness [-Wpointer-sign]
  sprintf(str_buff, "Received character: %c", rec_char);
          ^~~~~~~~
In file included from ../src/helloworld.c:48:
c:\xilinx\sdk\2019.1\gnu\microblaze\nt\microblaze-xilinx-elf\include\stdio.h:244:5: note: expected 'char * restrict' but argument is of type 'u8 *' {aka 'unsigned char *'}
 int sprintf (char *__restrict, const char *__restrict, ...)
     ^~~~~~~
../src/helloworld.c:114:42: warning: format '%c' expects argument of type 'int', but argument 3 has type 'u8 *' {aka 'unsigned char *'} [-Wformat=]
  sprintf(str_buff, "Received character: %c", rec_char);
                                         ~^   ~~~~~~~~
                                         %hhn
../src/helloworld.c: At top level:
../src/helloworld.c:120:6: warning: conflicting types for 'debug_print'
 void debug_print(u8* str){
      ^~~~~~~~~~~
../src/helloworld.c:68:2: note: previous implicit declaration of 'debug_print' was here
  debug_print("Board is online\r\n");
  ^~~~~~~~~~~
../src/helloworld.c: In function 'debug_print':
../src/helloworld.c:123:33: warning: implicit declaration of function 'string_length'; did you mean 'strnlen'? [-Wimplicit-function-declaration]
  XUartLite_Send(&UartLite, str, string_length(str));
                                 ^~~~~~~~~~~~~
                                 strnlen
make: *** [src/subdir.mk:26: src/helloworld.o] Error 1
09:51:50 **** Auto Build of configuration Debug for project uart_test_bsp_xuartlite_intr_example_1 ****
make all 
'Building file: ../src/xuartlite_intr_example.c'
'Invoking: MicroBlaze gcc compiler'
mb-gcc -Wall -O0 -g3 -c -fmessage-length=0 -MT"src/xuartlite_intr_example.o" -I../../uart_test_bsp/microblaze_mcs_0_microblaze_I/include -mno-xl-reorder -mlittle-endian -mcpu=v11.0 -mxl-soft-mul -Wl,--no-relax -ffunction-sections -fdata-sections -MMD -MP -MF"src/xuartlite_intr_example.d" -MT"src/xuartlite_intr_example.o" -o "src/xuartlite_intr_example.o" "../src/xuartlite_intr_example.c"
../src/xuartlite_intr_example.c:61:10: fatal error: xintc.h: No such file or directory
 #include "xintc.h"
          ^~~~~~~~~
compilation terminated.
make: *** [src/subdir.mk:23: src/xuartlite_intr_example.o] Error 1
09:52:04 **** Auto Build of configuration Debug for project uart_test ****
make all 
'Building file: ../src/helloworld.c'
'Invoking: MicroBlaze gcc compiler'
mb-gcc -Wall -O0 -g3 -c -fmessage-length=0 -MT"src/helloworld.o" -I../../uart_test_bsp/microblaze_mcs_0_microblaze_I/include -mno-xl-reorder -mlittle-endian -mcpu=v11.0 -mxl-soft-mul -Wl,--no-relax -ffunction-sections -fdata-sections -MMD -MP -MF"src/helloworld.d" -MT"src/helloworld.o" -o "src/helloworld.o" "../src/helloworld.c"
../src/helloworld.c: In function 'main':
../src/helloworld.c:68:2: warning: implicit declaration of function 'debug_print' [-Wimplicit-function-declaration]
  debug_print("Board is online\r\n");
  ^~~~~~~~~~~
../src/helloworld.c:70:5: warning: implicit declaration of function 'enable_uart_interrupts' [-Wimplicit-function-declaration]
  if(enable_uart_interrupts(UARTLITE_DEVICE_ID) == XST_FAILURE){
     ^~~~~~~~~~~~~~~~~~~~~~
../src/helloworld.c: At top level:
../src/helloworld.c:84:5: error: conflicting types for 'enable_uart_interrupts'
 int enable_uart_interrupts(u16 DeviceId){
     ^~~~~~~~~~~~~~~~~~~~~~
../src/helloworld.c:84:1: note: an argument type that has a default promotion can't match an empty parameter name list declaration
 int enable_uart_interrupts(u16 DeviceId){
 ^~~
../src/helloworld.c:70:5: note: previous implicit declaration of 'enable_uart_interrupts' was here
  if(enable_uart_interrupts(UARTLITE_DEVICE_ID) == XST_FAILURE){
     ^~~~~~~~~~~~~~~~~~~~~~
../src/helloworld.c: In function 'uart_interrupt_handler':
../src/helloworld.c:112:17: warning: initialization of 'u8 *' {aka 'unsigned char *'} from 'u8' {aka 'unsigned char'} makes pointer from integer without a cast [-Wint-conversion]
  u8* rec_char = rec_buff[0];
                 ^~~~~~~~
../src/helloworld.c:114:10: warning: pointer targets in passing argument 1 of 'sprintf' differ in signedness [-Wpointer-sign]
  sprintf(str_buff, "Received character: %c", rec_char);
          ^~~~~~~~
In file included from ../src/helloworld.c:48:
c:\xilinx\sdk\2019.1\gnu\microblaze\nt\microblaze-xilinx-elf\include\stdio.h:244:5: note: expected 'char * restrict' but argument is of type 'u8 *' {aka 'unsigned char *'}
 int sprintf (char *__restrict, const char *__restrict, ...)
     ^~~~~~~
../src/helloworld.c:114:42: warning: format '%c' expects argument of type 'int', but argument 3 has type 'u8 *' {aka 'unsigned char *'} [-Wformat=]
  sprintf(str_buff, "Received character: %c", rec_char);
                                         ~^   ~~~~~~~~
                                         %hhn
../src/helloworld.c: At top level:
../src/helloworld.c:120:6: warning: conflicting types for 'debug_print'
 void debug_print(u8* str){
      ^~~~~~~~~~~
../src/helloworld.c:68:2: note: previous implicit declaration of 'debug_print' was here
  debug_print("Board is online\r\n");
  ^~~~~~~~~~~
../src/helloworld.c: In function 'debug_print':
../src/helloworld.c:123:33: warning: implicit declaration of function 'string_length'; did you mean 'strnlen'? [-Wimplicit-function-declaration]
  XUartLite_Send(&UartLite, str, string_length(str));
                                 ^~~~~~~~~~~~~
                                 strnlen
make: *** [src/subdir.mk:26: src/helloworld.o] Error 1
09:52:05 **** Auto Build of configuration Debug for project uart_test_bsp_xuartlite_intr_example_1 ****
make all 
'Building file: ../src/xuartlite_intr_example.c'
'Invoking: MicroBlaze gcc compiler'
mb-gcc -Wall -O0 -g3 -c -fmessage-length=0 -MT"src/xuartlite_intr_example.o" -I../../uart_test_bsp/microblaze_mcs_0_microblaze_I/include -mno-xl-reorder -mlittle-endian -mcpu=v11.0 -mxl-soft-mul -Wl,--no-relax -ffunction-sections -fdata-sections -MMD -MP -MF"src/xuartlite_intr_example.d" -MT"src/xuartlite_intr_example.o" -o "src/xuartlite_intr_example.o" "../src/xuartlite_intr_example.c"
../src/xuartlite_intr_example.c:61:10: fatal error: xintc.h: No such file or directory
 #include "xintc.h"
          ^~~~~~~~~
compilation terminated.
make: *** [src/subdir.mk:23: src/xuartlite_intr_example.o] Error 1
09:52:20 **** Auto Build of configuration Debug for project uart_test ****
make all 
'Building file: ../src/helloworld.c'
'Invoking: MicroBlaze gcc compiler'
mb-gcc -Wall -O0 -g3 -c -fmessage-length=0 -MT"src/helloworld.o" -I../../uart_test_bsp/microblaze_mcs_0_microblaze_I/include -mno-xl-reorder -mlittle-endian -mcpu=v11.0 -mxl-soft-mul -Wl,--no-relax -ffunction-sections -fdata-sections -MMD -MP -MF"src/helloworld.d" -MT"src/helloworld.o" -o "src/helloworld.o" "../src/helloworld.c"
../src/helloworld.c: In function 'enable_uart_interrupts':
../src/helloworld.c:67:1: error: expected '=', ',', ';', 'asm' or '__attribute__' before '{' token
 {
 ^
../src/helloworld.c:86:41: error: expected '=', ',', ';', 'asm' or '__attribute__' before '{' token
 int enable_uart_interrupts(u16 DeviceId){
                                         ^
../src/helloworld.c:112:52: error: expected '=', ',', ';', 'asm' or '__attribute__' before '{' token
 void uart_interrupt_handler(XUartLite *InstancePtr){
                                                    ^
../src/helloworld.c:122:26: error: expected '=', ',', ';', 'asm' or '__attribute__' before '{' token
 void debug_print(u8* str){
                          ^
../src/helloworld.c:131: error: expected '{' at end of input
 
 
../src/helloworld.c:128:1: warning: control reaches end of non-void function [-Wreturn-type]
 }
 ^
make: *** [src/subdir.mk:26: src/helloworld.o] Error 1
09:52:20 **** Auto Build of configuration Debug for project uart_test_bsp_xuartlite_intr_example_1 ****
make all 
'Building file: ../src/xuartlite_intr_example.c'
'Invoking: MicroBlaze gcc compiler'
mb-gcc -Wall -O0 -g3 -c -fmessage-length=0 -MT"src/xuartlite_intr_example.o" -I../../uart_test_bsp/microblaze_mcs_0_microblaze_I/include -mno-xl-reorder -mlittle-endian -mcpu=v11.0 -mxl-soft-mul -Wl,--no-relax -ffunction-sections -fdata-sections -MMD -MP -MF"src/xuartlite_intr_example.d" -MT"src/xuartlite_intr_example.o" -o "src/xuartlite_intr_example.o" "../src/xuartlite_intr_example.c"
../src/xuartlite_intr_example.c:61:10: fatal error: xintc.h: No such file or directory
 #include "xintc.h"
          ^~~~~~~~~
compilation terminated.
make: *** [src/subdir.mk:23: src/xuartlite_intr_example.o] Error 1
09:52:22 **** Auto Build of configuration Debug for project uart_test ****
make all 
'Building file: ../src/helloworld.c'
'Invoking: MicroBlaze gcc compiler'
mb-gcc -Wall -O0 -g3 -c -fmessage-length=0 -MT"src/helloworld.o" -I../../uart_test_bsp/microblaze_mcs_0_microblaze_I/include -mno-xl-reorder -mlittle-endian -mcpu=v11.0 -mxl-soft-mul -Wl,--no-relax -ffunction-sections -fdata-sections -MMD -MP -MF"src/helloworld.d" -MT"src/helloworld.o" -o "src/helloworld.o" "../src/helloworld.c"
../src/helloworld.c: In function 'main':
../src/helloworld.c:70:2: warning: implicit declaration of function 'debug_print' [-Wimplicit-function-declaration]
  debug_print("Board is online\r\n");
  ^~~~~~~~~~~
../src/helloworld.c: In function 'uart_interrupt_handler':
../src/helloworld.c:114:17: warning: initialization of 'u8 *' {aka 'unsigned char *'} from 'u8' {aka 'unsigned char'} makes pointer from integer without a cast [-Wint-conversion]
  u8* rec_char = rec_buff[0];
                 ^~~~~~~~
../src/helloworld.c:116:10: warning: pointer targets in passing argument 1 of 'sprintf' differ in signedness [-Wpointer-sign]
  sprintf(str_buff, "Received character: %c", rec_char);
          ^~~~~~~~
In file included from ../src/helloworld.c:48:
c:\xilinx\sdk\2019.1\gnu\microblaze\nt\microblaze-xilinx-elf\include\stdio.h:244:5: note: expected 'char * restrict' but argument is of type 'u8 *' {aka 'unsigned char *'}
 int sprintf (char *__restrict, const char *__restrict, ...)
     ^~~~~~~
../src/helloworld.c:116:42: warning: format '%c' expects argument of type 'int', but argument 3 has type 'u8 *' {aka 'unsigned char *'} [-Wformat=]
  sprintf(str_buff, "Received character: %c", rec_char);
                                         ~^   ~~~~~~~~
                                         %hhn
../src/helloworld.c: At top level:
../src/helloworld.c:122:6: warning: conflicting types for 'debug_print'
 void debug_print(u8* str){
      ^~~~~~~~~~~
../src/helloworld.c:70:2: note: previous implicit declaration of 'debug_print' was here
  debug_print("Board is online\r\n");
  ^~~~~~~~~~~
../src/helloworld.c: In function 'debug_print':
../src/helloworld.c:125:33: warning: implicit declaration of function 'string_length'; did you mean 'strnlen'? [-Wimplicit-function-declaration]
  XUartLite_Send(&UartLite, str, string_length(str));
                                 ^~~~~~~~~~~~~
                                 strnlen
'Finished building: ../src/helloworld.c'
' '
'Building target: uart_test.elf'
'Invoking: MicroBlaze gcc linker'
mb-gcc -Wl,-T -Wl,../src/lscript.ld -L../../uart_test_bsp/microblaze_mcs_0_microblaze_I/lib -mlittle-endian -mcpu=v11.0 -mxl-soft-mul -Wl,--no-relax -Wl,--gc-sections -o "uart_test.elf"  ./src/helloworld.o ./src/platform.o   -Wl,--start-group,-lxil,-lgcc,-lc,--end-group
c:/xilinx/sdk/2019.1/gnu/microblaze/nt/bin/../lib/gcc/microblaze-xilinx-elf/8.2.0/../../../../microblaze-xilinx-elf/bin/ld.exe: ./src/helloworld.o: in function `debug_print':
C:\fpga_projects\board_microblaze_test\board_microblaze_test.sdk\uart_test\Debug/../src/helloworld.c:125: undefined reference to `string_length'
collect2.exe: error: ld returned 1 exit status
make: *** [makefile:38: uart_test.elf] Error 1
09:52:23 **** Auto Build of configuration Debug for project uart_test_bsp_xuartlite_intr_example_1 ****
make all 
'Building file: ../src/xuartlite_intr_example.c'
'Invoking: MicroBlaze gcc compiler'
mb-gcc -Wall -O0 -g3 -c -fmessage-length=0 -MT"src/xuartlite_intr_example.o" -I../../uart_test_bsp/microblaze_mcs_0_microblaze_I/include -mno-xl-reorder -mlittle-endian -mcpu=v11.0 -mxl-soft-mul -Wl,--no-relax -ffunction-sections -fdata-sections -MMD -MP -MF"src/xuartlite_intr_example.d" -MT"src/xuartlite_intr_example.o" -o "src/xuartlite_intr_example.o" "../src/xuartlite_intr_example.c"
../src/xuartlite_intr_example.c:61:10: fatal error: xintc.h: No such file or directory
 #include "xintc.h"
          ^~~~~~~~~
compilation terminated.
make: *** [src/subdir.mk:23: src/xuartlite_intr_example.o] Error 1
09:52:40 **** Auto Build of configuration Debug for project uart_test ****
make all 
'Building file: ../src/helloworld.c'
'Invoking: MicroBlaze gcc compiler'
mb-gcc -Wall -O0 -g3 -c -fmessage-length=0 -MT"src/helloworld.o" -I../../uart_test_bsp/microblaze_mcs_0_microblaze_I/include -mno-xl-reorder -mlittle-endian -mcpu=v11.0 -mxl-soft-mul -Wl,--no-relax -ffunction-sections -fdata-sections -MMD -MP -MF"src/helloworld.d" -MT"src/helloworld.o" -o "src/helloworld.o" "../src/helloworld.c"
../src/helloworld.c: In function 'main':
../src/helloworld.c:70:2: warning: implicit declaration of function 'debug_print' [-Wimplicit-function-declaration]
  debug_print("Board is online\r\n");
  ^~~~~~~~~~~
../src/helloworld.c: In function 'uart_interrupt_handler':
../src/helloworld.c:114:17: warning: initialization of 'u8 *' {aka 'unsigned char *'} from 'u8' {aka 'unsigned char'} makes pointer from integer without a cast [-Wint-conversion]
  u8* rec_char = rec_buff[0];
                 ^~~~~~~~
../src/helloworld.c:116:10: warning: pointer targets in passing argument 1 of 'sprintf' differ in signedness [-Wpointer-sign]
  sprintf(str_buff, "Received character: %c", rec_char);
          ^~~~~~~~
In file included from ../src/helloworld.c:48:
c:\xilinx\sdk\2019.1\gnu\microblaze\nt\microblaze-xilinx-elf\include\stdio.h:244:5: note: expected 'char * restrict' but argument is of type 'u8 *' {aka 'unsigned char *'}
 int sprintf (char *__restrict, const char *__restrict, ...)
     ^~~~~~~
../src/helloworld.c:116:42: warning: format '%c' expects argument of type 'int', but argument 3 has type 'u8 *' {aka 'unsigned char *'} [-Wformat=]
  sprintf(str_buff, "Received character: %c", rec_char);
                                         ~^   ~~~~~~~~
                                         %hhn
../src/helloworld.c: At top level:
../src/helloworld.c:122:6: warning: conflicting types for 'debug_print'
 void debug_print(u8* str){
      ^~~~~~~~~~~
../src/helloworld.c:70:2: note: previous implicit declaration of 'debug_print' was here
  debug_print("Board is online\r\n");
  ^~~~~~~~~~~
../src/helloworld.c: In function 'debug_print':
../src/helloworld.c:125:40: warning: pointer targets in passing argument 1 of 'strlen' differ in signedness [-Wpointer-sign]
  XUartLite_Send(&UartLite, str, strlen(str));
                                        ^~~
In file included from ../../uart_test_bsp/microblaze_mcs_0_microblaze_I/include/xil_printf.h:9,
                 from ../src/helloworld.c:50:
c:\xilinx\sdk\2019.1\gnu\microblaze\nt\microblaze-xilinx-elf\include\string.h:41:9: note: expected 'const char *' but argument is of type 'u8 *' {aka 'unsigned char *'}
 size_t  strlen (const char *);
         ^~~~~~
'Finished building: ../src/helloworld.c'
' '
'Building target: uart_test.elf'
'Invoking: MicroBlaze gcc linker'
[...]
  sprintf(str_buff, "Received character: %c", rec_char);
          ^~~~~~~~
In file included from ../src/helloworld.c:48:
c:\xilinx\sdk\2019.1\gnu\microblaze\nt\microblaze-xilinx-elf\include\stdio.h:244:5: note: expected 'char * restrict' but argument is of type 'u8 *' {aka 'unsigned char *'}
 int sprintf (char *__restrict, const char *__restrict, ...)
     ^~~~~~~
../src/helloworld.c:140:42: warning: format '%c' expects argument of type 'int', but argument 3 has type 'u8 *' {aka 'unsigned char *'} [-Wformat=]
  sprintf(str_buff, "Received character: %c", rec_char);
                                         ~^   ~~~~~~~~
                                         %hhn
../src/helloworld.c: In function 'debug_print':
../src/helloworld.c:149:40: warning: pointer targets in passing argument 1 of 'strlen' differ in signedness [-Wpointer-sign]
  XUartLite_Send(&UartLite, str, strlen(str));
                                        ^~~
In file included from ../../uart_test_bsp/microblaze_mcs_0_microblaze_I/include/xil_printf.h:9,
                 from ../src/helloworld.c:50:
c:\xilinx\sdk\2019.1\gnu\microblaze\nt\microblaze-xilinx-elf\include\string.h:41:9: note: expected 'const char *' but argument is of type 'u8 *' {aka 'unsigned char *'}
 size_t  strlen (const char *);
         ^~~~~~
../src/helloworld.c: In function 'UartLitePolledExample':
../src/helloworld.c:160:6: warning: unused variable 'Index' [-Wunused-variable]
  int Index;
      ^~~~~
../src/helloworld.c:159:15: warning: unused variable 'ReceivedCount' [-Wunused-variable]
  unsigned int ReceivedCount = 0;
               ^~~~~~~~~~~~~
../src/helloworld.c:158:15: warning: unused variable 'SentCount' [-Wunused-variable]
  unsigned int SentCount;
               ^~~~~~~~~
'Finished building: ../src/helloworld.c'
' '
'Building target: uart_test.elf'
'Invoking: MicroBlaze gcc linker'
mb-gcc -Wl,-T -Wl,../src/lscript.ld -L../../uart_test_bsp/microblaze_mcs_0_microblaze_I/lib -mlittle-endian -mcpu=v11.0 -mxl-soft-mul -Wl,--no-relax -Wl,--gc-sections -o "uart_test.elf"  ./src/helloworld.o ./src/platform.o   -Wl,--start-group,-lxil,-lgcc,-lc,--end-group
'Finished building target: uart_test.elf'
' '
'Invoking: MicroBlaze Print Size'
mb-size uart_test.elf  |tee "uart_test.elf.size"
   text	   data	    bss	    dec	    hex	filename
  18200	   1692	   3420	  23312	   5b10	uart_test.elf
'Finished building: uart_test.elf.size'
' '
10:53:34 **** Incremental Build of configuration Debug for project uart_test ****
make all 
make: Nothing to be done for 'all'.
10:55:34 **** Incremental Build of configuration Debug for project uart_test ****
make all 
make: Nothing to be done for 'all'.
10:56:13 **** Incremental Build of configuration Debug for project uart_test ****
make all 
make: Nothing to be done for 'all'.
11:04:15 **** Auto Build of configuration Debug for project uart_test ****
make all 
'Building file: ../src/helloworld.c'
'Invoking: MicroBlaze gcc compiler'
mb-gcc -Wall -O0 -g3 -c -fmessage-length=0 -MT"src/helloworld.o" -I../../uart_test_bsp/microblaze_mcs_0_microblaze_I/include -mno-xl-reorder -mlittle-endian -mcpu=v11.0 -mxl-soft-mul -Wl,--no-relax -ffunction-sections -fdata-sections -MMD -MP -MF"src/helloworld.d" -MT"src/helloworld.o" -o "src/helloworld.o" "../src/helloworld.c"
../src/helloworld.c: In function 'main':
../src/helloworld.c:101:14: warning: pointer targets in initialization of 'u8 *' {aka 'unsigned char *'} from 'char *' differ in signedness [-Wpointer-sign]
   u8* buff = "Hello sand!\r\n";
              ^~~~~~~~~~~~~~~~~
../src/helloworld.c: In function 'uart_interrupt_handler':
../src/helloworld.c:140:17: warning: initialization of 'u8 *' {aka 'unsigned char *'} from 'u8' {aka 'unsigned char'} makes pointer from integer without a cast [-Wint-conversion]
  u8* rec_char = rec_buff[0];
                 ^~~~~~~~
../src/helloworld.c:142:10: warning: pointer targets in passing argument 1 of 'sprintf' differ in signedness [-Wpointer-sign]
  sprintf(str_buff, "Received character: %c", rec_char);
          ^~~~~~~~
In file included from ../src/helloworld.c:48:
c:\xilinx\sdk\2019.1\gnu\microblaze\nt\microblaze-xilinx-elf\include\stdio.h:244:5: note: expected 'char * restrict' but argument is of type 'u8 *' {aka 'unsigned char *'}
 int sprintf (char *__restrict, const char *__restrict, ...)
     ^~~~~~~
../src/helloworld.c:142:42: warning: format '%c' expects argument of type 'int', but argument 3 has type 'u8 *' {aka 'unsigned char *'} [-Wformat=]
  sprintf(str_buff, "Received character: %c", rec_char);
                                         ~^   ~~~~~~~~
                                         %hhn
../src/helloworld.c: In function 'debug_print':
../src/helloworld.c:151:40: warning: pointer targets in passing argument 1 of 'strlen' differ in signedness [-Wpointer-sign]
  XUartLite_Send(&UartLite, str, strlen(str));
                                        ^~~
In file included from ../../uart_test_bsp/microblaze_mcs_0_microblaze_I/include/xil_printf.h:9,
                 from ../src/helloworld.c:50:
c:\xilinx\sdk\2019.1\gnu\microblaze\nt\microblaze-xilinx-elf\include\string.h:41:9: note: expected 'const char *' but argument is of type 'u8 *' {aka 'unsigned char *'}
 size_t  strlen (const char *);
         ^~~~~~
../src/helloworld.c: In function 'UartLitePolledExample':
../src/helloworld.c:162:6: warning: unused variable 'Index' [-Wunused-variable]
  int Index;
      ^~~~~
../src/helloworld.c:161:15: warning: unused variable 'ReceivedCount' [-Wunused-variable]
  unsigned int ReceivedCount = 0;
               ^~~~~~~~~~~~~
../src/helloworld.c:160:15: warning: unused variable 'SentCount' [-Wunused-variable]
  unsigned int SentCount;
               ^~~~~~~~~
'Finished building: ../src/helloworld.c'
' '
'Building target: uart_test.elf'
'Invoking: MicroBlaze gcc linker'
mb-gcc -Wl,-T -Wl,../src/lscript.ld -L../../uart_test_bsp/microblaze_mcs_0_microblaze_I/lib -mlittle-endian -mcpu=v11.0 -mxl-soft-mul -Wl,--no-relax -Wl,--gc-sections -o "uart_test.elf"  ./src/helloworld.o ./src/platform.o   -Wl,--start-group,-lxil,-lgcc,-lc,--end-group
'Finished building target: uart_test.elf'
' '
'Invoking: MicroBlaze Print Size'
mb-size uart_test.elf  |tee "uart_test.elf.size"
   text	   data	    bss	    dec	    hex	filename
  18328	   1692	   3420	  23440	   5b90	uart_test.elf
'Finished building: uart_test.elf.size'
' '
11:04:52 **** Incremental Build of configuration Debug for project uart_test ****
make all 
make: Nothing to be done for 'all'.
11:21:06 **** Auto Build of project uart_test_bsp ****
make -k all 
"Running Make include in microblaze_mcs_0_microblaze_I/libsrc/bram_v4_3/src"
make -C microblaze_mcs_0_microblaze_I/libsrc/bram_v4_3/src -s include  "SHELL=CMD" "COMPILER=mb-gcc" "ARCHIVER=mb-ar" "COMPILER_FLAGS=  -O2 -c -mcpu=v11.0 -mlittle-endian -mno-xl-reorder -mxl-soft-mul" "EXTRA_COMPILER_FLAGS=-ffunction-sections -fdata-sections -Wall -Wextra"
"Running Make include in microblaze_mcs_0_microblaze_I/libsrc/cpu_v2_9/src"
make -C microblaze_mcs_0_microblaze_I/libsrc/cpu_v2_9/src -s include  "SHELL=CMD" "COMPILER=mb-gcc" "ARCHIVER=mb-ar" "COMPILER_FLAGS=  -O2 -c -mcpu=v11.0 -mlittle-endian -mno-xl-reorder -mxl-soft-mul" "EXTRA_COMPILER_FLAGS=-ffunction-sections -fdata-sections -Wall -Wextra"
"Running Make include in microblaze_mcs_0_microblaze_I/libsrc/iomodule_v2_7/src"
make -C microblaze_mcs_0_microblaze_I/libsrc/iomodule_v2_7/src -s include  "SHELL=CMD" "COMPILER=mb-gcc" "ARCHIVER=mb-ar" "COMPILER_FLAGS=  -O2 -c -mcpu=v11.0 -mlittle-endian -mno-xl-reorder -mxl-soft-mul" "EXTRA_COMPILER_FLAGS=-ffunction-sections -fdata-sections -Wall -Wextra"
"Running Make include in microblaze_mcs_0_microblaze_I/libsrc/standalone_v7_0/src"
make -C microblaze_mcs_0_microblaze_I/libsrc/standalone_v7_0/src -s include  "SHELL=CMD" "COMPILER=mb-gcc" "ARCHIVER=mb-ar" "COMPILER_FLAGS=  -O2 -c -mcpu=v11.0 -mlittle-endian -mno-xl-reorder -mxl-soft-mul" "EXTRA_COMPILER_FLAGS=-ffunction-sections -fdata-sections -Wall -Wextra"
"Running Make include in microblaze_mcs_0_microblaze_I/libsrc/uartlite_v3_2/src"
make -C microblaze_mcs_0_microblaze_I/libsrc/uartlite_v3_2/src -s include  "SHELL=CMD" "COMPILER=mb-gcc" "ARCHIVER=mb-ar" "COMPILER_FLAGS=  -O2 -c -mcpu=v11.0 -mlittle-endian -mno-xl-reorder -mxl-soft-mul" "EXTRA_COMPILER_FLAGS=-ffunction-sections -fdata-sections -Wall -Wextra"
"Running Make libs in microblaze_mcs_0_microblaze_I/libsrc/bram_v4_3/src"
make -C microblaze_mcs_0_microblaze_I/libsrc/bram_v4_3/src -s libs  "SHELL=CMD" "COMPILER=mb-gcc" "ARCHIVER=mb-ar" "COMPILER_FLAGS=  -O2 -c -mcpu=v11.0 -mlittle-endian -mno-xl-reorder -mxl-soft-mul" "EXTRA_COMPILER_FLAGS=-ffunction-sections -fdata-sections -Wall -Wextra"
"Compiling bram"
mb-ar: creating ../../../lib/libxil.a
"Running Make libs in microblaze_mcs_0_microblaze_I/libsrc/cpu_v2_9/src"
make -C microblaze_mcs_0_microblaze_I/libsrc/cpu_v2_9/src -s libs  "SHELL=CMD" "COMPILER=mb-gcc" "ARCHIVER=mb-ar" "COMPILER_FLAGS=  -O2 -c -mcpu=v11.0 -mlittle-endian -mno-xl-reorder -mxl-soft-mul" "EXTRA_COMPILER_FLAGS=-ffunction-sections -fdata-sections -Wall -Wextra"
"Compiling cpu"
"Running Make libs in microblaze_mcs_0_microblaze_I/libsrc/iomodule_v2_7/src"
make -C microblaze_mcs_0_microblaze_I/libsrc/iomodule_v2_7/src -s libs  "SHELL=CMD" "COMPILER=mb-gcc" "ARCHIVER=mb-ar" "COMPILER_FLAGS=  -O2 -c -mcpu=v11.0 -mlittle-endian -mno-xl-reorder -mxl-soft-mul" "EXTRA_COMPILER_FLAGS=-ffunction-sections -fdata-sections -Wall -Wextra"
"Compiling iomodule"
xiomodule.c: In function 'XIOModule_Initialize':
xiomodule.c:169:18: warning: comparison is always false due to limited range of data type [-Wtype-limits]
  for (Id = 0; Id < XPAR_IOMODULE_INTC_MAX_INTR_SIZE; Id++) {
                  ^
xiomodule.c:215:19: warning: comparison is always false due to limited range of data type [-Wtype-limits]
   for (Id = 0; Id < XPAR_IOMODULE_INTC_MAX_INTR_SIZE; Id++) {
                   ^
In file included from ../../../include/xstatus.h:51,
                 from xiomodule.h:263,
                 from xiomodule.c:59:
xiomodule.c: In function 'XIOModule_Connect':
xiomodule.c:352:23: warning: comparison is always false due to limited range of data type [-Wtype-limits]
  Xil_AssertNonvoid(Id < XPAR_IOMODULE_INTC_MAX_INTR_SIZE);
                       ^
../../../include/xil_assert.h:128:9: note: in definition of macro 'Xil_AssertNonvoid'
     if (Expression) {                              \
         ^~~~~~~~~~
xiomodule.c: In function 'XIOModule_Disconnect':
xiomodule.c:392:20: warning: comparison is always false due to limited range of data type [-Wtype-limits]
  Xil_AssertVoid(Id < XPAR_IOMODULE_INTC_MAX_INTR_SIZE);
                    ^
../../../include/xil_assert.h:103:9: note: in definition of macro 'Xil_AssertVoid'
     if (Expression) {                              \
         ^~~~~~~~~~
xiomodule.c: In function 'XIOModule_Enable':
xiomodule.c:442:20: warning: comparison is always false due to limited range of data type [-Wtype-limits]
  Xil_AssertVoid(Id < XPAR_IOMODULE_INTC_MAX_INTR_SIZE);
                    ^
../../../include/xil_assert.h:103:9: note: in definition of macro 'Xil_AssertVoid'
     if (Expression) {                              \
         ^~~~~~~~~~
xiomodule.c: In function 'XIOModule_Disable':
xiomodule.c:488:20: warning: comparison is always false due to limited range of data type [-Wtype-limits]
  Xil_AssertVoid(Id < XPAR_IOMODULE_INTC_MAX_INTR_SIZE);
                    ^
../../../include/xil_assert.h:103:9: note: in definition of macro 'Xil_AssertVoid'
     if (Expression) {                              \
         ^~~~~~~~~~
xiomodule.c: In function 'XIOModule_Acknowledge':
xiomodule.c:532:20: warning: comparison is always false due to limited range of data type [-Wtype-limits]
  Xil_AssertVoid(Id < XPAR_IOMODULE_INTC_MAX_INTR_SIZE);
                    ^
../../../include/xil_assert.h:103:9: note: in definition of macro 'Xil_AssertVoid'
     if (Expression) {                              \
         ^~~~~~~~~~
xiomodule.c: In function 'XIOModule_ConnectFastHandler':
xiomodule.c:637:23: warning: comparison is always false due to limited range of data type [-Wtype-limits]
  Xil_AssertNonvoid(Id < XPAR_IOMODULE_INTC_MAX_INTR_SIZE);
                       ^
../../../include/xil_assert.h:128:9: note: in definition of macro 'Xil_AssertNonvoid'
     if (Expression) {                              \
         ^~~~~~~~~~
xiomodule.c: In function 'XIOModule_SetNormalIntrMode':
xiomodule.c:719:20: warning: comparison is always false due to limited range of data type [-Wtype-limits]
  Xil_AssertVoid(Id < XPAR_IOMODULE_INTC_MAX_INTR_SIZE);
                    ^
../../../include/xil_assert.h:103:9: note: in definition of macro 'Xil_AssertVoid'
     if (Expression) {                              \
         ^~~~~~~~~~
xiomodule_l.c: In function 'XIOModule_DeviceInterruptHandler':
xiomodule_l.c:165:35: warning: comparison of unsigned expression < 0 is always false [-Wtype-limits]
  for (IntrNumber = 0U; IntrNumber < XPAR_IOMODULE_INTC_MAX_INTR_SIZE;
                                   ^
"Running Make libs in microblaze_mcs_0_microblaze_I/libsrc/standalone_v7_0/src"
make -C microblaze_mcs_0_microblaze_I/libsrc/standalone_v7_0/src -s libs  "SHELL=CMD" "COMPILER=mb-gcc" "ARCHIVER=mb-ar" "COMPILER_FLAGS=  -O2 -c -mcpu=v11.0 -mlittle-endian -mno-xl-reorder -mxl-soft-mul" "EXTRA_COMPILER_FLAGS=-ffunction-sections -fdata-sections -Wall -Wextra"
"Compiling standalone";
microblaze_sleep.c:77:9: note: #pragma message: For the sleep routines, assembly instructions are used
 #pragma message ("For the sleep routines, assembly instructions are used")
         ^~~~~~~
"Running Make libs in microblaze_mcs_0_microblaze_I/libsrc/uartlite_v3_2/src"
make -C microblaze_mcs_0_microblaze_I/libsrc/uartlite_v3_2/src -s libs  "SHELL=CMD" "COMPILER=mb-gcc" "ARCHIVER=mb-ar" "COMPILER_FLAGS=  -O2 -c -mcpu=v11.0 -mlittle-endian -mno-xl-reorder -mxl-soft-mul" "EXTRA_COMPILER_FLAGS=-ffunction-sections -fdata-sections -Wall -Wextra"
"Compiling uartlite"
'Finished building libraries'
11:21:23 **** Auto Build of configuration Debug for project uart_test ****
make all 
'Building file: ../src/helloworld.c'
'Invoking: MicroBlaze gcc compiler'
mb-gcc -Wall -O0 -g3 -c -fmessage-length=0 -MT"src/helloworld.o" -I../../uart_test_bsp/microblaze_mcs_0_microblaze_I/include -mno-xl-reorder -mlittle-endian -mcpu=v11.0 -mxl-soft-mul -Wl,--no-relax -ffunction-sections -fdata-sections -MMD -MP -MF"src/helloworld.d" -MT"src/helloworld.o" -o "src/helloworld.o" "../src/helloworld.c"
../src/helloworld.c: In function 'main':
../src/helloworld.c:101:14: warning: pointer targets in initialization of 'u8 *' {aka 'unsigned char *'} from 'char *' differ in signedness [-Wpointer-sign]
   u8* buff = "Hello sand!\r\n";
              ^~~~~~~~~~~~~~~~~
../src/helloworld.c: In function 'uart_interrupt_handler':
../src/helloworld.c:140:17: warning: initialization of 'u8 *' {aka 'unsigned char *'} from 'u8' {aka 'unsigned char'} makes pointer from integer without a cast [-Wint-conversion]
  u8* rec_char = rec_buff[0];
                 ^~~~~~~~
../src/helloworld.c:142:10: warning: pointer targets in passing argument 1 of 'sprintf' differ in signedness [-Wpointer-sign]
  sprintf(str_buff, "Received character: %c", rec_char);
          ^~~~~~~~
In file included from ../src/helloworld.c:48:
c:\xilinx\sdk\2019.1\gnu\microblaze\nt\microblaze-xilinx-elf\include\stdio.h:244:5: note: expected 'char * restrict' but argument is of type 'u8 *' {aka 'unsigned char *'}
 int sprintf (char *__restrict, const char *__restrict, ...)
     ^~~~~~~
../src/helloworld.c:142:42: warning: format '%c' expects argument of type 'int', but argument 3 has type 'u8 *' {aka 'unsigned char *'} [-Wformat=]
  sprintf(str_buff, "Received character: %c", rec_char);
                                         ~^   ~~~~~~~~
                                         %hhn
../src/helloworld.c: In function 'debug_print':
../src/helloworld.c:151:40: warning: pointer targets in passing argument 1 of 'strlen' differ in signedness [-Wpointer-sign]
  XUartLite_Send(&UartLite, str, strlen(str));
                                        ^~~
In file included from ../../uart_test_bsp/microblaze_mcs_0_microblaze_I/include/xil_printf.h:9,
                 from ../src/helloworld.c:50:
c:\xilinx\sdk\2019.1\gnu\microblaze\nt\microblaze-xilinx-elf\include\string.h:41:9: note: expected 'const char *' but argument is of type 'u8 *' {aka 'unsigned char *'}
 size_t  strlen (const char *);
         ^~~~~~
../src/helloworld.c: In function 'UartLitePolledExample':
../src/helloworld.c:162:6: warning: unused variable 'Index' [-Wunused-variable]
  int Index;
      ^~~~~
../src/helloworld.c:161:15: warning: unused variable 'ReceivedCount' [-Wunused-variable]
  unsigned int ReceivedCount = 0;
               ^~~~~~~~~~~~~
../src/helloworld.c:160:15: warning: unused variable 'SentCount' [-Wunused-variable]
  unsigned int SentCount;
               ^~~~~~~~~
'Finished building: ../src/helloworld.c'
' '
'Building file: ../src/platform.c'
'Invoking: MicroBlaze gcc compiler'
mb-gcc -Wall -O0 -g3 -c -fmessage-length=0 -MT"src/platform.o" -I../../uart_test_bsp/microblaze_mcs_0_microblaze_I/include -mno-xl-reorder -mlittle-endian -mcpu=v11.0 -mxl-soft-mul -Wl,--no-relax -ffunction-sections -fdata-sections -MMD -MP -MF"src/platform.d" -MT"src/platform.o" -o "src/platform.o" "../src/platform.c"
'Finished building: ../src/platform.c'
' '
'Building target: uart_test.elf'
'Invoking: MicroBlaze gcc linker'
mb-gcc -Wl,-T -Wl,../src/lscript.ld -L../../uart_test_bsp/microblaze_mcs_0_microblaze_I/lib -mlittle-endian -mcpu=v11.0 -mxl-soft-mul -Wl,--no-relax -Wl,--gc-sections -o "uart_test.elf"  ./src/helloworld.o ./src/platform.o   -Wl,--start-group,-lxil,-lgcc,-lc,--end-group
'Finished building target: uart_test.elf'
' '
'Invoking: MicroBlaze Print Size'
mb-size uart_test.elf  |tee "uart_test.elf.size"
   text	   data	    bss	    dec	    hex	filename
  18328	   1692	   3420	  23440	   5b90	uart_test.elf
'Finished building: uart_test.elf.size'
' '
11:21:26 **** Auto Build of configuration Debug for project uart_test_bsp_xuartlite_polled_example_1 ****
make all 
'Building file: ../src/xuartlite_polled_example.c'
'Invoking: MicroBlaze gcc compiler'
mb-gcc -Wall -O0 -g3 -c -fmessage-length=0 -MT"src/xuartlite_polled_example.o" -I../../uart_test_bsp/microblaze_mcs_0_microblaze_I/include -mno-xl-reorder -mlittle-endian -mcpu=v11.0 -mxl-soft-mul -Wl,--no-relax -ffunction-sections -fdata-sections -MMD -MP -MF"src/xuartlite_polled_example.d" -MT"src/xuartlite_polled_example.o" -o "src/xuartlite_polled_example.o" "../src/xuartlite_polled_example.c"
'Finished building: ../src/xuartlite_polled_example.c'
' '
'Building target: uart_test_bsp_xuartlite_polled_example_1.elf'
'Invoking: MicroBlaze gcc linker'
mb-gcc -Wl,-T -Wl,../src/lscript.ld -L../../uart_test_bsp/microblaze_mcs_0_microblaze_I/lib -mlittle-endian -mcpu=v11.0 -mxl-soft-mul -Wl,--no-relax -Wl,--gc-sections -o "uart_test_bsp_xuartlite_polled_example_1.elf"  ./src/xuartlite_polled_example.o   -Wl,--start-group,-lxil,-lgcc,-lc,--end-group
'Finished building target: uart_test_bsp_xuartlite_polled_example_1.elf'
' '
'Invoking: MicroBlaze Print Size'
mb-size uart_test_bsp_xuartlite_polled_example_1.elf  |tee "uart_test_bsp_xuartlite_polled_example_1.elf.size"
   text	   data	    bss	    dec	    hex	filename
   9796	    652	   3232	  13680	   3570	uart_test_bsp_xuartlite_polled_example_1.elf
'Finished building: uart_test_bsp_xuartlite_polled_example_1.elf.size'
' '
11:23:27 **** Incremental Build of configuration Debug for project uart_test ****
make all 
make: Nothing to be done for 'all'.
11:23:58 **** Incremental Build of configuration Debug for project uart_test ****
make all 
make: Nothing to be done for 'all'.
11:26:06 **** Incremental Build of configuration Debug for project uart_test ****
make all 
make: Nothing to be done for 'all'.
