11:21:26 **** Auto Build of configuration Debug for project uart_test_bsp_xuartlite_polled_example_1 ****
make all 
'Building file: ../src/xuartlite_polled_example.c'
'Invoking: MicroBlaze gcc compiler'
mb-gcc -Wall -O0 -g3 -c -fmessage-length=0 -MT"src/xuartlite_polled_example.o" -I../../uart_test_bsp/microblaze_mcs_0_microblaze_I/include -mno-xl-reorder -mlittle-endian -mcpu=v11.0 -mxl-soft-mul -Wl,--no-relax -ffunction-sections -fdata-sections -MMD -MP -MF"src/xuartlite_polled_example.d" -MT"src/xuartlite_polled_example.o" -o "src/xuartlite_polled_example.o" "../src/xuartlite_polled_example.c"
'Finished building: ../src/xuartlite_polled_example.c'
' '
'Building target: uart_test_bsp_xuartlite_polled_example_1.elf'
'Invoking: MicroBlaze gcc linker'
mb-gcc -Wl,-T -Wl,../src/lscript.ld -L../../uart_test_bsp/microblaze_mcs_0_microblaze_I/lib -mlittle-endian -mcpu=v11.0 -mxl-soft-mul -Wl,--no-relax -Wl,--gc-sections -o "uart_test_bsp_xuartlite_polled_example_1.elf"  ./src/xuartlite_polled_example.o   -Wl,--start-group,-lxil,-lgcc,-lc,--end-group
'Finished building target: uart_test_bsp_xuartlite_polled_example_1.elf'
' '
'Invoking: MicroBlaze Print Size'
mb-size uart_test_bsp_xuartlite_polled_example_1.elf  |tee "uart_test_bsp_xuartlite_polled_example_1.elf.size"
   text	   data	    bss	    dec	    hex	filename
   9796	    652	   3232	  13680	   3570	uart_test_bsp_xuartlite_polled_example_1.elf
'Finished building: uart_test_bsp_xuartlite_polled_example_1.elf.size'
' '

11:21:28 Build Finished (took 1s.513ms)

